running egg_info
writing ../../build/robot_rl_controller/robot_rl_controller.egg-info/PKG-INFO
writing dependency_links to ../../build/robot_rl_controller/robot_rl_controller.egg-info/dependency_links.txt
writing entry points to ../../build/robot_rl_controller/robot_rl_controller.egg-info/entry_points.txt
writing requirements to ../../build/robot_rl_controller/robot_rl_controller.egg-info/requires.txt
writing top-level names to ../../build/robot_rl_controller/robot_rl_controller.egg-info/top_level.txt
reading manifest file '../../build/robot_rl_controller/robot_rl_controller.egg-info/SOURCES.txt'
writing manifest file '../../build/robot_rl_controller/robot_rl_controller.egg-info/SOURCES.txt'
running build
running build_py
copying robot_rl_controller/waist_15_action_robot_controller.py -> /data/rl_deploy/build/robot_rl_controller/build/lib/robot_rl_controller
running install
running install_lib
copying /data/rl_deploy/build/robot_rl_controller/build/lib/robot_rl_controller/waist_15_action_robot_controller.py -> /data/rl_deploy/install/robot_rl_controller/lib/python3.10/site-packages/robot_rl_controller
byte-compiling /data/rl_deploy/install/robot_rl_controller/lib/python3.10/site-packages/robot_rl_controller/waist_15_action_robot_controller.py to waist_15_action_robot_controller.cpython-310.pyc
running install_data
running install_egg_info
removing '/data/rl_deploy/install/robot_rl_controller/lib/python3.10/site-packages/robot_rl_controller-0.0.0-py3.10.egg-info' (and everything under it)
Copying ../../build/robot_rl_controller/robot_rl_controller.egg-info to /data/rl_deploy/install/robot_rl_controller/lib/python3.10/site-packages/robot_rl_controller-0.0.0-py3.10.egg-info
running install_scripts
Installing action_robot_controller script to /data/rl_deploy/install/robot_rl_controller/lib/robot_rl_controller
Installing dance_robot_controller script to /data/rl_deploy/install/robot_rl_controller/lib/robot_rl_controller
Installing s_waist_15_action_robot_controller script to /data/rl_deploy/install/robot_rl_controller/lib/robot_rl_controller
Installing waist_15_action_robot_controller script to /data/rl_deploy/install/robot_rl_controller/lib/robot_rl_controller
writing list of installed files to '/data/rl_deploy/build/robot_rl_controller/install.log'
