[0.195s] [34mcolcon[0m [1;30mDEBUG[0m [32mCommand line arguments: ['/usr/bin/colcon', 'build'][0m
[0.195s] [34mcolcon[0m [1;30mDEBUG[0m [32mParsed command line arguments: Namespace(log_base=None, log_level=None, verb_name='build', build_base='build', install_base='install', merge_install=False, symlink_install=False, test_result_base=None, continue_on_error=False, executor='parallel', parallel_workers=8, event_handlers=None, ignore_user_meta=False, metas=['./colcon.meta'], base_paths=['.'], packages_ignore=None, packages_ignore_regex=None, paths=None, packages_up_to=None, packages_up_to_regex=None, packages_above=None, packages_above_and_dependencies=None, packages_above_depth=None, packages_select_by_dep=None, packages_skip_by_dep=None, packages_skip_up_to=None, packages_select_build_failed=False, packages_skip_build_finished=False, packages_select_test_failures=False, packages_skip_test_passed=False, packages_select=None, packages_skip=None, packages_select_regex=None, packages_skip_regex=None, packages_start=None, packages_end=None, allow_overriding=[], cmake_args=None, cmake_target=None, cmake_target_skip_unavailable=False, cmake_clean_cache=False, cmake_clean_first=False, cmake_force_configure=False, ament_cmake_args=None, catkin_cmake_args=None, catkin_skip_building_tests=False, verb_parser=<colcon_defaults.argument_parser.defaults.DefaultArgumentsDecorator object at 0xffff86358d60>, verb_extension=<colcon_core.verb.build.BuildVerb object at 0xffff862dda50>, main=<bound method BuildVerb.main of <colcon_core.verb.build.BuildVerb object at 0xffff862dda50>>)[0m
[0.460s] [34mcolcon.colcon_core.package_discovery[0m [1;30mLevel 1[0m discover_packages(colcon_meta) check parameters
[0.460s] [34mcolcon.colcon_core.package_discovery[0m [1;30mLevel 1[0m discover_packages(recursive) check parameters
[0.461s] [34mcolcon.colcon_core.package_discovery[0m [1;30mLevel 1[0m discover_packages(ignore) check parameters
[0.461s] [34mcolcon.colcon_core.package_discovery[0m [1;30mLevel 1[0m discover_packages(path) check parameters
[0.461s] [34mcolcon.colcon_core.package_discovery[0m [1;30mLevel 1[0m discover_packages(colcon_meta) discover
[0.461s] [34mcolcon.colcon_core.package_discovery[0m [1;30mLevel 1[0m discover_packages(recursive) discover
[0.461s] [34mcolcon.colcon_core.package_discovery[0m [1;30mINFO[0m Crawling recursively for packages in '/data/rl_deploy'
[0.461s] [34mcolcon.colcon_core.package_identification[0m [1;30mLevel 1[0m _identify(.) by extensions ['ignore', 'ignore_ament_install']
[0.461s] [34mcolcon.colcon_core.package_identification[0m [1;30mLevel 1[0m _identify(.) by extension 'ignore'
[0.461s] [34mcolcon.colcon_core.package_identification[0m [1;30mLevel 1[0m _identify(.) by extension 'ignore_ament_install'
[0.462s] [34mcolcon.colcon_core.package_identification[0m [1;30mLevel 1[0m _identify(.) by extensions ['colcon_pkg']
[0.462s] [34mcolcon.colcon_core.package_identification[0m [1;30mLevel 1[0m _identify(.) by extension 'colcon_pkg'
[0.462s] [34mcolcon.colcon_core.package_identification[0m [1;30mLevel 1[0m _identify(.) by extensions ['colcon_meta']
[0.462s] [34mcolcon.colcon_core.package_identification[0m [1;30mLevel 1[0m _identify(.) by extension 'colcon_meta'
[0.462s] [34mcolcon.colcon_core.package_identification[0m [1;30mLevel 1[0m _identify(.) by extensions ['ros']
[0.462s] [34mcolcon.colcon_core.package_identification[0m [1;30mLevel 1[0m _identify(.) by extension 'ros'
[0.483s] [34mcolcon.colcon_core.package_identification[0m [1;30mLevel 1[0m _identify(.) by extensions ['cmake', 'python']
[0.483s] [34mcolcon.colcon_core.package_identification[0m [1;30mLevel 1[0m _identify(.) by extension 'cmake'
[0.483s] [34mcolcon.colcon_core.package_identification[0m [1;30mLevel 1[0m _identify(.) by extension 'python'
[0.483s] [34mcolcon.colcon_core.package_identification[0m [1;30mLevel 1[0m _identify(.) by extensions ['python_setup_py']
[0.483s] [34mcolcon.colcon_core.package_identification[0m [1;30mLevel 1[0m _identify(.) by extension 'python_setup_py'
[0.483s] [34mcolcon.colcon_core.package_identification[0m [1;30mLevel 1[0m _identify(action) by extensions ['ignore', 'ignore_ament_install']
[0.484s] [34mcolcon.colcon_core.package_identification[0m [1;30mLevel 1[0m _identify(action) by extension 'ignore'
[0.484s] [34mcolcon.colcon_core.package_identification[0m [1;30mLevel 1[0m _identify(action) by extension 'ignore_ament_install'
[0.484s] [34mcolcon.colcon_core.package_identification[0m [1;30mLevel 1[0m _identify(action) by extensions ['colcon_pkg']
[0.484s] [34mcolcon.colcon_core.package_identification[0m [1;30mLevel 1[0m _identify(action) by extension 'colcon_pkg'
[0.484s] [34mcolcon.colcon_core.package_identification[0m [1;30mLevel 1[0m _identify(action) by extensions ['colcon_meta']
[0.484s] [34mcolcon.colcon_core.package_identification[0m [1;30mLevel 1[0m _identify(action) by extension 'colcon_meta'
[0.484s] [34mcolcon.colcon_core.package_identification[0m [1;30mLevel 1[0m _identify(action) by extensions ['ros']
[0.484s] [34mcolcon.colcon_core.package_identification[0m [1;30mLevel 1[0m _identify(action) by extension 'ros'
[0.484s] [34mcolcon.colcon_core.package_identification[0m [1;30mLevel 1[0m _identify(action) by extensions ['cmake', 'python']
[0.484s] [34mcolcon.colcon_core.package_identification[0m [1;30mLevel 1[0m _identify(action) by extension 'cmake'
[0.485s] [34mcolcon.colcon_core.package_identification[0m [1;30mLevel 1[0m _identify(action) by extension 'python'
[0.485s] [34mcolcon.colcon_core.package_identification[0m [1;30mLevel 1[0m _identify(action) by extensions ['python_setup_py']
[0.485s] [34mcolcon.colcon_core.package_identification[0m [1;30mLevel 1[0m _identify(action) by extension 'python_setup_py'
[0.485s] [34mcolcon.colcon_core.package_identification[0m [1;30mLevel 1[0m _identify(build) by extensions ['ignore', 'ignore_ament_install']
[0.485s] [34mcolcon.colcon_core.package_identification[0m [1;30mLevel 1[0m _identify(build) by extension 'ignore'
[0.485s] [34mcolcon.colcon_core.package_identification[0m [1;30mLevel 1[0m _identify(build) ignored
[0.485s] [34mcolcon.colcon_core.package_identification[0m [1;30mLevel 1[0m _identify(install) by extensions ['ignore', 'ignore_ament_install']
[0.486s] [34mcolcon.colcon_core.package_identification[0m [1;30mLevel 1[0m _identify(install) by extension 'ignore'
[0.486s] [34mcolcon.colcon_core.package_identification[0m [1;30mLevel 1[0m _identify(install) ignored
[0.486s] [34mcolcon.colcon_core.package_identification[0m [1;30mLevel 1[0m _identify(log) by extensions ['ignore', 'ignore_ament_install']
[0.486s] [34mcolcon.colcon_core.package_identification[0m [1;30mLevel 1[0m _identify(log) by extension 'ignore'
[0.486s] [34mcolcon.colcon_core.package_identification[0m [1;30mLevel 1[0m _identify(log) ignored
[0.486s] [34mcolcon.colcon_core.package_identification[0m [1;30mLevel 1[0m _identify(src) by extensions ['ignore', 'ignore_ament_install']
[0.486s] [34mcolcon.colcon_core.package_identification[0m [1;30mLevel 1[0m _identify(src) by extension 'ignore'
[0.487s] [34mcolcon.colcon_core.package_identification[0m [1;30mLevel 1[0m _identify(src) by extension 'ignore_ament_install'
[0.487s] [34mcolcon.colcon_core.package_identification[0m [1;30mLevel 1[0m _identify(src) by extensions ['colcon_pkg']
[0.487s] [34mcolcon.colcon_core.package_identification[0m [1;30mLevel 1[0m _identify(src) by extension 'colcon_pkg'
[0.487s] [34mcolcon.colcon_core.package_identification[0m [1;30mLevel 1[0m _identify(src) by extensions ['colcon_meta']
[0.487s] [34mcolcon.colcon_core.package_identification[0m [1;30mLevel 1[0m _identify(src) by extension 'colcon_meta'
[0.487s] [34mcolcon.colcon_core.package_identification[0m [1;30mLevel 1[0m _identify(src) by extensions ['ros']
[0.487s] [34mcolcon.colcon_core.package_identification[0m [1;30mLevel 1[0m _identify(src) by extension 'ros'
[0.487s] [34mcolcon.colcon_core.package_identification[0m [1;30mLevel 1[0m _identify(src) by extensions ['cmake', 'python']
[0.487s] [34mcolcon.colcon_core.package_identification[0m [1;30mLevel 1[0m _identify(src) by extension 'cmake'
[0.487s] [34mcolcon.colcon_core.package_identification[0m [1;30mLevel 1[0m _identify(src) by extension 'python'
[0.487s] [34mcolcon.colcon_core.package_identification[0m [1;30mLevel 1[0m _identify(src) by extensions ['python_setup_py']
[0.488s] [34mcolcon.colcon_core.package_identification[0m [1;30mLevel 1[0m _identify(src) by extension 'python_setup_py'
[0.488s] [34mcolcon.colcon_core.package_identification[0m [1;30mLevel 1[0m _identify(src/node_app_msgs) by extensions ['ignore', 'ignore_ament_install']
[0.488s] [34mcolcon.colcon_core.package_identification[0m [1;30mLevel 1[0m _identify(src/node_app_msgs) by extension 'ignore'
[0.488s] [34mcolcon.colcon_core.package_identification[0m [1;30mLevel 1[0m _identify(src/node_app_msgs) by extension 'ignore_ament_install'
[0.488s] [34mcolcon.colcon_core.package_identification[0m [1;30mLevel 1[0m _identify(src/node_app_msgs) by extensions ['colcon_pkg']
[0.488s] [34mcolcon.colcon_core.package_identification[0m [1;30mLevel 1[0m _identify(src/node_app_msgs) by extension 'colcon_pkg'
[0.488s] [34mcolcon.colcon_core.package_identification[0m [1;30mLevel 1[0m _identify(src/node_app_msgs) by extensions ['colcon_meta']
[0.488s] [34mcolcon.colcon_core.package_identification[0m [1;30mLevel 1[0m _identify(src/node_app_msgs) by extension 'colcon_meta'
[0.488s] [34mcolcon.colcon_core.package_identification[0m [1;30mLevel 1[0m _identify(src/node_app_msgs) by extensions ['ros']
[0.488s] [34mcolcon.colcon_core.package_identification[0m [1;30mLevel 1[0m _identify(src/node_app_msgs) by extension 'ros'
[0.493s] [34mcolcon.colcon_core.package_identification[0m [1;30mDEBUG[0m [32mPackage 'src/node_app_msgs' with type 'ros.ament_cmake' and name 'node_app_msgs'[0m
[0.493s] [34mcolcon.colcon_core.package_identification[0m [1;30mLevel 1[0m _identify(src/node_control_msgs) by extensions ['ignore', 'ignore_ament_install']
[0.493s] [34mcolcon.colcon_core.package_identification[0m [1;30mLevel 1[0m _identify(src/node_control_msgs) by extension 'ignore'
[0.494s] [34mcolcon.colcon_core.package_identification[0m [1;30mLevel 1[0m _identify(src/node_control_msgs) by extension 'ignore_ament_install'
[0.494s] [34mcolcon.colcon_core.package_identification[0m [1;30mLevel 1[0m _identify(src/node_control_msgs) by extensions ['colcon_pkg']
[0.494s] [34mcolcon.colcon_core.package_identification[0m [1;30mLevel 1[0m _identify(src/node_control_msgs) by extension 'colcon_pkg'
[0.494s] [34mcolcon.colcon_core.package_identification[0m [1;30mLevel 1[0m _identify(src/node_control_msgs) by extensions ['colcon_meta']
[0.494s] [34mcolcon.colcon_core.package_identification[0m [1;30mLevel 1[0m _identify(src/node_control_msgs) by extension 'colcon_meta'
[0.494s] [34mcolcon.colcon_core.package_identification[0m [1;30mLevel 1[0m _identify(src/node_control_msgs) by extensions ['ros']
[0.494s] [34mcolcon.colcon_core.package_identification[0m [1;30mLevel 1[0m _identify(src/node_control_msgs) by extension 'ros'
[0.495s] [34mcolcon.colcon_core.package_identification[0m [1;30mDEBUG[0m [32mPackage 'src/node_control_msgs' with type 'ros.ament_cmake' and name 'node_control_msgs'[0m
[0.495s] [34mcolcon.colcon_core.package_identification[0m [1;30mLevel 1[0m _identify(src/node_driver_msgs) by extensions ['ignore', 'ignore_ament_install']
[0.496s] [34mcolcon.colcon_core.package_identification[0m [1;30mLevel 1[0m _identify(src/node_driver_msgs) by extension 'ignore'
[0.496s] [34mcolcon.colcon_core.package_identification[0m [1;30mLevel 1[0m _identify(src/node_driver_msgs) by extension 'ignore_ament_install'
[0.496s] [34mcolcon.colcon_core.package_identification[0m [1;30mLevel 1[0m _identify(src/node_driver_msgs) by extensions ['colcon_pkg']
[0.496s] [34mcolcon.colcon_core.package_identification[0m [1;30mLevel 1[0m _identify(src/node_driver_msgs) by extension 'colcon_pkg'
[0.496s] [34mcolcon.colcon_core.package_identification[0m [1;30mLevel 1[0m _identify(src/node_driver_msgs) by extensions ['colcon_meta']
[0.496s] [34mcolcon.colcon_core.package_identification[0m [1;30mLevel 1[0m _identify(src/node_driver_msgs) by extension 'colcon_meta'
[0.496s] [34mcolcon.colcon_core.package_identification[0m [1;30mLevel 1[0m _identify(src/node_driver_msgs) by extensions ['ros']
[0.496s] [34mcolcon.colcon_core.package_identification[0m [1;30mLevel 1[0m _identify(src/node_driver_msgs) by extension 'ros'
[0.497s] [34mcolcon.colcon_core.package_identification[0m [1;30mDEBUG[0m [32mPackage 'src/node_driver_msgs' with type 'ros.ament_cmake' and name 'node_driver_msgs'[0m
[0.498s] [34mcolcon.colcon_core.package_identification[0m [1;30mLevel 1[0m _identify(src/robot_msgs) by extensions ['ignore', 'ignore_ament_install']
[0.498s] [34mcolcon.colcon_core.package_identification[0m [1;30mLevel 1[0m _identify(src/robot_msgs) by extension 'ignore'
[0.498s] [34mcolcon.colcon_core.package_identification[0m [1;30mLevel 1[0m _identify(src/robot_msgs) by extension 'ignore_ament_install'
[0.498s] [34mcolcon.colcon_core.package_identification[0m [1;30mLevel 1[0m _identify(src/robot_msgs) by extensions ['colcon_pkg']
[0.498s] [34mcolcon.colcon_core.package_identification[0m [1;30mLevel 1[0m _identify(src/robot_msgs) by extension 'colcon_pkg'
[0.498s] [34mcolcon.colcon_core.package_identification[0m [1;30mLevel 1[0m _identify(src/robot_msgs) by extensions ['colcon_meta']
[0.498s] [34mcolcon.colcon_core.package_identification[0m [1;30mLevel 1[0m _identify(src/robot_msgs) by extension 'colcon_meta'
[0.498s] [34mcolcon.colcon_core.package_identification[0m [1;30mLevel 1[0m _identify(src/robot_msgs) by extensions ['ros']
[0.498s] [34mcolcon.colcon_core.package_identification[0m [1;30mLevel 1[0m _identify(src/robot_msgs) by extension 'ros'
[0.500s] [34mcolcon.colcon_core.package_identification[0m [1;30mDEBUG[0m [32mPackage 'src/robot_msgs' with type 'ros.ament_cmake' and name 'robot_msgs'[0m
[0.500s] [34mcolcon.colcon_core.package_identification[0m [1;30mLevel 1[0m _identify(src/robot_rl_controller) by extensions ['ignore', 'ignore_ament_install']
[0.500s] [34mcolcon.colcon_core.package_identification[0m [1;30mLevel 1[0m _identify(src/robot_rl_controller) by extension 'ignore'
[0.500s] [34mcolcon.colcon_core.package_identification[0m [1;30mLevel 1[0m _identify(src/robot_rl_controller) by extension 'ignore_ament_install'
[0.500s] [34mcolcon.colcon_core.package_identification[0m [1;30mLevel 1[0m _identify(src/robot_rl_controller) by extensions ['colcon_pkg']
[0.501s] [34mcolcon.colcon_core.package_identification[0m [1;30mLevel 1[0m _identify(src/robot_rl_controller) by extension 'colcon_pkg'
[0.501s] [34mcolcon.colcon_core.package_identification[0m [1;30mLevel 1[0m _identify(src/robot_rl_controller) by extensions ['colcon_meta']
[0.501s] [34mcolcon.colcon_core.package_identification[0m [1;30mLevel 1[0m _identify(src/robot_rl_controller) by extension 'colcon_meta'
[0.501s] [34mcolcon.colcon_core.package_identification[0m [1;30mLevel 1[0m _identify(src/robot_rl_controller) by extensions ['ros']
[0.501s] [34mcolcon.colcon_core.package_identification[0m [1;30mLevel 1[0m _identify(src/robot_rl_controller) by extension 'ros'
[0.502s] [34mcolcon.colcon_core.package_identification[0m [1;30mDEBUG[0m [32mPackage 'src/robot_rl_controller' with type 'ros.ament_python' and name 'robot_rl_controller'[0m
[0.503s] [34mcolcon.colcon_core.package_identification[0m [1;30mLevel 1[0m _identify(src/robot_state) by extensions ['ignore', 'ignore_ament_install']
[0.503s] [34mcolcon.colcon_core.package_identification[0m [1;30mLevel 1[0m _identify(src/robot_state) by extension 'ignore'
[0.503s] [34mcolcon.colcon_core.package_identification[0m [1;30mLevel 1[0m _identify(src/robot_state) by extension 'ignore_ament_install'
[0.503s] [34mcolcon.colcon_core.package_identification[0m [1;30mLevel 1[0m _identify(src/robot_state) by extensions ['colcon_pkg']
[0.503s] [34mcolcon.colcon_core.package_identification[0m [1;30mLevel 1[0m _identify(src/robot_state) by extension 'colcon_pkg'
[0.503s] [34mcolcon.colcon_core.package_identification[0m [1;30mLevel 1[0m _identify(src/robot_state) by extensions ['colcon_meta']
[0.503s] [34mcolcon.colcon_core.package_identification[0m [1;30mLevel 1[0m _identify(src/robot_state) by extension 'colcon_meta'
[0.504s] [34mcolcon.colcon_core.package_identification[0m [1;30mLevel 1[0m _identify(src/robot_state) by extensions ['ros']
[0.504s] [34mcolcon.colcon_core.package_identification[0m [1;30mLevel 1[0m _identify(src/robot_state) by extension 'ros'
[0.505s] [34mcolcon.colcon_core.package_identification[0m [1;30mDEBUG[0m [32mPackage 'src/robot_state' with type 'ros.ament_cmake' and name 'robot_state'[0m
[0.505s] [34mcolcon.colcon_core.package_discovery[0m [1;30mLevel 1[0m discover_packages(recursive) using defaults
[0.505s] [34mcolcon.colcon_core.package_discovery[0m [1;30mLevel 1[0m discover_packages(ignore) discover
[0.505s] [34mcolcon.colcon_core.package_discovery[0m [1;30mLevel 1[0m discover_packages(ignore) using defaults
[0.505s] [34mcolcon.colcon_core.package_discovery[0m [1;30mLevel 1[0m discover_packages(path) discover
[0.505s] [34mcolcon.colcon_core.package_discovery[0m [1;30mLevel 1[0m discover_packages(path) using defaults
[0.534s] [34mcolcon.colcon_core.package_discovery[0m [1;30mLevel 1[0m discover_packages(prefix_path) check parameters
[0.534s] [34mcolcon.colcon_core.package_discovery[0m [1;30mLevel 1[0m discover_packages(prefix_path) discover
[0.538s] [34mcolcon.colcon_installed_package_information.package_discovery[0m [1;30mDEBUG[0m [32mFound 189 installed packages in /opt/ros/humble[0m
[0.539s] [34mcolcon.colcon_core.package_discovery[0m [1;30mLevel 1[0m discover_packages(prefix_path) using defaults
[0.606s] [34mcolcon.colcon_core.verb[0m [1;30mLevel 5[0m set package 'node_control_msgs' build argument 'cmake_args' from command line to 'None'
[0.606s] [34mcolcon.colcon_core.verb[0m [1;30mLevel 5[0m set package 'node_control_msgs' build argument 'cmake_target' from command line to 'None'
[0.606s] [34mcolcon.colcon_core.verb[0m [1;30mLevel 5[0m set package 'node_control_msgs' build argument 'cmake_target_skip_unavailable' from command line to 'False'
[0.606s] [34mcolcon.colcon_core.verb[0m [1;30mLevel 5[0m set package 'node_control_msgs' build argument 'cmake_clean_cache' from command line to 'False'
[0.607s] [34mcolcon.colcon_core.verb[0m [1;30mLevel 5[0m set package 'node_control_msgs' build argument 'cmake_clean_first' from command line to 'False'
[0.607s] [34mcolcon.colcon_core.verb[0m [1;30mLevel 5[0m set package 'node_control_msgs' build argument 'cmake_force_configure' from command line to 'False'
[0.607s] [34mcolcon.colcon_core.verb[0m [1;30mLevel 5[0m set package 'node_control_msgs' build argument 'ament_cmake_args' from command line to 'None'
[0.607s] [34mcolcon.colcon_core.verb[0m [1;30mLevel 5[0m set package 'node_control_msgs' build argument 'catkin_cmake_args' from command line to 'None'
[0.607s] [34mcolcon.colcon_core.verb[0m [1;30mLevel 5[0m set package 'node_control_msgs' build argument 'catkin_skip_building_tests' from command line to 'False'
[0.607s] [34mcolcon.colcon_core.verb[0m [1;30mDEBUG[0m [32mBuilding package 'node_control_msgs' with the following arguments: {'ament_cmake_args': None, 'build_base': '/data/rl_deploy/build/node_control_msgs', 'catkin_cmake_args': None, 'catkin_skip_building_tests': False, 'cmake_args': None, 'cmake_clean_cache': False, 'cmake_clean_first': False, 'cmake_force_configure': False, 'cmake_target': None, 'cmake_target_skip_unavailable': False, 'install_base': '/data/rl_deploy/install/node_control_msgs', 'merge_install': False, 'path': '/data/rl_deploy/src/node_control_msgs', 'symlink_install': False, 'test_result_base': None}[0m
[0.607s] [34mcolcon.colcon_core.verb[0m [1;30mLevel 5[0m set package 'node_driver_msgs' build argument 'cmake_args' from command line to 'None'
[0.608s] [34mcolcon.colcon_core.verb[0m [1;30mLevel 5[0m set package 'node_driver_msgs' build argument 'cmake_target' from command line to 'None'
[0.608s] [34mcolcon.colcon_core.verb[0m [1;30mLevel 5[0m set package 'node_driver_msgs' build argument 'cmake_target_skip_unavailable' from command line to 'False'
[0.608s] [34mcolcon.colcon_core.verb[0m [1;30mLevel 5[0m set package 'node_driver_msgs' build argument 'cmake_clean_cache' from command line to 'False'
[0.608s] [34mcolcon.colcon_core.verb[0m [1;30mLevel 5[0m set package 'node_driver_msgs' build argument 'cmake_clean_first' from command line to 'False'
[0.608s] [34mcolcon.colcon_core.verb[0m [1;30mLevel 5[0m set package 'node_driver_msgs' build argument 'cmake_force_configure' from command line to 'False'
[0.608s] [34mcolcon.colcon_core.verb[0m [1;30mLevel 5[0m set package 'node_driver_msgs' build argument 'ament_cmake_args' from command line to 'None'
[0.608s] [34mcolcon.colcon_core.verb[0m [1;30mLevel 5[0m set package 'node_driver_msgs' build argument 'catkin_cmake_args' from command line to 'None'
[0.608s] [34mcolcon.colcon_core.verb[0m [1;30mLevel 5[0m set package 'node_driver_msgs' build argument 'catkin_skip_building_tests' from command line to 'False'
[0.608s] [34mcolcon.colcon_core.verb[0m [1;30mDEBUG[0m [32mBuilding package 'node_driver_msgs' with the following arguments: {'ament_cmake_args': None, 'build_base': '/data/rl_deploy/build/node_driver_msgs', 'catkin_cmake_args': None, 'catkin_skip_building_tests': False, 'cmake_args': None, 'cmake_clean_cache': False, 'cmake_clean_first': False, 'cmake_force_configure': False, 'cmake_target': None, 'cmake_target_skip_unavailable': False, 'install_base': '/data/rl_deploy/install/node_driver_msgs', 'merge_install': False, 'path': '/data/rl_deploy/src/node_driver_msgs', 'symlink_install': False, 'test_result_base': None}[0m
[0.609s] [34mcolcon.colcon_core.verb[0m [1;30mLevel 5[0m set package 'node_app_msgs' build argument 'cmake_args' from command line to 'None'
[0.609s] [34mcolcon.colcon_core.verb[0m [1;30mLevel 5[0m set package 'node_app_msgs' build argument 'cmake_target' from command line to 'None'
[0.609s] [34mcolcon.colcon_core.verb[0m [1;30mLevel 5[0m set package 'node_app_msgs' build argument 'cmake_target_skip_unavailable' from command line to 'False'
[0.609s] [34mcolcon.colcon_core.verb[0m [1;30mLevel 5[0m set package 'node_app_msgs' build argument 'cmake_clean_cache' from command line to 'False'
[0.609s] [34mcolcon.colcon_core.verb[0m [1;30mLevel 5[0m set package 'node_app_msgs' build argument 'cmake_clean_first' from command line to 'False'
[0.609s] [34mcolcon.colcon_core.verb[0m [1;30mLevel 5[0m set package 'node_app_msgs' build argument 'cmake_force_configure' from command line to 'False'
[0.609s] [34mcolcon.colcon_core.verb[0m [1;30mLevel 5[0m set package 'node_app_msgs' build argument 'ament_cmake_args' from command line to 'None'
[0.609s] [34mcolcon.colcon_core.verb[0m [1;30mLevel 5[0m set package 'node_app_msgs' build argument 'catkin_cmake_args' from command line to 'None'
[0.609s] [34mcolcon.colcon_core.verb[0m [1;30mLevel 5[0m set package 'node_app_msgs' build argument 'catkin_skip_building_tests' from command line to 'False'
[0.609s] [34mcolcon.colcon_core.verb[0m [1;30mDEBUG[0m [32mBuilding package 'node_app_msgs' with the following arguments: {'ament_cmake_args': None, 'build_base': '/data/rl_deploy/build/node_app_msgs', 'catkin_cmake_args': None, 'catkin_skip_building_tests': False, 'cmake_args': None, 'cmake_clean_cache': False, 'cmake_clean_first': False, 'cmake_force_configure': False, 'cmake_target': None, 'cmake_target_skip_unavailable': False, 'install_base': '/data/rl_deploy/install/node_app_msgs', 'merge_install': False, 'path': '/data/rl_deploy/src/node_app_msgs', 'symlink_install': False, 'test_result_base': None}[0m
[0.610s] [34mcolcon.colcon_core.verb[0m [1;30mLevel 5[0m set package 'robot_msgs' build argument 'cmake_args' from command line to 'None'
[0.610s] [34mcolcon.colcon_core.verb[0m [1;30mLevel 5[0m set package 'robot_msgs' build argument 'cmake_target' from command line to 'None'
[0.610s] [34mcolcon.colcon_core.verb[0m [1;30mLevel 5[0m set package 'robot_msgs' build argument 'cmake_target_skip_unavailable' from command line to 'False'
[0.610s] [34mcolcon.colcon_core.verb[0m [1;30mLevel 5[0m set package 'robot_msgs' build argument 'cmake_clean_cache' from command line to 'False'
[0.610s] [34mcolcon.colcon_core.verb[0m [1;30mLevel 5[0m set package 'robot_msgs' build argument 'cmake_clean_first' from command line to 'False'
[0.610s] [34mcolcon.colcon_core.verb[0m [1;30mLevel 5[0m set package 'robot_msgs' build argument 'cmake_force_configure' from command line to 'False'
[0.610s] [34mcolcon.colcon_core.verb[0m [1;30mLevel 5[0m set package 'robot_msgs' build argument 'ament_cmake_args' from command line to 'None'
[0.610s] [34mcolcon.colcon_core.verb[0m [1;30mLevel 5[0m set package 'robot_msgs' build argument 'catkin_cmake_args' from command line to 'None'
[0.610s] [34mcolcon.colcon_core.verb[0m [1;30mLevel 5[0m set package 'robot_msgs' build argument 'catkin_skip_building_tests' from command line to 'False'
[0.610s] [34mcolcon.colcon_core.verb[0m [1;30mDEBUG[0m [32mBuilding package 'robot_msgs' with the following arguments: {'ament_cmake_args': None, 'build_base': '/data/rl_deploy/build/robot_msgs', 'catkin_cmake_args': None, 'catkin_skip_building_tests': False, 'cmake_args': None, 'cmake_clean_cache': False, 'cmake_clean_first': False, 'cmake_force_configure': False, 'cmake_target': None, 'cmake_target_skip_unavailable': False, 'install_base': '/data/rl_deploy/install/robot_msgs', 'merge_install': False, 'path': '/data/rl_deploy/src/robot_msgs', 'symlink_install': False, 'test_result_base': None}[0m
[0.611s] [34mcolcon.colcon_core.verb[0m [1;30mLevel 5[0m set package 'robot_rl_controller' build argument 'cmake_args' from command line to 'None'
[0.611s] [34mcolcon.colcon_core.verb[0m [1;30mLevel 5[0m set package 'robot_rl_controller' build argument 'cmake_target' from command line to 'None'
[0.611s] [34mcolcon.colcon_core.verb[0m [1;30mLevel 5[0m set package 'robot_rl_controller' build argument 'cmake_target_skip_unavailable' from command line to 'False'
[0.611s] [34mcolcon.colcon_core.verb[0m [1;30mLevel 5[0m set package 'robot_rl_controller' build argument 'cmake_clean_cache' from command line to 'False'
[0.611s] [34mcolcon.colcon_core.verb[0m [1;30mLevel 5[0m set package 'robot_rl_controller' build argument 'cmake_clean_first' from command line to 'False'
[0.611s] [34mcolcon.colcon_core.verb[0m [1;30mLevel 5[0m set package 'robot_rl_controller' build argument 'cmake_force_configure' from command line to 'False'
[0.611s] [34mcolcon.colcon_core.verb[0m [1;30mLevel 5[0m set package 'robot_rl_controller' build argument 'ament_cmake_args' from command line to 'None'
[0.611s] [34mcolcon.colcon_core.verb[0m [1;30mLevel 5[0m set package 'robot_rl_controller' build argument 'catkin_cmake_args' from command line to 'None'
[0.611s] [34mcolcon.colcon_core.verb[0m [1;30mLevel 5[0m set package 'robot_rl_controller' build argument 'catkin_skip_building_tests' from command line to 'False'
[0.611s] [34mcolcon.colcon_core.verb[0m [1;30mDEBUG[0m [32mBuilding package 'robot_rl_controller' with the following arguments: {'ament_cmake_args': None, 'build_base': '/data/rl_deploy/build/robot_rl_controller', 'catkin_cmake_args': None, 'catkin_skip_building_tests': False, 'cmake_args': None, 'cmake_clean_cache': False, 'cmake_clean_first': False, 'cmake_force_configure': False, 'cmake_target': None, 'cmake_target_skip_unavailable': False, 'install_base': '/data/rl_deploy/install/robot_rl_controller', 'merge_install': False, 'path': '/data/rl_deploy/src/robot_rl_controller', 'symlink_install': False, 'test_result_base': None}[0m
[0.612s] [34mcolcon.colcon_core.verb[0m [1;30mLevel 5[0m set package 'robot_state' build argument 'cmake_args' from command line to 'None'
[0.612s] [34mcolcon.colcon_core.verb[0m [1;30mLevel 5[0m set package 'robot_state' build argument 'cmake_target' from command line to 'None'
[0.612s] [34mcolcon.colcon_core.verb[0m [1;30mLevel 5[0m set package 'robot_state' build argument 'cmake_target_skip_unavailable' from command line to 'False'
[0.612s] [34mcolcon.colcon_core.verb[0m [1;30mLevel 5[0m set package 'robot_state' build argument 'cmake_clean_cache' from command line to 'False'
[0.612s] [34mcolcon.colcon_core.verb[0m [1;30mLevel 5[0m set package 'robot_state' build argument 'cmake_clean_first' from command line to 'False'
[0.612s] [34mcolcon.colcon_core.verb[0m [1;30mLevel 5[0m set package 'robot_state' build argument 'cmake_force_configure' from command line to 'False'
[0.612s] [34mcolcon.colcon_core.verb[0m [1;30mLevel 5[0m set package 'robot_state' build argument 'ament_cmake_args' from command line to 'None'
[0.612s] [34mcolcon.colcon_core.verb[0m [1;30mLevel 5[0m set package 'robot_state' build argument 'catkin_cmake_args' from command line to 'None'
[0.612s] [34mcolcon.colcon_core.verb[0m [1;30mLevel 5[0m set package 'robot_state' build argument 'catkin_skip_building_tests' from command line to 'False'
[0.612s] [34mcolcon.colcon_core.verb[0m [1;30mDEBUG[0m [32mBuilding package 'robot_state' with the following arguments: {'ament_cmake_args': None, 'build_base': '/data/rl_deploy/build/robot_state', 'catkin_cmake_args': None, 'catkin_skip_building_tests': False, 'cmake_args': None, 'cmake_clean_cache': False, 'cmake_clean_first': False, 'cmake_force_configure': False, 'cmake_target': None, 'cmake_target_skip_unavailable': False, 'install_base': '/data/rl_deploy/install/robot_state', 'merge_install': False, 'path': '/data/rl_deploy/src/robot_state', 'symlink_install': False, 'test_result_base': None}[0m
[0.613s] [34mcolcon.colcon_core.executor[0m [1;30mINFO[0m Executing jobs using 'parallel' executor
[0.615s] [34mcolcon.colcon_parallel_executor.executor.parallel[0m [1;30mDEBUG[0m [32mrun_until_complete[0m
[0.615s] [34mcolcon.colcon_ros.task.ament_cmake.build[0m [1;30mINFO[0m Building ROS package in '/data/rl_deploy/src/node_control_msgs' with build type 'ament_cmake'
[0.616s] [34mcolcon.colcon_cmake.task.cmake.build[0m [1;30mINFO[0m Building CMake package in '/data/rl_deploy/src/node_control_msgs'
[0.620s] [34mcolcon.colcon_core.plugin_system[0m [1;30mINFO[0m Skipping extension 'colcon_core.shell.bat': Not used on non-Windows systems
[0.620s] [34mcolcon.colcon_core.shell[0m [1;30mINFO[0m Skip shell extension 'powershell' for command environment: Not usable outside of PowerShell
[0.621s] [34mcolcon.colcon_core.shell[0m [1;30mDEBUG[0m [32mSkip shell extension 'dsv' for command environment[0m
[0.625s] [34mcolcon.colcon_ros.task.ament_cmake.build[0m [1;30mINFO[0m Building ROS package in '/data/rl_deploy/src/node_driver_msgs' with build type 'ament_cmake'
[0.626s] [34mcolcon.colcon_cmake.task.cmake.build[0m [1;30mINFO[0m Building CMake package in '/data/rl_deploy/src/node_driver_msgs'
[0.626s] [34mcolcon.colcon_core.shell[0m [1;30mINFO[0m Skip shell extension 'powershell' for command environment: Not usable outside of PowerShell
[0.626s] [34mcolcon.colcon_core.shell[0m [1;30mDEBUG[0m [32mSkip shell extension 'dsv' for command environment[0m
[0.639s] [34mcolcon.colcon_core.event_handler.log_command[0m [1;30mDEBUG[0m [32mInvoking command in '/data/rl_deploy/build/node_control_msgs': CMAKE_PREFIX_PATH=/opt/ros/humble /usr/local/bin/cmake --build /data/rl_deploy/build/node_control_msgs -- -j8 -l8[0m
[0.647s] [34mcolcon.colcon_core.event_handler.log_command[0m [1;30mDEBUG[0m [32mInvoking command in '/data/rl_deploy/build/node_driver_msgs': CMAKE_PREFIX_PATH=/opt/ros/humble /usr/local/bin/cmake --build /data/rl_deploy/build/node_driver_msgs -- -j8 -l8[0m
[1.420s] [34mcolcon.colcon_core.event_handler.log_command[0m [1;30mDEBUG[0m [32mInvoked command in '/data/rl_deploy/build/node_driver_msgs' returned '0': CMAKE_PREFIX_PATH=/opt/ros/humble /usr/local/bin/cmake --build /data/rl_deploy/build/node_driver_msgs -- -j8 -l8[0m
[1.546s] [34mcolcon.colcon_core.event_handler.log_command[0m [1;30mDEBUG[0m [32mInvoking command in '/data/rl_deploy/build/node_driver_msgs': CMAKE_PREFIX_PATH=/opt/ros/humble /usr/local/bin/cmake --install /data/rl_deploy/build/node_driver_msgs[0m
[1.552s] [34mcolcon.colcon_core.event_handler.log_command[0m [1;30mDEBUG[0m [32mInvoked command in '/data/rl_deploy/build/node_control_msgs' returned '0': CMAKE_PREFIX_PATH=/opt/ros/humble /usr/local/bin/cmake --build /data/rl_deploy/build/node_control_msgs -- -j8 -l8[0m
[1.553s] [34mcolcon.colcon_core.event_handler.log_command[0m [1;30mDEBUG[0m [32mInvoking command in '/data/rl_deploy/build/node_control_msgs': CMAKE_PREFIX_PATH=/opt/ros/humble /usr/local/bin/cmake --install /data/rl_deploy/build/node_control_msgs[0m
[1.786s] [34mcolcon.colcon_core.environment[0m [1;30mLevel 1[0m create_environment_scripts_only(node_driver_msgs)
[1.787s] [34mcolcon.colcon_core.event_handler.log_command[0m [1;30mDEBUG[0m [32mInvoked command in '/data/rl_deploy/build/node_driver_msgs' returned '0': CMAKE_PREFIX_PATH=/opt/ros/humble /usr/local/bin/cmake --install /data/rl_deploy/build/node_driver_msgs[0m
[1.801s] [34mcolcon.colcon_core.environment[0m [1;30mLevel 1[0m checking '/data/rl_deploy/install/node_driver_msgs' for CMake module files
[1.804s] [34mcolcon.colcon_core.environment[0m [1;30mLevel 1[0m checking '/data/rl_deploy/install/node_driver_msgs' for CMake config files
[1.808s] [34mcolcon.colcon_core.shell[0m [1;30mLevel 1[0m create_environment_hook('node_driver_msgs', 'cmake_prefix_path')
[1.809s] [34mcolcon.colcon_core.shell[0m [1;30mINFO[0m Creating environment hook '/data/rl_deploy/install/node_driver_msgs/share/node_driver_msgs/hook/cmake_prefix_path.ps1'
[1.810s] [34mcolcon.colcon_core.shell[0m [1;30mINFO[0m Creating environment descriptor '/data/rl_deploy/install/node_driver_msgs/share/node_driver_msgs/hook/cmake_prefix_path.dsv'
[1.811s] [34mcolcon.colcon_core.shell[0m [1;30mINFO[0m Creating environment hook '/data/rl_deploy/install/node_driver_msgs/share/node_driver_msgs/hook/cmake_prefix_path.sh'
[1.812s] [34mcolcon.colcon_core.environment[0m [1;30mLevel 1[0m checking '/data/rl_deploy/install/node_driver_msgs/lib'
[1.813s] [34mcolcon.colcon_core.shell[0m [1;30mLevel 1[0m create_environment_hook('node_driver_msgs', 'ld_library_path_lib')
[1.813s] [34mcolcon.colcon_core.shell[0m [1;30mINFO[0m Creating environment hook '/data/rl_deploy/install/node_driver_msgs/share/node_driver_msgs/hook/ld_library_path_lib.ps1'
[1.814s] [34mcolcon.colcon_core.shell[0m [1;30mINFO[0m Creating environment descriptor '/data/rl_deploy/install/node_driver_msgs/share/node_driver_msgs/hook/ld_library_path_lib.dsv'
[1.814s] [34mcolcon.colcon_core.shell[0m [1;30mINFO[0m Creating environment hook '/data/rl_deploy/install/node_driver_msgs/share/node_driver_msgs/hook/ld_library_path_lib.sh'
[1.815s] [34mcolcon.colcon_core.environment[0m [1;30mLevel 1[0m checking '/data/rl_deploy/install/node_driver_msgs/bin'
[1.815s] [34mcolcon.colcon_core.environment[0m [1;30mLevel 1[0m checking '/data/rl_deploy/install/node_driver_msgs/lib/pkgconfig/node_driver_msgs.pc'
[1.816s] [34mcolcon.colcon_core.environment[0m [1;30mLevel 1[0m checking '/data/rl_deploy/install/node_driver_msgs/lib/python3.10/site-packages'
[1.816s] [34mcolcon.colcon_core.environment[0m [1;30mLevel 1[0m checking '/data/rl_deploy/install/node_driver_msgs/bin'
[1.817s] [34mcolcon.colcon_core.shell[0m [1;30mINFO[0m Creating package script '/data/rl_deploy/install/node_driver_msgs/share/node_driver_msgs/package.ps1'
[1.818s] [34mcolcon.colcon_core.shell[0m [1;30mINFO[0m Creating package descriptor '/data/rl_deploy/install/node_driver_msgs/share/node_driver_msgs/package.dsv'
[1.819s] [34mcolcon.colcon_core.shell[0m [1;30mINFO[0m Creating package script '/data/rl_deploy/install/node_driver_msgs/share/node_driver_msgs/package.sh'
[1.821s] [34mcolcon.colcon_core.shell[0m [1;30mINFO[0m Creating package script '/data/rl_deploy/install/node_driver_msgs/share/node_driver_msgs/package.bash'
[1.822s] [34mcolcon.colcon_core.shell[0m [1;30mINFO[0m Creating package script '/data/rl_deploy/install/node_driver_msgs/share/node_driver_msgs/package.zsh'
[1.823s] [34mcolcon.colcon_core.environment[0m [1;30mLevel 1[0m create_file_with_runtime_dependencies(/data/rl_deploy/install/node_driver_msgs/share/colcon-core/packages/node_driver_msgs)
[1.824s] [34mcolcon.colcon_core.environment[0m [1;30mLevel 1[0m create_environment_scripts_only(node_driver_msgs)
[1.825s] [34mcolcon.colcon_core.environment[0m [1;30mLevel 1[0m checking '/data/rl_deploy/install/node_driver_msgs' for CMake module files
[1.826s] [34mcolcon.colcon_core.environment[0m [1;30mLevel 1[0m checking '/data/rl_deploy/install/node_driver_msgs' for CMake config files
[1.827s] [34mcolcon.colcon_core.shell[0m [1;30mLevel 1[0m create_environment_hook('node_driver_msgs', 'cmake_prefix_path')
[1.827s] [34mcolcon.colcon_core.shell[0m [1;30mINFO[0m Creating environment hook '/data/rl_deploy/install/node_driver_msgs/share/node_driver_msgs/hook/cmake_prefix_path.ps1'
[1.828s] [34mcolcon.colcon_core.shell[0m [1;30mINFO[0m Creating environment descriptor '/data/rl_deploy/install/node_driver_msgs/share/node_driver_msgs/hook/cmake_prefix_path.dsv'
[1.828s] [34mcolcon.colcon_core.shell[0m [1;30mINFO[0m Creating environment hook '/data/rl_deploy/install/node_driver_msgs/share/node_driver_msgs/hook/cmake_prefix_path.sh'
[1.829s] [34mcolcon.colcon_core.environment[0m [1;30mLevel 1[0m checking '/data/rl_deploy/install/node_driver_msgs/lib'
[1.830s] [34mcolcon.colcon_core.shell[0m [1;30mLevel 1[0m create_environment_hook('node_driver_msgs', 'ld_library_path_lib')
[1.830s] [34mcolcon.colcon_core.shell[0m [1;30mINFO[0m Creating environment hook '/data/rl_deploy/install/node_driver_msgs/share/node_driver_msgs/hook/ld_library_path_lib.ps1'
[1.831s] [34mcolcon.colcon_core.shell[0m [1;30mINFO[0m Creating environment descriptor '/data/rl_deploy/install/node_driver_msgs/share/node_driver_msgs/hook/ld_library_path_lib.dsv'
[1.831s] [34mcolcon.colcon_core.shell[0m [1;30mINFO[0m Creating environment hook '/data/rl_deploy/install/node_driver_msgs/share/node_driver_msgs/hook/ld_library_path_lib.sh'
[1.832s] [34mcolcon.colcon_core.environment[0m [1;30mLevel 1[0m checking '/data/rl_deploy/install/node_driver_msgs/bin'
[1.832s] [34mcolcon.colcon_core.environment[0m [1;30mLevel 1[0m checking '/data/rl_deploy/install/node_driver_msgs/lib/pkgconfig/node_driver_msgs.pc'
[1.832s] [34mcolcon.colcon_core.environment[0m [1;30mLevel 1[0m checking '/data/rl_deploy/install/node_driver_msgs/lib/python3.10/site-packages'
[1.833s] [34mcolcon.colcon_core.environment[0m [1;30mLevel 1[0m checking '/data/rl_deploy/install/node_driver_msgs/bin'
[1.833s] [34mcolcon.colcon_core.shell[0m [1;30mINFO[0m Creating package script '/data/rl_deploy/install/node_driver_msgs/share/node_driver_msgs/package.ps1'
[1.834s] [34mcolcon.colcon_core.shell[0m [1;30mINFO[0m Creating package descriptor '/data/rl_deploy/install/node_driver_msgs/share/node_driver_msgs/package.dsv'
[1.835s] [34mcolcon.colcon_core.shell[0m [1;30mINFO[0m Creating package script '/data/rl_deploy/install/node_driver_msgs/share/node_driver_msgs/package.sh'
[1.836s] [34mcolcon.colcon_core.shell[0m [1;30mINFO[0m Creating package script '/data/rl_deploy/install/node_driver_msgs/share/node_driver_msgs/package.bash'
[1.837s] [34mcolcon.colcon_core.shell[0m [1;30mINFO[0m Creating package script '/data/rl_deploy/install/node_driver_msgs/share/node_driver_msgs/package.zsh'
[1.837s] [34mcolcon.colcon_core.environment[0m [1;30mLevel 1[0m create_file_with_runtime_dependencies(/data/rl_deploy/install/node_driver_msgs/share/colcon-core/packages/node_driver_msgs)
[1.839s] [34mcolcon.colcon_core.environment[0m [1;30mLevel 1[0m create_environment_scripts_only(node_control_msgs)
[1.840s] [34mcolcon.colcon_core.environment[0m [1;30mLevel 1[0m checking '/data/rl_deploy/install/node_control_msgs' for CMake module files
[1.841s] [34mcolcon.colcon_core.event_handler.log_command[0m [1;30mDEBUG[0m [32mInvoked command in '/data/rl_deploy/build/node_control_msgs' returned '0': CMAKE_PREFIX_PATH=/opt/ros/humble /usr/local/bin/cmake --install /data/rl_deploy/build/node_control_msgs[0m
[1.842s] [34mcolcon.colcon_core.environment[0m [1;30mLevel 1[0m checking '/data/rl_deploy/install/node_control_msgs' for CMake config files
[1.843s] [34mcolcon.colcon_core.shell[0m [1;30mLevel 1[0m create_environment_hook('node_control_msgs', 'cmake_prefix_path')
[1.844s] [34mcolcon.colcon_core.shell[0m [1;30mINFO[0m Creating environment hook '/data/rl_deploy/install/node_control_msgs/share/node_control_msgs/hook/cmake_prefix_path.ps1'
[1.844s] [34mcolcon.colcon_core.shell[0m [1;30mINFO[0m Creating environment descriptor '/data/rl_deploy/install/node_control_msgs/share/node_control_msgs/hook/cmake_prefix_path.dsv'
[1.845s] [34mcolcon.colcon_core.shell[0m [1;30mINFO[0m Creating environment hook '/data/rl_deploy/install/node_control_msgs/share/node_control_msgs/hook/cmake_prefix_path.sh'
[1.846s] [34mcolcon.colcon_core.environment[0m [1;30mLevel 1[0m checking '/data/rl_deploy/install/node_control_msgs/lib'
[1.846s] [34mcolcon.colcon_core.shell[0m [1;30mLevel 1[0m create_environment_hook('node_control_msgs', 'ld_library_path_lib')
[1.847s] [34mcolcon.colcon_core.shell[0m [1;30mINFO[0m Creating environment hook '/data/rl_deploy/install/node_control_msgs/share/node_control_msgs/hook/ld_library_path_lib.ps1'
[1.847s] [34mcolcon.colcon_core.shell[0m [1;30mINFO[0m Creating environment descriptor '/data/rl_deploy/install/node_control_msgs/share/node_control_msgs/hook/ld_library_path_lib.dsv'
[1.848s] [34mcolcon.colcon_core.shell[0m [1;30mINFO[0m Creating environment hook '/data/rl_deploy/install/node_control_msgs/share/node_control_msgs/hook/ld_library_path_lib.sh'
[1.849s] [34mcolcon.colcon_core.environment[0m [1;30mLevel 1[0m checking '/data/rl_deploy/install/node_control_msgs/bin'
[1.849s] [34mcolcon.colcon_core.environment[0m [1;30mLevel 1[0m checking '/data/rl_deploy/install/node_control_msgs/lib/pkgconfig/node_control_msgs.pc'
[1.849s] [34mcolcon.colcon_core.environment[0m [1;30mLevel 1[0m checking '/data/rl_deploy/install/node_control_msgs/lib/python3.10/site-packages'
[1.850s] [34mcolcon.colcon_core.environment[0m [1;30mLevel 1[0m checking '/data/rl_deploy/install/node_control_msgs/bin'
[1.850s] [34mcolcon.colcon_core.shell[0m [1;30mINFO[0m Creating package script '/data/rl_deploy/install/node_control_msgs/share/node_control_msgs/package.ps1'
[1.851s] [34mcolcon.colcon_core.shell[0m [1;30mINFO[0m Creating package descriptor '/data/rl_deploy/install/node_control_msgs/share/node_control_msgs/package.dsv'
[1.852s] [34mcolcon.colcon_core.shell[0m [1;30mINFO[0m Creating package script '/data/rl_deploy/install/node_control_msgs/share/node_control_msgs/package.sh'
[1.853s] [34mcolcon.colcon_core.shell[0m [1;30mINFO[0m Creating package script '/data/rl_deploy/install/node_control_msgs/share/node_control_msgs/package.bash'
[1.853s] [34mcolcon.colcon_core.shell[0m [1;30mINFO[0m Creating package script '/data/rl_deploy/install/node_control_msgs/share/node_control_msgs/package.zsh'
[1.854s] [34mcolcon.colcon_core.environment[0m [1;30mLevel 1[0m create_file_with_runtime_dependencies(/data/rl_deploy/install/node_control_msgs/share/colcon-core/packages/node_control_msgs)
[1.855s] [34mcolcon.colcon_core.environment[0m [1;30mLevel 1[0m create_environment_scripts_only(node_control_msgs)
[1.855s] [34mcolcon.colcon_core.environment[0m [1;30mLevel 1[0m checking '/data/rl_deploy/install/node_control_msgs' for CMake module files
[1.856s] [34mcolcon.colcon_core.environment[0m [1;30mLevel 1[0m checking '/data/rl_deploy/install/node_control_msgs' for CMake config files
[1.858s] [34mcolcon.colcon_core.shell[0m [1;30mLevel 1[0m create_environment_hook('node_control_msgs', 'cmake_prefix_path')
[1.858s] [34mcolcon.colcon_core.shell[0m [1;30mINFO[0m Creating environment hook '/data/rl_deploy/install/node_control_msgs/share/node_control_msgs/hook/cmake_prefix_path.ps1'
[1.859s] [34mcolcon.colcon_core.shell[0m [1;30mINFO[0m Creating environment descriptor '/data/rl_deploy/install/node_control_msgs/share/node_control_msgs/hook/cmake_prefix_path.dsv'
[1.859s] [34mcolcon.colcon_core.shell[0m [1;30mINFO[0m Creating environment hook '/data/rl_deploy/install/node_control_msgs/share/node_control_msgs/hook/cmake_prefix_path.sh'
[1.860s] [34mcolcon.colcon_core.environment[0m [1;30mLevel 1[0m checking '/data/rl_deploy/install/node_control_msgs/lib'
[1.861s] [34mcolcon.colcon_core.shell[0m [1;30mLevel 1[0m create_environment_hook('node_control_msgs', 'ld_library_path_lib')
[1.861s] [34mcolcon.colcon_core.shell[0m [1;30mINFO[0m Creating environment hook '/data/rl_deploy/install/node_control_msgs/share/node_control_msgs/hook/ld_library_path_lib.ps1'
[1.861s] [34mcolcon.colcon_core.shell[0m [1;30mINFO[0m Creating environment descriptor '/data/rl_deploy/install/node_control_msgs/share/node_control_msgs/hook/ld_library_path_lib.dsv'
[1.862s] [34mcolcon.colcon_core.shell[0m [1;30mINFO[0m Creating environment hook '/data/rl_deploy/install/node_control_msgs/share/node_control_msgs/hook/ld_library_path_lib.sh'
[1.863s] [34mcolcon.colcon_core.environment[0m [1;30mLevel 1[0m checking '/data/rl_deploy/install/node_control_msgs/bin'
[1.863s] [34mcolcon.colcon_core.environment[0m [1;30mLevel 1[0m checking '/data/rl_deploy/install/node_control_msgs/lib/pkgconfig/node_control_msgs.pc'
[1.863s] [34mcolcon.colcon_core.environment[0m [1;30mLevel 1[0m checking '/data/rl_deploy/install/node_control_msgs/lib/python3.10/site-packages'
[1.864s] [34mcolcon.colcon_core.environment[0m [1;30mLevel 1[0m checking '/data/rl_deploy/install/node_control_msgs/bin'
[1.864s] [34mcolcon.colcon_core.shell[0m [1;30mINFO[0m Creating package script '/data/rl_deploy/install/node_control_msgs/share/node_control_msgs/package.ps1'
[1.865s] [34mcolcon.colcon_core.shell[0m [1;30mINFO[0m Creating package descriptor '/data/rl_deploy/install/node_control_msgs/share/node_control_msgs/package.dsv'
[1.866s] [34mcolcon.colcon_core.shell[0m [1;30mINFO[0m Creating package script '/data/rl_deploy/install/node_control_msgs/share/node_control_msgs/package.sh'
[1.867s] [34mcolcon.colcon_core.shell[0m [1;30mINFO[0m Creating package script '/data/rl_deploy/install/node_control_msgs/share/node_control_msgs/package.bash'
[1.867s] [34mcolcon.colcon_core.shell[0m [1;30mINFO[0m Creating package script '/data/rl_deploy/install/node_control_msgs/share/node_control_msgs/package.zsh'
[1.868s] [34mcolcon.colcon_core.environment[0m [1;30mLevel 1[0m create_file_with_runtime_dependencies(/data/rl_deploy/install/node_control_msgs/share/colcon-core/packages/node_control_msgs)
[1.869s] [34mcolcon.colcon_ros.task.ament_cmake.build[0m [1;30mINFO[0m Building ROS package in '/data/rl_deploy/src/robot_msgs' with build type 'ament_cmake'
[1.869s] [34mcolcon.colcon_cmake.task.cmake.build[0m [1;30mINFO[0m Building CMake package in '/data/rl_deploy/src/robot_msgs'
[1.869s] [34mcolcon.colcon_core.shell[0m [1;30mINFO[0m Skip shell extension 'powershell' for command environment: Not usable outside of PowerShell
[1.870s] [34mcolcon.colcon_core.shell[0m [1;30mDEBUG[0m [32mSkip shell extension 'dsv' for command environment[0m
[1.874s] [34mcolcon.colcon_ros.task.ament_cmake.build[0m [1;30mINFO[0m Building ROS package in '/data/rl_deploy/src/node_app_msgs' with build type 'ament_cmake'
[1.874s] [34mcolcon.colcon_cmake.task.cmake.build[0m [1;30mINFO[0m Building CMake package in '/data/rl_deploy/src/node_app_msgs'
[1.874s] [34mcolcon.colcon_core.shell[0m [1;30mINFO[0m Skip shell extension 'powershell' for command environment: Not usable outside of PowerShell
[1.874s] [34mcolcon.colcon_core.shell[0m [1;30mDEBUG[0m [32mSkip shell extension 'dsv' for command environment[0m
[1.887s] [34mcolcon.colcon_core.event_handler.log_command[0m [1;30mDEBUG[0m [32mInvoking command in '/data/rl_deploy/build/robot_msgs': AMENT_PREFIX_PATH=/data/rl_deploy/install/node_control_msgs:${AMENT_PREFIX_PATH} CMAKE_PREFIX_PATH=/data/rl_deploy/install/node_control_msgs:/opt/ros/humble LD_LIBRARY_PATH=/data/rl_deploy/install/node_control_msgs/lib:/opt/ros/humble/lib/aarch64-linux-gnu:/opt/ros/humble/lib:/app/lib:/app/lib:/usr/local/cuda-12/lib64:/usr/local/cuda-12/lib64:/usr/local/cuda-12/lib64 PYTHONPATH=/data/rl_deploy/install/node_control_msgs/local/lib/python3.10/dist-packages:${PYTHONPATH} /usr/local/bin/cmake --build /data/rl_deploy/build/robot_msgs -- -j8 -l8[0m
[1.893s] [34mcolcon.colcon_core.event_handler.log_command[0m [1;30mDEBUG[0m [32mInvoking command in '/data/rl_deploy/build/node_app_msgs': AMENT_PREFIX_PATH=/data/rl_deploy/install/node_control_msgs:${AMENT_PREFIX_PATH} CMAKE_PREFIX_PATH=/data/rl_deploy/install/node_control_msgs:/opt/ros/humble LD_LIBRARY_PATH=/data/rl_deploy/install/node_control_msgs/lib:/opt/ros/humble/lib/aarch64-linux-gnu:/opt/ros/humble/lib:/app/lib:/app/lib:/usr/local/cuda-12/lib64:/usr/local/cuda-12/lib64:/usr/local/cuda-12/lib64 PYTHONPATH=/data/rl_deploy/install/node_control_msgs/local/lib/python3.10/dist-packages:${PYTHONPATH} /usr/local/bin/cmake --build /data/rl_deploy/build/node_app_msgs -- -j8 -l8[0m
[2.575s] [34mcolcon.colcon_core.event_handler.log_command[0m [1;30mDEBUG[0m [32mInvoked command in '/data/rl_deploy/build/robot_msgs' returned '0': AMENT_PREFIX_PATH=/data/rl_deploy/install/node_control_msgs:${AMENT_PREFIX_PATH} CMAKE_PREFIX_PATH=/data/rl_deploy/install/node_control_msgs:/opt/ros/humble LD_LIBRARY_PATH=/data/rl_deploy/install/node_control_msgs/lib:/opt/ros/humble/lib/aarch64-linux-gnu:/opt/ros/humble/lib:/app/lib:/app/lib:/usr/local/cuda-12/lib64:/usr/local/cuda-12/lib64:/usr/local/cuda-12/lib64 PYTHONPATH=/data/rl_deploy/install/node_control_msgs/local/lib/python3.10/dist-packages:${PYTHONPATH} /usr/local/bin/cmake --build /data/rl_deploy/build/robot_msgs -- -j8 -l8[0m
[2.579s] [34mcolcon.colcon_core.event_handler.log_command[0m [1;30mDEBUG[0m [32mInvoking command in '/data/rl_deploy/build/robot_msgs': AMENT_PREFIX_PATH=/data/rl_deploy/install/node_control_msgs:${AMENT_PREFIX_PATH} CMAKE_PREFIX_PATH=/data/rl_deploy/install/node_control_msgs:/opt/ros/humble LD_LIBRARY_PATH=/data/rl_deploy/install/node_control_msgs/lib:/opt/ros/humble/lib/aarch64-linux-gnu:/opt/ros/humble/lib:/app/lib:/app/lib:/usr/local/cuda-12/lib64:/usr/local/cuda-12/lib64:/usr/local/cuda-12/lib64 PYTHONPATH=/data/rl_deploy/install/node_control_msgs/local/lib/python3.10/dist-packages:${PYTHONPATH} /usr/local/bin/cmake --install /data/rl_deploy/build/robot_msgs[0m
[2.643s] [34mcolcon.colcon_core.event_handler.log_command[0m [1;30mDEBUG[0m [32mInvoked command in '/data/rl_deploy/build/node_app_msgs' returned '0': AMENT_PREFIX_PATH=/data/rl_deploy/install/node_control_msgs:${AMENT_PREFIX_PATH} CMAKE_PREFIX_PATH=/data/rl_deploy/install/node_control_msgs:/opt/ros/humble LD_LIBRARY_PATH=/data/rl_deploy/install/node_control_msgs/lib:/opt/ros/humble/lib/aarch64-linux-gnu:/opt/ros/humble/lib:/app/lib:/app/lib:/usr/local/cuda-12/lib64:/usr/local/cuda-12/lib64:/usr/local/cuda-12/lib64 PYTHONPATH=/data/rl_deploy/install/node_control_msgs/local/lib/python3.10/dist-packages:${PYTHONPATH} /usr/local/bin/cmake --build /data/rl_deploy/build/node_app_msgs -- -j8 -l8[0m
[2.648s] [34mcolcon.colcon_core.event_handler.log_command[0m [1;30mDEBUG[0m [32mInvoking command in '/data/rl_deploy/build/node_app_msgs': AMENT_PREFIX_PATH=/data/rl_deploy/install/node_control_msgs:${AMENT_PREFIX_PATH} CMAKE_PREFIX_PATH=/data/rl_deploy/install/node_control_msgs:/opt/ros/humble LD_LIBRARY_PATH=/data/rl_deploy/install/node_control_msgs/lib:/opt/ros/humble/lib/aarch64-linux-gnu:/opt/ros/humble/lib:/app/lib:/app/lib:/usr/local/cuda-12/lib64:/usr/local/cuda-12/lib64:/usr/local/cuda-12/lib64 PYTHONPATH=/data/rl_deploy/install/node_control_msgs/local/lib/python3.10/dist-packages:${PYTHONPATH} /usr/local/bin/cmake --install /data/rl_deploy/build/node_app_msgs[0m
[2.794s] [34mcolcon.colcon_core.environment[0m [1;30mLevel 1[0m create_environment_scripts_only(robot_msgs)
[2.795s] [34mcolcon.colcon_core.environment[0m [1;30mLevel 1[0m checking '/data/rl_deploy/install/robot_msgs' for CMake module files
[2.798s] [34mcolcon.colcon_core.event_handler.log_command[0m [1;30mDEBUG[0m [32mInvoked command in '/data/rl_deploy/build/robot_msgs' returned '0': AMENT_PREFIX_PATH=/data/rl_deploy/install/node_control_msgs:${AMENT_PREFIX_PATH} CMAKE_PREFIX_PATH=/data/rl_deploy/install/node_control_msgs:/opt/ros/humble LD_LIBRARY_PATH=/data/rl_deploy/install/node_control_msgs/lib:/opt/ros/humble/lib/aarch64-linux-gnu:/opt/ros/humble/lib:/app/lib:/app/lib:/usr/local/cuda-12/lib64:/usr/local/cuda-12/lib64:/usr/local/cuda-12/lib64 PYTHONPATH=/data/rl_deploy/install/node_control_msgs/local/lib/python3.10/dist-packages:${PYTHONPATH} /usr/local/bin/cmake --install /data/rl_deploy/build/robot_msgs[0m
[2.799s] [34mcolcon.colcon_core.environment[0m [1;30mLevel 1[0m checking '/data/rl_deploy/install/robot_msgs' for CMake config files
[2.800s] [34mcolcon.colcon_core.shell[0m [1;30mLevel 1[0m create_environment_hook('robot_msgs', 'cmake_prefix_path')
[2.801s] [34mcolcon.colcon_core.shell[0m [1;30mINFO[0m Creating environment hook '/data/rl_deploy/install/robot_msgs/share/robot_msgs/hook/cmake_prefix_path.ps1'
[2.802s] [34mcolcon.colcon_core.shell[0m [1;30mINFO[0m Creating environment descriptor '/data/rl_deploy/install/robot_msgs/share/robot_msgs/hook/cmake_prefix_path.dsv'
[2.802s] [34mcolcon.colcon_core.shell[0m [1;30mINFO[0m Creating environment hook '/data/rl_deploy/install/robot_msgs/share/robot_msgs/hook/cmake_prefix_path.sh'
[2.804s] [34mcolcon.colcon_core.environment[0m [1;30mLevel 1[0m checking '/data/rl_deploy/install/robot_msgs/lib'
[2.804s] [34mcolcon.colcon_core.shell[0m [1;30mLevel 1[0m create_environment_hook('robot_msgs', 'ld_library_path_lib')
[2.804s] [34mcolcon.colcon_core.shell[0m [1;30mINFO[0m Creating environment hook '/data/rl_deploy/install/robot_msgs/share/robot_msgs/hook/ld_library_path_lib.ps1'
[2.805s] [34mcolcon.colcon_core.shell[0m [1;30mINFO[0m Creating environment descriptor '/data/rl_deploy/install/robot_msgs/share/robot_msgs/hook/ld_library_path_lib.dsv'
[2.806s] [34mcolcon.colcon_core.shell[0m [1;30mINFO[0m Creating environment hook '/data/rl_deploy/install/robot_msgs/share/robot_msgs/hook/ld_library_path_lib.sh'
[2.806s] [34mcolcon.colcon_core.environment[0m [1;30mLevel 1[0m checking '/data/rl_deploy/install/robot_msgs/bin'
[2.807s] [34mcolcon.colcon_core.environment[0m [1;30mLevel 1[0m checking '/data/rl_deploy/install/robot_msgs/lib/pkgconfig/robot_msgs.pc'
[2.807s] [34mcolcon.colcon_core.environment[0m [1;30mLevel 1[0m checking '/data/rl_deploy/install/robot_msgs/lib/python3.10/site-packages'
[2.808s] [34mcolcon.colcon_core.environment[0m [1;30mLevel 1[0m checking '/data/rl_deploy/install/robot_msgs/bin'
[2.808s] [34mcolcon.colcon_core.shell[0m [1;30mINFO[0m Creating package script '/data/rl_deploy/install/robot_msgs/share/robot_msgs/package.ps1'
[2.809s] [34mcolcon.colcon_core.shell[0m [1;30mINFO[0m Creating package descriptor '/data/rl_deploy/install/robot_msgs/share/robot_msgs/package.dsv'
[2.811s] [34mcolcon.colcon_core.shell[0m [1;30mINFO[0m Creating package script '/data/rl_deploy/install/robot_msgs/share/robot_msgs/package.sh'
[2.813s] [34mcolcon.colcon_core.shell[0m [1;30mINFO[0m Creating package script '/data/rl_deploy/install/robot_msgs/share/robot_msgs/package.bash'
[2.815s] [34mcolcon.colcon_core.shell[0m [1;30mINFO[0m Creating package script '/data/rl_deploy/install/robot_msgs/share/robot_msgs/package.zsh'
[2.817s] [34mcolcon.colcon_core.environment[0m [1;30mLevel 1[0m create_file_with_runtime_dependencies(/data/rl_deploy/install/robot_msgs/share/colcon-core/packages/robot_msgs)
[2.821s] [34mcolcon.colcon_core.environment[0m [1;30mLevel 1[0m create_environment_scripts_only(robot_msgs)
[2.821s] [34mcolcon.colcon_core.environment[0m [1;30mLevel 1[0m checking '/data/rl_deploy/install/robot_msgs' for CMake module files
[2.825s] [34mcolcon.colcon_core.environment[0m [1;30mLevel 1[0m checking '/data/rl_deploy/install/robot_msgs' for CMake config files
[2.832s] [34mcolcon.colcon_core.shell[0m [1;30mLevel 1[0m create_environment_hook('robot_msgs', 'cmake_prefix_path')
[2.832s] [34mcolcon.colcon_core.shell[0m [1;30mINFO[0m Creating environment hook '/data/rl_deploy/install/robot_msgs/share/robot_msgs/hook/cmake_prefix_path.ps1'
[2.834s] [34mcolcon.colcon_core.shell[0m [1;30mINFO[0m Creating environment descriptor '/data/rl_deploy/install/robot_msgs/share/robot_msgs/hook/cmake_prefix_path.dsv'
[2.835s] [34mcolcon.colcon_core.shell[0m [1;30mINFO[0m Creating environment hook '/data/rl_deploy/install/robot_msgs/share/robot_msgs/hook/cmake_prefix_path.sh'
[2.837s] [34mcolcon.colcon_core.environment[0m [1;30mLevel 1[0m checking '/data/rl_deploy/install/robot_msgs/lib'
[2.837s] [34mcolcon.colcon_core.shell[0m [1;30mLevel 1[0m create_environment_hook('robot_msgs', 'ld_library_path_lib')
[2.838s] [34mcolcon.colcon_core.shell[0m [1;30mINFO[0m Creating environment hook '/data/rl_deploy/install/robot_msgs/share/robot_msgs/hook/ld_library_path_lib.ps1'
[2.839s] [34mcolcon.colcon_core.shell[0m [1;30mINFO[0m Creating environment descriptor '/data/rl_deploy/install/robot_msgs/share/robot_msgs/hook/ld_library_path_lib.dsv'
[2.840s] [34mcolcon.colcon_core.shell[0m [1;30mINFO[0m Creating environment hook '/data/rl_deploy/install/robot_msgs/share/robot_msgs/hook/ld_library_path_lib.sh'
[2.842s] [34mcolcon.colcon_core.environment[0m [1;30mLevel 1[0m checking '/data/rl_deploy/install/robot_msgs/bin'
[2.842s] [34mcolcon.colcon_core.environment[0m [1;30mLevel 1[0m checking '/data/rl_deploy/install/robot_msgs/lib/pkgconfig/robot_msgs.pc'
[2.843s] [34mcolcon.colcon_core.environment[0m [1;30mLevel 1[0m checking '/data/rl_deploy/install/robot_msgs/lib/python3.10/site-packages'
[2.843s] [34mcolcon.colcon_core.environment[0m [1;30mLevel 1[0m checking '/data/rl_deploy/install/robot_msgs/bin'
[2.844s] [34mcolcon.colcon_core.shell[0m [1;30mINFO[0m Creating package script '/data/rl_deploy/install/robot_msgs/share/robot_msgs/package.ps1'
[2.846s] [34mcolcon.colcon_core.shell[0m [1;30mINFO[0m Creating package descriptor '/data/rl_deploy/install/robot_msgs/share/robot_msgs/package.dsv'
[2.847s] [34mcolcon.colcon_core.shell[0m [1;30mINFO[0m Creating package script '/data/rl_deploy/install/robot_msgs/share/robot_msgs/package.sh'
[2.848s] [34mcolcon.colcon_core.shell[0m [1;30mINFO[0m Creating package script '/data/rl_deploy/install/robot_msgs/share/robot_msgs/package.bash'
[2.849s] [34mcolcon.colcon_core.shell[0m [1;30mINFO[0m Creating package script '/data/rl_deploy/install/robot_msgs/share/robot_msgs/package.zsh'
[2.850s] [34mcolcon.colcon_core.environment[0m [1;30mLevel 1[0m create_file_with_runtime_dependencies(/data/rl_deploy/install/robot_msgs/share/colcon-core/packages/robot_msgs)
[2.851s] [34mcolcon.colcon_ros.task.ament_cmake.build[0m [1;30mINFO[0m Building ROS package in '/data/rl_deploy/src/robot_state' with build type 'ament_cmake'
[2.852s] [34mcolcon.colcon_cmake.task.cmake.build[0m [1;30mINFO[0m Building CMake package in '/data/rl_deploy/src/robot_state'
[2.852s] [34mcolcon.colcon_core.shell[0m [1;30mINFO[0m Skip shell extension 'powershell' for command environment: Not usable outside of PowerShell
[2.852s] [34mcolcon.colcon_core.shell[0m [1;30mDEBUG[0m [32mSkip shell extension 'dsv' for command environment[0m
[2.874s] [34mcolcon.colcon_core.event_handler.log_command[0m [1;30mDEBUG[0m [32mInvoking command in '/data/rl_deploy/build/robot_state': AMENT_PREFIX_PATH=/data/rl_deploy/install/robot_msgs:/data/rl_deploy/install/node_control_msgs:${AMENT_PREFIX_PATH} CMAKE_PREFIX_PATH=/data/rl_deploy/install/robot_msgs:/data/rl_deploy/install/node_control_msgs:/opt/ros/humble LD_LIBRARY_PATH=/data/rl_deploy/install/robot_msgs/lib:/data/rl_deploy/install/node_control_msgs/lib:/opt/ros/humble/lib/aarch64-linux-gnu:/opt/ros/humble/lib:/app/lib:/app/lib:/usr/local/cuda-12/lib64:/usr/local/cuda-12/lib64:/usr/local/cuda-12/lib64 PYTHONPATH=/data/rl_deploy/install/robot_msgs/local/lib/python3.10/dist-packages:/data/rl_deploy/install/node_control_msgs/local/lib/python3.10/dist-packages:${PYTHONPATH} /usr/local/bin/cmake --build /data/rl_deploy/build/robot_state -- -j8 -l8[0m
[2.910s] [34mcolcon.colcon_core.environment[0m [1;30mLevel 1[0m create_environment_scripts_only(node_app_msgs)
[2.911s] [34mcolcon.colcon_core.environment[0m [1;30mLevel 1[0m checking '/data/rl_deploy/install/node_app_msgs' for CMake module files
[2.911s] [34mcolcon.colcon_core.event_handler.log_command[0m [1;30mDEBUG[0m [32mInvoked command in '/data/rl_deploy/build/node_app_msgs' returned '0': AMENT_PREFIX_PATH=/data/rl_deploy/install/node_control_msgs:${AMENT_PREFIX_PATH} CMAKE_PREFIX_PATH=/data/rl_deploy/install/node_control_msgs:/opt/ros/humble LD_LIBRARY_PATH=/data/rl_deploy/install/node_control_msgs/lib:/opt/ros/humble/lib/aarch64-linux-gnu:/opt/ros/humble/lib:/app/lib:/app/lib:/usr/local/cuda-12/lib64:/usr/local/cuda-12/lib64:/usr/local/cuda-12/lib64 PYTHONPATH=/data/rl_deploy/install/node_control_msgs/local/lib/python3.10/dist-packages:${PYTHONPATH} /usr/local/bin/cmake --install /data/rl_deploy/build/node_app_msgs[0m
[2.913s] [34mcolcon.colcon_core.environment[0m [1;30mLevel 1[0m checking '/data/rl_deploy/install/node_app_msgs' for CMake config files
[2.914s] [34mcolcon.colcon_core.shell[0m [1;30mLevel 1[0m create_environment_hook('node_app_msgs', 'cmake_prefix_path')
[2.915s] [34mcolcon.colcon_core.shell[0m [1;30mINFO[0m Creating environment hook '/data/rl_deploy/install/node_app_msgs/share/node_app_msgs/hook/cmake_prefix_path.ps1'
[2.916s] [34mcolcon.colcon_core.shell[0m [1;30mINFO[0m Creating environment descriptor '/data/rl_deploy/install/node_app_msgs/share/node_app_msgs/hook/cmake_prefix_path.dsv'
[2.917s] [34mcolcon.colcon_core.shell[0m [1;30mINFO[0m Creating environment hook '/data/rl_deploy/install/node_app_msgs/share/node_app_msgs/hook/cmake_prefix_path.sh'
[2.918s] [34mcolcon.colcon_core.environment[0m [1;30mLevel 1[0m checking '/data/rl_deploy/install/node_app_msgs/lib'
[2.918s] [34mcolcon.colcon_core.shell[0m [1;30mLevel 1[0m create_environment_hook('node_app_msgs', 'ld_library_path_lib')
[2.919s] [34mcolcon.colcon_core.shell[0m [1;30mINFO[0m Creating environment hook '/data/rl_deploy/install/node_app_msgs/share/node_app_msgs/hook/ld_library_path_lib.ps1'
[2.920s] [34mcolcon.colcon_core.shell[0m [1;30mINFO[0m Creating environment descriptor '/data/rl_deploy/install/node_app_msgs/share/node_app_msgs/hook/ld_library_path_lib.dsv'
[2.921s] [34mcolcon.colcon_core.shell[0m [1;30mINFO[0m Creating environment hook '/data/rl_deploy/install/node_app_msgs/share/node_app_msgs/hook/ld_library_path_lib.sh'
[2.922s] [34mcolcon.colcon_core.environment[0m [1;30mLevel 1[0m checking '/data/rl_deploy/install/node_app_msgs/bin'
[2.922s] [34mcolcon.colcon_core.environment[0m [1;30mLevel 1[0m checking '/data/rl_deploy/install/node_app_msgs/lib/pkgconfig/node_app_msgs.pc'
[2.923s] [34mcolcon.colcon_core.environment[0m [1;30mLevel 1[0m checking '/data/rl_deploy/install/node_app_msgs/lib/python3.10/site-packages'
[2.923s] [34mcolcon.colcon_core.environment[0m [1;30mLevel 1[0m checking '/data/rl_deploy/install/node_app_msgs/bin'
[2.924s] [34mcolcon.colcon_core.shell[0m [1;30mINFO[0m Creating package script '/data/rl_deploy/install/node_app_msgs/share/node_app_msgs/package.ps1'
[2.925s] [34mcolcon.colcon_core.shell[0m [1;30mINFO[0m Creating package descriptor '/data/rl_deploy/install/node_app_msgs/share/node_app_msgs/package.dsv'
[2.926s] [34mcolcon.colcon_core.shell[0m [1;30mINFO[0m Creating package script '/data/rl_deploy/install/node_app_msgs/share/node_app_msgs/package.sh'
[2.927s] [34mcolcon.colcon_core.shell[0m [1;30mINFO[0m Creating package script '/data/rl_deploy/install/node_app_msgs/share/node_app_msgs/package.bash'
[2.928s] [34mcolcon.colcon_core.shell[0m [1;30mINFO[0m Creating package script '/data/rl_deploy/install/node_app_msgs/share/node_app_msgs/package.zsh'
[2.929s] [34mcolcon.colcon_core.environment[0m [1;30mLevel 1[0m create_file_with_runtime_dependencies(/data/rl_deploy/install/node_app_msgs/share/colcon-core/packages/node_app_msgs)
[2.930s] [34mcolcon.colcon_core.environment[0m [1;30mLevel 1[0m create_environment_scripts_only(node_app_msgs)
[2.930s] [34mcolcon.colcon_core.environment[0m [1;30mLevel 1[0m checking '/data/rl_deploy/install/node_app_msgs' for CMake module files
[2.931s] [34mcolcon.colcon_core.environment[0m [1;30mLevel 1[0m checking '/data/rl_deploy/install/node_app_msgs' for CMake config files
[2.932s] [34mcolcon.colcon_core.shell[0m [1;30mLevel 1[0m create_environment_hook('node_app_msgs', 'cmake_prefix_path')
[2.933s] [34mcolcon.colcon_core.shell[0m [1;30mINFO[0m Creating environment hook '/data/rl_deploy/install/node_app_msgs/share/node_app_msgs/hook/cmake_prefix_path.ps1'
[2.934s] [34mcolcon.colcon_core.shell[0m [1;30mINFO[0m Creating environment descriptor '/data/rl_deploy/install/node_app_msgs/share/node_app_msgs/hook/cmake_prefix_path.dsv'
[2.934s] [34mcolcon.colcon_core.shell[0m [1;30mINFO[0m Creating environment hook '/data/rl_deploy/install/node_app_msgs/share/node_app_msgs/hook/cmake_prefix_path.sh'
[2.936s] [34mcolcon.colcon_core.environment[0m [1;30mLevel 1[0m checking '/data/rl_deploy/install/node_app_msgs/lib'
[2.936s] [34mcolcon.colcon_core.shell[0m [1;30mLevel 1[0m create_environment_hook('node_app_msgs', 'ld_library_path_lib')
[2.936s] [34mcolcon.colcon_core.shell[0m [1;30mINFO[0m Creating environment hook '/data/rl_deploy/install/node_app_msgs/share/node_app_msgs/hook/ld_library_path_lib.ps1'
[2.937s] [34mcolcon.colcon_core.shell[0m [1;30mINFO[0m Creating environment descriptor '/data/rl_deploy/install/node_app_msgs/share/node_app_msgs/hook/ld_library_path_lib.dsv'
[2.938s] [34mcolcon.colcon_core.shell[0m [1;30mINFO[0m Creating environment hook '/data/rl_deploy/install/node_app_msgs/share/node_app_msgs/hook/ld_library_path_lib.sh'
[2.939s] [34mcolcon.colcon_core.environment[0m [1;30mLevel 1[0m checking '/data/rl_deploy/install/node_app_msgs/bin'
[2.939s] [34mcolcon.colcon_core.environment[0m [1;30mLevel 1[0m checking '/data/rl_deploy/install/node_app_msgs/lib/pkgconfig/node_app_msgs.pc'
[2.939s] [34mcolcon.colcon_core.environment[0m [1;30mLevel 1[0m checking '/data/rl_deploy/install/node_app_msgs/lib/python3.10/site-packages'
[2.940s] [34mcolcon.colcon_core.environment[0m [1;30mLevel 1[0m checking '/data/rl_deploy/install/node_app_msgs/bin'
[2.940s] [34mcolcon.colcon_core.shell[0m [1;30mINFO[0m Creating package script '/data/rl_deploy/install/node_app_msgs/share/node_app_msgs/package.ps1'
[2.941s] [34mcolcon.colcon_core.shell[0m [1;30mINFO[0m Creating package descriptor '/data/rl_deploy/install/node_app_msgs/share/node_app_msgs/package.dsv'
[2.942s] [34mcolcon.colcon_core.shell[0m [1;30mINFO[0m Creating package script '/data/rl_deploy/install/node_app_msgs/share/node_app_msgs/package.sh'
[2.943s] [34mcolcon.colcon_core.shell[0m [1;30mINFO[0m Creating package script '/data/rl_deploy/install/node_app_msgs/share/node_app_msgs/package.bash'
[2.944s] [34mcolcon.colcon_core.shell[0m [1;30mINFO[0m Creating package script '/data/rl_deploy/install/node_app_msgs/share/node_app_msgs/package.zsh'
[2.945s] [34mcolcon.colcon_core.environment[0m [1;30mLevel 1[0m create_file_with_runtime_dependencies(/data/rl_deploy/install/node_app_msgs/share/colcon-core/packages/node_app_msgs)
[2.946s] [34mcolcon.colcon_ros.task.ament_python.build[0m [1;30mINFO[0m Building ROS package in '/data/rl_deploy/src/robot_rl_controller' with build type 'ament_python'
[2.946s] [34mcolcon.colcon_core.shell[0m [1;30mLevel 1[0m create_environment_hook('robot_rl_controller', 'ament_prefix_path')
[2.947s] [34mcolcon.colcon_core.shell[0m [1;30mINFO[0m Creating environment hook '/data/rl_deploy/install/robot_rl_controller/share/robot_rl_controller/hook/ament_prefix_path.ps1'
[2.948s] [34mcolcon.colcon_core.shell[0m [1;30mINFO[0m Creating environment descriptor '/data/rl_deploy/install/robot_rl_controller/share/robot_rl_controller/hook/ament_prefix_path.dsv'
[2.949s] [34mcolcon.colcon_core.shell[0m [1;30mINFO[0m Creating environment hook '/data/rl_deploy/install/robot_rl_controller/share/robot_rl_controller/hook/ament_prefix_path.sh'
[2.951s] [34mcolcon.colcon_core.shell[0m [1;30mINFO[0m Skip shell extension 'powershell' for command environment: Not usable outside of PowerShell
[2.951s] [34mcolcon.colcon_core.shell[0m [1;30mDEBUG[0m [32mSkip shell extension 'dsv' for command environment[0m
[3.423s] [34mcolcon.colcon_core.task.python.build[0m [1;30mINFO[0m Building Python package in '/data/rl_deploy/src/robot_rl_controller'
[3.424s] [34mcolcon.colcon_core.shell[0m [1;30mINFO[0m Skip shell extension 'powershell' for command environment: Not usable outside of PowerShell
[3.424s] [34mcolcon.colcon_core.shell[0m [1;30mDEBUG[0m [32mSkip shell extension 'dsv' for command environment[0m
[3.431s] [34mcolcon.colcon_core.event_handler.log_command[0m [1;30mDEBUG[0m [32mInvoked command in '/data/rl_deploy/build/robot_state' returned '0': AMENT_PREFIX_PATH=/data/rl_deploy/install/robot_msgs:/data/rl_deploy/install/node_control_msgs:${AMENT_PREFIX_PATH} CMAKE_PREFIX_PATH=/data/rl_deploy/install/robot_msgs:/data/rl_deploy/install/node_control_msgs:/opt/ros/humble LD_LIBRARY_PATH=/data/rl_deploy/install/robot_msgs/lib:/data/rl_deploy/install/node_control_msgs/lib:/opt/ros/humble/lib/aarch64-linux-gnu:/opt/ros/humble/lib:/app/lib:/app/lib:/usr/local/cuda-12/lib64:/usr/local/cuda-12/lib64:/usr/local/cuda-12/lib64 PYTHONPATH=/data/rl_deploy/install/robot_msgs/local/lib/python3.10/dist-packages:/data/rl_deploy/install/node_control_msgs/local/lib/python3.10/dist-packages:${PYTHONPATH} /usr/local/bin/cmake --build /data/rl_deploy/build/robot_state -- -j8 -l8[0m
[3.435s] [34mcolcon.colcon_core.event_handler.log_command[0m [1;30mDEBUG[0m [32mInvoking command in '/data/rl_deploy/build/robot_state': AMENT_PREFIX_PATH=/data/rl_deploy/install/robot_msgs:/data/rl_deploy/install/node_control_msgs:${AMENT_PREFIX_PATH} CMAKE_PREFIX_PATH=/data/rl_deploy/install/robot_msgs:/data/rl_deploy/install/node_control_msgs:/opt/ros/humble LD_LIBRARY_PATH=/data/rl_deploy/install/robot_msgs/lib:/data/rl_deploy/install/node_control_msgs/lib:/opt/ros/humble/lib/aarch64-linux-gnu:/opt/ros/humble/lib:/app/lib:/app/lib:/usr/local/cuda-12/lib64:/usr/local/cuda-12/lib64:/usr/local/cuda-12/lib64 PYTHONPATH=/data/rl_deploy/install/robot_msgs/local/lib/python3.10/dist-packages:/data/rl_deploy/install/node_control_msgs/local/lib/python3.10/dist-packages:${PYTHONPATH} /usr/local/bin/cmake --install /data/rl_deploy/build/robot_state[0m
[3.586s] [34mcolcon.colcon_core.environment[0m [1;30mLevel 1[0m create_environment_scripts_only(robot_state)
[3.587s] [34mcolcon.colcon_core.environment[0m [1;30mLevel 1[0m checking '/data/rl_deploy/install/robot_state' for CMake module files
[3.588s] [34mcolcon.colcon_core.event_handler.log_command[0m [1;30mDEBUG[0m [32mInvoked command in '/data/rl_deploy/build/robot_state' returned '0': AMENT_PREFIX_PATH=/data/rl_deploy/install/robot_msgs:/data/rl_deploy/install/node_control_msgs:${AMENT_PREFIX_PATH} CMAKE_PREFIX_PATH=/data/rl_deploy/install/robot_msgs:/data/rl_deploy/install/node_control_msgs:/opt/ros/humble LD_LIBRARY_PATH=/data/rl_deploy/install/robot_msgs/lib:/data/rl_deploy/install/node_control_msgs/lib:/opt/ros/humble/lib/aarch64-linux-gnu:/opt/ros/humble/lib:/app/lib:/app/lib:/usr/local/cuda-12/lib64:/usr/local/cuda-12/lib64:/usr/local/cuda-12/lib64 PYTHONPATH=/data/rl_deploy/install/robot_msgs/local/lib/python3.10/dist-packages:/data/rl_deploy/install/node_control_msgs/local/lib/python3.10/dist-packages:${PYTHONPATH} /usr/local/bin/cmake --install /data/rl_deploy/build/robot_state[0m
[3.589s] [34mcolcon.colcon_core.environment[0m [1;30mLevel 1[0m checking '/data/rl_deploy/install/robot_state' for CMake config files
[3.589s] [34mcolcon.colcon_core.shell[0m [1;30mLevel 1[0m create_environment_hook('robot_state', 'cmake_prefix_path')
[3.590s] [34mcolcon.colcon_core.shell[0m [1;30mINFO[0m Creating environment hook '/data/rl_deploy/install/robot_state/share/robot_state/hook/cmake_prefix_path.ps1'
[3.591s] [34mcolcon.colcon_core.shell[0m [1;30mINFO[0m Creating environment descriptor '/data/rl_deploy/install/robot_state/share/robot_state/hook/cmake_prefix_path.dsv'
[3.592s] [34mcolcon.colcon_core.shell[0m [1;30mINFO[0m Creating environment hook '/data/rl_deploy/install/robot_state/share/robot_state/hook/cmake_prefix_path.sh'
[3.593s] [34mcolcon.colcon_core.environment[0m [1;30mLevel 1[0m checking '/data/rl_deploy/install/robot_state/lib'
[3.593s] [34mcolcon.colcon_core.environment[0m [1;30mLevel 1[0m checking '/data/rl_deploy/install/robot_state/bin'
[3.593s] [34mcolcon.colcon_core.environment[0m [1;30mLevel 1[0m checking '/data/rl_deploy/install/robot_state/lib/pkgconfig/robot_state.pc'
[3.594s] [34mcolcon.colcon_core.environment[0m [1;30mLevel 1[0m checking '/data/rl_deploy/install/robot_state/lib/python3.10/site-packages'
[3.594s] [34mcolcon.colcon_core.environment[0m [1;30mLevel 1[0m checking '/data/rl_deploy/install/robot_state/bin'
[3.595s] [34mcolcon.colcon_core.shell[0m [1;30mINFO[0m Creating package script '/data/rl_deploy/install/robot_state/share/robot_state/package.ps1'
[3.596s] [34mcolcon.colcon_core.shell[0m [1;30mINFO[0m Creating package descriptor '/data/rl_deploy/install/robot_state/share/robot_state/package.dsv'
[3.597s] [34mcolcon.colcon_core.shell[0m [1;30mINFO[0m Creating package script '/data/rl_deploy/install/robot_state/share/robot_state/package.sh'
[3.598s] [34mcolcon.colcon_core.shell[0m [1;30mINFO[0m Creating package script '/data/rl_deploy/install/robot_state/share/robot_state/package.bash'
[3.599s] [34mcolcon.colcon_core.shell[0m [1;30mINFO[0m Creating package script '/data/rl_deploy/install/robot_state/share/robot_state/package.zsh'
[3.599s] [34mcolcon.colcon_core.environment[0m [1;30mLevel 1[0m create_file_with_runtime_dependencies(/data/rl_deploy/install/robot_state/share/colcon-core/packages/robot_state)
[3.601s] [34mcolcon.colcon_core.environment[0m [1;30mLevel 1[0m create_environment_scripts_only(robot_state)
[3.602s] [34mcolcon.colcon_core.environment[0m [1;30mLevel 1[0m checking '/data/rl_deploy/install/robot_state' for CMake module files
[3.603s] [34mcolcon.colcon_core.environment[0m [1;30mLevel 1[0m checking '/data/rl_deploy/install/robot_state' for CMake config files
[3.603s] [34mcolcon.colcon_core.shell[0m [1;30mLevel 1[0m create_environment_hook('robot_state', 'cmake_prefix_path')
[3.604s] [34mcolcon.colcon_core.shell[0m [1;30mINFO[0m Creating environment hook '/data/rl_deploy/install/robot_state/share/robot_state/hook/cmake_prefix_path.ps1'
[3.605s] [34mcolcon.colcon_core.shell[0m [1;30mINFO[0m Creating environment descriptor '/data/rl_deploy/install/robot_state/share/robot_state/hook/cmake_prefix_path.dsv'
[3.605s] [34mcolcon.colcon_core.shell[0m [1;30mINFO[0m Creating environment hook '/data/rl_deploy/install/robot_state/share/robot_state/hook/cmake_prefix_path.sh'
[3.606s] [34mcolcon.colcon_core.environment[0m [1;30mLevel 1[0m checking '/data/rl_deploy/install/robot_state/lib'
[3.607s] [34mcolcon.colcon_core.environment[0m [1;30mLevel 1[0m checking '/data/rl_deploy/install/robot_state/bin'
[3.607s] [34mcolcon.colcon_core.environment[0m [1;30mLevel 1[0m checking '/data/rl_deploy/install/robot_state/lib/pkgconfig/robot_state.pc'
[3.607s] [34mcolcon.colcon_core.environment[0m [1;30mLevel 1[0m checking '/data/rl_deploy/install/robot_state/lib/python3.10/site-packages'
[3.608s] [34mcolcon.colcon_core.environment[0m [1;30mLevel 1[0m checking '/data/rl_deploy/install/robot_state/bin'
[3.608s] [34mcolcon.colcon_core.shell[0m [1;30mINFO[0m Creating package script '/data/rl_deploy/install/robot_state/share/robot_state/package.ps1'
[3.609s] [34mcolcon.colcon_core.shell[0m [1;30mINFO[0m Creating package descriptor '/data/rl_deploy/install/robot_state/share/robot_state/package.dsv'
[3.610s] [34mcolcon.colcon_core.shell[0m [1;30mINFO[0m Creating package script '/data/rl_deploy/install/robot_state/share/robot_state/package.sh'
[3.611s] [34mcolcon.colcon_core.shell[0m [1;30mINFO[0m Creating package script '/data/rl_deploy/install/robot_state/share/robot_state/package.bash'
[3.612s] [34mcolcon.colcon_core.shell[0m [1;30mINFO[0m Creating package script '/data/rl_deploy/install/robot_state/share/robot_state/package.zsh'
[3.613s] [34mcolcon.colcon_core.environment[0m [1;30mLevel 1[0m create_file_with_runtime_dependencies(/data/rl_deploy/install/robot_state/share/colcon-core/packages/robot_state)
[3.976s] [34mcolcon.colcon_core.event_handler.log_command[0m [1;30mDEBUG[0m [32mInvoking command in '/data/rl_deploy/src/robot_rl_controller': AMENT_PREFIX_PATH=/data/rl_deploy/install/robot_msgs:/data/rl_deploy/install/node_app_msgs:/data/rl_deploy/install/node_control_msgs:${AMENT_PREFIX_PATH} CMAKE_PREFIX_PATH=/data/rl_deploy/install/robot_msgs:/data/rl_deploy/install/node_app_msgs:/data/rl_deploy/install/node_control_msgs LD_LIBRARY_PATH=/data/rl_deploy/install/robot_msgs/lib:/data/rl_deploy/install/node_app_msgs/lib:/data/rl_deploy/install/node_control_msgs/lib:/opt/ros/humble/lib/aarch64-linux-gnu:/opt/ros/humble/lib:/app/lib:/app/lib:/usr/local/cuda-12/lib64:/usr/local/cuda-12/lib64:/usr/local/cuda-12/lib64 PYTHONPATH=/data/rl_deploy/build/robot_rl_controller/prefix_override:/usr/lib/python3/dist-packages/colcon_core/task/python/colcon_distutils_commands:/data/rl_deploy/install/robot_rl_controller/lib/python3.10/site-packages:/data/rl_deploy/install/robot_msgs/local/lib/python3.10/dist-packages:/data/rl_deploy/install/node_app_msgs/local/lib/python3.10/dist-packages:/data/rl_deploy/install/node_control_msgs/local/lib/python3.10/dist-packages:${PYTHONPATH} /usr/bin/python3 -W ignore:setup.py install is deprecated -W ignore:easy_install command is deprecated setup.py egg_info --egg-base ../../build/robot_rl_controller build --build-base /data/rl_deploy/build/robot_rl_controller/build install --record /data/rl_deploy/build/robot_rl_controller/install.log --single-version-externally-managed install_data[0m
[4.525s] [34mcolcon.colcon_core.environment[0m [1;30mLevel 1[0m checking '/data/rl_deploy/install/robot_rl_controller' for CMake module files
[4.526s] [34mcolcon.colcon_core.event_handler.log_command[0m [1;30mDEBUG[0m [32mInvoked command in '/data/rl_deploy/src/robot_rl_controller' returned '0': AMENT_PREFIX_PATH=/data/rl_deploy/install/robot_msgs:/data/rl_deploy/install/node_app_msgs:/data/rl_deploy/install/node_control_msgs:${AMENT_PREFIX_PATH} CMAKE_PREFIX_PATH=/data/rl_deploy/install/robot_msgs:/data/rl_deploy/install/node_app_msgs:/data/rl_deploy/install/node_control_msgs LD_LIBRARY_PATH=/data/rl_deploy/install/robot_msgs/lib:/data/rl_deploy/install/node_app_msgs/lib:/data/rl_deploy/install/node_control_msgs/lib:/opt/ros/humble/lib/aarch64-linux-gnu:/opt/ros/humble/lib:/app/lib:/app/lib:/usr/local/cuda-12/lib64:/usr/local/cuda-12/lib64:/usr/local/cuda-12/lib64 PYTHONPATH=/data/rl_deploy/build/robot_rl_controller/prefix_override:/usr/lib/python3/dist-packages/colcon_core/task/python/colcon_distutils_commands:/data/rl_deploy/install/robot_rl_controller/lib/python3.10/site-packages:/data/rl_deploy/install/robot_msgs/local/lib/python3.10/dist-packages:/data/rl_deploy/install/node_app_msgs/local/lib/python3.10/dist-packages:/data/rl_deploy/install/node_control_msgs/local/lib/python3.10/dist-packages:${PYTHONPATH} /usr/bin/python3 -W ignore:setup.py install is deprecated -W ignore:easy_install command is deprecated setup.py egg_info --egg-base ../../build/robot_rl_controller build --build-base /data/rl_deploy/build/robot_rl_controller/build install --record /data/rl_deploy/build/robot_rl_controller/install.log --single-version-externally-managed install_data[0m
[4.527s] [34mcolcon.colcon_core.environment[0m [1;30mLevel 1[0m checking '/data/rl_deploy/install/robot_rl_controller' for CMake config files
[4.528s] [34mcolcon.colcon_core.environment[0m [1;30mLevel 1[0m checking '/data/rl_deploy/install/robot_rl_controller/lib'
[4.528s] [34mcolcon.colcon_core.environment[0m [1;30mLevel 1[0m checking '/data/rl_deploy/install/robot_rl_controller/bin'
[4.528s] [34mcolcon.colcon_core.environment[0m [1;30mLevel 1[0m checking '/data/rl_deploy/install/robot_rl_controller/lib/pkgconfig/robot_rl_controller.pc'
[4.529s] [34mcolcon.colcon_core.environment[0m [1;30mLevel 1[0m checking '/data/rl_deploy/install/robot_rl_controller/lib/python3.10/site-packages'
[4.529s] [34mcolcon.colcon_core.shell[0m [1;30mLevel 1[0m create_environment_hook('robot_rl_controller', 'pythonpath')
[4.529s] [34mcolcon.colcon_core.shell[0m [1;30mINFO[0m Creating environment hook '/data/rl_deploy/install/robot_rl_controller/share/robot_rl_controller/hook/pythonpath.ps1'
[4.530s] [34mcolcon.colcon_core.shell[0m [1;30mINFO[0m Creating environment descriptor '/data/rl_deploy/install/robot_rl_controller/share/robot_rl_controller/hook/pythonpath.dsv'
[4.531s] [34mcolcon.colcon_core.shell[0m [1;30mINFO[0m Creating environment hook '/data/rl_deploy/install/robot_rl_controller/share/robot_rl_controller/hook/pythonpath.sh'
[4.532s] [34mcolcon.colcon_core.environment[0m [1;30mLevel 1[0m checking '/data/rl_deploy/install/robot_rl_controller/bin'
[4.532s] [34mcolcon.colcon_core.environment[0m [1;30mLevel 1[0m create_environment_scripts_only(robot_rl_controller)
[4.533s] [34mcolcon.colcon_core.shell[0m [1;30mINFO[0m Creating package script '/data/rl_deploy/install/robot_rl_controller/share/robot_rl_controller/package.ps1'
[4.534s] [34mcolcon.colcon_core.shell[0m [1;30mINFO[0m Creating package descriptor '/data/rl_deploy/install/robot_rl_controller/share/robot_rl_controller/package.dsv'
[4.534s] [34mcolcon.colcon_core.shell[0m [1;30mINFO[0m Creating package script '/data/rl_deploy/install/robot_rl_controller/share/robot_rl_controller/package.sh'
[4.535s] [34mcolcon.colcon_core.shell[0m [1;30mINFO[0m Creating package script '/data/rl_deploy/install/robot_rl_controller/share/robot_rl_controller/package.bash'
[4.536s] [34mcolcon.colcon_core.shell[0m [1;30mINFO[0m Creating package script '/data/rl_deploy/install/robot_rl_controller/share/robot_rl_controller/package.zsh'
[4.537s] [34mcolcon.colcon_core.environment[0m [1;30mLevel 1[0m create_file_with_runtime_dependencies(/data/rl_deploy/install/robot_rl_controller/share/colcon-core/packages/robot_rl_controller)
[4.537s] [34mcolcon.colcon_parallel_executor.executor.parallel[0m [1;30mDEBUG[0m [32mclosing loop[0m
[4.538s] [34mcolcon.colcon_parallel_executor.executor.parallel[0m [1;30mDEBUG[0m [32mloop closed[0m
[4.538s] [34mcolcon.colcon_parallel_executor.executor.parallel[0m [1;30mDEBUG[0m [32mrun_until_complete finished with '0'[0m
[4.538s] [34mcolcon.colcon_core.event_reactor[0m [1;30mDEBUG[0m [32mjoining thread[0m
[4.548s] [34mcolcon.colcon_core.plugin_system[0m [1;30mINFO[0m Skipping extension 'colcon_notification.desktop_notification.terminal_notifier': Not used on non-Darwin systems
[4.548s] [34mcolcon.colcon_core.plugin_system[0m [1;30mINFO[0m Skipping extension 'colcon_notification.desktop_notification.win32': Not used on non-Windows systems
[4.548s] [34mcolcon.colcon_notification.desktop_notification[0m [1;30mINFO[0m Sending desktop notification using 'notify2'
[4.575s] [34mcolcon.colcon_notification.desktop_notification.notify2[0m [1;30mDEBUG[0m [32mFailed to initialize notify2: org.freedesktop.DBus.Error.Spawn.ChildExited: Process org.freedesktop.Notifications exited with status 1[0m
[4.576s] [34mcolcon.colcon_core.event_reactor[0m [1;30mDEBUG[0m [32mjoined thread[0m
[4.577s] [34mcolcon.colcon_core.shell[0m [1;30mINFO[0m Creating prefix script '/data/rl_deploy/install/local_setup.ps1'
[4.578s] [34mcolcon.colcon_core.shell[0m [1;30mINFO[0m Creating prefix util module '/data/rl_deploy/install/_local_setup_util_ps1.py'
[4.581s] [34mcolcon.colcon_core.shell[0m [1;30mINFO[0m Creating prefix chain script '/data/rl_deploy/install/setup.ps1'
[4.582s] [34mcolcon.colcon_core.shell[0m [1;30mINFO[0m Creating prefix script '/data/rl_deploy/install/local_setup.sh'
[4.583s] [34mcolcon.colcon_core.shell[0m [1;30mINFO[0m Creating prefix util module '/data/rl_deploy/install/_local_setup_util_sh.py'
[4.584s] [34mcolcon.colcon_core.shell[0m [1;30mINFO[0m Creating prefix chain script '/data/rl_deploy/install/setup.sh'
[4.586s] [34mcolcon.colcon_core.shell[0m [1;30mINFO[0m Creating prefix script '/data/rl_deploy/install/local_setup.bash'
[4.586s] [34mcolcon.colcon_core.shell[0m [1;30mINFO[0m Creating prefix chain script '/data/rl_deploy/install/setup.bash'
[4.588s] [34mcolcon.colcon_core.shell[0m [1;30mINFO[0m Creating prefix script '/data/rl_deploy/install/local_setup.zsh'
[4.589s] [34mcolcon.colcon_core.shell[0m [1;30mINFO[0m Creating prefix chain script '/data/rl_deploy/install/setup.zsh'
