[0.020s] Invoking command in '/data/rl_deploy/build/node_control_msgs': CMAKE_PREFIX_PATH=/opt/ros/humble /usr/local/bin/cmake /data/rl_deploy/src/node_control_msgs -DCMAKE_INSTALL_PREFIX=/data/rl_deploy/install/node_control_msgs
[0.189s] [0mCMake Deprecation Warning at CMakeLists.txt:1 (cmake_minimum_required):
[0.189s]   Compatibility with CMake < 3.10 will be removed from a future version of
[0.189s]   CMake.
[0.189s] 
[0.190s]   Update the VERSION argument <min> value.  Or, use the <min>...<max> syntax
[0.190s]   to tell CMake that the project requires at least <min> but has been updated
[0.190s]   to work with policies introduced by <max> or earlier.
[0.190s] 
[0.190s] [0m
[0.340s] -- The C compiler identification is GNU 11.4.0
[0.500s] -- The CXX compiler identification is GNU 11.4.0
[0.522s] -- Detecting C compiler ABI info
[0.636s] -- Detecting C compiler ABI info - done
[0.661s] -- Check for working C compiler: /usr/bin/cc - skipped
[0.662s] -- Detecting C compile features
[0.663s] -- Detecting C compile features - done
[0.688s] -- Detecting CXX compiler ABI info
[0.812s] -- Detecting CXX compiler ABI info - done
[0.838s] -- Check for working CXX compiler: /usr/bin/c++ - skipped
[0.838s] -- Detecting CXX compile features
[0.839s] -- Detecting CXX compile features - done
[0.861s] -- Found ament_cmake: 1.3.14 (/opt/ros/humble/share/ament_cmake/cmake)
[1.124s] -- Found Python3: /usr/bin/python3 (found version "3.10.12") found components: Interpreter
[1.308s] -- Found rosidl_default_generators: 1.2.1 (/opt/ros/humble/share/rosidl_default_generators/cmake)
[1.314s] -- Using all available rosidl_typesupport_c: rosidl_typesupport_fastrtps_c;rosidl_typesupport_introspection_c
[1.328s] -- Found rosidl_adapter: 3.1.8 (/opt/ros/humble/share/rosidl_adapter/cmake)
[1.425s] -- Using all available rosidl_typesupport_cpp: rosidl_typesupport_fastrtps_cpp;rosidl_typesupport_introspection_cpp
[1.524s] -- Found builtin_interfaces: 1.2.2 (/opt/ros/humble/share/builtin_interfaces/cmake)
[1.561s] -- Found std_msgs: 4.9.1 (/opt/ros/humble/share/std_msgs/cmake)
[2.521s] -- Found ament_cmake_ros: 0.10.0 (/opt/ros/humble/share/ament_cmake_ros/cmake)
[3.398s] -- Using all available rosidl_typesupport_c: rosidl_typesupport_fastrtps_c;rosidl_typesupport_introspection_c
[4.568s] -- Using all available rosidl_typesupport_cpp: rosidl_typesupport_fastrtps_cpp;rosidl_typesupport_introspection_cpp
[4.573s] [33mCMake Warning (dev) at /opt/ros/humble/share/rosidl_generator_py/cmake/rosidl_generator_py_generate_interfaces.cmake:20 (find_package):
[4.573s]   Policy CMP0148 is not set: The FindPythonInterp and FindPythonLibs modules
[4.573s]   are removed.  Run "cmake --help-policy CMP0148" for policy details.  Use
[4.573s]   the cmake_policy command to set the policy and suppress this warning.
[4.573s] 
[4.573s] Call Stack (most recent call first):
[4.573s]   /opt/ros/humble/share/ament_cmake_core/cmake/core/ament_execute_extensions.cmake:48 (include)
[4.573s]   /opt/ros/humble/share/rosidl_cmake/cmake/rosidl_generate_interfaces.cmake:286 (ament_execute_extensions)
[4.574s]   CMakeLists.txt:14 (rosidl_generate_interfaces)
[4.574s] This warning is for project developers.  Use -Wno-dev to suppress it.
[4.574s] [0m
[4.612s] -- Found PythonInterp: /usr/bin/python3 (found suitable version "3.10.12", minimum required is "3.6")
[4.615s] -- Found python_cmake_module: 0.10.0 (/opt/ros/humble/share/python_cmake_module/cmake)
[4.616s] [33mCMake Warning (dev) at /opt/ros/humble/share/python_cmake_module/cmake/Modules/FindPythonExtra.cmake:52 (find_package):
[4.616s]   Policy CMP0148 is not set: The FindPythonInterp and FindPythonLibs modules
[4.616s]   are removed.  Run "cmake --help-policy CMP0148" for policy details.  Use
[4.616s]   the cmake_policy command to set the policy and suppress this warning.
[4.617s] 
[4.617s] Call Stack (most recent call first):
[4.617s]   /opt/ros/humble/share/rosidl_generator_py/cmake/rosidl_generator_py_generate_interfaces.cmake:23 (find_package)
[4.617s]   /opt/ros/humble/share/ament_cmake_core/cmake/core/ament_execute_extensions.cmake:48 (include)
[4.617s]   /opt/ros/humble/share/rosidl_cmake/cmake/rosidl_generate_interfaces.cmake:286 (ament_execute_extensions)
[4.617s]   CMakeLists.txt:14 (rosidl_generate_interfaces)
[4.617s] This warning is for project developers.  Use -Wno-dev to suppress it.
[4.617s] [0m
[4.655s] [33mCMake Warning (dev) at /opt/ros/humble/share/python_cmake_module/cmake/Modules/FindPythonExtra.cmake:140 (find_package):
[4.655s]   Policy CMP0148 is not set: The FindPythonInterp and FindPythonLibs modules
[4.655s]   are removed.  Run "cmake --help-policy CMP0148" for policy details.  Use
[4.655s]   the cmake_policy command to set the policy and suppress this warning.
[4.655s] 
[4.655s] Call Stack (most recent call first):
[4.656s]   /opt/ros/humble/share/rosidl_generator_py/cmake/rosidl_generator_py_generate_interfaces.cmake:23 (find_package)
[4.656s]   /opt/ros/humble/share/ament_cmake_core/cmake/core/ament_execute_extensions.cmake:48 (include)
[4.656s]   /opt/ros/humble/share/rosidl_cmake/cmake/rosidl_generate_interfaces.cmake:286 (ament_execute_extensions)
[4.656s]   CMakeLists.txt:14 (rosidl_generate_interfaces)
[4.656s] This warning is for project developers.  Use -Wno-dev to suppress it.
[4.656s] [0m
[4.669s] -- Found PythonLibs: /usr/lib/aarch64-linux-gnu/libpython3.10.so (found suitable version "3.10.12", minimum required is "3.5")
[4.669s] -- Using PYTHON_EXECUTABLE: /usr/bin/python3
[4.669s] -- Using PYTHON_INCLUDE_DIRS: /usr/include/python3.10
[4.669s] -- Using PYTHON_LIBRARIES: /usr/lib/aarch64-linux-gnu/libpython3.10.so
[4.709s] -- Found PythonExtra: .so
[5.037s] -- Using numpy include directory: /usr/local/lib/python3.10/dist-packages/numpy/core/include
[5.363s] -- Found ament_lint_auto: 0.12.15 (/opt/ros/humble/share/ament_lint_auto/cmake)
[5.396s] -- Added test 'lint_cmake' to check CMake code style
[5.399s] -- Added test 'xmllint' to check XML markup files
[5.406s] -- Configuring done (5.2s)
[5.533s] -- Generating done (0.1s)
[5.570s] -- Build files have been written to: /data/rl_deploy/build/node_control_msgs
[5.589s] Invoked command in '/data/rl_deploy/build/node_control_msgs' returned '0': CMAKE_PREFIX_PATH=/opt/ros/humble /usr/local/bin/cmake /data/rl_deploy/src/node_control_msgs -DCMAKE_INSTALL_PREFIX=/data/rl_deploy/install/node_control_msgs
[5.591s] Invoking command in '/data/rl_deploy/build/node_control_msgs': CMAKE_PREFIX_PATH=/opt/ros/humble /usr/local/bin/cmake --build /data/rl_deploy/build/node_control_msgs -- -j8 -l8
[5.836s] [  1%] [1m[34mGenerating C code for ROS interfaces[0m
[5.843s] [  2%] [1m[34mGenerating Rust code for ROS interfaces[0m
[5.900s] [  2%] [1m[34mGenerating C++ code for ROS interfaces[0m
[5.948s] [  2%] Built target ament_cmake_python_copy_node_control_msgs
[6.756s] running egg_info
[6.759s] creating node_control_msgs.egg-info
[6.759s] writing node_control_msgs.egg-info/PKG-INFO
[6.760s] writing dependency_links to node_control_msgs.egg-info/dependency_links.txt
[6.760s] writing top-level names to node_control_msgs.egg-info/top_level.txt
[6.761s] writing manifest file 'node_control_msgs.egg-info/SOURCES.txt'
[6.767s] reading manifest file 'node_control_msgs.egg-info/SOURCES.txt'
[6.769s] writing manifest file 'node_control_msgs.egg-info/SOURCES.txt'
[6.854s] [  2%] Built target ament_cmake_python_build_node_control_msgs_egg
[7.328s] [  2%] Built target node_control_msgs__rs
[8.676s] [  2%] Built target node_control_msgs__cpp
[8.695s] [  3%] [1m[34mGenerating C++ type support for eProsima Fast-RTPS[0m
[8.712s] [  4%] [1m[34mGenerating C++ introspection for ROS interfaces[0m
[8.726s] [  5%] [1m[34mGenerating C++ type support dispatch for ROS interfaces[0m
[9.453s] [  6%] [32mBuilding C object CMakeFiles/node_control_msgs__rosidl_generator_c.dir/rosidl_generator_c/node_control_msgs/msg/detail/motor_command__functions.c.o[0m
[9.455s] [  7%] [32mBuilding C object CMakeFiles/node_control_msgs__rosidl_generator_c.dir/rosidl_generator_c/node_control_msgs/msg/detail/motor_command_feedback__functions.c.o[0m
[9.472s] [  8%] [32mBuilding C object CMakeFiles/node_control_msgs__rosidl_generator_c.dir/rosidl_generator_c/node_control_msgs/msg/detail/motor_config__functions.c.o[0m
[9.649s] [  9%] [32mBuilding C object CMakeFiles/node_control_msgs__rosidl_generator_c.dir/rosidl_generator_c/node_control_msgs/msg/detail/motor_control__functions.c.o[0m
[9.659s] [ 10%] [32mBuilding C object CMakeFiles/node_control_msgs__rosidl_generator_c.dir/rosidl_generator_c/node_control_msgs/msg/detail/motor_config_dev__functions.c.o[0m
[9.698s] [ 10%] [32mBuilding C object CMakeFiles/node_control_msgs__rosidl_generator_c.dir/rosidl_generator_c/node_control_msgs/msg/detail/motor_health__functions.c.o[0m
[9.707s] [ 11%] [32mBuilding C object CMakeFiles/node_control_msgs__rosidl_generator_c.dir/rosidl_generator_c/node_control_msgs/msg/detail/motor_feedback__functions.c.o[0m
[9.795s] [ 12%] [32mBuilding C object CMakeFiles/node_control_msgs__rosidl_generator_c.dir/rosidl_generator_c/node_control_msgs/msg/detail/motor_health_state__functions.c.o[0m
[9.826s] [ 13%] [32mBuilding C object CMakeFiles/node_control_msgs__rosidl_generator_c.dir/rosidl_generator_c/node_control_msgs/msg/detail/motor_info__functions.c.o[0m
[9.872s] [ 14%] [32mBuilding C object CMakeFiles/node_control_msgs__rosidl_generator_c.dir/rosidl_generator_c/node_control_msgs/msg/detail/motor_info_value__functions.c.o[0m
[9.960s] [ 15%] [32mBuilding C object CMakeFiles/node_control_msgs__rosidl_generator_c.dir/rosidl_generator_c/node_control_msgs/srv/detail/motor_config_status__functions.c.o[0m
[10.104s] [ 16%] [1m[32mLinking C shared library libnode_control_msgs__rosidl_generator_c.so[0m
[10.176s] [ 16%] Built target node_control_msgs__rosidl_generator_c
[10.192s] [ 17%] [1m[34mGenerating C introspection for ROS interfaces[0m
[10.192s] [ 18%] [1m[34mGenerating C type support for eProsima Fast-RTPS[0m
[10.540s] [ 19%] [32mBuilding CXX object CMakeFiles/node_control_msgs__rosidl_typesupport_cpp.dir/rosidl_typesupport_cpp/node_control_msgs/msg/motor_command_feedback__type_support.cpp.o[0m
[10.552s] [ 20%] [32mBuilding CXX object CMakeFiles/node_control_msgs__rosidl_typesupport_cpp.dir/rosidl_typesupport_cpp/node_control_msgs/msg/motor_command__type_support.cpp.o[0m
[10.553s] [ 21%] [32mBuilding CXX object CMakeFiles/node_control_msgs__rosidl_typesupport_cpp.dir/rosidl_typesupport_cpp/node_control_msgs/msg/motor_config__type_support.cpp.o[0m
[11.135s] [ 21%] [32mBuilding CXX object CMakeFiles/node_control_msgs__rosidl_typesupport_cpp.dir/rosidl_typesupport_cpp/node_control_msgs/msg/motor_config_dev__type_support.cpp.o[0m
[11.233s] [ 22%] [32mBuilding CXX object CMakeFiles/node_control_msgs__rosidl_typesupport_fastrtps_cpp.dir/rosidl_typesupport_fastrtps_cpp/node_control_msgs/msg/detail/dds_fastrtps/motor_command_feedback__type_support.cpp.o[0m
[11.414s] [ 23%] [32mBuilding CXX object CMakeFiles/node_control_msgs__rosidl_typesupport_cpp.dir/rosidl_typesupport_cpp/node_control_msgs/msg/motor_control__type_support.cpp.o[0m
[11.645s] [ 24%] [32mBuilding CXX object CMakeFiles/node_control_msgs__rosidl_typesupport_cpp.dir/rosidl_typesupport_cpp/node_control_msgs/msg/motor_feedback__type_support.cpp.o[0m
[12.159s] [ 25%] [32mBuilding CXX object CMakeFiles/node_control_msgs__rosidl_typesupport_cpp.dir/rosidl_typesupport_cpp/node_control_msgs/msg/motor_health__type_support.cpp.o[0m
[12.248s] [ 26%] [32mBuilding CXX object CMakeFiles/node_control_msgs__rosidl_typesupport_fastrtps_cpp.dir/rosidl_typesupport_fastrtps_cpp/node_control_msgs/msg/detail/dds_fastrtps/motor_command__type_support.cpp.o[0m
[12.367s] [ 27%] [32mBuilding CXX object CMakeFiles/node_control_msgs__rosidl_typesupport_cpp.dir/rosidl_typesupport_cpp/node_control_msgs/msg/motor_health_state__type_support.cpp.o[0m
[12.526s] [ 28%] [32mBuilding CXX object CMakeFiles/node_control_msgs__rosidl_typesupport_cpp.dir/rosidl_typesupport_cpp/node_control_msgs/msg/motor_info__type_support.cpp.o[0m
[12.667s] [ 28%] [32mBuilding C object CMakeFiles/node_control_msgs__rosidl_typesupport_introspection_c.dir/rosidl_typesupport_introspection_c/node_control_msgs/msg/detail/motor_command_feedback__type_support.c.o[0m
[12.750s] [ 29%] [32mBuilding C object CMakeFiles/node_control_msgs__rosidl_typesupport_introspection_c.dir/rosidl_typesupport_introspection_c/node_control_msgs/msg/detail/motor_command__type_support.c.o[0m
[12.821s] [ 30%] [32mBuilding C object CMakeFiles/node_control_msgs__rosidl_typesupport_introspection_c.dir/rosidl_typesupport_introspection_c/node_control_msgs/msg/detail/motor_config__type_support.c.o[0m
[12.842s] [ 31%] [32mBuilding C object CMakeFiles/node_control_msgs__rosidl_typesupport_introspection_c.dir/rosidl_typesupport_introspection_c/node_control_msgs/msg/detail/motor_config_dev__type_support.c.o[0m
[12.905s] [ 32%] [32mBuilding C object CMakeFiles/node_control_msgs__rosidl_typesupport_introspection_c.dir/rosidl_typesupport_introspection_c/node_control_msgs/msg/detail/motor_control__type_support.c.o[0m
[12.973s] [ 33%] [32mBuilding C object CMakeFiles/node_control_msgs__rosidl_typesupport_introspection_c.dir/rosidl_typesupport_introspection_c/node_control_msgs/msg/detail/motor_feedback__type_support.c.o[0m
[12.977s] [ 34%] [32mBuilding C object CMakeFiles/node_control_msgs__rosidl_typesupport_introspection_c.dir/rosidl_typesupport_introspection_c/node_control_msgs/msg/detail/motor_health__type_support.c.o[0m
[13.060s] [ 34%] [32mBuilding CXX object CMakeFiles/node_control_msgs__rosidl_typesupport_fastrtps_c.dir/rosidl_typesupport_fastrtps_c/node_control_msgs/msg/detail/motor_command_feedback__type_support_c.cpp.o[0m
[13.079s] [ 35%] [32mBuilding CXX object CMakeFiles/node_control_msgs__rosidl_typesupport_cpp.dir/rosidl_typesupport_cpp/node_control_msgs/msg/motor_info_value__type_support.cpp.o[0m
[13.087s] [ 36%] [32mBuilding C object CMakeFiles/node_control_msgs__rosidl_typesupport_introspection_c.dir/rosidl_typesupport_introspection_c/node_control_msgs/msg/detail/motor_health_state__type_support.c.o[0m
[13.095s] [ 37%] [32mBuilding CXX object CMakeFiles/node_control_msgs__rosidl_typesupport_fastrtps_c.dir/rosidl_typesupport_fastrtps_c/node_control_msgs/msg/detail/motor_command__type_support_c.cpp.o[0m
[13.211s] [ 38%] [32mBuilding C object CMakeFiles/node_control_msgs__rosidl_typesupport_introspection_c.dir/rosidl_typesupport_introspection_c/node_control_msgs/msg/detail/motor_info__type_support.c.o[0m
[13.295s] [ 39%] [32mBuilding CXX object CMakeFiles/node_control_msgs__rosidl_typesupport_fastrtps_cpp.dir/rosidl_typesupport_fastrtps_cpp/node_control_msgs/msg/detail/dds_fastrtps/motor_config__type_support.cpp.o[0m
[13.359s] [ 40%] [32mBuilding CXX object CMakeFiles/node_control_msgs__rosidl_typesupport_cpp.dir/rosidl_typesupport_cpp/node_control_msgs/srv/motor_config_status__type_support.cpp.o[0m
[13.365s] [ 40%] [32mBuilding C object CMakeFiles/node_control_msgs__rosidl_typesupport_introspection_c.dir/rosidl_typesupport_introspection_c/node_control_msgs/msg/detail/motor_info_value__type_support.c.o[0m
[13.513s] [ 41%] [32mBuilding C object CMakeFiles/node_control_msgs__rosidl_typesupport_introspection_c.dir/rosidl_typesupport_introspection_c/node_control_msgs/srv/detail/motor_config_status__type_support.c.o[0m
[13.685s] [ 42%] [1m[32mLinking C shared library libnode_control_msgs__rosidl_typesupport_introspection_c.so[0m
[13.751s] [ 42%] Built target node_control_msgs__rosidl_typesupport_introspection_c
[13.763s] [ 43%] [32mBuilding CXX object CMakeFiles/node_control_msgs__rosidl_typesupport_fastrtps_c.dir/rosidl_typesupport_fastrtps_c/node_control_msgs/msg/detail/motor_config__type_support_c.cpp.o[0m
[13.763s] [ 44%] [1m[34mGenerating C type support dispatch for ROS interfaces[0m
[13.791s] [ 45%] [32mBuilding CXX object CMakeFiles/node_control_msgs__rosidl_typesupport_fastrtps_c.dir/rosidl_typesupport_fastrtps_c/node_control_msgs/msg/detail/motor_config_dev__type_support_c.cpp.o[0m
[13.834s] [ 46%] [32mBuilding CXX object CMakeFiles/node_control_msgs__rosidl_typesupport_fastrtps_c.dir/rosidl_typesupport_fastrtps_c/node_control_msgs/msg/detail/motor_control__type_support_c.cpp.o[0m
[14.126s] [ 47%] [1m[32mLinking CXX shared library libnode_control_msgs__rosidl_typesupport_cpp.so[0m
[14.214s] [ 47%] Built target node_control_msgs__rosidl_typesupport_cpp
[14.281s] [ 47%] [32mBuilding CXX object CMakeFiles/node_control_msgs__rosidl_typesupport_fastrtps_cpp.dir/rosidl_typesupport_fastrtps_cpp/node_control_msgs/msg/detail/dds_fastrtps/motor_config_dev__type_support.cpp.o[0m
[14.710s] [ 48%] [32mBuilding CXX object CMakeFiles/node_control_msgs__rosidl_typesupport_fastrtps_c.dir/rosidl_typesupport_fastrtps_c/node_control_msgs/msg/detail/motor_health_state__type_support_c.cpp.o[0m
[15.152s] [ 49%] [32mBuilding CXX object CMakeFiles/node_control_msgs__rosidl_typesupport_fastrtps_cpp.dir/rosidl_typesupport_fastrtps_cpp/node_control_msgs/msg/detail/dds_fastrtps/motor_control__type_support.cpp.o[0m
[15.344s] [ 49%] [32mBuilding CXX object CMakeFiles/node_control_msgs__rosidl_typesupport_c.dir/rosidl_typesupport_c/node_control_msgs/msg/motor_command_feedback__type_support.cpp.o[0m
[15.373s] [ 50%] [32mBuilding CXX object CMakeFiles/node_control_msgs__rosidl_typesupport_fastrtps_c.dir/rosidl_typesupport_fastrtps_c/node_control_msgs/msg/detail/motor_info__type_support_c.cpp.o[0m
[15.398s] [ 51%] [32mBuilding CXX object CMakeFiles/node_control_msgs__rosidl_typesupport_c.dir/rosidl_typesupport_c/node_control_msgs/msg/motor_command__type_support.cpp.o[0m
[15.450s] [ 52%] [32mBuilding CXX object CMakeFiles/node_control_msgs__rosidl_typesupport_c.dir/rosidl_typesupport_c/node_control_msgs/msg/motor_config__type_support.cpp.o[0m
[15.505s] [ 53%] [32mBuilding CXX object CMakeFiles/node_control_msgs__rosidl_typesupport_c.dir/rosidl_typesupport_c/node_control_msgs/msg/motor_config_dev__type_support.cpp.o[0m
[15.555s] [ 54%] [32mBuilding CXX object CMakeFiles/node_control_msgs__rosidl_typesupport_c.dir/rosidl_typesupport_c/node_control_msgs/msg/motor_control__type_support.cpp.o[0m
[15.620s] [ 55%] [32mBuilding CXX object CMakeFiles/node_control_msgs__rosidl_typesupport_c.dir/rosidl_typesupport_c/node_control_msgs/msg/motor_feedback__type_support.cpp.o[0m
[15.670s] [ 56%] [32mBuilding CXX object CMakeFiles/node_control_msgs__rosidl_typesupport_c.dir/rosidl_typesupport_c/node_control_msgs/msg/motor_health__type_support.cpp.o[0m
[15.725s] [ 57%] [32mBuilding CXX object CMakeFiles/node_control_msgs__rosidl_typesupport_c.dir/rosidl_typesupport_c/node_control_msgs/msg/motor_health_state__type_support.cpp.o[0m
[15.776s] [ 58%] [32mBuilding CXX object CMakeFiles/node_control_msgs__rosidl_typesupport_c.dir/rosidl_typesupport_c/node_control_msgs/msg/motor_info__type_support.cpp.o[0m
[15.837s] [ 58%] [32mBuilding CXX object CMakeFiles/node_control_msgs__rosidl_typesupport_c.dir/rosidl_typesupport_c/node_control_msgs/msg/motor_info_value__type_support.cpp.o[0m
[15.887s] [ 59%] [32mBuilding CXX object CMakeFiles/node_control_msgs__rosidl_typesupport_c.dir/rosidl_typesupport_c/node_control_msgs/srv/motor_config_status__type_support.cpp.o[0m
[15.941s] [ 60%] [1m[32mLinking CXX shared library libnode_control_msgs__rosidl_typesupport_c.so[0m
[15.970s] [ 61%] [32mBuilding CXX object CMakeFiles/node_control_msgs__rosidl_typesupport_fastrtps_c.dir/rosidl_typesupport_fastrtps_c/node_control_msgs/msg/detail/motor_health__type_support_c.cpp.o[0m
[16.005s] [ 61%] Built target node_control_msgs__rosidl_typesupport_c
[16.069s] [ 62%] [32mBuilding CXX object CMakeFiles/node_control_msgs__rosidl_typesupport_fastrtps_cpp.dir/rosidl_typesupport_fastrtps_cpp/node_control_msgs/msg/detail/dds_fastrtps/motor_feedback__type_support.cpp.o[0m
[16.552s] [ 63%] [32mBuilding CXX object CMakeFiles/node_control_msgs__rosidl_typesupport_fastrtps_c.dir/rosidl_typesupport_fastrtps_c/node_control_msgs/srv/detail/motor_config_status__type_support_c.cpp.o[0m
[16.877s] [ 64%] [32mBuilding CXX object CMakeFiles/node_control_msgs__rosidl_typesupport_fastrtps_cpp.dir/rosidl_typesupport_fastrtps_cpp/node_control_msgs/msg/detail/dds_fastrtps/motor_health__type_support.cpp.o[0m
[17.216s] [ 65%] [32mBuilding CXX object CMakeFiles/node_control_msgs__rosidl_typesupport_introspection_cpp.dir/rosidl_typesupport_introspection_cpp/node_control_msgs/msg/detail/motor_command_feedback__type_support.cpp.o[0m
[17.248s] [ 65%] [32mBuilding CXX object CMakeFiles/node_control_msgs__rosidl_typesupport_fastrtps_c.dir/rosidl_typesupport_fastrtps_c/node_control_msgs/msg/detail/motor_info_value__type_support_c.cpp.o[0m
[17.768s] [ 66%] [32mBuilding CXX object CMakeFiles/node_control_msgs__rosidl_typesupport_fastrtps_cpp.dir/rosidl_typesupport_fastrtps_cpp/node_control_msgs/msg/detail/dds_fastrtps/motor_info_value__type_support.cpp.o[0m
[18.058s] [ 67%] [32mBuilding CXX object CMakeFiles/node_control_msgs__rosidl_typesupport_fastrtps_c.dir/rosidl_typesupport_fastrtps_c/node_control_msgs/msg/detail/motor_feedback__type_support_c.cpp.o[0m
[18.065s] [ 68%] [32mBuilding CXX object CMakeFiles/node_control_msgs__rosidl_typesupport_introspection_cpp.dir/rosidl_typesupport_introspection_cpp/node_control_msgs/msg/detail/motor_config__type_support.cpp.o[0m
[18.453s] [ 69%] [32mBuilding CXX object CMakeFiles/node_control_msgs__rosidl_typesupport_fastrtps_cpp.dir/rosidl_typesupport_fastrtps_cpp/node_control_msgs/srv/detail/dds_fastrtps/motor_config_status__type_support.cpp.o[0m
[18.692s] [ 70%] [1m[32mLinking CXX shared library libnode_control_msgs__rosidl_typesupport_fastrtps_c.so[0m
[18.813s] [ 70%] Built target node_control_msgs__rosidl_typesupport_fastrtps_c
[18.997s] [ 71%] [32mBuilding CXX object CMakeFiles/node_control_msgs__rosidl_typesupport_introspection_cpp.dir/rosidl_typesupport_introspection_cpp/node_control_msgs/msg/detail/motor_feedback__type_support.cpp.o[0m
[19.389s] [ 72%] [32mBuilding CXX object CMakeFiles/node_control_msgs__rosidl_typesupport_fastrtps_cpp.dir/rosidl_typesupport_fastrtps_cpp/node_control_msgs/msg/detail/dds_fastrtps/motor_info__type_support.cpp.o[0m
[19.876s] [ 73%] [32mBuilding CXX object CMakeFiles/node_control_msgs__rosidl_typesupport_introspection_cpp.dir/rosidl_typesupport_introspection_cpp/node_control_msgs/msg/detail/motor_health_state__type_support.cpp.o[0m
[20.146s] [ 74%] [32mBuilding CXX object CMakeFiles/node_control_msgs__rosidl_typesupport_fastrtps_cpp.dir/rosidl_typesupport_fastrtps_cpp/node_control_msgs/msg/detail/dds_fastrtps/motor_health_state__type_support.cpp.o[0m
[20.652s] [ 75%] [32mBuilding CXX object CMakeFiles/node_control_msgs__rosidl_typesupport_introspection_cpp.dir/rosidl_typesupport_introspection_cpp/node_control_msgs/msg/detail/motor_info_value__type_support.cpp.o[0m
[20.819s] [ 76%] [1m[32mLinking CXX shared library libnode_control_msgs__rosidl_typesupport_fastrtps_cpp.so[0m
[20.942s] [ 76%] Built target node_control_msgs__rosidl_typesupport_fastrtps_cpp
[21.433s] [ 77%] [32mBuilding CXX object CMakeFiles/node_control_msgs__rosidl_typesupport_introspection_cpp.dir/rosidl_typesupport_introspection_cpp/node_control_msgs/srv/detail/motor_config_status__type_support.cpp.o[0m
[22.129s] [ 78%] [32mBuilding CXX object CMakeFiles/node_control_msgs__rosidl_typesupport_introspection_cpp.dir/rosidl_typesupport_introspection_cpp/node_control_msgs/msg/detail/motor_info__type_support.cpp.o[0m
[23.010s] [ 79%] [32mBuilding CXX object CMakeFiles/node_control_msgs__rosidl_typesupport_introspection_cpp.dir/rosidl_typesupport_introspection_cpp/node_control_msgs/msg/detail/motor_health__type_support.cpp.o[0m
[23.925s] [ 80%] [32mBuilding CXX object CMakeFiles/node_control_msgs__rosidl_typesupport_introspection_cpp.dir/rosidl_typesupport_introspection_cpp/node_control_msgs/msg/detail/motor_control__type_support.cpp.o[0m
[24.743s] [ 80%] [32mBuilding CXX object CMakeFiles/node_control_msgs__rosidl_typesupport_introspection_cpp.dir/rosidl_typesupport_introspection_cpp/node_control_msgs/msg/detail/motor_config_dev__type_support.cpp.o[0m
[25.386s] [ 81%] [32mBuilding CXX object CMakeFiles/node_control_msgs__rosidl_typesupport_introspection_cpp.dir/rosidl_typesupport_introspection_cpp/node_control_msgs/msg/detail/motor_command__type_support.cpp.o[0m
[26.231s] [ 82%] [1m[32mLinking CXX shared library libnode_control_msgs__rosidl_typesupport_introspection_cpp.so[0m
[26.354s] [ 82%] Built target node_control_msgs__rosidl_typesupport_introspection_cpp
[26.373s] [ 82%] Built target node_control_msgs
[26.395s] [ 83%] [1m[34mGenerating Python code for ROS interfaces[0m
[29.654s] [ 83%] Built target node_control_msgs__py
[29.674s] [ 84%] [32mBuilding C object CMakeFiles/node_control_msgs__rosidl_generator_py.dir/rosidl_generator_py/node_control_msgs/msg/_motor_command_feedback_s.c.o[0m
[29.844s] [ 85%] [32mBuilding C object CMakeFiles/node_control_msgs__rosidl_generator_py.dir/rosidl_generator_py/node_control_msgs/msg/_motor_health_state_s.c.o[0m
[30.041s] [ 86%] [32mBuilding C object CMakeFiles/node_control_msgs__rosidl_generator_py.dir/rosidl_generator_py/node_control_msgs/msg/_motor_info_s.c.o[0m
[30.214s] [ 87%] [32mBuilding C object CMakeFiles/node_control_msgs__rosidl_generator_py.dir/rosidl_generator_py/node_control_msgs/msg/_motor_info_value_s.c.o[0m
[30.414s] [ 88%] [32mBuilding C object CMakeFiles/node_control_msgs__rosidl_generator_py.dir/rosidl_generator_py/node_control_msgs/srv/_motor_config_status_s.c.o[0m
[30.631s] [ 89%] [32mBuilding C object CMakeFiles/node_control_msgs__rosidl_generator_py.dir/rosidl_generator_py/node_control_msgs/msg/_motor_health_s.c.o[0m
[30.820s] [ 90%] [32mBuilding C object CMakeFiles/node_control_msgs__rosidl_generator_py.dir/rosidl_generator_py/node_control_msgs/msg/_motor_feedback_s.c.o[0m
[30.984s] [ 91%] [32mBuilding C object CMakeFiles/node_control_msgs__rosidl_generator_py.dir/rosidl_generator_py/node_control_msgs/msg/_motor_control_s.c.o[0m
[31.192s] [ 91%] [32mBuilding C object CMakeFiles/node_control_msgs__rosidl_generator_py.dir/rosidl_generator_py/node_control_msgs/msg/_motor_config_dev_s.c.o[0m
[31.373s] [ 92%] [32mBuilding C object CMakeFiles/node_control_msgs__rosidl_generator_py.dir/rosidl_generator_py/node_control_msgs/msg/_motor_config_s.c.o[0m
[31.576s] [ 93%] [32mBuilding C object CMakeFiles/node_control_msgs__rosidl_generator_py.dir/rosidl_generator_py/node_control_msgs/msg/_motor_command_s.c.o[0m
[31.781s] [ 94%] [1m[32mLinking C shared library rosidl_generator_py/node_control_msgs/libnode_control_msgs__rosidl_generator_py.so[0m
[36.153s] [ 94%] Built target node_control_msgs__rosidl_generator_py
[36.178s] [ 95%] [32mBuilding C object CMakeFiles/node_control_msgs__rosidl_typesupport_fastrtps_c__pyext.dir/rosidl_generator_py/node_control_msgs/_node_control_msgs_s.ep.rosidl_typesupport_fastrtps_c.c.o[0m
[36.444s] [ 96%] [1m[32mLinking C shared library rosidl_generator_py/node_control_msgs/node_control_msgs_s__rosidl_typesupport_fastrtps_c.cpython-310-aarch64-linux-gnu.so[0m
[36.499s] [ 96%] Built target node_control_msgs__rosidl_typesupport_fastrtps_c__pyext
[36.520s] [ 97%] [32mBuilding C object CMakeFiles/node_control_msgs__rosidl_typesupport_c__pyext.dir/rosidl_generator_py/node_control_msgs/_node_control_msgs_s.ep.rosidl_typesupport_c.c.o[0m
[36.784s] [ 98%] [1m[32mLinking C shared library rosidl_generator_py/node_control_msgs/node_control_msgs_s__rosidl_typesupport_c.cpython-310-aarch64-linux-gnu.so[0m
[36.837s] [ 98%] Built target node_control_msgs__rosidl_typesupport_c__pyext
[36.856s] [ 99%] [32mBuilding C object CMakeFiles/node_control_msgs__rosidl_typesupport_introspection_c__pyext.dir/rosidl_generator_py/node_control_msgs/_node_control_msgs_s.ep.rosidl_typesupport_introspection_c.c.o[0m
[37.098s] [100%] [1m[32mLinking C shared library rosidl_generator_py/node_control_msgs/node_control_msgs_s__rosidl_typesupport_introspection_c.cpython-310-aarch64-linux-gnu.so[0m
[37.151s] [100%] Built target node_control_msgs__rosidl_typesupport_introspection_c__pyext
[37.166s] Invoked command in '/data/rl_deploy/build/node_control_msgs' returned '0': CMAKE_PREFIX_PATH=/opt/ros/humble /usr/local/bin/cmake --build /data/rl_deploy/build/node_control_msgs -- -j8 -l8
[37.169s] Invoking command in '/data/rl_deploy/build/node_control_msgs': CMAKE_PREFIX_PATH=/opt/ros/humble /usr/local/bin/cmake --install /data/rl_deploy/build/node_control_msgs
[37.301s] -- Install configuration: ""
[37.302s] -- Installing: /data/rl_deploy/install/node_control_msgs/share/ament_index/resource_index/rosidl_interfaces/node_control_msgs
[37.302s] -- Installing: /data/rl_deploy/install/node_control_msgs/include/node_control_msgs/node_control_msgs
[37.302s] -- Installing: /data/rl_deploy/install/node_control_msgs/include/node_control_msgs/node_control_msgs/srv
[37.303s] -- Installing: /data/rl_deploy/install/node_control_msgs/include/node_control_msgs/node_control_msgs/srv/motor_config_status.h
[37.303s] -- Installing: /data/rl_deploy/install/node_control_msgs/include/node_control_msgs/node_control_msgs/srv/detail
[37.303s] -- Installing: /data/rl_deploy/install/node_control_msgs/include/node_control_msgs/node_control_msgs/srv/detail/motor_config_status__functions.h
[37.303s] -- Installing: /data/rl_deploy/install/node_control_msgs/include/node_control_msgs/node_control_msgs/srv/detail/motor_config_status__struct.h
[37.303s] -- Installing: /data/rl_deploy/install/node_control_msgs/include/node_control_msgs/node_control_msgs/srv/detail/motor_config_status__functions.c
[37.304s] -- Installing: /data/rl_deploy/install/node_control_msgs/include/node_control_msgs/node_control_msgs/srv/detail/motor_config_status__type_support.h
[37.304s] -- Installing: /data/rl_deploy/install/node_control_msgs/include/node_control_msgs/node_control_msgs/msg
[37.304s] -- Installing: /data/rl_deploy/install/node_control_msgs/include/node_control_msgs/node_control_msgs/msg/motor_health.h
[37.304s] -- Installing: /data/rl_deploy/install/node_control_msgs/include/node_control_msgs/node_control_msgs/msg/motor_config_dev.h
[37.304s] -- Installing: /data/rl_deploy/install/node_control_msgs/include/node_control_msgs/node_control_msgs/msg/motor_feedback.h
[37.305s] -- Installing: /data/rl_deploy/install/node_control_msgs/include/node_control_msgs/node_control_msgs/msg/motor_health_state.h
[37.305s] -- Installing: /data/rl_deploy/install/node_control_msgs/include/node_control_msgs/node_control_msgs/msg/motor_config.h
[37.305s] -- Installing: /data/rl_deploy/install/node_control_msgs/include/node_control_msgs/node_control_msgs/msg/motor_info_value.h
[37.305s] -- Installing: /data/rl_deploy/install/node_control_msgs/include/node_control_msgs/node_control_msgs/msg/motor_control.h
[37.305s] -- Installing: /data/rl_deploy/install/node_control_msgs/include/node_control_msgs/node_control_msgs/msg/detail
[37.306s] -- Installing: /data/rl_deploy/install/node_control_msgs/include/node_control_msgs/node_control_msgs/msg/detail/motor_command__type_support.h
[37.306s] -- Installing: /data/rl_deploy/install/node_control_msgs/include/node_control_msgs/node_control_msgs/msg/detail/motor_health_state__struct.h
[37.306s] -- Installing: /data/rl_deploy/install/node_control_msgs/include/node_control_msgs/node_control_msgs/msg/detail/motor_config_dev__functions.h
[37.306s] -- Installing: /data/rl_deploy/install/node_control_msgs/include/node_control_msgs/node_control_msgs/msg/detail/motor_command__functions.h
[37.307s] -- Installing: /data/rl_deploy/install/node_control_msgs/include/node_control_msgs/node_control_msgs/msg/detail/motor_command__struct.h
[37.307s] -- Installing: /data/rl_deploy/install/node_control_msgs/include/node_control_msgs/node_control_msgs/msg/detail/motor_info__functions.c
[37.307s] -- Installing: /data/rl_deploy/install/node_control_msgs/include/node_control_msgs/node_control_msgs/msg/detail/motor_info__functions.h
[37.307s] -- Installing: /data/rl_deploy/install/node_control_msgs/include/node_control_msgs/node_control_msgs/msg/detail/motor_info_value__functions.h
[37.308s] -- Installing: /data/rl_deploy/install/node_control_msgs/include/node_control_msgs/node_control_msgs/msg/detail/motor_info__struct.h
[37.308s] -- Installing: /data/rl_deploy/install/node_control_msgs/include/node_control_msgs/node_control_msgs/msg/detail/motor_feedback__type_support.h
[37.308s] -- Installing: /data/rl_deploy/install/node_control_msgs/include/node_control_msgs/node_control_msgs/msg/detail/motor_control__type_support.h
[37.309s] -- Installing: /data/rl_deploy/install/node_control_msgs/include/node_control_msgs/node_control_msgs/msg/detail/motor_health_state__functions.c
[37.309s] -- Installing: /data/rl_deploy/install/node_control_msgs/include/node_control_msgs/node_control_msgs/msg/detail/motor_config_dev__type_support.h
[37.309s] -- Installing: /data/rl_deploy/install/node_control_msgs/include/node_control_msgs/node_control_msgs/msg/detail/motor_info_value__struct.h
[37.309s] -- Installing: /data/rl_deploy/install/node_control_msgs/include/node_control_msgs/node_control_msgs/msg/detail/motor_control__functions.h
[37.310s] -- Installing: /data/rl_deploy/install/node_control_msgs/include/node_control_msgs/node_control_msgs/msg/detail/motor_command_feedback__functions.c
[37.310s] -- Installing: /data/rl_deploy/install/node_control_msgs/include/node_control_msgs/node_control_msgs/msg/detail/motor_feedback__functions.c
[37.310s] -- Installing: /data/rl_deploy/install/node_control_msgs/include/node_control_msgs/node_control_msgs/msg/detail/motor_config_dev__struct.h
[37.310s] -- Installing: /data/rl_deploy/install/node_control_msgs/include/node_control_msgs/node_control_msgs/msg/detail/motor_config__functions.h
[37.311s] -- Installing: /data/rl_deploy/install/node_control_msgs/include/node_control_msgs/node_control_msgs/msg/detail/motor_health__functions.h
[37.311s] -- Installing: /data/rl_deploy/install/node_control_msgs/include/node_control_msgs/node_control_msgs/msg/detail/motor_health_state__type_support.h
[37.311s] -- Installing: /data/rl_deploy/install/node_control_msgs/include/node_control_msgs/node_control_msgs/msg/detail/motor_feedback__functions.h
[37.311s] -- Installing: /data/rl_deploy/install/node_control_msgs/include/node_control_msgs/node_control_msgs/msg/detail/motor_info__type_support.h
[37.311s] -- Installing: /data/rl_deploy/install/node_control_msgs/include/node_control_msgs/node_control_msgs/msg/detail/motor_info_value__functions.c
[37.311s] -- Installing: /data/rl_deploy/install/node_control_msgs/include/node_control_msgs/node_control_msgs/msg/detail/motor_command_feedback__struct.h
[37.312s] -- Installing: /data/rl_deploy/install/node_control_msgs/include/node_control_msgs/node_control_msgs/msg/detail/motor_command_feedback__functions.h
[37.312s] -- Installing: /data/rl_deploy/install/node_control_msgs/include/node_control_msgs/node_control_msgs/msg/detail/motor_info_value__type_support.h
[37.312s] -- Installing: /data/rl_deploy/install/node_control_msgs/include/node_control_msgs/node_control_msgs/msg/detail/motor_health__struct.h
[37.313s] -- Installing: /data/rl_deploy/install/node_control_msgs/include/node_control_msgs/node_control_msgs/msg/detail/motor_config_dev__functions.c
[37.313s] -- Installing: /data/rl_deploy/install/node_control_msgs/include/node_control_msgs/node_control_msgs/msg/detail/motor_config__functions.c
[37.313s] -- Installing: /data/rl_deploy/install/node_control_msgs/include/node_control_msgs/node_control_msgs/msg/detail/motor_command_feedback__type_support.h
[37.313s] -- Installing: /data/rl_deploy/install/node_control_msgs/include/node_control_msgs/node_control_msgs/msg/detail/motor_health_state__functions.h
[37.313s] -- Installing: /data/rl_deploy/install/node_control_msgs/include/node_control_msgs/node_control_msgs/msg/detail/motor_health__functions.c
[37.314s] -- Installing: /data/rl_deploy/install/node_control_msgs/include/node_control_msgs/node_control_msgs/msg/detail/motor_health__type_support.h
[37.314s] -- Installing: /data/rl_deploy/install/node_control_msgs/include/node_control_msgs/node_control_msgs/msg/detail/motor_feedback__struct.h
[37.314s] -- Installing: /data/rl_deploy/install/node_control_msgs/include/node_control_msgs/node_control_msgs/msg/detail/motor_control__struct.h
[37.314s] -- Installing: /data/rl_deploy/install/node_control_msgs/include/node_control_msgs/node_control_msgs/msg/detail/motor_control__functions.c
[37.314s] -- Installing: /data/rl_deploy/install/node_control_msgs/include/node_control_msgs/node_control_msgs/msg/detail/motor_config__type_support.h
[37.315s] -- Installing: /data/rl_deploy/install/node_control_msgs/include/node_control_msgs/node_control_msgs/msg/detail/motor_command__functions.c
[37.315s] -- Installing: /data/rl_deploy/install/node_control_msgs/include/node_control_msgs/node_control_msgs/msg/detail/motor_config__struct.h
[37.315s] -- Installing: /data/rl_deploy/install/node_control_msgs/include/node_control_msgs/node_control_msgs/msg/rosidl_generator_c__visibility_control.h
[37.316s] -- Installing: /data/rl_deploy/install/node_control_msgs/include/node_control_msgs/node_control_msgs/msg/motor_command_feedback.h
[37.316s] -- Installing: /data/rl_deploy/install/node_control_msgs/include/node_control_msgs/node_control_msgs/msg/motor_info.h
[37.316s] -- Installing: /data/rl_deploy/install/node_control_msgs/include/node_control_msgs/node_control_msgs/msg/motor_command.h
[37.316s] -- Installing: /data/rl_deploy/install/node_control_msgs/share/node_control_msgs/environment/library_path.sh
[37.317s] -- Installing: /data/rl_deploy/install/node_control_msgs/share/node_control_msgs/environment/library_path.dsv
[37.317s] -- Installing: /data/rl_deploy/install/node_control_msgs/lib/libnode_control_msgs__rosidl_generator_c.so
[37.318s] -- Set non-toolchain portion of runtime path of "/data/rl_deploy/install/node_control_msgs/lib/libnode_control_msgs__rosidl_generator_c.so" to ""
[37.318s] -- Up-to-date: /data/rl_deploy/install/node_control_msgs/include/node_control_msgs/node_control_msgs
[37.318s] -- Up-to-date: /data/rl_deploy/install/node_control_msgs/include/node_control_msgs/node_control_msgs/srv
[37.318s] -- Up-to-date: /data/rl_deploy/install/node_control_msgs/include/node_control_msgs/node_control_msgs/srv/detail
[37.319s] -- Installing: /data/rl_deploy/install/node_control_msgs/include/node_control_msgs/node_control_msgs/srv/detail/motor_config_status__rosidl_typesupport_fastrtps_c.h
[37.319s] -- Up-to-date: /data/rl_deploy/install/node_control_msgs/include/node_control_msgs/node_control_msgs/msg
[37.319s] -- Up-to-date: /data/rl_deploy/install/node_control_msgs/include/node_control_msgs/node_control_msgs/msg/detail
[37.319s] -- Installing: /data/rl_deploy/install/node_control_msgs/include/node_control_msgs/node_control_msgs/msg/detail/motor_info__rosidl_typesupport_fastrtps_c.h
[37.319s] -- Installing: /data/rl_deploy/install/node_control_msgs/include/node_control_msgs/node_control_msgs/msg/detail/motor_config_dev__rosidl_typesupport_fastrtps_c.h
[37.319s] -- Installing: /data/rl_deploy/install/node_control_msgs/include/node_control_msgs/node_control_msgs/msg/detail/motor_health__rosidl_typesupport_fastrtps_c.h
[37.319s] -- Installing: /data/rl_deploy/install/node_control_msgs/include/node_control_msgs/node_control_msgs/msg/detail/motor_control__rosidl_typesupport_fastrtps_c.h
[37.320s] -- Installing: /data/rl_deploy/install/node_control_msgs/include/node_control_msgs/node_control_msgs/msg/detail/motor_info_value__rosidl_typesupport_fastrtps_c.h
[37.320s] -- Installing: /data/rl_deploy/install/node_control_msgs/include/node_control_msgs/node_control_msgs/msg/detail/motor_feedback__rosidl_typesupport_fastrtps_c.h
[37.320s] -- Installing: /data/rl_deploy/install/node_control_msgs/include/node_control_msgs/node_control_msgs/msg/detail/motor_config__rosidl_typesupport_fastrtps_c.h
[37.320s] -- Installing: /data/rl_deploy/install/node_control_msgs/include/node_control_msgs/node_control_msgs/msg/detail/motor_health_state__rosidl_typesupport_fastrtps_c.h
[37.320s] -- Installing: /data/rl_deploy/install/node_control_msgs/include/node_control_msgs/node_control_msgs/msg/detail/motor_command_feedback__rosidl_typesupport_fastrtps_c.h
[37.321s] -- Installing: /data/rl_deploy/install/node_control_msgs/include/node_control_msgs/node_control_msgs/msg/detail/motor_command__rosidl_typesupport_fastrtps_c.h
[37.321s] -- Installing: /data/rl_deploy/install/node_control_msgs/include/node_control_msgs/node_control_msgs/msg/rosidl_typesupport_fastrtps_c__visibility_control.h
[37.321s] -- Installing: /data/rl_deploy/install/node_control_msgs/lib/libnode_control_msgs__rosidl_typesupport_fastrtps_c.so
[37.322s] -- Set non-toolchain portion of runtime path of "/data/rl_deploy/install/node_control_msgs/lib/libnode_control_msgs__rosidl_typesupport_fastrtps_c.so" to ""
[37.322s] -- Up-to-date: /data/rl_deploy/install/node_control_msgs/include/node_control_msgs/node_control_msgs
[37.322s] -- Up-to-date: /data/rl_deploy/install/node_control_msgs/include/node_control_msgs/node_control_msgs/srv
[37.323s] -- Up-to-date: /data/rl_deploy/install/node_control_msgs/include/node_control_msgs/node_control_msgs/srv/detail
[37.323s] -- Installing: /data/rl_deploy/install/node_control_msgs/include/node_control_msgs/node_control_msgs/srv/detail/motor_config_status__type_support.c
[37.323s] -- Installing: /data/rl_deploy/install/node_control_msgs/include/node_control_msgs/node_control_msgs/srv/detail/motor_config_status__rosidl_typesupport_introspection_c.h
[37.323s] -- Up-to-date: /data/rl_deploy/install/node_control_msgs/include/node_control_msgs/node_control_msgs/msg
[37.323s] -- Up-to-date: /data/rl_deploy/install/node_control_msgs/include/node_control_msgs/node_control_msgs/msg/detail
[37.323s] -- Installing: /data/rl_deploy/install/node_control_msgs/include/node_control_msgs/node_control_msgs/msg/detail/motor_config_dev__rosidl_typesupport_introspection_c.h
[37.323s] -- Installing: /data/rl_deploy/install/node_control_msgs/include/node_control_msgs/node_control_msgs/msg/detail/motor_health__rosidl_typesupport_introspection_c.h
[37.324s] -- Installing: /data/rl_deploy/install/node_control_msgs/include/node_control_msgs/node_control_msgs/msg/detail/motor_info_value__type_support.c
[37.324s] -- Installing: /data/rl_deploy/install/node_control_msgs/include/node_control_msgs/node_control_msgs/msg/detail/motor_info__type_support.c
[37.324s] -- Installing: /data/rl_deploy/install/node_control_msgs/include/node_control_msgs/node_control_msgs/msg/detail/motor_control__type_support.c
[37.324s] -- Installing: /data/rl_deploy/install/node_control_msgs/include/node_control_msgs/node_control_msgs/msg/detail/motor_config__type_support.c
[37.324s] -- Installing: /data/rl_deploy/install/node_control_msgs/include/node_control_msgs/node_control_msgs/msg/detail/motor_command__type_support.c
[37.325s] -- Installing: /data/rl_deploy/install/node_control_msgs/include/node_control_msgs/node_control_msgs/msg/detail/motor_health__type_support.c
[37.325s] -- Installing: /data/rl_deploy/install/node_control_msgs/include/node_control_msgs/node_control_msgs/msg/detail/motor_info_value__rosidl_typesupport_introspection_c.h
[37.325s] -- Installing: /data/rl_deploy/install/node_control_msgs/include/node_control_msgs/node_control_msgs/msg/detail/motor_command_feedback__type_support.c
[37.325s] -- Installing: /data/rl_deploy/install/node_control_msgs/include/node_control_msgs/node_control_msgs/msg/detail/motor_config__rosidl_typesupport_introspection_c.h
[37.326s] -- Installing: /data/rl_deploy/install/node_control_msgs/include/node_control_msgs/node_control_msgs/msg/detail/motor_command_feedback__rosidl_typesupport_introspection_c.h
[37.326s] -- Installing: /data/rl_deploy/install/node_control_msgs/include/node_control_msgs/node_control_msgs/msg/detail/motor_command__rosidl_typesupport_introspection_c.h
[37.326s] -- Installing: /data/rl_deploy/install/node_control_msgs/include/node_control_msgs/node_control_msgs/msg/detail/motor_health_state__rosidl_typesupport_introspection_c.h
[37.326s] -- Installing: /data/rl_deploy/install/node_control_msgs/include/node_control_msgs/node_control_msgs/msg/detail/motor_info__rosidl_typesupport_introspection_c.h
[37.327s] -- Installing: /data/rl_deploy/install/node_control_msgs/include/node_control_msgs/node_control_msgs/msg/detail/motor_feedback__type_support.c
[37.327s] -- Installing: /data/rl_deploy/install/node_control_msgs/include/node_control_msgs/node_control_msgs/msg/detail/motor_control__rosidl_typesupport_introspection_c.h
[37.327s] -- Installing: /data/rl_deploy/install/node_control_msgs/include/node_control_msgs/node_control_msgs/msg/detail/motor_config_dev__type_support.c
[37.327s] -- Installing: /data/rl_deploy/install/node_control_msgs/include/node_control_msgs/node_control_msgs/msg/detail/motor_health_state__type_support.c
[37.327s] -- Installing: /data/rl_deploy/install/node_control_msgs/include/node_control_msgs/node_control_msgs/msg/detail/motor_feedback__rosidl_typesupport_introspection_c.h
[37.328s] -- Installing: /data/rl_deploy/install/node_control_msgs/include/node_control_msgs/node_control_msgs/msg/rosidl_typesupport_introspection_c__visibility_control.h
[37.328s] -- Installing: /data/rl_deploy/install/node_control_msgs/lib/libnode_control_msgs__rosidl_typesupport_introspection_c.so
[37.329s] -- Set non-toolchain portion of runtime path of "/data/rl_deploy/install/node_control_msgs/lib/libnode_control_msgs__rosidl_typesupport_introspection_c.so" to ""
[37.329s] -- Installing: /data/rl_deploy/install/node_control_msgs/lib/libnode_control_msgs__rosidl_typesupport_c.so
[37.330s] -- Set non-toolchain portion of runtime path of "/data/rl_deploy/install/node_control_msgs/lib/libnode_control_msgs__rosidl_typesupport_c.so" to ""
[37.330s] -- Up-to-date: /data/rl_deploy/install/node_control_msgs/include/node_control_msgs/node_control_msgs
[37.330s] -- Up-to-date: /data/rl_deploy/install/node_control_msgs/include/node_control_msgs/node_control_msgs/srv
[37.330s] -- Installing: /data/rl_deploy/install/node_control_msgs/include/node_control_msgs/node_control_msgs/srv/motor_config_status.hpp
[37.330s] -- Up-to-date: /data/rl_deploy/install/node_control_msgs/include/node_control_msgs/node_control_msgs/srv/detail
[37.330s] -- Installing: /data/rl_deploy/install/node_control_msgs/include/node_control_msgs/node_control_msgs/srv/detail/motor_config_status__struct.hpp
[37.331s] -- Installing: /data/rl_deploy/install/node_control_msgs/include/node_control_msgs/node_control_msgs/srv/detail/motor_config_status__builder.hpp
[37.331s] -- Installing: /data/rl_deploy/install/node_control_msgs/include/node_control_msgs/node_control_msgs/srv/detail/motor_config_status__traits.hpp
[37.331s] -- Installing: /data/rl_deploy/install/node_control_msgs/include/node_control_msgs/node_control_msgs/srv/detail/motor_config_status__type_support.hpp
[37.331s] -- Up-to-date: /data/rl_deploy/install/node_control_msgs/include/node_control_msgs/node_control_msgs/msg
[37.331s] -- Installing: /data/rl_deploy/install/node_control_msgs/include/node_control_msgs/node_control_msgs/msg/motor_info_value.hpp
[37.332s] -- Installing: /data/rl_deploy/install/node_control_msgs/include/node_control_msgs/node_control_msgs/msg/motor_config_dev.hpp
[37.332s] -- Installing: /data/rl_deploy/install/node_control_msgs/include/node_control_msgs/node_control_msgs/msg/motor_feedback.hpp
[37.332s] -- Installing: /data/rl_deploy/install/node_control_msgs/include/node_control_msgs/node_control_msgs/msg/motor_config.hpp
[37.332s] -- Installing: /data/rl_deploy/install/node_control_msgs/include/node_control_msgs/node_control_msgs/msg/motor_info.hpp
[37.332s] -- Up-to-date: /data/rl_deploy/install/node_control_msgs/include/node_control_msgs/node_control_msgs/msg/detail
[37.332s] -- Installing: /data/rl_deploy/install/node_control_msgs/include/node_control_msgs/node_control_msgs/msg/detail/motor_command__builder.hpp
[37.333s] -- Installing: /data/rl_deploy/install/node_control_msgs/include/node_control_msgs/node_control_msgs/msg/detail/motor_config_dev__struct.hpp
[37.333s] -- Installing: /data/rl_deploy/install/node_control_msgs/include/node_control_msgs/node_control_msgs/msg/detail/motor_config__type_support.hpp
[37.333s] -- Installing: /data/rl_deploy/install/node_control_msgs/include/node_control_msgs/node_control_msgs/msg/detail/motor_health__type_support.hpp
[37.333s] -- Installing: /data/rl_deploy/install/node_control_msgs/include/node_control_msgs/node_control_msgs/msg/detail/motor_feedback__type_support.hpp
[37.334s] -- Installing: /data/rl_deploy/install/node_control_msgs/include/node_control_msgs/node_control_msgs/msg/detail/motor_info__type_support.hpp
[37.334s] -- Installing: /data/rl_deploy/install/node_control_msgs/include/node_control_msgs/node_control_msgs/msg/detail/motor_config_dev__traits.hpp
[37.334s] -- Installing: /data/rl_deploy/install/node_control_msgs/include/node_control_msgs/node_control_msgs/msg/detail/motor_info__traits.hpp
[37.334s] -- Installing: /data/rl_deploy/install/node_control_msgs/include/node_control_msgs/node_control_msgs/msg/detail/motor_health_state__traits.hpp
[37.335s] -- Installing: /data/rl_deploy/install/node_control_msgs/include/node_control_msgs/node_control_msgs/msg/detail/motor_info_value__builder.hpp
[37.335s] -- Installing: /data/rl_deploy/install/node_control_msgs/include/node_control_msgs/node_control_msgs/msg/detail/motor_config__struct.hpp
[37.335s] -- Installing: /data/rl_deploy/install/node_control_msgs/include/node_control_msgs/node_control_msgs/msg/detail/motor_info_value__traits.hpp
[37.335s] -- Installing: /data/rl_deploy/install/node_control_msgs/include/node_control_msgs/node_control_msgs/msg/detail/motor_command__struct.hpp
[37.336s] -- Installing: /data/rl_deploy/install/node_control_msgs/include/node_control_msgs/node_control_msgs/msg/detail/motor_health__traits.hpp
[37.336s] -- Installing: /data/rl_deploy/install/node_control_msgs/include/node_control_msgs/node_control_msgs/msg/detail/motor_health__builder.hpp
[37.336s] -- Installing: /data/rl_deploy/install/node_control_msgs/include/node_control_msgs/node_control_msgs/msg/detail/motor_command_feedback__traits.hpp
[37.336s] -- Installing: /data/rl_deploy/install/node_control_msgs/include/node_control_msgs/node_control_msgs/msg/detail/motor_config__builder.hpp
[37.336s] -- Installing: /data/rl_deploy/install/node_control_msgs/include/node_control_msgs/node_control_msgs/msg/detail/motor_config__traits.hpp
[37.337s] -- Installing: /data/rl_deploy/install/node_control_msgs/include/node_control_msgs/node_control_msgs/msg/detail/motor_feedback__traits.hpp
[37.337s] -- Installing: /data/rl_deploy/install/node_control_msgs/include/node_control_msgs/node_control_msgs/msg/detail/motor_command_feedback__builder.hpp
[37.337s] -- Installing: /data/rl_deploy/install/node_control_msgs/include/node_control_msgs/node_control_msgs/msg/detail/motor_info_value__struct.hpp
[37.337s] -- Installing: /data/rl_deploy/install/node_control_msgs/include/node_control_msgs/node_control_msgs/msg/detail/motor_config_dev__builder.hpp
[37.338s] -- Installing: /data/rl_deploy/install/node_control_msgs/include/node_control_msgs/node_control_msgs/msg/detail/motor_health__struct.hpp
[37.338s] -- Installing: /data/rl_deploy/install/node_control_msgs/include/node_control_msgs/node_control_msgs/msg/detail/motor_command_feedback__type_support.hpp
[37.338s] -- Installing: /data/rl_deploy/install/node_control_msgs/include/node_control_msgs/node_control_msgs/msg/detail/motor_command__type_support.hpp
[37.338s] -- Installing: /data/rl_deploy/install/node_control_msgs/include/node_control_msgs/node_control_msgs/msg/detail/motor_control__type_support.hpp
[37.338s] -- Installing: /data/rl_deploy/install/node_control_msgs/include/node_control_msgs/node_control_msgs/msg/detail/motor_feedback__struct.hpp
[37.339s] -- Installing: /data/rl_deploy/install/node_control_msgs/include/node_control_msgs/node_control_msgs/msg/detail/motor_health_state__struct.hpp
[37.339s] -- Installing: /data/rl_deploy/install/node_control_msgs/include/node_control_msgs/node_control_msgs/msg/detail/motor_control__struct.hpp
[37.339s] -- Installing: /data/rl_deploy/install/node_control_msgs/include/node_control_msgs/node_control_msgs/msg/detail/motor_health_state__builder.hpp
[37.340s] -- Installing: /data/rl_deploy/install/node_control_msgs/include/node_control_msgs/node_control_msgs/msg/detail/motor_info_value__type_support.hpp
[37.340s] -- Installing: /data/rl_deploy/install/node_control_msgs/include/node_control_msgs/node_control_msgs/msg/detail/motor_info__builder.hpp
[37.340s] -- Installing: /data/rl_deploy/install/node_control_msgs/include/node_control_msgs/node_control_msgs/msg/detail/motor_info__struct.hpp
[37.340s] -- Installing: /data/rl_deploy/install/node_control_msgs/include/node_control_msgs/node_control_msgs/msg/detail/motor_control__traits.hpp
[37.340s] -- Installing: /data/rl_deploy/install/node_control_msgs/include/node_control_msgs/node_control_msgs/msg/detail/motor_command__traits.hpp
[37.341s] -- Installing: /data/rl_deploy/install/node_control_msgs/include/node_control_msgs/node_control_msgs/msg/detail/motor_control__builder.hpp
[37.341s] -- Installing: /data/rl_deploy/install/node_control_msgs/include/node_control_msgs/node_control_msgs/msg/detail/motor_config_dev__type_support.hpp
[37.341s] -- Installing: /data/rl_deploy/install/node_control_msgs/include/node_control_msgs/node_control_msgs/msg/detail/motor_command_feedback__struct.hpp
[37.341s] -- Installing: /data/rl_deploy/install/node_control_msgs/include/node_control_msgs/node_control_msgs/msg/detail/motor_health_state__type_support.hpp
[37.342s] -- Installing: /data/rl_deploy/install/node_control_msgs/include/node_control_msgs/node_control_msgs/msg/detail/motor_feedback__builder.hpp
[37.342s] -- Installing: /data/rl_deploy/install/node_control_msgs/include/node_control_msgs/node_control_msgs/msg/motor_health.hpp
[37.342s] -- Installing: /data/rl_deploy/install/node_control_msgs/include/node_control_msgs/node_control_msgs/msg/rosidl_generator_cpp__visibility_control.hpp
[37.342s] -- Installing: /data/rl_deploy/install/node_control_msgs/include/node_control_msgs/node_control_msgs/msg/motor_health_state.hpp
[37.343s] -- Installing: /data/rl_deploy/install/node_control_msgs/include/node_control_msgs/node_control_msgs/msg/motor_command_feedback.hpp
[37.343s] -- Installing: /data/rl_deploy/install/node_control_msgs/include/node_control_msgs/node_control_msgs/msg/motor_control.hpp
[37.343s] -- Installing: /data/rl_deploy/install/node_control_msgs/include/node_control_msgs/node_control_msgs/msg/motor_command.hpp
[37.343s] -- Up-to-date: /data/rl_deploy/install/node_control_msgs/include/node_control_msgs/node_control_msgs
[37.344s] -- Up-to-date: /data/rl_deploy/install/node_control_msgs/include/node_control_msgs/node_control_msgs/srv
[37.344s] -- Up-to-date: /data/rl_deploy/install/node_control_msgs/include/node_control_msgs/node_control_msgs/srv/detail
[37.344s] -- Installing: /data/rl_deploy/install/node_control_msgs/include/node_control_msgs/node_control_msgs/srv/detail/motor_config_status__rosidl_typesupport_fastrtps_cpp.hpp
[37.344s] -- Installing: /data/rl_deploy/install/node_control_msgs/include/node_control_msgs/node_control_msgs/srv/detail/dds_fastrtps
[37.344s] -- Up-to-date: /data/rl_deploy/install/node_control_msgs/include/node_control_msgs/node_control_msgs/msg
[37.345s] -- Installing: /data/rl_deploy/install/node_control_msgs/include/node_control_msgs/node_control_msgs/msg/rosidl_typesupport_fastrtps_cpp__visibility_control.h
[37.345s] -- Up-to-date: /data/rl_deploy/install/node_control_msgs/include/node_control_msgs/node_control_msgs/msg/detail
[37.345s] -- Installing: /data/rl_deploy/install/node_control_msgs/include/node_control_msgs/node_control_msgs/msg/detail/motor_health_state__rosidl_typesupport_fastrtps_cpp.hpp
[37.345s] -- Installing: /data/rl_deploy/install/node_control_msgs/include/node_control_msgs/node_control_msgs/msg/detail/motor_feedback__rosidl_typesupport_fastrtps_cpp.hpp
[37.345s] -- Installing: /data/rl_deploy/install/node_control_msgs/include/node_control_msgs/node_control_msgs/msg/detail/dds_fastrtps
[37.345s] -- Installing: /data/rl_deploy/install/node_control_msgs/include/node_control_msgs/node_control_msgs/msg/detail/motor_health__rosidl_typesupport_fastrtps_cpp.hpp
[37.345s] -- Installing: /data/rl_deploy/install/node_control_msgs/include/node_control_msgs/node_control_msgs/msg/detail/motor_command_feedback__rosidl_typesupport_fastrtps_cpp.hpp
[37.346s] -- Installing: /data/rl_deploy/install/node_control_msgs/include/node_control_msgs/node_control_msgs/msg/detail/motor_control__rosidl_typesupport_fastrtps_cpp.hpp
[37.346s] -- Installing: /data/rl_deploy/install/node_control_msgs/include/node_control_msgs/node_control_msgs/msg/detail/motor_config_dev__rosidl_typesupport_fastrtps_cpp.hpp
[37.346s] -- Installing: /data/rl_deploy/install/node_control_msgs/include/node_control_msgs/node_control_msgs/msg/detail/motor_info_value__rosidl_typesupport_fastrtps_cpp.hpp
[37.346s] -- Installing: /data/rl_deploy/install/node_control_msgs/include/node_control_msgs/node_control_msgs/msg/detail/motor_config__rosidl_typesupport_fastrtps_cpp.hpp
[37.347s] -- Installing: /data/rl_deploy/install/node_control_msgs/include/node_control_msgs/node_control_msgs/msg/detail/motor_info__rosidl_typesupport_fastrtps_cpp.hpp
[37.347s] -- Installing: /data/rl_deploy/install/node_control_msgs/include/node_control_msgs/node_control_msgs/msg/detail/motor_command__rosidl_typesupport_fastrtps_cpp.hpp
[37.347s] -- Installing: /data/rl_deploy/install/node_control_msgs/lib/libnode_control_msgs__rosidl_typesupport_fastrtps_cpp.so
[37.348s] -- Set non-toolchain portion of runtime path of "/data/rl_deploy/install/node_control_msgs/lib/libnode_control_msgs__rosidl_typesupport_fastrtps_cpp.so" to ""
[37.348s] -- Up-to-date: /data/rl_deploy/install/node_control_msgs/include/node_control_msgs/node_control_msgs
[37.349s] -- Up-to-date: /data/rl_deploy/install/node_control_msgs/include/node_control_msgs/node_control_msgs/srv
[37.349s] -- Up-to-date: /data/rl_deploy/install/node_control_msgs/include/node_control_msgs/node_control_msgs/srv/detail
[37.349s] -- Installing: /data/rl_deploy/install/node_control_msgs/include/node_control_msgs/node_control_msgs/srv/detail/motor_config_status__rosidl_typesupport_introspection_cpp.hpp
[37.349s] -- Installing: /data/rl_deploy/install/node_control_msgs/include/node_control_msgs/node_control_msgs/srv/detail/motor_config_status__type_support.cpp
[37.349s] -- Up-to-date: /data/rl_deploy/install/node_control_msgs/include/node_control_msgs/node_control_msgs/msg
[37.349s] -- Up-to-date: /data/rl_deploy/install/node_control_msgs/include/node_control_msgs/node_control_msgs/msg/detail
[37.350s] -- Installing: /data/rl_deploy/install/node_control_msgs/include/node_control_msgs/node_control_msgs/msg/detail/motor_config__type_support.cpp
[37.350s] -- Installing: /data/rl_deploy/install/node_control_msgs/include/node_control_msgs/node_control_msgs/msg/detail/motor_feedback__type_support.cpp
[37.350s] -- Installing: /data/rl_deploy/install/node_control_msgs/include/node_control_msgs/node_control_msgs/msg/detail/motor_info__type_support.cpp
[37.351s] -- Installing: /data/rl_deploy/install/node_control_msgs/include/node_control_msgs/node_control_msgs/msg/detail/motor_health__rosidl_typesupport_introspection_cpp.hpp
[37.351s] -- Installing: /data/rl_deploy/install/node_control_msgs/include/node_control_msgs/node_control_msgs/msg/detail/motor_config_dev__type_support.cpp
[37.351s] -- Installing: /data/rl_deploy/install/node_control_msgs/include/node_control_msgs/node_control_msgs/msg/detail/motor_command__rosidl_typesupport_introspection_cpp.hpp
[37.351s] -- Installing: /data/rl_deploy/install/node_control_msgs/include/node_control_msgs/node_control_msgs/msg/detail/motor_info_value__type_support.cpp
[37.351s] -- Installing: /data/rl_deploy/install/node_control_msgs/include/node_control_msgs/node_control_msgs/msg/detail/motor_health_state__rosidl_typesupport_introspection_cpp.hpp
[37.351s] -- Installing: /data/rl_deploy/install/node_control_msgs/include/node_control_msgs/node_control_msgs/msg/detail/motor_feedback__rosidl_typesupport_introspection_cpp.hpp
[37.351s] -- Installing: /data/rl_deploy/install/node_control_msgs/include/node_control_msgs/node_control_msgs/msg/detail/motor_control__rosidl_typesupport_introspection_cpp.hpp
[37.352s] -- Installing: /data/rl_deploy/install/node_control_msgs/include/node_control_msgs/node_control_msgs/msg/detail/motor_info_value__rosidl_typesupport_introspection_cpp.hpp
[37.352s] -- Installing: /data/rl_deploy/install/node_control_msgs/include/node_control_msgs/node_control_msgs/msg/detail/motor_command_feedback__type_support.cpp
[37.352s] -- Installing: /data/rl_deploy/install/node_control_msgs/include/node_control_msgs/node_control_msgs/msg/detail/motor_config_dev__rosidl_typesupport_introspection_cpp.hpp
[37.352s] -- Installing: /data/rl_deploy/install/node_control_msgs/include/node_control_msgs/node_control_msgs/msg/detail/motor_info__rosidl_typesupport_introspection_cpp.hpp
[37.353s] -- Installing: /data/rl_deploy/install/node_control_msgs/include/node_control_msgs/node_control_msgs/msg/detail/motor_config__rosidl_typesupport_introspection_cpp.hpp
[37.353s] -- Installing: /data/rl_deploy/install/node_control_msgs/include/node_control_msgs/node_control_msgs/msg/detail/motor_health__type_support.cpp
[37.353s] -- Installing: /data/rl_deploy/install/node_control_msgs/include/node_control_msgs/node_control_msgs/msg/detail/motor_control__type_support.cpp
[37.353s] -- Installing: /data/rl_deploy/install/node_control_msgs/include/node_control_msgs/node_control_msgs/msg/detail/motor_command__type_support.cpp
[37.354s] -- Installing: /data/rl_deploy/install/node_control_msgs/include/node_control_msgs/node_control_msgs/msg/detail/motor_health_state__type_support.cpp
[37.354s] -- Installing: /data/rl_deploy/install/node_control_msgs/include/node_control_msgs/node_control_msgs/msg/detail/motor_command_feedback__rosidl_typesupport_introspection_cpp.hpp
[37.354s] -- Installing: /data/rl_deploy/install/node_control_msgs/lib/libnode_control_msgs__rosidl_typesupport_introspection_cpp.so
[37.355s] -- Set non-toolchain portion of runtime path of "/data/rl_deploy/install/node_control_msgs/lib/libnode_control_msgs__rosidl_typesupport_introspection_cpp.so" to ""
[37.356s] -- Installing: /data/rl_deploy/install/node_control_msgs/lib/libnode_control_msgs__rosidl_typesupport_cpp.so
[37.356s] -- Set non-toolchain portion of runtime path of "/data/rl_deploy/install/node_control_msgs/lib/libnode_control_msgs__rosidl_typesupport_cpp.so" to ""
[37.356s] -- Installing: /data/rl_deploy/install/node_control_msgs/share/node_control_msgs/environment/pythonpath.sh
[37.356s] -- Installing: /data/rl_deploy/install/node_control_msgs/share/node_control_msgs/environment/pythonpath.dsv
[37.357s] -- Installing: /data/rl_deploy/install/node_control_msgs/local/lib/python3.10/dist-packages/node_control_msgs-0.0.0-py3.10.egg-info
[37.357s] -- Installing: /data/rl_deploy/install/node_control_msgs/local/lib/python3.10/dist-packages/node_control_msgs-0.0.0-py3.10.egg-info/top_level.txt
[37.357s] -- Installing: /data/rl_deploy/install/node_control_msgs/local/lib/python3.10/dist-packages/node_control_msgs-0.0.0-py3.10.egg-info/PKG-INFO
[37.358s] -- Installing: /data/rl_deploy/install/node_control_msgs/local/lib/python3.10/dist-packages/node_control_msgs-0.0.0-py3.10.egg-info/SOURCES.txt
[37.358s] -- Installing: /data/rl_deploy/install/node_control_msgs/local/lib/python3.10/dist-packages/node_control_msgs-0.0.0-py3.10.egg-info/dependency_links.txt
[37.358s] -- Installing: /data/rl_deploy/install/node_control_msgs/local/lib/python3.10/dist-packages/node_control_msgs
[37.358s] -- Installing: /data/rl_deploy/install/node_control_msgs/local/lib/python3.10/dist-packages/node_control_msgs/libnode_control_msgs__rosidl_generator_py.so
[37.359s] -- Installing: /data/rl_deploy/install/node_control_msgs/local/lib/python3.10/dist-packages/node_control_msgs/node_control_msgs_s__rosidl_typesupport_introspection_c.cpython-310-aarch64-linux-gnu.so
[37.359s] -- Installing: /data/rl_deploy/install/node_control_msgs/local/lib/python3.10/dist-packages/node_control_msgs/node_control_msgs_s__rosidl_typesupport_c.cpython-310-aarch64-linux-gnu.so
[37.359s] -- Installing: /data/rl_deploy/install/node_control_msgs/local/lib/python3.10/dist-packages/node_control_msgs/_node_control_msgs_s.ep.rosidl_typesupport_introspection_c.c
[37.360s] -- Installing: /data/rl_deploy/install/node_control_msgs/local/lib/python3.10/dist-packages/node_control_msgs/__init__.py
[37.360s] -- Installing: /data/rl_deploy/install/node_control_msgs/local/lib/python3.10/dist-packages/node_control_msgs/node_control_msgs_s__rosidl_typesupport_fastrtps_c.cpython-310-aarch64-linux-gnu.so
[37.360s] -- Installing: /data/rl_deploy/install/node_control_msgs/local/lib/python3.10/dist-packages/node_control_msgs/srv
[37.360s] -- Installing: /data/rl_deploy/install/node_control_msgs/local/lib/python3.10/dist-packages/node_control_msgs/srv/_motor_config_status.py
[37.361s] -- Installing: /data/rl_deploy/install/node_control_msgs/local/lib/python3.10/dist-packages/node_control_msgs/srv/_motor_config_status_s.c
[37.361s] -- Installing: /data/rl_deploy/install/node_control_msgs/local/lib/python3.10/dist-packages/node_control_msgs/srv/__init__.py
[37.361s] -- Installing: /data/rl_deploy/install/node_control_msgs/local/lib/python3.10/dist-packages/node_control_msgs/_node_control_msgs_s.ep.rosidl_typesupport_c.c
[37.361s] -- Installing: /data/rl_deploy/install/node_control_msgs/local/lib/python3.10/dist-packages/node_control_msgs/_node_control_msgs_s.ep.rosidl_typesupport_fastrtps_c.c
[37.362s] -- Installing: /data/rl_deploy/install/node_control_msgs/local/lib/python3.10/dist-packages/node_control_msgs/msg
[37.362s] -- Installing: /data/rl_deploy/install/node_control_msgs/local/lib/python3.10/dist-packages/node_control_msgs/msg/_motor_config_dev_s.c
[37.362s] -- Installing: /data/rl_deploy/install/node_control_msgs/local/lib/python3.10/dist-packages/node_control_msgs/msg/_motor_command_s.c
[37.363s] -- Installing: /data/rl_deploy/install/node_control_msgs/local/lib/python3.10/dist-packages/node_control_msgs/msg/_motor_config_dev.py
[37.363s] -- Installing: /data/rl_deploy/install/node_control_msgs/local/lib/python3.10/dist-packages/node_control_msgs/msg/_motor_config_s.c
[37.363s] -- Installing: /data/rl_deploy/install/node_control_msgs/local/lib/python3.10/dist-packages/node_control_msgs/msg/_motor_control_s.c
[37.363s] -- Installing: /data/rl_deploy/install/node_control_msgs/local/lib/python3.10/dist-packages/node_control_msgs/msg/_motor_info_value.py
[37.364s] -- Installing: /data/rl_deploy/install/node_control_msgs/local/lib/python3.10/dist-packages/node_control_msgs/msg/_motor_info_value_s.c
[37.364s] -- Installing: /data/rl_deploy/install/node_control_msgs/local/lib/python3.10/dist-packages/node_control_msgs/msg/_motor_health.py
[37.364s] -- Installing: /data/rl_deploy/install/node_control_msgs/local/lib/python3.10/dist-packages/node_control_msgs/msg/_motor_command_feedback_s.c
[37.364s] -- Installing: /data/rl_deploy/install/node_control_msgs/local/lib/python3.10/dist-packages/node_control_msgs/msg/__init__.py
[37.365s] -- Installing: /data/rl_deploy/install/node_control_msgs/local/lib/python3.10/dist-packages/node_control_msgs/msg/_motor_config.py
[37.365s] -- Installing: /data/rl_deploy/install/node_control_msgs/local/lib/python3.10/dist-packages/node_control_msgs/msg/_motor_health_s.c
[37.365s] -- Installing: /data/rl_deploy/install/node_control_msgs/local/lib/python3.10/dist-packages/node_control_msgs/msg/_motor_command_feedback.py
[37.365s] -- Installing: /data/rl_deploy/install/node_control_msgs/local/lib/python3.10/dist-packages/node_control_msgs/msg/_motor_info_s.c
[37.366s] -- Installing: /data/rl_deploy/install/node_control_msgs/local/lib/python3.10/dist-packages/node_control_msgs/msg/_motor_info.py
[37.366s] -- Installing: /data/rl_deploy/install/node_control_msgs/local/lib/python3.10/dist-packages/node_control_msgs/msg/_motor_health_state.py
[37.366s] -- Installing: /data/rl_deploy/install/node_control_msgs/local/lib/python3.10/dist-packages/node_control_msgs/msg/_motor_feedback.py
[37.367s] -- Installing: /data/rl_deploy/install/node_control_msgs/local/lib/python3.10/dist-packages/node_control_msgs/msg/_motor_control.py
[37.367s] -- Installing: /data/rl_deploy/install/node_control_msgs/local/lib/python3.10/dist-packages/node_control_msgs/msg/_motor_feedback_s.c
[37.367s] -- Installing: /data/rl_deploy/install/node_control_msgs/local/lib/python3.10/dist-packages/node_control_msgs/msg/_motor_health_state_s.c
[37.367s] -- Installing: /data/rl_deploy/install/node_control_msgs/local/lib/python3.10/dist-packages/node_control_msgs/msg/_motor_command.py
[37.453s] Listing '/data/rl_deploy/install/node_control_msgs/local/lib/python3.10/dist-packages/node_control_msgs'...
[37.453s] Compiling '/data/rl_deploy/install/node_control_msgs/local/lib/python3.10/dist-packages/node_control_msgs/__init__.py'...
[37.453s] Listing '/data/rl_deploy/install/node_control_msgs/local/lib/python3.10/dist-packages/node_control_msgs/msg'...
[37.453s] Compiling '/data/rl_deploy/install/node_control_msgs/local/lib/python3.10/dist-packages/node_control_msgs/msg/__init__.py'...
[37.453s] Compiling '/data/rl_deploy/install/node_control_msgs/local/lib/python3.10/dist-packages/node_control_msgs/msg/_motor_command.py'...
[37.454s] Compiling '/data/rl_deploy/install/node_control_msgs/local/lib/python3.10/dist-packages/node_control_msgs/msg/_motor_command_feedback.py'...
[37.454s] Compiling '/data/rl_deploy/install/node_control_msgs/local/lib/python3.10/dist-packages/node_control_msgs/msg/_motor_config.py'...
[37.454s] Compiling '/data/rl_deploy/install/node_control_msgs/local/lib/python3.10/dist-packages/node_control_msgs/msg/_motor_config_dev.py'...
[37.454s] Compiling '/data/rl_deploy/install/node_control_msgs/local/lib/python3.10/dist-packages/node_control_msgs/msg/_motor_control.py'...
[37.454s] Compiling '/data/rl_deploy/install/node_control_msgs/local/lib/python3.10/dist-packages/node_control_msgs/msg/_motor_feedback.py'...
[37.454s] Compiling '/data/rl_deploy/install/node_control_msgs/local/lib/python3.10/dist-packages/node_control_msgs/msg/_motor_health.py'...
[37.454s] Compiling '/data/rl_deploy/install/node_control_msgs/local/lib/python3.10/dist-packages/node_control_msgs/msg/_motor_health_state.py'...
[37.454s] Compiling '/data/rl_deploy/install/node_control_msgs/local/lib/python3.10/dist-packages/node_control_msgs/msg/_motor_info.py'...
[37.454s] Compiling '/data/rl_deploy/install/node_control_msgs/local/lib/python3.10/dist-packages/node_control_msgs/msg/_motor_info_value.py'...
[37.455s] Listing '/data/rl_deploy/install/node_control_msgs/local/lib/python3.10/dist-packages/node_control_msgs/srv'...
[37.455s] Compiling '/data/rl_deploy/install/node_control_msgs/local/lib/python3.10/dist-packages/node_control_msgs/srv/__init__.py'...
[37.455s] Compiling '/data/rl_deploy/install/node_control_msgs/local/lib/python3.10/dist-packages/node_control_msgs/srv/_motor_config_status.py'...
[37.466s] -- Installing: /data/rl_deploy/install/node_control_msgs/local/lib/python3.10/dist-packages/node_control_msgs/node_control_msgs_s__rosidl_typesupport_fastrtps_c.cpython-310-aarch64-linux-gnu.so
[37.466s] -- Set non-toolchain portion of runtime path of "/data/rl_deploy/install/node_control_msgs/local/lib/python3.10/dist-packages/node_control_msgs/node_control_msgs_s__rosidl_typesupport_fastrtps_c.cpython-310-aarch64-linux-gnu.so" to ""
[37.467s] -- Installing: /data/rl_deploy/install/node_control_msgs/local/lib/python3.10/dist-packages/node_control_msgs/node_control_msgs_s__rosidl_typesupport_introspection_c.cpython-310-aarch64-linux-gnu.so
[37.468s] -- Set non-toolchain portion of runtime path of "/data/rl_deploy/install/node_control_msgs/local/lib/python3.10/dist-packages/node_control_msgs/node_control_msgs_s__rosidl_typesupport_introspection_c.cpython-310-aarch64-linux-gnu.so" to ""
[37.468s] -- Installing: /data/rl_deploy/install/node_control_msgs/local/lib/python3.10/dist-packages/node_control_msgs/node_control_msgs_s__rosidl_typesupport_c.cpython-310-aarch64-linux-gnu.so
[37.469s] -- Set non-toolchain portion of runtime path of "/data/rl_deploy/install/node_control_msgs/local/lib/python3.10/dist-packages/node_control_msgs/node_control_msgs_s__rosidl_typesupport_c.cpython-310-aarch64-linux-gnu.so" to ""
[37.469s] -- Installing: /data/rl_deploy/install/node_control_msgs/lib/libnode_control_msgs__rosidl_generator_py.so
[37.470s] -- Set non-toolchain portion of runtime path of "/data/rl_deploy/install/node_control_msgs/lib/libnode_control_msgs__rosidl_generator_py.so" to ""
[37.470s] -- Installing: /data/rl_deploy/install/node_control_msgs/share/ament_index/resource_index/rust_packages/node_control_msgs
[37.470s] -- Installing: /data/rl_deploy/install/node_control_msgs/share/node_control_msgs/rust
[37.471s] -- Installing: /data/rl_deploy/install/node_control_msgs/share/node_control_msgs/rust/Cargo.toml
[37.471s] -- Installing: /data/rl_deploy/install/node_control_msgs/share/node_control_msgs/rust/src
[37.471s] -- Installing: /data/rl_deploy/install/node_control_msgs/share/node_control_msgs/rust/src/lib.rs
[37.472s] -- Installing: /data/rl_deploy/install/node_control_msgs/share/node_control_msgs/rust/src/srv.rs
[37.472s] -- Installing: /data/rl_deploy/install/node_control_msgs/share/node_control_msgs/rust/src/srv
[37.472s] -- Installing: /data/rl_deploy/install/node_control_msgs/share/node_control_msgs/rust/src/srv/rmw.rs
[37.472s] -- Installing: /data/rl_deploy/install/node_control_msgs/share/node_control_msgs/rust/src/msg.rs
[37.472s] -- Installing: /data/rl_deploy/install/node_control_msgs/share/node_control_msgs/rust/src/msg
[37.473s] -- Installing: /data/rl_deploy/install/node_control_msgs/share/node_control_msgs/rust/src/msg/rmw.rs
[37.473s] -- Installing: /data/rl_deploy/install/node_control_msgs/share/node_control_msgs/rust/build.rs
[37.473s] -- Installing: /data/rl_deploy/install/node_control_msgs/share/node_control_msgs/msg/MotorCommandFeedback.idl
[37.474s] -- Installing: /data/rl_deploy/install/node_control_msgs/share/node_control_msgs/msg/MotorCommand.idl
[37.474s] -- Installing: /data/rl_deploy/install/node_control_msgs/share/node_control_msgs/msg/MotorConfig.idl
[37.474s] -- Installing: /data/rl_deploy/install/node_control_msgs/share/node_control_msgs/msg/MotorConfigDev.idl
[37.475s] -- Installing: /data/rl_deploy/install/node_control_msgs/share/node_control_msgs/msg/MotorControl.idl
[37.475s] -- Installing: /data/rl_deploy/install/node_control_msgs/share/node_control_msgs/msg/MotorFeedback.idl
[37.475s] -- Installing: /data/rl_deploy/install/node_control_msgs/share/node_control_msgs/msg/MotorHealth.idl
[37.476s] -- Installing: /data/rl_deploy/install/node_control_msgs/share/node_control_msgs/msg/MotorHealthState.idl
[37.476s] -- Installing: /data/rl_deploy/install/node_control_msgs/share/node_control_msgs/msg/MotorInfo.idl
[37.476s] -- Installing: /data/rl_deploy/install/node_control_msgs/share/node_control_msgs/msg/MotorInfoValue.idl
[37.477s] -- Installing: /data/rl_deploy/install/node_control_msgs/share/node_control_msgs/srv/MotorConfigStatus.idl
[37.477s] -- Installing: /data/rl_deploy/install/node_control_msgs/share/node_control_msgs/msg/MotorCommandFeedback.msg
[37.477s] -- Installing: /data/rl_deploy/install/node_control_msgs/share/node_control_msgs/msg/MotorCommand.msg
[37.478s] -- Installing: /data/rl_deploy/install/node_control_msgs/share/node_control_msgs/msg/MotorConfig.msg
[37.478s] -- Installing: /data/rl_deploy/install/node_control_msgs/share/node_control_msgs/msg/MotorConfigDev.msg
[37.478s] -- Installing: /data/rl_deploy/install/node_control_msgs/share/node_control_msgs/msg/MotorControl.msg
[37.479s] -- Installing: /data/rl_deploy/install/node_control_msgs/share/node_control_msgs/msg/MotorFeedback.msg
[37.479s] -- Installing: /data/rl_deploy/install/node_control_msgs/share/node_control_msgs/msg/MotorHealth.msg
[37.479s] -- Installing: /data/rl_deploy/install/node_control_msgs/share/node_control_msgs/msg/MotorHealthState.msg
[37.480s] -- Installing: /data/rl_deploy/install/node_control_msgs/share/node_control_msgs/msg/MotorInfo.msg
[37.480s] -- Installing: /data/rl_deploy/install/node_control_msgs/share/node_control_msgs/msg/MotorInfoValue.msg
[37.480s] -- Installing: /data/rl_deploy/install/node_control_msgs/share/node_control_msgs/srv/MotorConfigStatus.srv
[37.480s] -- Installing: /data/rl_deploy/install/node_control_msgs/share/node_control_msgs/srv/MotorConfigStatus_Request.msg
[37.481s] -- Installing: /data/rl_deploy/install/node_control_msgs/share/node_control_msgs/srv/MotorConfigStatus_Response.msg
[37.481s] -- Installing: /data/rl_deploy/install/node_control_msgs/share/ament_index/resource_index/package_run_dependencies/node_control_msgs
[37.482s] -- Installing: /data/rl_deploy/install/node_control_msgs/share/ament_index/resource_index/parent_prefix_path/node_control_msgs
[37.482s] -- Installing: /data/rl_deploy/install/node_control_msgs/share/node_control_msgs/environment/ament_prefix_path.sh
[37.482s] -- Installing: /data/rl_deploy/install/node_control_msgs/share/node_control_msgs/environment/ament_prefix_path.dsv
[37.483s] -- Installing: /data/rl_deploy/install/node_control_msgs/share/node_control_msgs/environment/path.sh
[37.483s] -- Installing: /data/rl_deploy/install/node_control_msgs/share/node_control_msgs/environment/path.dsv
[37.483s] -- Installing: /data/rl_deploy/install/node_control_msgs/share/node_control_msgs/local_setup.bash
[37.484s] -- Installing: /data/rl_deploy/install/node_control_msgs/share/node_control_msgs/local_setup.sh
[37.484s] -- Installing: /data/rl_deploy/install/node_control_msgs/share/node_control_msgs/local_setup.zsh
[37.484s] -- Installing: /data/rl_deploy/install/node_control_msgs/share/node_control_msgs/local_setup.dsv
[37.484s] -- Installing: /data/rl_deploy/install/node_control_msgs/share/node_control_msgs/package.dsv
[37.485s] -- Installing: /data/rl_deploy/install/node_control_msgs/share/ament_index/resource_index/packages/node_control_msgs
[37.485s] -- Installing: /data/rl_deploy/install/node_control_msgs/share/node_control_msgs/cmake/export_node_control_msgs__rosidl_generator_cExport.cmake
[37.486s] -- Installing: /data/rl_deploy/install/node_control_msgs/share/node_control_msgs/cmake/export_node_control_msgs__rosidl_generator_cExport-noconfig.cmake
[37.486s] -- Installing: /data/rl_deploy/install/node_control_msgs/share/node_control_msgs/cmake/export_node_control_msgs__rosidl_typesupport_fastrtps_cExport.cmake
[37.487s] -- Installing: /data/rl_deploy/install/node_control_msgs/share/node_control_msgs/cmake/export_node_control_msgs__rosidl_typesupport_fastrtps_cExport-noconfig.cmake
[37.487s] -- Installing: /data/rl_deploy/install/node_control_msgs/share/node_control_msgs/cmake/node_control_msgs__rosidl_typesupport_introspection_cExport.cmake
[37.487s] -- Installing: /data/rl_deploy/install/node_control_msgs/share/node_control_msgs/cmake/node_control_msgs__rosidl_typesupport_introspection_cExport-noconfig.cmake
[37.488s] -- Installing: /data/rl_deploy/install/node_control_msgs/share/node_control_msgs/cmake/node_control_msgs__rosidl_typesupport_cExport.cmake
[37.488s] -- Installing: /data/rl_deploy/install/node_control_msgs/share/node_control_msgs/cmake/node_control_msgs__rosidl_typesupport_cExport-noconfig.cmake
[37.489s] -- Installing: /data/rl_deploy/install/node_control_msgs/share/node_control_msgs/cmake/export_node_control_msgs__rosidl_generator_cppExport.cmake
[37.489s] -- Installing: /data/rl_deploy/install/node_control_msgs/share/node_control_msgs/cmake/export_node_control_msgs__rosidl_typesupport_fastrtps_cppExport.cmake
[37.489s] -- Installing: /data/rl_deploy/install/node_control_msgs/share/node_control_msgs/cmake/export_node_control_msgs__rosidl_typesupport_fastrtps_cppExport-noconfig.cmake
[37.490s] -- Installing: /data/rl_deploy/install/node_control_msgs/share/node_control_msgs/cmake/node_control_msgs__rosidl_typesupport_introspection_cppExport.cmake
[37.490s] -- Installing: /data/rl_deploy/install/node_control_msgs/share/node_control_msgs/cmake/node_control_msgs__rosidl_typesupport_introspection_cppExport-noconfig.cmake
[37.490s] -- Installing: /data/rl_deploy/install/node_control_msgs/share/node_control_msgs/cmake/node_control_msgs__rosidl_typesupport_cppExport.cmake
[37.491s] -- Installing: /data/rl_deploy/install/node_control_msgs/share/node_control_msgs/cmake/node_control_msgs__rosidl_typesupport_cppExport-noconfig.cmake
[37.491s] -- Installing: /data/rl_deploy/install/node_control_msgs/share/node_control_msgs/cmake/export_node_control_msgs__rosidl_generator_pyExport.cmake
[37.491s] -- Installing: /data/rl_deploy/install/node_control_msgs/share/node_control_msgs/cmake/export_node_control_msgs__rosidl_generator_pyExport-noconfig.cmake
[37.492s] -- Installing: /data/rl_deploy/install/node_control_msgs/share/node_control_msgs/cmake/rosidl_cmake-extras.cmake
[37.492s] -- Installing: /data/rl_deploy/install/node_control_msgs/share/node_control_msgs/cmake/ament_cmake_export_dependencies-extras.cmake
[37.492s] -- Installing: /data/rl_deploy/install/node_control_msgs/share/node_control_msgs/cmake/ament_cmake_export_include_directories-extras.cmake
[37.493s] -- Installing: /data/rl_deploy/install/node_control_msgs/share/node_control_msgs/cmake/ament_cmake_export_libraries-extras.cmake
[37.493s] -- Installing: /data/rl_deploy/install/node_control_msgs/share/node_control_msgs/cmake/ament_cmake_export_targets-extras.cmake
[37.493s] -- Installing: /data/rl_deploy/install/node_control_msgs/share/node_control_msgs/cmake/rosidl_cmake_export_typesupport_targets-extras.cmake
[37.494s] -- Installing: /data/rl_deploy/install/node_control_msgs/share/node_control_msgs/cmake/rosidl_cmake_export_typesupport_libraries-extras.cmake
[37.494s] -- Installing: /data/rl_deploy/install/node_control_msgs/share/node_control_msgs/cmake/node_control_msgsConfig.cmake
[37.494s] -- Installing: /data/rl_deploy/install/node_control_msgs/share/node_control_msgs/cmake/node_control_msgsConfig-version.cmake
[37.495s] -- Installing: /data/rl_deploy/install/node_control_msgs/share/node_control_msgs/package.xml
[37.500s] Invoked command in '/data/rl_deploy/build/node_control_msgs' returned '0': CMAKE_PREFIX_PATH=/opt/ros/humble /usr/local/bin/cmake --install /data/rl_deploy/build/node_control_msgs
