[0.060s] Invoking command in '/data/rl_deploy/build/robot_state': AMENT_PREFIX_PATH=/data/rl_deploy/install/robot_msgs:/data/rl_deploy/install/node_control_msgs:${AMENT_PREFIX_PATH} CMAKE_PREFIX_PATH=/data/rl_deploy/install/robot_msgs:/data/rl_deploy/install/node_control_msgs:/opt/ros/humble LD_LIBRARY_PATH=/data/rl_deploy/install/robot_msgs/lib:/data/rl_deploy/install/node_control_msgs/lib:/opt/ros/humble/lib/aarch64-linux-gnu:/opt/ros/humble/lib:/app/lib:/app/lib:/usr/local/cuda-12/lib64:/usr/local/cuda-12/lib64:/usr/local/cuda-12/lib64 PYTHONPATH=/data/rl_deploy/install/robot_msgs/local/lib/python3.10/dist-packages:/data/rl_deploy/install/node_control_msgs/local/lib/python3.10/dist-packages:${PYTHONPATH} /usr/local/bin/cmake --build /data/rl_deploy/build/robot_state -- -j8 -l8
[0.247s] [100%] Built target robot_state_node
[0.613s] Invoked command in '/data/rl_deploy/build/robot_state' returned '0': AMENT_PREFIX_PATH=/data/rl_deploy/install/robot_msgs:/data/rl_deploy/install/node_control_msgs:${AMENT_PREFIX_PATH} CMAKE_PREFIX_PATH=/data/rl_deploy/install/robot_msgs:/data/rl_deploy/install/node_control_msgs:/opt/ros/humble LD_LIBRARY_PATH=/data/rl_deploy/install/robot_msgs/lib:/data/rl_deploy/install/node_control_msgs/lib:/opt/ros/humble/lib/aarch64-linux-gnu:/opt/ros/humble/lib:/app/lib:/app/lib:/usr/local/cuda-12/lib64:/usr/local/cuda-12/lib64:/usr/local/cuda-12/lib64 PYTHONPATH=/data/rl_deploy/install/robot_msgs/local/lib/python3.10/dist-packages:/data/rl_deploy/install/node_control_msgs/local/lib/python3.10/dist-packages:${PYTHONPATH} /usr/local/bin/cmake --build /data/rl_deploy/build/robot_state -- -j8 -l8
[0.616s] Invoking command in '/data/rl_deploy/build/robot_state': AMENT_PREFIX_PATH=/data/rl_deploy/install/robot_msgs:/data/rl_deploy/install/node_control_msgs:${AMENT_PREFIX_PATH} CMAKE_PREFIX_PATH=/data/rl_deploy/install/robot_msgs:/data/rl_deploy/install/node_control_msgs:/opt/ros/humble LD_LIBRARY_PATH=/data/rl_deploy/install/robot_msgs/lib:/data/rl_deploy/install/node_control_msgs/lib:/opt/ros/humble/lib/aarch64-linux-gnu:/opt/ros/humble/lib:/app/lib:/app/lib:/usr/local/cuda-12/lib64:/usr/local/cuda-12/lib64:/usr/local/cuda-12/lib64 PYTHONPATH=/data/rl_deploy/install/robot_msgs/local/lib/python3.10/dist-packages:/data/rl_deploy/install/node_control_msgs/local/lib/python3.10/dist-packages:${PYTHONPATH} /usr/local/bin/cmake --install /data/rl_deploy/build/robot_state
[0.780s] -- Install configuration: ""
[0.781s] -- Up-to-date: /data/rl_deploy/install/robot_state/lib/robot_state/robot_state_node
[0.781s] -- Up-to-date: /data/rl_deploy/install/robot_state/share/ament_index/resource_index/package_run_dependencies/robot_state
[0.781s] -- Up-to-date: /data/rl_deploy/install/robot_state/share/ament_index/resource_index/parent_prefix_path/robot_state
[0.781s] -- Up-to-date: /data/rl_deploy/install/robot_state/share/robot_state/environment/ament_prefix_path.sh
[0.782s] -- Up-to-date: /data/rl_deploy/install/robot_state/share/robot_state/environment/ament_prefix_path.dsv
[0.782s] -- Up-to-date: /data/rl_deploy/install/robot_state/share/robot_state/environment/path.sh
[0.782s] -- Up-to-date: /data/rl_deploy/install/robot_state/share/robot_state/environment/path.dsv
[0.782s] -- Up-to-date: /data/rl_deploy/install/robot_state/share/robot_state/local_setup.bash
[0.782s] -- Up-to-date: /data/rl_deploy/install/robot_state/share/robot_state/local_setup.sh
[0.782s] -- Up-to-date: /data/rl_deploy/install/robot_state/share/robot_state/local_setup.zsh
[0.782s] -- Up-to-date: /data/rl_deploy/install/robot_state/share/robot_state/local_setup.dsv
[0.782s] -- Installing: /data/rl_deploy/install/robot_state/share/robot_state/package.dsv
[0.783s] -- Up-to-date: /data/rl_deploy/install/robot_state/share/ament_index/resource_index/packages/robot_state
[0.783s] -- Up-to-date: /data/rl_deploy/install/robot_state/share/robot_state/cmake/robot_stateConfig.cmake
[0.783s] -- Up-to-date: /data/rl_deploy/install/robot_state/share/robot_state/cmake/robot_stateConfig-version.cmake
[0.783s] -- Up-to-date: /data/rl_deploy/install/robot_state/share/robot_state/package.xml
[0.787s] Invoked command in '/data/rl_deploy/build/robot_state' returned '0': AMENT_PREFIX_PATH=/data/rl_deploy/install/robot_msgs:/data/rl_deploy/install/node_control_msgs:${AMENT_PREFIX_PATH} CMAKE_PREFIX_PATH=/data/rl_deploy/install/robot_msgs:/data/rl_deploy/install/node_control_msgs:/opt/ros/humble LD_LIBRARY_PATH=/data/rl_deploy/install/robot_msgs/lib:/data/rl_deploy/install/node_control_msgs/lib:/opt/ros/humble/lib/aarch64-linux-gnu:/opt/ros/humble/lib:/app/lib:/app/lib:/usr/local/cuda-12/lib64:/usr/local/cuda-12/lib64:/usr/local/cuda-12/lib64 PYTHONPATH=/data/rl_deploy/install/robot_msgs/local/lib/python3.10/dist-packages:/data/rl_deploy/install/node_control_msgs/local/lib/python3.10/dist-packages:${PYTHONPATH} /usr/local/bin/cmake --install /data/rl_deploy/build/robot_state
