[0.287s] [34mcolcon[0m [1;30mDEBUG[0m [32mCommand line arguments: ['/usr/bin/colcon', 'build'][0m
[0.287s] [34mcolcon[0m [1;30mDEBUG[0m [32mParsed command line arguments: Namespace(log_base=None, log_level=None, verb_name='build', build_base='build', install_base='install', merge_install=False, symlink_install=False, test_result_base=None, continue_on_error=False, executor='parallel', parallel_workers=8, event_handlers=None, ignore_user_meta=False, metas=['./colcon.meta'], base_paths=['.'], packages_ignore=None, packages_ignore_regex=None, paths=None, packages_up_to=None, packages_up_to_regex=None, packages_above=None, packages_above_and_dependencies=None, packages_above_depth=None, packages_select_by_dep=None, packages_skip_by_dep=None, packages_skip_up_to=None, packages_select_build_failed=False, packages_skip_build_finished=False, packages_select_test_failures=False, packages_skip_test_passed=False, packages_select=None, packages_skip=None, packages_select_regex=None, packages_skip_regex=None, packages_start=None, packages_end=None, allow_overriding=[], cmake_args=None, cmake_target=None, cmake_target_skip_unavailable=False, cmake_clean_cache=False, cmake_clean_first=False, cmake_force_configure=False, ament_cmake_args=None, catkin_cmake_args=None, catkin_skip_building_tests=False, verb_parser=<colcon_defaults.argument_parser.defaults.DefaultArgumentsDecorator object at 0xffffb9c18d60>, verb_extension=<colcon_core.verb.build.BuildVerb object at 0xffffb9b9da50>, main=<bound method BuildVerb.main of <colcon_core.verb.build.BuildVerb object at 0xffffb9b9da50>>)[0m
[0.620s] [34mcolcon.colcon_core.package_discovery[0m [1;30mLevel 1[0m discover_packages(colcon_meta) check parameters
[0.620s] [34mcolcon.colcon_core.package_discovery[0m [1;30mLevel 1[0m discover_packages(recursive) check parameters
[0.620s] [34mcolcon.colcon_core.package_discovery[0m [1;30mLevel 1[0m discover_packages(ignore) check parameters
[0.620s] [34mcolcon.colcon_core.package_discovery[0m [1;30mLevel 1[0m discover_packages(path) check parameters
[0.620s] [34mcolcon.colcon_core.package_discovery[0m [1;30mLevel 1[0m discover_packages(colcon_meta) discover
[0.620s] [34mcolcon.colcon_core.package_discovery[0m [1;30mLevel 1[0m discover_packages(recursive) discover
[0.620s] [34mcolcon.colcon_core.package_discovery[0m [1;30mINFO[0m Crawling recursively for packages in '/data/rl_deploy'
[0.621s] [34mcolcon.colcon_core.package_identification[0m [1;30mLevel 1[0m _identify(.) by extensions ['ignore', 'ignore_ament_install']
[0.621s] [34mcolcon.colcon_core.package_identification[0m [1;30mLevel 1[0m _identify(.) by extension 'ignore'
[0.621s] [34mcolcon.colcon_core.package_identification[0m [1;30mLevel 1[0m _identify(.) by extension 'ignore_ament_install'
[0.621s] [34mcolcon.colcon_core.package_identification[0m [1;30mLevel 1[0m _identify(.) by extensions ['colcon_pkg']
[0.621s] [34mcolcon.colcon_core.package_identification[0m [1;30mLevel 1[0m _identify(.) by extension 'colcon_pkg'
[0.621s] [34mcolcon.colcon_core.package_identification[0m [1;30mLevel 1[0m _identify(.) by extensions ['colcon_meta']
[0.621s] [34mcolcon.colcon_core.package_identification[0m [1;30mLevel 1[0m _identify(.) by extension 'colcon_meta'
[0.621s] [34mcolcon.colcon_core.package_identification[0m [1;30mLevel 1[0m _identify(.) by extensions ['ros']
[0.621s] [34mcolcon.colcon_core.package_identification[0m [1;30mLevel 1[0m _identify(.) by extension 'ros'
[0.642s] [34mcolcon.colcon_core.package_identification[0m [1;30mLevel 1[0m _identify(.) by extensions ['cmake', 'python']
[0.642s] [34mcolcon.colcon_core.package_identification[0m [1;30mLevel 1[0m _identify(.) by extension 'cmake'
[0.642s] [34mcolcon.colcon_core.package_identification[0m [1;30mLevel 1[0m _identify(.) by extension 'python'
[0.642s] [34mcolcon.colcon_core.package_identification[0m [1;30mLevel 1[0m _identify(.) by extensions ['python_setup_py']
[0.642s] [34mcolcon.colcon_core.package_identification[0m [1;30mLevel 1[0m _identify(.) by extension 'python_setup_py'
[0.643s] [34mcolcon.colcon_core.package_identification[0m [1;30mLevel 1[0m _identify(action) by extensions ['ignore', 'ignore_ament_install']
[0.643s] [34mcolcon.colcon_core.package_identification[0m [1;30mLevel 1[0m _identify(action) by extension 'ignore'
[0.643s] [34mcolcon.colcon_core.package_identification[0m [1;30mLevel 1[0m _identify(action) by extension 'ignore_ament_install'
[0.643s] [34mcolcon.colcon_core.package_identification[0m [1;30mLevel 1[0m _identify(action) by extensions ['colcon_pkg']
[0.643s] [34mcolcon.colcon_core.package_identification[0m [1;30mLevel 1[0m _identify(action) by extension 'colcon_pkg'
[0.643s] [34mcolcon.colcon_core.package_identification[0m [1;30mLevel 1[0m _identify(action) by extensions ['colcon_meta']
[0.643s] [34mcolcon.colcon_core.package_identification[0m [1;30mLevel 1[0m _identify(action) by extension 'colcon_meta'
[0.643s] [34mcolcon.colcon_core.package_identification[0m [1;30mLevel 1[0m _identify(action) by extensions ['ros']
[0.644s] [34mcolcon.colcon_core.package_identification[0m [1;30mLevel 1[0m _identify(action) by extension 'ros'
[0.644s] [34mcolcon.colcon_core.package_identification[0m [1;30mLevel 1[0m _identify(action) by extensions ['cmake', 'python']
[0.644s] [34mcolcon.colcon_core.package_identification[0m [1;30mLevel 1[0m _identify(action) by extension 'cmake'
[0.644s] [34mcolcon.colcon_core.package_identification[0m [1;30mLevel 1[0m _identify(action) by extension 'python'
[0.644s] [34mcolcon.colcon_core.package_identification[0m [1;30mLevel 1[0m _identify(action) by extensions ['python_setup_py']
[0.644s] [34mcolcon.colcon_core.package_identification[0m [1;30mLevel 1[0m _identify(action) by extension 'python_setup_py'
[0.644s] [34mcolcon.colcon_core.package_identification[0m [1;30mLevel 1[0m _identify(build) by extensions ['ignore', 'ignore_ament_install']
[0.644s] [34mcolcon.colcon_core.package_identification[0m [1;30mLevel 1[0m _identify(build) by extension 'ignore'
[0.644s] [34mcolcon.colcon_core.package_identification[0m [1;30mLevel 1[0m _identify(build) ignored
[0.645s] [34mcolcon.colcon_core.package_identification[0m [1;30mLevel 1[0m _identify(install) by extensions ['ignore', 'ignore_ament_install']
[0.645s] [34mcolcon.colcon_core.package_identification[0m [1;30mLevel 1[0m _identify(install) by extension 'ignore'
[0.645s] [34mcolcon.colcon_core.package_identification[0m [1;30mLevel 1[0m _identify(install) ignored
[0.645s] [34mcolcon.colcon_core.package_identification[0m [1;30mLevel 1[0m _identify(log) by extensions ['ignore', 'ignore_ament_install']
[0.645s] [34mcolcon.colcon_core.package_identification[0m [1;30mLevel 1[0m _identify(log) by extension 'ignore'
[0.645s] [34mcolcon.colcon_core.package_identification[0m [1;30mLevel 1[0m _identify(log) ignored
[0.645s] [34mcolcon.colcon_core.package_identification[0m [1;30mLevel 1[0m _identify(src) by extensions ['ignore', 'ignore_ament_install']
[0.646s] [34mcolcon.colcon_core.package_identification[0m [1;30mLevel 1[0m _identify(src) by extension 'ignore'
[0.646s] [34mcolcon.colcon_core.package_identification[0m [1;30mLevel 1[0m _identify(src) by extension 'ignore_ament_install'
[0.646s] [34mcolcon.colcon_core.package_identification[0m [1;30mLevel 1[0m _identify(src) by extensions ['colcon_pkg']
[0.646s] [34mcolcon.colcon_core.package_identification[0m [1;30mLevel 1[0m _identify(src) by extension 'colcon_pkg'
[0.646s] [34mcolcon.colcon_core.package_identification[0m [1;30mLevel 1[0m _identify(src) by extensions ['colcon_meta']
[0.646s] [34mcolcon.colcon_core.package_identification[0m [1;30mLevel 1[0m _identify(src) by extension 'colcon_meta'
[0.646s] [34mcolcon.colcon_core.package_identification[0m [1;30mLevel 1[0m _identify(src) by extensions ['ros']
[0.646s] [34mcolcon.colcon_core.package_identification[0m [1;30mLevel 1[0m _identify(src) by extension 'ros'
[0.646s] [34mcolcon.colcon_core.package_identification[0m [1;30mLevel 1[0m _identify(src) by extensions ['cmake', 'python']
[0.646s] [34mcolcon.colcon_core.package_identification[0m [1;30mLevel 1[0m _identify(src) by extension 'cmake'
[0.646s] [34mcolcon.colcon_core.package_identification[0m [1;30mLevel 1[0m _identify(src) by extension 'python'
[0.647s] [34mcolcon.colcon_core.package_identification[0m [1;30mLevel 1[0m _identify(src) by extensions ['python_setup_py']
[0.647s] [34mcolcon.colcon_core.package_identification[0m [1;30mLevel 1[0m _identify(src) by extension 'python_setup_py'
[0.647s] [34mcolcon.colcon_core.package_identification[0m [1;30mLevel 1[0m _identify(src/node_app_msgs) by extensions ['ignore', 'ignore_ament_install']
[0.647s] [34mcolcon.colcon_core.package_identification[0m [1;30mLevel 1[0m _identify(src/node_app_msgs) by extension 'ignore'
[0.647s] [34mcolcon.colcon_core.package_identification[0m [1;30mLevel 1[0m _identify(src/node_app_msgs) by extension 'ignore_ament_install'
[0.647s] [34mcolcon.colcon_core.package_identification[0m [1;30mLevel 1[0m _identify(src/node_app_msgs) by extensions ['colcon_pkg']
[0.647s] [34mcolcon.colcon_core.package_identification[0m [1;30mLevel 1[0m _identify(src/node_app_msgs) by extension 'colcon_pkg'
[0.647s] [34mcolcon.colcon_core.package_identification[0m [1;30mLevel 1[0m _identify(src/node_app_msgs) by extensions ['colcon_meta']
[0.647s] [34mcolcon.colcon_core.package_identification[0m [1;30mLevel 1[0m _identify(src/node_app_msgs) by extension 'colcon_meta'
[0.647s] [34mcolcon.colcon_core.package_identification[0m [1;30mLevel 1[0m _identify(src/node_app_msgs) by extensions ['ros']
[0.647s] [34mcolcon.colcon_core.package_identification[0m [1;30mLevel 1[0m _identify(src/node_app_msgs) by extension 'ros'
[0.652s] [34mcolcon.colcon_core.package_identification[0m [1;30mDEBUG[0m [32mPackage 'src/node_app_msgs' with type 'ros.ament_cmake' and name 'node_app_msgs'[0m
[0.653s] [34mcolcon.colcon_core.package_identification[0m [1;30mLevel 1[0m _identify(src/node_control_msgs) by extensions ['ignore', 'ignore_ament_install']
[0.653s] [34mcolcon.colcon_core.package_identification[0m [1;30mLevel 1[0m _identify(src/node_control_msgs) by extension 'ignore'
[0.653s] [34mcolcon.colcon_core.package_identification[0m [1;30mLevel 1[0m _identify(src/node_control_msgs) by extension 'ignore_ament_install'
[0.653s] [34mcolcon.colcon_core.package_identification[0m [1;30mLevel 1[0m _identify(src/node_control_msgs) by extensions ['colcon_pkg']
[0.653s] [34mcolcon.colcon_core.package_identification[0m [1;30mLevel 1[0m _identify(src/node_control_msgs) by extension 'colcon_pkg'
[0.653s] [34mcolcon.colcon_core.package_identification[0m [1;30mLevel 1[0m _identify(src/node_control_msgs) by extensions ['colcon_meta']
[0.654s] [34mcolcon.colcon_core.package_identification[0m [1;30mLevel 1[0m _identify(src/node_control_msgs) by extension 'colcon_meta'
[0.654s] [34mcolcon.colcon_core.package_identification[0m [1;30mLevel 1[0m _identify(src/node_control_msgs) by extensions ['ros']
[0.654s] [34mcolcon.colcon_core.package_identification[0m [1;30mLevel 1[0m _identify(src/node_control_msgs) by extension 'ros'
[0.655s] [34mcolcon.colcon_core.package_identification[0m [1;30mDEBUG[0m [32mPackage 'src/node_control_msgs' with type 'ros.ament_cmake' and name 'node_control_msgs'[0m
[0.655s] [34mcolcon.colcon_core.package_identification[0m [1;30mLevel 1[0m _identify(src/node_driver_msgs) by extensions ['ignore', 'ignore_ament_install']
[0.655s] [34mcolcon.colcon_core.package_identification[0m [1;30mLevel 1[0m _identify(src/node_driver_msgs) by extension 'ignore'
[0.655s] [34mcolcon.colcon_core.package_identification[0m [1;30mLevel 1[0m _identify(src/node_driver_msgs) by extension 'ignore_ament_install'
[0.655s] [34mcolcon.colcon_core.package_identification[0m [1;30mLevel 1[0m _identify(src/node_driver_msgs) by extensions ['colcon_pkg']
[0.655s] [34mcolcon.colcon_core.package_identification[0m [1;30mLevel 1[0m _identify(src/node_driver_msgs) by extension 'colcon_pkg'
[0.656s] [34mcolcon.colcon_core.package_identification[0m [1;30mLevel 1[0m _identify(src/node_driver_msgs) by extensions ['colcon_meta']
[0.656s] [34mcolcon.colcon_core.package_identification[0m [1;30mLevel 1[0m _identify(src/node_driver_msgs) by extension 'colcon_meta'
[0.656s] [34mcolcon.colcon_core.package_identification[0m [1;30mLevel 1[0m _identify(src/node_driver_msgs) by extensions ['ros']
[0.656s] [34mcolcon.colcon_core.package_identification[0m [1;30mLevel 1[0m _identify(src/node_driver_msgs) by extension 'ros'
[0.657s] [34mcolcon.colcon_core.package_identification[0m [1;30mDEBUG[0m [32mPackage 'src/node_driver_msgs' with type 'ros.ament_cmake' and name 'node_driver_msgs'[0m
[0.657s] [34mcolcon.colcon_core.package_identification[0m [1;30mLevel 1[0m _identify(src/robot_msgs) by extensions ['ignore', 'ignore_ament_install']
[0.657s] [34mcolcon.colcon_core.package_identification[0m [1;30mLevel 1[0m _identify(src/robot_msgs) by extension 'ignore'
[0.657s] [34mcolcon.colcon_core.package_identification[0m [1;30mLevel 1[0m _identify(src/robot_msgs) by extension 'ignore_ament_install'
[0.658s] [34mcolcon.colcon_core.package_identification[0m [1;30mLevel 1[0m _identify(src/robot_msgs) by extensions ['colcon_pkg']
[0.658s] [34mcolcon.colcon_core.package_identification[0m [1;30mLevel 1[0m _identify(src/robot_msgs) by extension 'colcon_pkg'
[0.658s] [34mcolcon.colcon_core.package_identification[0m [1;30mLevel 1[0m _identify(src/robot_msgs) by extensions ['colcon_meta']
[0.658s] [34mcolcon.colcon_core.package_identification[0m [1;30mLevel 1[0m _identify(src/robot_msgs) by extension 'colcon_meta'
[0.658s] [34mcolcon.colcon_core.package_identification[0m [1;30mLevel 1[0m _identify(src/robot_msgs) by extensions ['ros']
[0.658s] [34mcolcon.colcon_core.package_identification[0m [1;30mLevel 1[0m _identify(src/robot_msgs) by extension 'ros'
[0.659s] [34mcolcon.colcon_core.package_identification[0m [1;30mDEBUG[0m [32mPackage 'src/robot_msgs' with type 'ros.ament_cmake' and name 'robot_msgs'[0m
[0.660s] [34mcolcon.colcon_core.package_identification[0m [1;30mLevel 1[0m _identify(src/robot_rl_controller) by extensions ['ignore', 'ignore_ament_install']
[0.660s] [34mcolcon.colcon_core.package_identification[0m [1;30mLevel 1[0m _identify(src/robot_rl_controller) by extension 'ignore'
[0.660s] [34mcolcon.colcon_core.package_identification[0m [1;30mLevel 1[0m _identify(src/robot_rl_controller) by extension 'ignore_ament_install'
[0.660s] [34mcolcon.colcon_core.package_identification[0m [1;30mLevel 1[0m _identify(src/robot_rl_controller) by extensions ['colcon_pkg']
[0.660s] [34mcolcon.colcon_core.package_identification[0m [1;30mLevel 1[0m _identify(src/robot_rl_controller) by extension 'colcon_pkg'
[0.660s] [34mcolcon.colcon_core.package_identification[0m [1;30mLevel 1[0m _identify(src/robot_rl_controller) by extensions ['colcon_meta']
[0.660s] [34mcolcon.colcon_core.package_identification[0m [1;30mLevel 1[0m _identify(src/robot_rl_controller) by extension 'colcon_meta'
[0.660s] [34mcolcon.colcon_core.package_identification[0m [1;30mLevel 1[0m _identify(src/robot_rl_controller) by extensions ['ros']
[0.660s] [34mcolcon.colcon_core.package_identification[0m [1;30mLevel 1[0m _identify(src/robot_rl_controller) by extension 'ros'
[0.662s] [34mcolcon.colcon_core.package_identification[0m [1;30mDEBUG[0m [32mPackage 'src/robot_rl_controller' with type 'ros.ament_python' and name 'robot_rl_controller'[0m
[0.662s] [34mcolcon.colcon_core.package_identification[0m [1;30mLevel 1[0m _identify(src/robot_state) by extensions ['ignore', 'ignore_ament_install']
[0.662s] [34mcolcon.colcon_core.package_identification[0m [1;30mLevel 1[0m _identify(src/robot_state) by extension 'ignore'
[0.662s] [34mcolcon.colcon_core.package_identification[0m [1;30mLevel 1[0m _identify(src/robot_state) by extension 'ignore_ament_install'
[0.663s] [34mcolcon.colcon_core.package_identification[0m [1;30mLevel 1[0m _identify(src/robot_state) by extensions ['colcon_pkg']
[0.663s] [34mcolcon.colcon_core.package_identification[0m [1;30mLevel 1[0m _identify(src/robot_state) by extension 'colcon_pkg'
[0.663s] [34mcolcon.colcon_core.package_identification[0m [1;30mLevel 1[0m _identify(src/robot_state) by extensions ['colcon_meta']
[0.663s] [34mcolcon.colcon_core.package_identification[0m [1;30mLevel 1[0m _identify(src/robot_state) by extension 'colcon_meta'
[0.663s] [34mcolcon.colcon_core.package_identification[0m [1;30mLevel 1[0m _identify(src/robot_state) by extensions ['ros']
[0.663s] [34mcolcon.colcon_core.package_identification[0m [1;30mLevel 1[0m _identify(src/robot_state) by extension 'ros'
[0.664s] [34mcolcon.colcon_core.package_identification[0m [1;30mDEBUG[0m [32mPackage 'src/robot_state' with type 'ros.ament_cmake' and name 'robot_state'[0m
[0.665s] [34mcolcon.colcon_core.package_discovery[0m [1;30mLevel 1[0m discover_packages(recursive) using defaults
[0.665s] [34mcolcon.colcon_core.package_discovery[0m [1;30mLevel 1[0m discover_packages(ignore) discover
[0.665s] [34mcolcon.colcon_core.package_discovery[0m [1;30mLevel 1[0m discover_packages(ignore) using defaults
[0.665s] [34mcolcon.colcon_core.package_discovery[0m [1;30mLevel 1[0m discover_packages(path) discover
[0.665s] [34mcolcon.colcon_core.package_discovery[0m [1;30mLevel 1[0m discover_packages(path) using defaults
[0.695s] [34mcolcon.colcon_core.package_discovery[0m [1;30mLevel 1[0m discover_packages(prefix_path) check parameters
[0.696s] [34mcolcon.colcon_core.package_discovery[0m [1;30mLevel 1[0m discover_packages(prefix_path) discover
[0.700s] [34mcolcon.colcon_installed_package_information.package_discovery[0m [1;30mDEBUG[0m [32mFound 189 installed packages in /opt/ros/humble[0m
[0.702s] [34mcolcon.colcon_core.package_discovery[0m [1;30mLevel 1[0m discover_packages(prefix_path) using defaults
[0.765s] [34mcolcon.colcon_core.verb[0m [1;30mLevel 5[0m set package 'node_control_msgs' build argument 'cmake_args' from command line to 'None'
[0.765s] [34mcolcon.colcon_core.verb[0m [1;30mLevel 5[0m set package 'node_control_msgs' build argument 'cmake_target' from command line to 'None'
[0.765s] [34mcolcon.colcon_core.verb[0m [1;30mLevel 5[0m set package 'node_control_msgs' build argument 'cmake_target_skip_unavailable' from command line to 'False'
[0.765s] [34mcolcon.colcon_core.verb[0m [1;30mLevel 5[0m set package 'node_control_msgs' build argument 'cmake_clean_cache' from command line to 'False'
[0.765s] [34mcolcon.colcon_core.verb[0m [1;30mLevel 5[0m set package 'node_control_msgs' build argument 'cmake_clean_first' from command line to 'False'
[0.765s] [34mcolcon.colcon_core.verb[0m [1;30mLevel 5[0m set package 'node_control_msgs' build argument 'cmake_force_configure' from command line to 'False'
[0.766s] [34mcolcon.colcon_core.verb[0m [1;30mLevel 5[0m set package 'node_control_msgs' build argument 'ament_cmake_args' from command line to 'None'
[0.766s] [34mcolcon.colcon_core.verb[0m [1;30mLevel 5[0m set package 'node_control_msgs' build argument 'catkin_cmake_args' from command line to 'None'
[0.766s] [34mcolcon.colcon_core.verb[0m [1;30mLevel 5[0m set package 'node_control_msgs' build argument 'catkin_skip_building_tests' from command line to 'False'
[0.766s] [34mcolcon.colcon_core.verb[0m [1;30mDEBUG[0m [32mBuilding package 'node_control_msgs' with the following arguments: {'ament_cmake_args': None, 'build_base': '/data/rl_deploy/build/node_control_msgs', 'catkin_cmake_args': None, 'catkin_skip_building_tests': False, 'cmake_args': None, 'cmake_clean_cache': False, 'cmake_clean_first': False, 'cmake_force_configure': False, 'cmake_target': None, 'cmake_target_skip_unavailable': False, 'install_base': '/data/rl_deploy/install/node_control_msgs', 'merge_install': False, 'path': '/data/rl_deploy/src/node_control_msgs', 'symlink_install': False, 'test_result_base': None}[0m
[0.766s] [34mcolcon.colcon_core.verb[0m [1;30mLevel 5[0m set package 'node_driver_msgs' build argument 'cmake_args' from command line to 'None'
[0.766s] [34mcolcon.colcon_core.verb[0m [1;30mLevel 5[0m set package 'node_driver_msgs' build argument 'cmake_target' from command line to 'None'
[0.766s] [34mcolcon.colcon_core.verb[0m [1;30mLevel 5[0m set package 'node_driver_msgs' build argument 'cmake_target_skip_unavailable' from command line to 'False'
[0.767s] [34mcolcon.colcon_core.verb[0m [1;30mLevel 5[0m set package 'node_driver_msgs' build argument 'cmake_clean_cache' from command line to 'False'
[0.767s] [34mcolcon.colcon_core.verb[0m [1;30mLevel 5[0m set package 'node_driver_msgs' build argument 'cmake_clean_first' from command line to 'False'
[0.767s] [34mcolcon.colcon_core.verb[0m [1;30mLevel 5[0m set package 'node_driver_msgs' build argument 'cmake_force_configure' from command line to 'False'
[0.767s] [34mcolcon.colcon_core.verb[0m [1;30mLevel 5[0m set package 'node_driver_msgs' build argument 'ament_cmake_args' from command line to 'None'
[0.767s] [34mcolcon.colcon_core.verb[0m [1;30mLevel 5[0m set package 'node_driver_msgs' build argument 'catkin_cmake_args' from command line to 'None'
[0.767s] [34mcolcon.colcon_core.verb[0m [1;30mLevel 5[0m set package 'node_driver_msgs' build argument 'catkin_skip_building_tests' from command line to 'False'
[0.767s] [34mcolcon.colcon_core.verb[0m [1;30mDEBUG[0m [32mBuilding package 'node_driver_msgs' with the following arguments: {'ament_cmake_args': None, 'build_base': '/data/rl_deploy/build/node_driver_msgs', 'catkin_cmake_args': None, 'catkin_skip_building_tests': False, 'cmake_args': None, 'cmake_clean_cache': False, 'cmake_clean_first': False, 'cmake_force_configure': False, 'cmake_target': None, 'cmake_target_skip_unavailable': False, 'install_base': '/data/rl_deploy/install/node_driver_msgs', 'merge_install': False, 'path': '/data/rl_deploy/src/node_driver_msgs', 'symlink_install': False, 'test_result_base': None}[0m
[0.767s] [34mcolcon.colcon_core.verb[0m [1;30mLevel 5[0m set package 'node_app_msgs' build argument 'cmake_args' from command line to 'None'
[0.767s] [34mcolcon.colcon_core.verb[0m [1;30mLevel 5[0m set package 'node_app_msgs' build argument 'cmake_target' from command line to 'None'
[0.767s] [34mcolcon.colcon_core.verb[0m [1;30mLevel 5[0m set package 'node_app_msgs' build argument 'cmake_target_skip_unavailable' from command line to 'False'
[0.767s] [34mcolcon.colcon_core.verb[0m [1;30mLevel 5[0m set package 'node_app_msgs' build argument 'cmake_clean_cache' from command line to 'False'
[0.768s] [34mcolcon.colcon_core.verb[0m [1;30mLevel 5[0m set package 'node_app_msgs' build argument 'cmake_clean_first' from command line to 'False'
[0.768s] [34mcolcon.colcon_core.verb[0m [1;30mLevel 5[0m set package 'node_app_msgs' build argument 'cmake_force_configure' from command line to 'False'
[0.768s] [34mcolcon.colcon_core.verb[0m [1;30mLevel 5[0m set package 'node_app_msgs' build argument 'ament_cmake_args' from command line to 'None'
[0.768s] [34mcolcon.colcon_core.verb[0m [1;30mLevel 5[0m set package 'node_app_msgs' build argument 'catkin_cmake_args' from command line to 'None'
[0.768s] [34mcolcon.colcon_core.verb[0m [1;30mLevel 5[0m set package 'node_app_msgs' build argument 'catkin_skip_building_tests' from command line to 'False'
[0.768s] [34mcolcon.colcon_core.verb[0m [1;30mDEBUG[0m [32mBuilding package 'node_app_msgs' with the following arguments: {'ament_cmake_args': None, 'build_base': '/data/rl_deploy/build/node_app_msgs', 'catkin_cmake_args': None, 'catkin_skip_building_tests': False, 'cmake_args': None, 'cmake_clean_cache': False, 'cmake_clean_first': False, 'cmake_force_configure': False, 'cmake_target': None, 'cmake_target_skip_unavailable': False, 'install_base': '/data/rl_deploy/install/node_app_msgs', 'merge_install': False, 'path': '/data/rl_deploy/src/node_app_msgs', 'symlink_install': False, 'test_result_base': None}[0m
[0.768s] [34mcolcon.colcon_core.verb[0m [1;30mLevel 5[0m set package 'robot_msgs' build argument 'cmake_args' from command line to 'None'
[0.768s] [34mcolcon.colcon_core.verb[0m [1;30mLevel 5[0m set package 'robot_msgs' build argument 'cmake_target' from command line to 'None'
[0.768s] [34mcolcon.colcon_core.verb[0m [1;30mLevel 5[0m set package 'robot_msgs' build argument 'cmake_target_skip_unavailable' from command line to 'False'
[0.768s] [34mcolcon.colcon_core.verb[0m [1;30mLevel 5[0m set package 'robot_msgs' build argument 'cmake_clean_cache' from command line to 'False'
[0.769s] [34mcolcon.colcon_core.verb[0m [1;30mLevel 5[0m set package 'robot_msgs' build argument 'cmake_clean_first' from command line to 'False'
[0.769s] [34mcolcon.colcon_core.verb[0m [1;30mLevel 5[0m set package 'robot_msgs' build argument 'cmake_force_configure' from command line to 'False'
[0.769s] [34mcolcon.colcon_core.verb[0m [1;30mLevel 5[0m set package 'robot_msgs' build argument 'ament_cmake_args' from command line to 'None'
[0.769s] [34mcolcon.colcon_core.verb[0m [1;30mLevel 5[0m set package 'robot_msgs' build argument 'catkin_cmake_args' from command line to 'None'
[0.769s] [34mcolcon.colcon_core.verb[0m [1;30mLevel 5[0m set package 'robot_msgs' build argument 'catkin_skip_building_tests' from command line to 'False'
[0.769s] [34mcolcon.colcon_core.verb[0m [1;30mDEBUG[0m [32mBuilding package 'robot_msgs' with the following arguments: {'ament_cmake_args': None, 'build_base': '/data/rl_deploy/build/robot_msgs', 'catkin_cmake_args': None, 'catkin_skip_building_tests': False, 'cmake_args': None, 'cmake_clean_cache': False, 'cmake_clean_first': False, 'cmake_force_configure': False, 'cmake_target': None, 'cmake_target_skip_unavailable': False, 'install_base': '/data/rl_deploy/install/robot_msgs', 'merge_install': False, 'path': '/data/rl_deploy/src/robot_msgs', 'symlink_install': False, 'test_result_base': None}[0m
[0.769s] [34mcolcon.colcon_core.verb[0m [1;30mLevel 5[0m set package 'robot_rl_controller' build argument 'cmake_args' from command line to 'None'
[0.769s] [34mcolcon.colcon_core.verb[0m [1;30mLevel 5[0m set package 'robot_rl_controller' build argument 'cmake_target' from command line to 'None'
[0.769s] [34mcolcon.colcon_core.verb[0m [1;30mLevel 5[0m set package 'robot_rl_controller' build argument 'cmake_target_skip_unavailable' from command line to 'False'
[0.770s] [34mcolcon.colcon_core.verb[0m [1;30mLevel 5[0m set package 'robot_rl_controller' build argument 'cmake_clean_cache' from command line to 'False'
[0.770s] [34mcolcon.colcon_core.verb[0m [1;30mLevel 5[0m set package 'robot_rl_controller' build argument 'cmake_clean_first' from command line to 'False'
[0.770s] [34mcolcon.colcon_core.verb[0m [1;30mLevel 5[0m set package 'robot_rl_controller' build argument 'cmake_force_configure' from command line to 'False'
[0.770s] [34mcolcon.colcon_core.verb[0m [1;30mLevel 5[0m set package 'robot_rl_controller' build argument 'ament_cmake_args' from command line to 'None'
[0.770s] [34mcolcon.colcon_core.verb[0m [1;30mLevel 5[0m set package 'robot_rl_controller' build argument 'catkin_cmake_args' from command line to 'None'
[0.770s] [34mcolcon.colcon_core.verb[0m [1;30mLevel 5[0m set package 'robot_rl_controller' build argument 'catkin_skip_building_tests' from command line to 'False'
[0.770s] [34mcolcon.colcon_core.verb[0m [1;30mDEBUG[0m [32mBuilding package 'robot_rl_controller' with the following arguments: {'ament_cmake_args': None, 'build_base': '/data/rl_deploy/build/robot_rl_controller', 'catkin_cmake_args': None, 'catkin_skip_building_tests': False, 'cmake_args': None, 'cmake_clean_cache': False, 'cmake_clean_first': False, 'cmake_force_configure': False, 'cmake_target': None, 'cmake_target_skip_unavailable': False, 'install_base': '/data/rl_deploy/install/robot_rl_controller', 'merge_install': False, 'path': '/data/rl_deploy/src/robot_rl_controller', 'symlink_install': False, 'test_result_base': None}[0m
[0.770s] [34mcolcon.colcon_core.verb[0m [1;30mLevel 5[0m set package 'robot_state' build argument 'cmake_args' from command line to 'None'
[0.770s] [34mcolcon.colcon_core.verb[0m [1;30mLevel 5[0m set package 'robot_state' build argument 'cmake_target' from command line to 'None'
[0.770s] [34mcolcon.colcon_core.verb[0m [1;30mLevel 5[0m set package 'robot_state' build argument 'cmake_target_skip_unavailable' from command line to 'False'
[0.771s] [34mcolcon.colcon_core.verb[0m [1;30mLevel 5[0m set package 'robot_state' build argument 'cmake_clean_cache' from command line to 'False'
[0.771s] [34mcolcon.colcon_core.verb[0m [1;30mLevel 5[0m set package 'robot_state' build argument 'cmake_clean_first' from command line to 'False'
[0.771s] [34mcolcon.colcon_core.verb[0m [1;30mLevel 5[0m set package 'robot_state' build argument 'cmake_force_configure' from command line to 'False'
[0.771s] [34mcolcon.colcon_core.verb[0m [1;30mLevel 5[0m set package 'robot_state' build argument 'ament_cmake_args' from command line to 'None'
[0.771s] [34mcolcon.colcon_core.verb[0m [1;30mLevel 5[0m set package 'robot_state' build argument 'catkin_cmake_args' from command line to 'None'
[0.771s] [34mcolcon.colcon_core.verb[0m [1;30mLevel 5[0m set package 'robot_state' build argument 'catkin_skip_building_tests' from command line to 'False'
[0.771s] [34mcolcon.colcon_core.verb[0m [1;30mDEBUG[0m [32mBuilding package 'robot_state' with the following arguments: {'ament_cmake_args': None, 'build_base': '/data/rl_deploy/build/robot_state', 'catkin_cmake_args': None, 'catkin_skip_building_tests': False, 'cmake_args': None, 'cmake_clean_cache': False, 'cmake_clean_first': False, 'cmake_force_configure': False, 'cmake_target': None, 'cmake_target_skip_unavailable': False, 'install_base': '/data/rl_deploy/install/robot_state', 'merge_install': False, 'path': '/data/rl_deploy/src/robot_state', 'symlink_install': False, 'test_result_base': None}[0m
[0.771s] [34mcolcon.colcon_core.executor[0m [1;30mINFO[0m Executing jobs using 'parallel' executor
[0.773s] [34mcolcon.colcon_parallel_executor.executor.parallel[0m [1;30mDEBUG[0m [32mrun_until_complete[0m
[0.774s] [34mcolcon.colcon_ros.task.ament_cmake.build[0m [1;30mINFO[0m Building ROS package in '/data/rl_deploy/src/node_control_msgs' with build type 'ament_cmake'
[0.774s] [34mcolcon.colcon_cmake.task.cmake.build[0m [1;30mINFO[0m Building CMake package in '/data/rl_deploy/src/node_control_msgs'
[0.780s] [34mcolcon.colcon_core.plugin_system[0m [1;30mINFO[0m Skipping extension 'colcon_core.shell.bat': Not used on non-Windows systems
[0.781s] [34mcolcon.colcon_core.shell[0m [1;30mINFO[0m Skip shell extension 'powershell' for command environment: Not usable outside of PowerShell
[0.781s] [34mcolcon.colcon_core.shell[0m [1;30mDEBUG[0m [32mSkip shell extension 'dsv' for command environment[0m
[0.785s] [34mcolcon.colcon_ros.task.ament_cmake.build[0m [1;30mINFO[0m Building ROS package in '/data/rl_deploy/src/node_driver_msgs' with build type 'ament_cmake'
[0.786s] [34mcolcon.colcon_cmake.task.cmake.build[0m [1;30mINFO[0m Building CMake package in '/data/rl_deploy/src/node_driver_msgs'
[0.786s] [34mcolcon.colcon_core.shell[0m [1;30mINFO[0m Skip shell extension 'powershell' for command environment: Not usable outside of PowerShell
[0.787s] [34mcolcon.colcon_core.shell[0m [1;30mDEBUG[0m [32mSkip shell extension 'dsv' for command environment[0m
[0.798s] [34mcolcon.colcon_core.event_handler.log_command[0m [1;30mDEBUG[0m [32mInvoking command in '/data/rl_deploy/build/node_control_msgs': CMAKE_PREFIX_PATH=/opt/ros/humble /usr/local/bin/cmake --build /data/rl_deploy/build/node_control_msgs -- -j8 -l8[0m
[0.808s] [34mcolcon.colcon_core.event_handler.log_command[0m [1;30mDEBUG[0m [32mInvoking command in '/data/rl_deploy/build/node_driver_msgs': CMAKE_PREFIX_PATH=/opt/ros/humble /usr/local/bin/cmake --build /data/rl_deploy/build/node_driver_msgs -- -j8 -l8[0m
[1.580s] [34mcolcon.colcon_core.event_handler.log_command[0m [1;30mDEBUG[0m [32mInvoked command in '/data/rl_deploy/build/node_driver_msgs' returned '0': CMAKE_PREFIX_PATH=/opt/ros/humble /usr/local/bin/cmake --build /data/rl_deploy/build/node_driver_msgs -- -j8 -l8[0m
[1.735s] [34mcolcon.colcon_core.event_handler.log_command[0m [1;30mDEBUG[0m [32mInvoking command in '/data/rl_deploy/build/node_driver_msgs': CMAKE_PREFIX_PATH=/opt/ros/humble /usr/local/bin/cmake --install /data/rl_deploy/build/node_driver_msgs[0m
[1.736s] [34mcolcon.colcon_core.event_handler.log_command[0m [1;30mDEBUG[0m [32mInvoked command in '/data/rl_deploy/build/node_control_msgs' returned '0': CMAKE_PREFIX_PATH=/opt/ros/humble /usr/local/bin/cmake --build /data/rl_deploy/build/node_control_msgs -- -j8 -l8[0m
[1.740s] [34mcolcon.colcon_core.event_handler.log_command[0m [1;30mDEBUG[0m [32mInvoking command in '/data/rl_deploy/build/node_control_msgs': CMAKE_PREFIX_PATH=/opt/ros/humble /usr/local/bin/cmake --install /data/rl_deploy/build/node_control_msgs[0m
[1.984s] [34mcolcon.colcon_core.environment[0m [1;30mLevel 1[0m create_environment_scripts_only(node_driver_msgs)
[1.999s] [34mcolcon.colcon_core.environment[0m [1;30mLevel 1[0m checking '/data/rl_deploy/install/node_driver_msgs' for CMake module files
[2.003s] [34mcolcon.colcon_core.environment[0m [1;30mLevel 1[0m checking '/data/rl_deploy/install/node_driver_msgs' for CMake config files
[2.010s] [34mcolcon.colcon_core.shell[0m [1;30mLevel 1[0m create_environment_hook('node_driver_msgs', 'cmake_prefix_path')
[2.011s] [34mcolcon.colcon_core.shell[0m [1;30mINFO[0m Creating environment hook '/data/rl_deploy/install/node_driver_msgs/share/node_driver_msgs/hook/cmake_prefix_path.ps1'
[2.013s] [34mcolcon.colcon_core.shell[0m [1;30mINFO[0m Creating environment descriptor '/data/rl_deploy/install/node_driver_msgs/share/node_driver_msgs/hook/cmake_prefix_path.dsv'
[2.013s] [34mcolcon.colcon_core.event_handler.log_command[0m [1;30mDEBUG[0m [32mInvoked command in '/data/rl_deploy/build/node_driver_msgs' returned '0': CMAKE_PREFIX_PATH=/opt/ros/humble /usr/local/bin/cmake --install /data/rl_deploy/build/node_driver_msgs[0m
[2.015s] [34mcolcon.colcon_core.shell[0m [1;30mINFO[0m Creating environment hook '/data/rl_deploy/install/node_driver_msgs/share/node_driver_msgs/hook/cmake_prefix_path.sh'
[2.017s] [34mcolcon.colcon_core.environment[0m [1;30mLevel 1[0m checking '/data/rl_deploy/install/node_driver_msgs/lib'
[2.017s] [34mcolcon.colcon_core.shell[0m [1;30mLevel 1[0m create_environment_hook('node_driver_msgs', 'ld_library_path_lib')
[2.018s] [34mcolcon.colcon_core.shell[0m [1;30mINFO[0m Creating environment hook '/data/rl_deploy/install/node_driver_msgs/share/node_driver_msgs/hook/ld_library_path_lib.ps1'
[2.019s] [34mcolcon.colcon_core.shell[0m [1;30mINFO[0m Creating environment descriptor '/data/rl_deploy/install/node_driver_msgs/share/node_driver_msgs/hook/ld_library_path_lib.dsv'
[2.020s] [34mcolcon.colcon_core.shell[0m [1;30mINFO[0m Creating environment hook '/data/rl_deploy/install/node_driver_msgs/share/node_driver_msgs/hook/ld_library_path_lib.sh'
[2.020s] [34mcolcon.colcon_core.environment[0m [1;30mLevel 1[0m checking '/data/rl_deploy/install/node_driver_msgs/bin'
[2.021s] [34mcolcon.colcon_core.environment[0m [1;30mLevel 1[0m checking '/data/rl_deploy/install/node_driver_msgs/lib/pkgconfig/node_driver_msgs.pc'
[2.021s] [34mcolcon.colcon_core.environment[0m [1;30mLevel 1[0m checking '/data/rl_deploy/install/node_driver_msgs/lib/python3.10/site-packages'
[2.022s] [34mcolcon.colcon_core.environment[0m [1;30mLevel 1[0m checking '/data/rl_deploy/install/node_driver_msgs/bin'
[2.022s] [34mcolcon.colcon_core.shell[0m [1;30mINFO[0m Creating package script '/data/rl_deploy/install/node_driver_msgs/share/node_driver_msgs/package.ps1'
[2.024s] [34mcolcon.colcon_core.shell[0m [1;30mINFO[0m Creating package descriptor '/data/rl_deploy/install/node_driver_msgs/share/node_driver_msgs/package.dsv'
[2.025s] [34mcolcon.colcon_core.shell[0m [1;30mINFO[0m Creating package script '/data/rl_deploy/install/node_driver_msgs/share/node_driver_msgs/package.sh'
[2.027s] [34mcolcon.colcon_core.shell[0m [1;30mINFO[0m Creating package script '/data/rl_deploy/install/node_driver_msgs/share/node_driver_msgs/package.bash'
[2.029s] [34mcolcon.colcon_core.shell[0m [1;30mINFO[0m Creating package script '/data/rl_deploy/install/node_driver_msgs/share/node_driver_msgs/package.zsh'
[2.031s] [34mcolcon.colcon_core.environment[0m [1;30mLevel 1[0m create_file_with_runtime_dependencies(/data/rl_deploy/install/node_driver_msgs/share/colcon-core/packages/node_driver_msgs)
[2.032s] [34mcolcon.colcon_core.environment[0m [1;30mLevel 1[0m create_environment_scripts_only(node_driver_msgs)
[2.032s] [34mcolcon.colcon_core.environment[0m [1;30mLevel 1[0m checking '/data/rl_deploy/install/node_driver_msgs' for CMake module files
[2.033s] [34mcolcon.colcon_core.environment[0m [1;30mLevel 1[0m checking '/data/rl_deploy/install/node_driver_msgs' for CMake config files
[2.034s] [34mcolcon.colcon_core.shell[0m [1;30mLevel 1[0m create_environment_hook('node_driver_msgs', 'cmake_prefix_path')
[2.035s] [34mcolcon.colcon_core.shell[0m [1;30mINFO[0m Creating environment hook '/data/rl_deploy/install/node_driver_msgs/share/node_driver_msgs/hook/cmake_prefix_path.ps1'
[2.036s] [34mcolcon.colcon_core.shell[0m [1;30mINFO[0m Creating environment descriptor '/data/rl_deploy/install/node_driver_msgs/share/node_driver_msgs/hook/cmake_prefix_path.dsv'
[2.036s] [34mcolcon.colcon_core.shell[0m [1;30mINFO[0m Creating environment hook '/data/rl_deploy/install/node_driver_msgs/share/node_driver_msgs/hook/cmake_prefix_path.sh'
[2.038s] [34mcolcon.colcon_core.environment[0m [1;30mLevel 1[0m checking '/data/rl_deploy/install/node_driver_msgs/lib'
[2.038s] [34mcolcon.colcon_core.shell[0m [1;30mLevel 1[0m create_environment_hook('node_driver_msgs', 'ld_library_path_lib')
[2.038s] [34mcolcon.colcon_core.shell[0m [1;30mINFO[0m Creating environment hook '/data/rl_deploy/install/node_driver_msgs/share/node_driver_msgs/hook/ld_library_path_lib.ps1'
[2.039s] [34mcolcon.colcon_core.shell[0m [1;30mINFO[0m Creating environment descriptor '/data/rl_deploy/install/node_driver_msgs/share/node_driver_msgs/hook/ld_library_path_lib.dsv'
[2.040s] [34mcolcon.colcon_core.shell[0m [1;30mINFO[0m Creating environment hook '/data/rl_deploy/install/node_driver_msgs/share/node_driver_msgs/hook/ld_library_path_lib.sh'
[2.041s] [34mcolcon.colcon_core.environment[0m [1;30mLevel 1[0m checking '/data/rl_deploy/install/node_driver_msgs/bin'
[2.041s] [34mcolcon.colcon_core.environment[0m [1;30mLevel 1[0m checking '/data/rl_deploy/install/node_driver_msgs/lib/pkgconfig/node_driver_msgs.pc'
[2.041s] [34mcolcon.colcon_core.environment[0m [1;30mLevel 1[0m checking '/data/rl_deploy/install/node_driver_msgs/lib/python3.10/site-packages'
[2.042s] [34mcolcon.colcon_core.environment[0m [1;30mLevel 1[0m checking '/data/rl_deploy/install/node_driver_msgs/bin'
[2.043s] [34mcolcon.colcon_core.shell[0m [1;30mINFO[0m Creating package script '/data/rl_deploy/install/node_driver_msgs/share/node_driver_msgs/package.ps1'
[2.044s] [34mcolcon.colcon_core.shell[0m [1;30mINFO[0m Creating package descriptor '/data/rl_deploy/install/node_driver_msgs/share/node_driver_msgs/package.dsv'
[2.045s] [34mcolcon.colcon_core.shell[0m [1;30mINFO[0m Creating package script '/data/rl_deploy/install/node_driver_msgs/share/node_driver_msgs/package.sh'
[2.046s] [34mcolcon.colcon_core.shell[0m [1;30mINFO[0m Creating package script '/data/rl_deploy/install/node_driver_msgs/share/node_driver_msgs/package.bash'
[2.047s] [34mcolcon.colcon_core.shell[0m [1;30mINFO[0m Creating package script '/data/rl_deploy/install/node_driver_msgs/share/node_driver_msgs/package.zsh'
[2.048s] [34mcolcon.colcon_core.environment[0m [1;30mLevel 1[0m create_file_with_runtime_dependencies(/data/rl_deploy/install/node_driver_msgs/share/colcon-core/packages/node_driver_msgs)
[2.050s] [34mcolcon.colcon_core.environment[0m [1;30mLevel 1[0m create_environment_scripts_only(node_control_msgs)
[2.050s] [34mcolcon.colcon_core.environment[0m [1;30mLevel 1[0m checking '/data/rl_deploy/install/node_control_msgs' for CMake module files
[2.051s] [34mcolcon.colcon_core.event_handler.log_command[0m [1;30mDEBUG[0m [32mInvoked command in '/data/rl_deploy/build/node_control_msgs' returned '0': CMAKE_PREFIX_PATH=/opt/ros/humble /usr/local/bin/cmake --install /data/rl_deploy/build/node_control_msgs[0m
[2.052s] [34mcolcon.colcon_core.environment[0m [1;30mLevel 1[0m checking '/data/rl_deploy/install/node_control_msgs' for CMake config files
[2.054s] [34mcolcon.colcon_core.shell[0m [1;30mLevel 1[0m create_environment_hook('node_control_msgs', 'cmake_prefix_path')
[2.055s] [34mcolcon.colcon_core.shell[0m [1;30mINFO[0m Creating environment hook '/data/rl_deploy/install/node_control_msgs/share/node_control_msgs/hook/cmake_prefix_path.ps1'
[2.056s] [34mcolcon.colcon_core.shell[0m [1;30mINFO[0m Creating environment descriptor '/data/rl_deploy/install/node_control_msgs/share/node_control_msgs/hook/cmake_prefix_path.dsv'
[2.056s] [34mcolcon.colcon_core.shell[0m [1;30mINFO[0m Creating environment hook '/data/rl_deploy/install/node_control_msgs/share/node_control_msgs/hook/cmake_prefix_path.sh'
[2.057s] [34mcolcon.colcon_core.environment[0m [1;30mLevel 1[0m checking '/data/rl_deploy/install/node_control_msgs/lib'
[2.058s] [34mcolcon.colcon_core.shell[0m [1;30mLevel 1[0m create_environment_hook('node_control_msgs', 'ld_library_path_lib')
[2.058s] [34mcolcon.colcon_core.shell[0m [1;30mINFO[0m Creating environment hook '/data/rl_deploy/install/node_control_msgs/share/node_control_msgs/hook/ld_library_path_lib.ps1'
[2.059s] [34mcolcon.colcon_core.shell[0m [1;30mINFO[0m Creating environment descriptor '/data/rl_deploy/install/node_control_msgs/share/node_control_msgs/hook/ld_library_path_lib.dsv'
[2.059s] [34mcolcon.colcon_core.shell[0m [1;30mINFO[0m Creating environment hook '/data/rl_deploy/install/node_control_msgs/share/node_control_msgs/hook/ld_library_path_lib.sh'
[2.060s] [34mcolcon.colcon_core.environment[0m [1;30mLevel 1[0m checking '/data/rl_deploy/install/node_control_msgs/bin'
[2.060s] [34mcolcon.colcon_core.environment[0m [1;30mLevel 1[0m checking '/data/rl_deploy/install/node_control_msgs/lib/pkgconfig/node_control_msgs.pc'
[2.061s] [34mcolcon.colcon_core.environment[0m [1;30mLevel 1[0m checking '/data/rl_deploy/install/node_control_msgs/lib/python3.10/site-packages'
[2.061s] [34mcolcon.colcon_core.environment[0m [1;30mLevel 1[0m checking '/data/rl_deploy/install/node_control_msgs/bin'
[2.062s] [34mcolcon.colcon_core.shell[0m [1;30mINFO[0m Creating package script '/data/rl_deploy/install/node_control_msgs/share/node_control_msgs/package.ps1'
[2.063s] [34mcolcon.colcon_core.shell[0m [1;30mINFO[0m Creating package descriptor '/data/rl_deploy/install/node_control_msgs/share/node_control_msgs/package.dsv'
[2.064s] [34mcolcon.colcon_core.shell[0m [1;30mINFO[0m Creating package script '/data/rl_deploy/install/node_control_msgs/share/node_control_msgs/package.sh'
[2.065s] [34mcolcon.colcon_core.shell[0m [1;30mINFO[0m Creating package script '/data/rl_deploy/install/node_control_msgs/share/node_control_msgs/package.bash'
[2.065s] [34mcolcon.colcon_core.shell[0m [1;30mINFO[0m Creating package script '/data/rl_deploy/install/node_control_msgs/share/node_control_msgs/package.zsh'
[2.066s] [34mcolcon.colcon_core.environment[0m [1;30mLevel 1[0m create_file_with_runtime_dependencies(/data/rl_deploy/install/node_control_msgs/share/colcon-core/packages/node_control_msgs)
[2.067s] [34mcolcon.colcon_core.environment[0m [1;30mLevel 1[0m create_environment_scripts_only(node_control_msgs)
[2.068s] [34mcolcon.colcon_core.environment[0m [1;30mLevel 1[0m checking '/data/rl_deploy/install/node_control_msgs' for CMake module files
[2.069s] [34mcolcon.colcon_core.environment[0m [1;30mLevel 1[0m checking '/data/rl_deploy/install/node_control_msgs' for CMake config files
[2.070s] [34mcolcon.colcon_core.shell[0m [1;30mLevel 1[0m create_environment_hook('node_control_msgs', 'cmake_prefix_path')
[2.071s] [34mcolcon.colcon_core.shell[0m [1;30mINFO[0m Creating environment hook '/data/rl_deploy/install/node_control_msgs/share/node_control_msgs/hook/cmake_prefix_path.ps1'
[2.072s] [34mcolcon.colcon_core.shell[0m [1;30mINFO[0m Creating environment descriptor '/data/rl_deploy/install/node_control_msgs/share/node_control_msgs/hook/cmake_prefix_path.dsv'
[2.072s] [34mcolcon.colcon_core.shell[0m [1;30mINFO[0m Creating environment hook '/data/rl_deploy/install/node_control_msgs/share/node_control_msgs/hook/cmake_prefix_path.sh'
[2.073s] [34mcolcon.colcon_core.environment[0m [1;30mLevel 1[0m checking '/data/rl_deploy/install/node_control_msgs/lib'
[2.073s] [34mcolcon.colcon_core.shell[0m [1;30mLevel 1[0m create_environment_hook('node_control_msgs', 'ld_library_path_lib')
[2.074s] [34mcolcon.colcon_core.shell[0m [1;30mINFO[0m Creating environment hook '/data/rl_deploy/install/node_control_msgs/share/node_control_msgs/hook/ld_library_path_lib.ps1'
[2.075s] [34mcolcon.colcon_core.shell[0m [1;30mINFO[0m Creating environment descriptor '/data/rl_deploy/install/node_control_msgs/share/node_control_msgs/hook/ld_library_path_lib.dsv'
[2.075s] [34mcolcon.colcon_core.shell[0m [1;30mINFO[0m Creating environment hook '/data/rl_deploy/install/node_control_msgs/share/node_control_msgs/hook/ld_library_path_lib.sh'
[2.076s] [34mcolcon.colcon_core.environment[0m [1;30mLevel 1[0m checking '/data/rl_deploy/install/node_control_msgs/bin'
[2.076s] [34mcolcon.colcon_core.environment[0m [1;30mLevel 1[0m checking '/data/rl_deploy/install/node_control_msgs/lib/pkgconfig/node_control_msgs.pc'
[2.077s] [34mcolcon.colcon_core.environment[0m [1;30mLevel 1[0m checking '/data/rl_deploy/install/node_control_msgs/lib/python3.10/site-packages'
[2.077s] [34mcolcon.colcon_core.environment[0m [1;30mLevel 1[0m checking '/data/rl_deploy/install/node_control_msgs/bin'
[2.078s] [34mcolcon.colcon_core.shell[0m [1;30mINFO[0m Creating package script '/data/rl_deploy/install/node_control_msgs/share/node_control_msgs/package.ps1'
[2.079s] [34mcolcon.colcon_core.shell[0m [1;30mINFO[0m Creating package descriptor '/data/rl_deploy/install/node_control_msgs/share/node_control_msgs/package.dsv'
[2.080s] [34mcolcon.colcon_core.shell[0m [1;30mINFO[0m Creating package script '/data/rl_deploy/install/node_control_msgs/share/node_control_msgs/package.sh'
[2.081s] [34mcolcon.colcon_core.shell[0m [1;30mINFO[0m Creating package script '/data/rl_deploy/install/node_control_msgs/share/node_control_msgs/package.bash'
[2.082s] [34mcolcon.colcon_core.shell[0m [1;30mINFO[0m Creating package script '/data/rl_deploy/install/node_control_msgs/share/node_control_msgs/package.zsh'
[2.082s] [34mcolcon.colcon_core.environment[0m [1;30mLevel 1[0m create_file_with_runtime_dependencies(/data/rl_deploy/install/node_control_msgs/share/colcon-core/packages/node_control_msgs)
[2.083s] [34mcolcon.colcon_ros.task.ament_cmake.build[0m [1;30mINFO[0m Building ROS package in '/data/rl_deploy/src/robot_msgs' with build type 'ament_cmake'
[2.083s] [34mcolcon.colcon_cmake.task.cmake.build[0m [1;30mINFO[0m Building CMake package in '/data/rl_deploy/src/robot_msgs'
[2.084s] [34mcolcon.colcon_core.shell[0m [1;30mINFO[0m Skip shell extension 'powershell' for command environment: Not usable outside of PowerShell
[2.084s] [34mcolcon.colcon_core.shell[0m [1;30mDEBUG[0m [32mSkip shell extension 'dsv' for command environment[0m
[2.088s] [34mcolcon.colcon_ros.task.ament_cmake.build[0m [1;30mINFO[0m Building ROS package in '/data/rl_deploy/src/node_app_msgs' with build type 'ament_cmake'
[2.089s] [34mcolcon.colcon_cmake.task.cmake.build[0m [1;30mINFO[0m Building CMake package in '/data/rl_deploy/src/node_app_msgs'
[2.089s] [34mcolcon.colcon_core.shell[0m [1;30mINFO[0m Skip shell extension 'powershell' for command environment: Not usable outside of PowerShell
[2.089s] [34mcolcon.colcon_core.shell[0m [1;30mDEBUG[0m [32mSkip shell extension 'dsv' for command environment[0m
[2.103s] [34mcolcon.colcon_core.event_handler.log_command[0m [1;30mDEBUG[0m [32mInvoking command in '/data/rl_deploy/build/robot_msgs': AMENT_PREFIX_PATH=/data/rl_deploy/install/node_control_msgs:${AMENT_PREFIX_PATH} CMAKE_PREFIX_PATH=/data/rl_deploy/install/node_control_msgs:/opt/ros/humble LD_LIBRARY_PATH=/data/rl_deploy/install/node_control_msgs/lib:/opt/ros/humble/lib/aarch64-linux-gnu:/opt/ros/humble/lib:/app/lib:/app/lib:/usr/local/cuda-12/lib64:/usr/local/cuda-12/lib64:/usr/local/cuda-12/lib64 PYTHONPATH=/data/rl_deploy/install/node_control_msgs/local/lib/python3.10/dist-packages:${PYTHONPATH} /usr/local/bin/cmake --build /data/rl_deploy/build/robot_msgs -- -j8 -l8[0m
[2.109s] [34mcolcon.colcon_core.event_handler.log_command[0m [1;30mDEBUG[0m [32mInvoking command in '/data/rl_deploy/build/node_app_msgs': AMENT_PREFIX_PATH=/data/rl_deploy/install/node_control_msgs:${AMENT_PREFIX_PATH} CMAKE_PREFIX_PATH=/data/rl_deploy/install/node_control_msgs:/opt/ros/humble LD_LIBRARY_PATH=/data/rl_deploy/install/node_control_msgs/lib:/opt/ros/humble/lib/aarch64-linux-gnu:/opt/ros/humble/lib:/app/lib:/app/lib:/usr/local/cuda-12/lib64:/usr/local/cuda-12/lib64:/usr/local/cuda-12/lib64 PYTHONPATH=/data/rl_deploy/install/node_control_msgs/local/lib/python3.10/dist-packages:${PYTHONPATH} /usr/local/bin/cmake --build /data/rl_deploy/build/node_app_msgs -- -j8 -l8[0m
[2.825s] [34mcolcon.colcon_core.event_handler.log_command[0m [1;30mDEBUG[0m [32mInvoked command in '/data/rl_deploy/build/robot_msgs' returned '0': AMENT_PREFIX_PATH=/data/rl_deploy/install/node_control_msgs:${AMENT_PREFIX_PATH} CMAKE_PREFIX_PATH=/data/rl_deploy/install/node_control_msgs:/opt/ros/humble LD_LIBRARY_PATH=/data/rl_deploy/install/node_control_msgs/lib:/opt/ros/humble/lib/aarch64-linux-gnu:/opt/ros/humble/lib:/app/lib:/app/lib:/usr/local/cuda-12/lib64:/usr/local/cuda-12/lib64:/usr/local/cuda-12/lib64 PYTHONPATH=/data/rl_deploy/install/node_control_msgs/local/lib/python3.10/dist-packages:${PYTHONPATH} /usr/local/bin/cmake --build /data/rl_deploy/build/robot_msgs -- -j8 -l8[0m
[2.829s] [34mcolcon.colcon_core.event_handler.log_command[0m [1;30mDEBUG[0m [32mInvoking command in '/data/rl_deploy/build/robot_msgs': AMENT_PREFIX_PATH=/data/rl_deploy/install/node_control_msgs:${AMENT_PREFIX_PATH} CMAKE_PREFIX_PATH=/data/rl_deploy/install/node_control_msgs:/opt/ros/humble LD_LIBRARY_PATH=/data/rl_deploy/install/node_control_msgs/lib:/opt/ros/humble/lib/aarch64-linux-gnu:/opt/ros/humble/lib:/app/lib:/app/lib:/usr/local/cuda-12/lib64:/usr/local/cuda-12/lib64:/usr/local/cuda-12/lib64 PYTHONPATH=/data/rl_deploy/install/node_control_msgs/local/lib/python3.10/dist-packages:${PYTHONPATH} /usr/local/bin/cmake --install /data/rl_deploy/build/robot_msgs[0m
[2.888s] [34mcolcon.colcon_core.event_handler.log_command[0m [1;30mDEBUG[0m [32mInvoked command in '/data/rl_deploy/build/node_app_msgs' returned '0': AMENT_PREFIX_PATH=/data/rl_deploy/install/node_control_msgs:${AMENT_PREFIX_PATH} CMAKE_PREFIX_PATH=/data/rl_deploy/install/node_control_msgs:/opt/ros/humble LD_LIBRARY_PATH=/data/rl_deploy/install/node_control_msgs/lib:/opt/ros/humble/lib/aarch64-linux-gnu:/opt/ros/humble/lib:/app/lib:/app/lib:/usr/local/cuda-12/lib64:/usr/local/cuda-12/lib64:/usr/local/cuda-12/lib64 PYTHONPATH=/data/rl_deploy/install/node_control_msgs/local/lib/python3.10/dist-packages:${PYTHONPATH} /usr/local/bin/cmake --build /data/rl_deploy/build/node_app_msgs -- -j8 -l8[0m
[2.892s] [34mcolcon.colcon_core.event_handler.log_command[0m [1;30mDEBUG[0m [32mInvoking command in '/data/rl_deploy/build/node_app_msgs': AMENT_PREFIX_PATH=/data/rl_deploy/install/node_control_msgs:${AMENT_PREFIX_PATH} CMAKE_PREFIX_PATH=/data/rl_deploy/install/node_control_msgs:/opt/ros/humble LD_LIBRARY_PATH=/data/rl_deploy/install/node_control_msgs/lib:/opt/ros/humble/lib/aarch64-linux-gnu:/opt/ros/humble/lib:/app/lib:/app/lib:/usr/local/cuda-12/lib64:/usr/local/cuda-12/lib64:/usr/local/cuda-12/lib64 PYTHONPATH=/data/rl_deploy/install/node_control_msgs/local/lib/python3.10/dist-packages:${PYTHONPATH} /usr/local/bin/cmake --install /data/rl_deploy/build/node_app_msgs[0m
[3.056s] [34mcolcon.colcon_core.environment[0m [1;30mLevel 1[0m create_environment_scripts_only(robot_msgs)
[3.056s] [34mcolcon.colcon_core.environment[0m [1;30mLevel 1[0m checking '/data/rl_deploy/install/robot_msgs' for CMake module files
[3.057s] [34mcolcon.colcon_core.event_handler.log_command[0m [1;30mDEBUG[0m [32mInvoked command in '/data/rl_deploy/build/robot_msgs' returned '0': AMENT_PREFIX_PATH=/data/rl_deploy/install/node_control_msgs:${AMENT_PREFIX_PATH} CMAKE_PREFIX_PATH=/data/rl_deploy/install/node_control_msgs:/opt/ros/humble LD_LIBRARY_PATH=/data/rl_deploy/install/node_control_msgs/lib:/opt/ros/humble/lib/aarch64-linux-gnu:/opt/ros/humble/lib:/app/lib:/app/lib:/usr/local/cuda-12/lib64:/usr/local/cuda-12/lib64:/usr/local/cuda-12/lib64 PYTHONPATH=/data/rl_deploy/install/node_control_msgs/local/lib/python3.10/dist-packages:${PYTHONPATH} /usr/local/bin/cmake --install /data/rl_deploy/build/robot_msgs[0m
[3.058s] [34mcolcon.colcon_core.environment[0m [1;30mLevel 1[0m checking '/data/rl_deploy/install/robot_msgs' for CMake config files
[3.060s] [34mcolcon.colcon_core.shell[0m [1;30mLevel 1[0m create_environment_hook('robot_msgs', 'cmake_prefix_path')
[3.060s] [34mcolcon.colcon_core.shell[0m [1;30mINFO[0m Creating environment hook '/data/rl_deploy/install/robot_msgs/share/robot_msgs/hook/cmake_prefix_path.ps1'
[3.061s] [34mcolcon.colcon_core.shell[0m [1;30mINFO[0m Creating environment descriptor '/data/rl_deploy/install/robot_msgs/share/robot_msgs/hook/cmake_prefix_path.dsv'
[3.062s] [34mcolcon.colcon_core.shell[0m [1;30mINFO[0m Creating environment hook '/data/rl_deploy/install/robot_msgs/share/robot_msgs/hook/cmake_prefix_path.sh'
[3.063s] [34mcolcon.colcon_core.environment[0m [1;30mLevel 1[0m checking '/data/rl_deploy/install/robot_msgs/lib'
[3.063s] [34mcolcon.colcon_core.shell[0m [1;30mLevel 1[0m create_environment_hook('robot_msgs', 'ld_library_path_lib')
[3.064s] [34mcolcon.colcon_core.shell[0m [1;30mINFO[0m Creating environment hook '/data/rl_deploy/install/robot_msgs/share/robot_msgs/hook/ld_library_path_lib.ps1'
[3.066s] [34mcolcon.colcon_core.shell[0m [1;30mINFO[0m Creating environment descriptor '/data/rl_deploy/install/robot_msgs/share/robot_msgs/hook/ld_library_path_lib.dsv'
[3.067s] [34mcolcon.colcon_core.shell[0m [1;30mINFO[0m Creating environment hook '/data/rl_deploy/install/robot_msgs/share/robot_msgs/hook/ld_library_path_lib.sh'
[3.069s] [34mcolcon.colcon_core.environment[0m [1;30mLevel 1[0m checking '/data/rl_deploy/install/robot_msgs/bin'
[3.069s] [34mcolcon.colcon_core.environment[0m [1;30mLevel 1[0m checking '/data/rl_deploy/install/robot_msgs/lib/pkgconfig/robot_msgs.pc'
[3.070s] [34mcolcon.colcon_core.environment[0m [1;30mLevel 1[0m checking '/data/rl_deploy/install/robot_msgs/lib/python3.10/site-packages'
[3.071s] [34mcolcon.colcon_core.environment[0m [1;30mLevel 1[0m checking '/data/rl_deploy/install/robot_msgs/bin'
[3.072s] [34mcolcon.colcon_core.shell[0m [1;30mINFO[0m Creating package script '/data/rl_deploy/install/robot_msgs/share/robot_msgs/package.ps1'
[3.074s] [34mcolcon.colcon_core.shell[0m [1;30mINFO[0m Creating package descriptor '/data/rl_deploy/install/robot_msgs/share/robot_msgs/package.dsv'
[3.075s] [34mcolcon.colcon_core.shell[0m [1;30mINFO[0m Creating package script '/data/rl_deploy/install/robot_msgs/share/robot_msgs/package.sh'
[3.077s] [34mcolcon.colcon_core.shell[0m [1;30mINFO[0m Creating package script '/data/rl_deploy/install/robot_msgs/share/robot_msgs/package.bash'
[3.079s] [34mcolcon.colcon_core.shell[0m [1;30mINFO[0m Creating package script '/data/rl_deploy/install/robot_msgs/share/robot_msgs/package.zsh'
[3.081s] [34mcolcon.colcon_core.environment[0m [1;30mLevel 1[0m create_file_with_runtime_dependencies(/data/rl_deploy/install/robot_msgs/share/colcon-core/packages/robot_msgs)
[3.086s] [34mcolcon.colcon_core.environment[0m [1;30mLevel 1[0m create_environment_scripts_only(robot_msgs)
[3.086s] [34mcolcon.colcon_core.environment[0m [1;30mLevel 1[0m checking '/data/rl_deploy/install/robot_msgs' for CMake module files
[3.090s] [34mcolcon.colcon_core.environment[0m [1;30mLevel 1[0m checking '/data/rl_deploy/install/robot_msgs' for CMake config files
[3.094s] [34mcolcon.colcon_core.shell[0m [1;30mLevel 1[0m create_environment_hook('robot_msgs', 'cmake_prefix_path')
[3.094s] [34mcolcon.colcon_core.shell[0m [1;30mINFO[0m Creating environment hook '/data/rl_deploy/install/robot_msgs/share/robot_msgs/hook/cmake_prefix_path.ps1'
[3.096s] [34mcolcon.colcon_core.shell[0m [1;30mINFO[0m Creating environment descriptor '/data/rl_deploy/install/robot_msgs/share/robot_msgs/hook/cmake_prefix_path.dsv'
[3.098s] [34mcolcon.colcon_core.shell[0m [1;30mINFO[0m Creating environment hook '/data/rl_deploy/install/robot_msgs/share/robot_msgs/hook/cmake_prefix_path.sh'
[3.100s] [34mcolcon.colcon_core.environment[0m [1;30mLevel 1[0m checking '/data/rl_deploy/install/robot_msgs/lib'
[3.100s] [34mcolcon.colcon_core.shell[0m [1;30mLevel 1[0m create_environment_hook('robot_msgs', 'ld_library_path_lib')
[3.101s] [34mcolcon.colcon_core.shell[0m [1;30mINFO[0m Creating environment hook '/data/rl_deploy/install/robot_msgs/share/robot_msgs/hook/ld_library_path_lib.ps1'
[3.103s] [34mcolcon.colcon_core.shell[0m [1;30mINFO[0m Creating environment descriptor '/data/rl_deploy/install/robot_msgs/share/robot_msgs/hook/ld_library_path_lib.dsv'
[3.104s] [34mcolcon.colcon_core.shell[0m [1;30mINFO[0m Creating environment hook '/data/rl_deploy/install/robot_msgs/share/robot_msgs/hook/ld_library_path_lib.sh'
[3.106s] [34mcolcon.colcon_core.environment[0m [1;30mLevel 1[0m checking '/data/rl_deploy/install/robot_msgs/bin'
[3.106s] [34mcolcon.colcon_core.environment[0m [1;30mLevel 1[0m checking '/data/rl_deploy/install/robot_msgs/lib/pkgconfig/robot_msgs.pc'
[3.106s] [34mcolcon.colcon_core.environment[0m [1;30mLevel 1[0m checking '/data/rl_deploy/install/robot_msgs/lib/python3.10/site-packages'
[3.107s] [34mcolcon.colcon_core.environment[0m [1;30mLevel 1[0m checking '/data/rl_deploy/install/robot_msgs/bin'
[3.109s] [34mcolcon.colcon_core.shell[0m [1;30mINFO[0m Creating package script '/data/rl_deploy/install/robot_msgs/share/robot_msgs/package.ps1'
[3.111s] [34mcolcon.colcon_core.shell[0m [1;30mINFO[0m Creating package descriptor '/data/rl_deploy/install/robot_msgs/share/robot_msgs/package.dsv'
[3.115s] [34mcolcon.colcon_core.shell[0m [1;30mINFO[0m Creating package script '/data/rl_deploy/install/robot_msgs/share/robot_msgs/package.sh'
[3.116s] [34mcolcon.colcon_core.shell[0m [1;30mINFO[0m Creating package script '/data/rl_deploy/install/robot_msgs/share/robot_msgs/package.bash'
[3.118s] [34mcolcon.colcon_core.shell[0m [1;30mINFO[0m Creating package script '/data/rl_deploy/install/robot_msgs/share/robot_msgs/package.zsh'
[3.119s] [34mcolcon.colcon_core.environment[0m [1;30mLevel 1[0m create_file_with_runtime_dependencies(/data/rl_deploy/install/robot_msgs/share/colcon-core/packages/robot_msgs)
[3.120s] [34mcolcon.colcon_ros.task.ament_cmake.build[0m [1;30mINFO[0m Building ROS package in '/data/rl_deploy/src/robot_state' with build type 'ament_cmake'
[3.121s] [34mcolcon.colcon_cmake.task.cmake.build[0m [1;30mINFO[0m Building CMake package in '/data/rl_deploy/src/robot_state'
[3.121s] [34mcolcon.colcon_core.shell[0m [1;30mINFO[0m Skip shell extension 'powershell' for command environment: Not usable outside of PowerShell
[3.121s] [34mcolcon.colcon_core.shell[0m [1;30mDEBUG[0m [32mSkip shell extension 'dsv' for command environment[0m
[3.150s] [34mcolcon.colcon_core.event_handler.log_command[0m [1;30mDEBUG[0m [32mInvoking command in '/data/rl_deploy/build/robot_state': AMENT_PREFIX_PATH=/data/rl_deploy/install/robot_msgs:/data/rl_deploy/install/node_control_msgs:${AMENT_PREFIX_PATH} CMAKE_PREFIX_PATH=/data/rl_deploy/install/robot_msgs:/data/rl_deploy/install/node_control_msgs:/opt/ros/humble LD_LIBRARY_PATH=/data/rl_deploy/install/robot_msgs/lib:/data/rl_deploy/install/node_control_msgs/lib:/opt/ros/humble/lib/aarch64-linux-gnu:/opt/ros/humble/lib:/app/lib:/app/lib:/usr/local/cuda-12/lib64:/usr/local/cuda-12/lib64:/usr/local/cuda-12/lib64 PYTHONPATH=/data/rl_deploy/install/robot_msgs/local/lib/python3.10/dist-packages:/data/rl_deploy/install/node_control_msgs/local/lib/python3.10/dist-packages:${PYTHONPATH} /usr/local/bin/cmake --build /data/rl_deploy/build/robot_state -- -j8 -l8[0m
[3.180s] [34mcolcon.colcon_core.environment[0m [1;30mLevel 1[0m create_environment_scripts_only(node_app_msgs)
[3.181s] [34mcolcon.colcon_core.environment[0m [1;30mLevel 1[0m checking '/data/rl_deploy/install/node_app_msgs' for CMake module files
[3.181s] [34mcolcon.colcon_core.event_handler.log_command[0m [1;30mDEBUG[0m [32mInvoked command in '/data/rl_deploy/build/node_app_msgs' returned '0': AMENT_PREFIX_PATH=/data/rl_deploy/install/node_control_msgs:${AMENT_PREFIX_PATH} CMAKE_PREFIX_PATH=/data/rl_deploy/install/node_control_msgs:/opt/ros/humble LD_LIBRARY_PATH=/data/rl_deploy/install/node_control_msgs/lib:/opt/ros/humble/lib/aarch64-linux-gnu:/opt/ros/humble/lib:/app/lib:/app/lib:/usr/local/cuda-12/lib64:/usr/local/cuda-12/lib64:/usr/local/cuda-12/lib64 PYTHONPATH=/data/rl_deploy/install/node_control_msgs/local/lib/python3.10/dist-packages:${PYTHONPATH} /usr/local/bin/cmake --install /data/rl_deploy/build/node_app_msgs[0m
[3.182s] [34mcolcon.colcon_core.environment[0m [1;30mLevel 1[0m checking '/data/rl_deploy/install/node_app_msgs' for CMake config files
[3.184s] [34mcolcon.colcon_core.shell[0m [1;30mLevel 1[0m create_environment_hook('node_app_msgs', 'cmake_prefix_path')
[3.184s] [34mcolcon.colcon_core.shell[0m [1;30mINFO[0m Creating environment hook '/data/rl_deploy/install/node_app_msgs/share/node_app_msgs/hook/cmake_prefix_path.ps1'
[3.186s] [34mcolcon.colcon_core.shell[0m [1;30mINFO[0m Creating environment descriptor '/data/rl_deploy/install/node_app_msgs/share/node_app_msgs/hook/cmake_prefix_path.dsv'
[3.186s] [34mcolcon.colcon_core.shell[0m [1;30mINFO[0m Creating environment hook '/data/rl_deploy/install/node_app_msgs/share/node_app_msgs/hook/cmake_prefix_path.sh'
[3.187s] [34mcolcon.colcon_core.environment[0m [1;30mLevel 1[0m checking '/data/rl_deploy/install/node_app_msgs/lib'
[3.188s] [34mcolcon.colcon_core.shell[0m [1;30mLevel 1[0m create_environment_hook('node_app_msgs', 'ld_library_path_lib')
[3.188s] [34mcolcon.colcon_core.shell[0m [1;30mINFO[0m Creating environment hook '/data/rl_deploy/install/node_app_msgs/share/node_app_msgs/hook/ld_library_path_lib.ps1'
[3.189s] [34mcolcon.colcon_core.shell[0m [1;30mINFO[0m Creating environment descriptor '/data/rl_deploy/install/node_app_msgs/share/node_app_msgs/hook/ld_library_path_lib.dsv'
[3.190s] [34mcolcon.colcon_core.shell[0m [1;30mINFO[0m Creating environment hook '/data/rl_deploy/install/node_app_msgs/share/node_app_msgs/hook/ld_library_path_lib.sh'
[3.190s] [34mcolcon.colcon_core.environment[0m [1;30mLevel 1[0m checking '/data/rl_deploy/install/node_app_msgs/bin'
[3.190s] [34mcolcon.colcon_core.environment[0m [1;30mLevel 1[0m checking '/data/rl_deploy/install/node_app_msgs/lib/pkgconfig/node_app_msgs.pc'
[3.191s] [34mcolcon.colcon_core.environment[0m [1;30mLevel 1[0m checking '/data/rl_deploy/install/node_app_msgs/lib/python3.10/site-packages'
[3.192s] [34mcolcon.colcon_core.environment[0m [1;30mLevel 1[0m checking '/data/rl_deploy/install/node_app_msgs/bin'
[3.192s] [34mcolcon.colcon_core.shell[0m [1;30mINFO[0m Creating package script '/data/rl_deploy/install/node_app_msgs/share/node_app_msgs/package.ps1'
[3.193s] [34mcolcon.colcon_core.shell[0m [1;30mINFO[0m Creating package descriptor '/data/rl_deploy/install/node_app_msgs/share/node_app_msgs/package.dsv'
[3.194s] [34mcolcon.colcon_core.shell[0m [1;30mINFO[0m Creating package script '/data/rl_deploy/install/node_app_msgs/share/node_app_msgs/package.sh'
[3.195s] [34mcolcon.colcon_core.shell[0m [1;30mINFO[0m Creating package script '/data/rl_deploy/install/node_app_msgs/share/node_app_msgs/package.bash'
[3.196s] [34mcolcon.colcon_core.shell[0m [1;30mINFO[0m Creating package script '/data/rl_deploy/install/node_app_msgs/share/node_app_msgs/package.zsh'
[3.196s] [34mcolcon.colcon_core.environment[0m [1;30mLevel 1[0m create_file_with_runtime_dependencies(/data/rl_deploy/install/node_app_msgs/share/colcon-core/packages/node_app_msgs)
[3.198s] [34mcolcon.colcon_core.environment[0m [1;30mLevel 1[0m create_environment_scripts_only(node_app_msgs)
[3.198s] [34mcolcon.colcon_core.environment[0m [1;30mLevel 1[0m checking '/data/rl_deploy/install/node_app_msgs' for CMake module files
[3.199s] [34mcolcon.colcon_core.environment[0m [1;30mLevel 1[0m checking '/data/rl_deploy/install/node_app_msgs' for CMake config files
[3.200s] [34mcolcon.colcon_core.shell[0m [1;30mLevel 1[0m create_environment_hook('node_app_msgs', 'cmake_prefix_path')
[3.201s] [34mcolcon.colcon_core.shell[0m [1;30mINFO[0m Creating environment hook '/data/rl_deploy/install/node_app_msgs/share/node_app_msgs/hook/cmake_prefix_path.ps1'
[3.202s] [34mcolcon.colcon_core.shell[0m [1;30mINFO[0m Creating environment descriptor '/data/rl_deploy/install/node_app_msgs/share/node_app_msgs/hook/cmake_prefix_path.dsv'
[3.202s] [34mcolcon.colcon_core.shell[0m [1;30mINFO[0m Creating environment hook '/data/rl_deploy/install/node_app_msgs/share/node_app_msgs/hook/cmake_prefix_path.sh'
[3.203s] [34mcolcon.colcon_core.environment[0m [1;30mLevel 1[0m checking '/data/rl_deploy/install/node_app_msgs/lib'
[3.203s] [34mcolcon.colcon_core.shell[0m [1;30mLevel 1[0m create_environment_hook('node_app_msgs', 'ld_library_path_lib')
[3.204s] [34mcolcon.colcon_core.shell[0m [1;30mINFO[0m Creating environment hook '/data/rl_deploy/install/node_app_msgs/share/node_app_msgs/hook/ld_library_path_lib.ps1'
[3.205s] [34mcolcon.colcon_core.shell[0m [1;30mINFO[0m Creating environment descriptor '/data/rl_deploy/install/node_app_msgs/share/node_app_msgs/hook/ld_library_path_lib.dsv'
[3.206s] [34mcolcon.colcon_core.shell[0m [1;30mINFO[0m Creating environment hook '/data/rl_deploy/install/node_app_msgs/share/node_app_msgs/hook/ld_library_path_lib.sh'
[3.207s] [34mcolcon.colcon_core.environment[0m [1;30mLevel 1[0m checking '/data/rl_deploy/install/node_app_msgs/bin'
[3.207s] [34mcolcon.colcon_core.environment[0m [1;30mLevel 1[0m checking '/data/rl_deploy/install/node_app_msgs/lib/pkgconfig/node_app_msgs.pc'
[3.208s] [34mcolcon.colcon_core.environment[0m [1;30mLevel 1[0m checking '/data/rl_deploy/install/node_app_msgs/lib/python3.10/site-packages'
[3.208s] [34mcolcon.colcon_core.environment[0m [1;30mLevel 1[0m checking '/data/rl_deploy/install/node_app_msgs/bin'
[3.209s] [34mcolcon.colcon_core.shell[0m [1;30mINFO[0m Creating package script '/data/rl_deploy/install/node_app_msgs/share/node_app_msgs/package.ps1'
[3.210s] [34mcolcon.colcon_core.shell[0m [1;30mINFO[0m Creating package descriptor '/data/rl_deploy/install/node_app_msgs/share/node_app_msgs/package.dsv'
[3.211s] [34mcolcon.colcon_core.shell[0m [1;30mINFO[0m Creating package script '/data/rl_deploy/install/node_app_msgs/share/node_app_msgs/package.sh'
[3.212s] [34mcolcon.colcon_core.shell[0m [1;30mINFO[0m Creating package script '/data/rl_deploy/install/node_app_msgs/share/node_app_msgs/package.bash'
[3.213s] [34mcolcon.colcon_core.shell[0m [1;30mINFO[0m Creating package script '/data/rl_deploy/install/node_app_msgs/share/node_app_msgs/package.zsh'
[3.214s] [34mcolcon.colcon_core.environment[0m [1;30mLevel 1[0m create_file_with_runtime_dependencies(/data/rl_deploy/install/node_app_msgs/share/colcon-core/packages/node_app_msgs)
[3.215s] [34mcolcon.colcon_ros.task.ament_python.build[0m [1;30mINFO[0m Building ROS package in '/data/rl_deploy/src/robot_rl_controller' with build type 'ament_python'
[3.215s] [34mcolcon.colcon_core.shell[0m [1;30mLevel 1[0m create_environment_hook('robot_rl_controller', 'ament_prefix_path')
[3.216s] [34mcolcon.colcon_core.shell[0m [1;30mINFO[0m Creating environment hook '/data/rl_deploy/install/robot_rl_controller/share/robot_rl_controller/hook/ament_prefix_path.ps1'
[3.217s] [34mcolcon.colcon_core.shell[0m [1;30mINFO[0m Creating environment descriptor '/data/rl_deploy/install/robot_rl_controller/share/robot_rl_controller/hook/ament_prefix_path.dsv'
[3.218s] [34mcolcon.colcon_core.shell[0m [1;30mINFO[0m Creating environment hook '/data/rl_deploy/install/robot_rl_controller/share/robot_rl_controller/hook/ament_prefix_path.sh'
[3.219s] [34mcolcon.colcon_core.shell[0m [1;30mINFO[0m Skip shell extension 'powershell' for command environment: Not usable outside of PowerShell
[3.219s] [34mcolcon.colcon_core.shell[0m [1;30mDEBUG[0m [32mSkip shell extension 'dsv' for command environment[0m
[3.768s] [34mcolcon.colcon_core.task.python.build[0m [1;30mINFO[0m Building Python package in '/data/rl_deploy/src/robot_rl_controller'
[3.768s] [34mcolcon.colcon_core.shell[0m [1;30mINFO[0m Skip shell extension 'powershell' for command environment: Not usable outside of PowerShell
[3.769s] [34mcolcon.colcon_core.shell[0m [1;30mDEBUG[0m [32mSkip shell extension 'dsv' for command environment[0m
[3.776s] [34mcolcon.colcon_core.event_handler.log_command[0m [1;30mDEBUG[0m [32mInvoked command in '/data/rl_deploy/build/robot_state' returned '0': AMENT_PREFIX_PATH=/data/rl_deploy/install/robot_msgs:/data/rl_deploy/install/node_control_msgs:${AMENT_PREFIX_PATH} CMAKE_PREFIX_PATH=/data/rl_deploy/install/robot_msgs:/data/rl_deploy/install/node_control_msgs:/opt/ros/humble LD_LIBRARY_PATH=/data/rl_deploy/install/robot_msgs/lib:/data/rl_deploy/install/node_control_msgs/lib:/opt/ros/humble/lib/aarch64-linux-gnu:/opt/ros/humble/lib:/app/lib:/app/lib:/usr/local/cuda-12/lib64:/usr/local/cuda-12/lib64:/usr/local/cuda-12/lib64 PYTHONPATH=/data/rl_deploy/install/robot_msgs/local/lib/python3.10/dist-packages:/data/rl_deploy/install/node_control_msgs/local/lib/python3.10/dist-packages:${PYTHONPATH} /usr/local/bin/cmake --build /data/rl_deploy/build/robot_state -- -j8 -l8[0m
[3.780s] [34mcolcon.colcon_core.event_handler.log_command[0m [1;30mDEBUG[0m [32mInvoking command in '/data/rl_deploy/build/robot_state': AMENT_PREFIX_PATH=/data/rl_deploy/install/robot_msgs:/data/rl_deploy/install/node_control_msgs:${AMENT_PREFIX_PATH} CMAKE_PREFIX_PATH=/data/rl_deploy/install/robot_msgs:/data/rl_deploy/install/node_control_msgs:/opt/ros/humble LD_LIBRARY_PATH=/data/rl_deploy/install/robot_msgs/lib:/data/rl_deploy/install/node_control_msgs/lib:/opt/ros/humble/lib/aarch64-linux-gnu:/opt/ros/humble/lib:/app/lib:/app/lib:/usr/local/cuda-12/lib64:/usr/local/cuda-12/lib64:/usr/local/cuda-12/lib64 PYTHONPATH=/data/rl_deploy/install/robot_msgs/local/lib/python3.10/dist-packages:/data/rl_deploy/install/node_control_msgs/local/lib/python3.10/dist-packages:${PYTHONPATH} /usr/local/bin/cmake --install /data/rl_deploy/build/robot_state[0m
[3.923s] [34mcolcon.colcon_core.environment[0m [1;30mLevel 1[0m create_environment_scripts_only(robot_state)
[3.924s] [34mcolcon.colcon_core.environment[0m [1;30mLevel 1[0m checking '/data/rl_deploy/install/robot_state' for CMake module files
[3.925s] [34mcolcon.colcon_core.event_handler.log_command[0m [1;30mDEBUG[0m [32mInvoked command in '/data/rl_deploy/build/robot_state' returned '0': AMENT_PREFIX_PATH=/data/rl_deploy/install/robot_msgs:/data/rl_deploy/install/node_control_msgs:${AMENT_PREFIX_PATH} CMAKE_PREFIX_PATH=/data/rl_deploy/install/robot_msgs:/data/rl_deploy/install/node_control_msgs:/opt/ros/humble LD_LIBRARY_PATH=/data/rl_deploy/install/robot_msgs/lib:/data/rl_deploy/install/node_control_msgs/lib:/opt/ros/humble/lib/aarch64-linux-gnu:/opt/ros/humble/lib:/app/lib:/app/lib:/usr/local/cuda-12/lib64:/usr/local/cuda-12/lib64:/usr/local/cuda-12/lib64 PYTHONPATH=/data/rl_deploy/install/robot_msgs/local/lib/python3.10/dist-packages:/data/rl_deploy/install/node_control_msgs/local/lib/python3.10/dist-packages:${PYTHONPATH} /usr/local/bin/cmake --install /data/rl_deploy/build/robot_state[0m
[3.926s] [34mcolcon.colcon_core.environment[0m [1;30mLevel 1[0m checking '/data/rl_deploy/install/robot_state' for CMake config files
[3.927s] [34mcolcon.colcon_core.shell[0m [1;30mLevel 1[0m create_environment_hook('robot_state', 'cmake_prefix_path')
[3.927s] [34mcolcon.colcon_core.shell[0m [1;30mINFO[0m Creating environment hook '/data/rl_deploy/install/robot_state/share/robot_state/hook/cmake_prefix_path.ps1'
[3.929s] [34mcolcon.colcon_core.shell[0m [1;30mINFO[0m Creating environment descriptor '/data/rl_deploy/install/robot_state/share/robot_state/hook/cmake_prefix_path.dsv'
[3.930s] [34mcolcon.colcon_core.shell[0m [1;30mINFO[0m Creating environment hook '/data/rl_deploy/install/robot_state/share/robot_state/hook/cmake_prefix_path.sh'
[3.931s] [34mcolcon.colcon_core.environment[0m [1;30mLevel 1[0m checking '/data/rl_deploy/install/robot_state/lib'
[3.931s] [34mcolcon.colcon_core.environment[0m [1;30mLevel 1[0m checking '/data/rl_deploy/install/robot_state/bin'
[3.931s] [34mcolcon.colcon_core.environment[0m [1;30mLevel 1[0m checking '/data/rl_deploy/install/robot_state/lib/pkgconfig/robot_state.pc'
[3.932s] [34mcolcon.colcon_core.environment[0m [1;30mLevel 1[0m checking '/data/rl_deploy/install/robot_state/lib/python3.10/site-packages'
[3.933s] [34mcolcon.colcon_core.environment[0m [1;30mLevel 1[0m checking '/data/rl_deploy/install/robot_state/bin'
[3.933s] [34mcolcon.colcon_core.shell[0m [1;30mINFO[0m Creating package script '/data/rl_deploy/install/robot_state/share/robot_state/package.ps1'
[3.935s] [34mcolcon.colcon_core.shell[0m [1;30mINFO[0m Creating package descriptor '/data/rl_deploy/install/robot_state/share/robot_state/package.dsv'
[3.936s] [34mcolcon.colcon_core.shell[0m [1;30mINFO[0m Creating package script '/data/rl_deploy/install/robot_state/share/robot_state/package.sh'
[3.937s] [34mcolcon.colcon_core.shell[0m [1;30mINFO[0m Creating package script '/data/rl_deploy/install/robot_state/share/robot_state/package.bash'
[3.937s] [34mcolcon.colcon_core.shell[0m [1;30mINFO[0m Creating package script '/data/rl_deploy/install/robot_state/share/robot_state/package.zsh'
[3.938s] [34mcolcon.colcon_core.environment[0m [1;30mLevel 1[0m create_file_with_runtime_dependencies(/data/rl_deploy/install/robot_state/share/colcon-core/packages/robot_state)
[3.940s] [34mcolcon.colcon_core.environment[0m [1;30mLevel 1[0m create_environment_scripts_only(robot_state)
[3.941s] [34mcolcon.colcon_core.environment[0m [1;30mLevel 1[0m checking '/data/rl_deploy/install/robot_state' for CMake module files
[3.942s] [34mcolcon.colcon_core.environment[0m [1;30mLevel 1[0m checking '/data/rl_deploy/install/robot_state' for CMake config files
[3.943s] [34mcolcon.colcon_core.shell[0m [1;30mLevel 1[0m create_environment_hook('robot_state', 'cmake_prefix_path')
[3.943s] [34mcolcon.colcon_core.shell[0m [1;30mINFO[0m Creating environment hook '/data/rl_deploy/install/robot_state/share/robot_state/hook/cmake_prefix_path.ps1'
[3.944s] [34mcolcon.colcon_core.shell[0m [1;30mINFO[0m Creating environment descriptor '/data/rl_deploy/install/robot_state/share/robot_state/hook/cmake_prefix_path.dsv'
[3.945s] [34mcolcon.colcon_core.shell[0m [1;30mINFO[0m Creating environment hook '/data/rl_deploy/install/robot_state/share/robot_state/hook/cmake_prefix_path.sh'
[3.946s] [34mcolcon.colcon_core.environment[0m [1;30mLevel 1[0m checking '/data/rl_deploy/install/robot_state/lib'
[3.946s] [34mcolcon.colcon_core.environment[0m [1;30mLevel 1[0m checking '/data/rl_deploy/install/robot_state/bin'
[3.947s] [34mcolcon.colcon_core.environment[0m [1;30mLevel 1[0m checking '/data/rl_deploy/install/robot_state/lib/pkgconfig/robot_state.pc'
[3.947s] [34mcolcon.colcon_core.environment[0m [1;30mLevel 1[0m checking '/data/rl_deploy/install/robot_state/lib/python3.10/site-packages'
[3.948s] [34mcolcon.colcon_core.environment[0m [1;30mLevel 1[0m checking '/data/rl_deploy/install/robot_state/bin'
[3.948s] [34mcolcon.colcon_core.shell[0m [1;30mINFO[0m Creating package script '/data/rl_deploy/install/robot_state/share/robot_state/package.ps1'
[3.950s] [34mcolcon.colcon_core.shell[0m [1;30mINFO[0m Creating package descriptor '/data/rl_deploy/install/robot_state/share/robot_state/package.dsv'
[3.951s] [34mcolcon.colcon_core.shell[0m [1;30mINFO[0m Creating package script '/data/rl_deploy/install/robot_state/share/robot_state/package.sh'
[3.952s] [34mcolcon.colcon_core.shell[0m [1;30mINFO[0m Creating package script '/data/rl_deploy/install/robot_state/share/robot_state/package.bash'
[3.953s] [34mcolcon.colcon_core.shell[0m [1;30mINFO[0m Creating package script '/data/rl_deploy/install/robot_state/share/robot_state/package.zsh'
[3.954s] [34mcolcon.colcon_core.environment[0m [1;30mLevel 1[0m create_file_with_runtime_dependencies(/data/rl_deploy/install/robot_state/share/colcon-core/packages/robot_state)
[4.363s] [34mcolcon.colcon_core.event_handler.log_command[0m [1;30mDEBUG[0m [32mInvoking command in '/data/rl_deploy/src/robot_rl_controller': AMENT_PREFIX_PATH=/data/rl_deploy/install/robot_msgs:/data/rl_deploy/install/node_app_msgs:/data/rl_deploy/install/node_control_msgs:${AMENT_PREFIX_PATH} CMAKE_PREFIX_PATH=/data/rl_deploy/install/robot_msgs:/data/rl_deploy/install/node_app_msgs:/data/rl_deploy/install/node_control_msgs LD_LIBRARY_PATH=/data/rl_deploy/install/robot_msgs/lib:/data/rl_deploy/install/node_app_msgs/lib:/data/rl_deploy/install/node_control_msgs/lib:/opt/ros/humble/lib/aarch64-linux-gnu:/opt/ros/humble/lib:/app/lib:/app/lib:/usr/local/cuda-12/lib64:/usr/local/cuda-12/lib64:/usr/local/cuda-12/lib64 PYTHONPATH=/data/rl_deploy/build/robot_rl_controller/prefix_override:/usr/lib/python3/dist-packages/colcon_core/task/python/colcon_distutils_commands:/data/rl_deploy/install/robot_rl_controller/lib/python3.10/site-packages:/data/rl_deploy/install/robot_msgs/local/lib/python3.10/dist-packages:/data/rl_deploy/install/node_app_msgs/local/lib/python3.10/dist-packages:/data/rl_deploy/install/node_control_msgs/local/lib/python3.10/dist-packages:${PYTHONPATH} /usr/bin/python3 -W ignore:setup.py install is deprecated -W ignore:easy_install command is deprecated setup.py egg_info --egg-base ../../build/robot_rl_controller build --build-base /data/rl_deploy/build/robot_rl_controller/build install --record /data/rl_deploy/build/robot_rl_controller/install.log --single-version-externally-managed install_data[0m
[4.878s] [34mcolcon.colcon_core.environment[0m [1;30mLevel 1[0m checking '/data/rl_deploy/install/robot_rl_controller' for CMake module files
[4.879s] [34mcolcon.colcon_core.event_handler.log_command[0m [1;30mDEBUG[0m [32mInvoked command in '/data/rl_deploy/src/robot_rl_controller' returned '0': AMENT_PREFIX_PATH=/data/rl_deploy/install/robot_msgs:/data/rl_deploy/install/node_app_msgs:/data/rl_deploy/install/node_control_msgs:${AMENT_PREFIX_PATH} CMAKE_PREFIX_PATH=/data/rl_deploy/install/robot_msgs:/data/rl_deploy/install/node_app_msgs:/data/rl_deploy/install/node_control_msgs LD_LIBRARY_PATH=/data/rl_deploy/install/robot_msgs/lib:/data/rl_deploy/install/node_app_msgs/lib:/data/rl_deploy/install/node_control_msgs/lib:/opt/ros/humble/lib/aarch64-linux-gnu:/opt/ros/humble/lib:/app/lib:/app/lib:/usr/local/cuda-12/lib64:/usr/local/cuda-12/lib64:/usr/local/cuda-12/lib64 PYTHONPATH=/data/rl_deploy/build/robot_rl_controller/prefix_override:/usr/lib/python3/dist-packages/colcon_core/task/python/colcon_distutils_commands:/data/rl_deploy/install/robot_rl_controller/lib/python3.10/site-packages:/data/rl_deploy/install/robot_msgs/local/lib/python3.10/dist-packages:/data/rl_deploy/install/node_app_msgs/local/lib/python3.10/dist-packages:/data/rl_deploy/install/node_control_msgs/local/lib/python3.10/dist-packages:${PYTHONPATH} /usr/bin/python3 -W ignore:setup.py install is deprecated -W ignore:easy_install command is deprecated setup.py egg_info --egg-base ../../build/robot_rl_controller build --build-base /data/rl_deploy/build/robot_rl_controller/build install --record /data/rl_deploy/build/robot_rl_controller/install.log --single-version-externally-managed install_data[0m
[4.880s] [34mcolcon.colcon_core.environment[0m [1;30mLevel 1[0m checking '/data/rl_deploy/install/robot_rl_controller' for CMake config files
[4.881s] [34mcolcon.colcon_core.environment[0m [1;30mLevel 1[0m checking '/data/rl_deploy/install/robot_rl_controller/lib'
[4.881s] [34mcolcon.colcon_core.environment[0m [1;30mLevel 1[0m checking '/data/rl_deploy/install/robot_rl_controller/bin'
[4.882s] [34mcolcon.colcon_core.environment[0m [1;30mLevel 1[0m checking '/data/rl_deploy/install/robot_rl_controller/lib/pkgconfig/robot_rl_controller.pc'
[4.882s] [34mcolcon.colcon_core.environment[0m [1;30mLevel 1[0m checking '/data/rl_deploy/install/robot_rl_controller/lib/python3.10/site-packages'
[4.882s] [34mcolcon.colcon_core.shell[0m [1;30mLevel 1[0m create_environment_hook('robot_rl_controller', 'pythonpath')
[4.883s] [34mcolcon.colcon_core.shell[0m [1;30mINFO[0m Creating environment hook '/data/rl_deploy/install/robot_rl_controller/share/robot_rl_controller/hook/pythonpath.ps1'
[4.884s] [34mcolcon.colcon_core.shell[0m [1;30mINFO[0m Creating environment descriptor '/data/rl_deploy/install/robot_rl_controller/share/robot_rl_controller/hook/pythonpath.dsv'
[4.884s] [34mcolcon.colcon_core.shell[0m [1;30mINFO[0m Creating environment hook '/data/rl_deploy/install/robot_rl_controller/share/robot_rl_controller/hook/pythonpath.sh'
[4.886s] [34mcolcon.colcon_core.environment[0m [1;30mLevel 1[0m checking '/data/rl_deploy/install/robot_rl_controller/bin'
[4.886s] [34mcolcon.colcon_core.environment[0m [1;30mLevel 1[0m create_environment_scripts_only(robot_rl_controller)
[4.887s] [34mcolcon.colcon_core.shell[0m [1;30mINFO[0m Creating package script '/data/rl_deploy/install/robot_rl_controller/share/robot_rl_controller/package.ps1'
[4.888s] [34mcolcon.colcon_core.shell[0m [1;30mINFO[0m Creating package descriptor '/data/rl_deploy/install/robot_rl_controller/share/robot_rl_controller/package.dsv'
[4.889s] [34mcolcon.colcon_core.shell[0m [1;30mINFO[0m Creating package script '/data/rl_deploy/install/robot_rl_controller/share/robot_rl_controller/package.sh'
[4.890s] [34mcolcon.colcon_core.shell[0m [1;30mINFO[0m Creating package script '/data/rl_deploy/install/robot_rl_controller/share/robot_rl_controller/package.bash'
[4.890s] [34mcolcon.colcon_core.shell[0m [1;30mINFO[0m Creating package script '/data/rl_deploy/install/robot_rl_controller/share/robot_rl_controller/package.zsh'
[4.891s] [34mcolcon.colcon_core.environment[0m [1;30mLevel 1[0m create_file_with_runtime_dependencies(/data/rl_deploy/install/robot_rl_controller/share/colcon-core/packages/robot_rl_controller)
[4.892s] [34mcolcon.colcon_parallel_executor.executor.parallel[0m [1;30mDEBUG[0m [32mclosing loop[0m
[4.892s] [34mcolcon.colcon_parallel_executor.executor.parallel[0m [1;30mDEBUG[0m [32mloop closed[0m
[4.892s] [34mcolcon.colcon_parallel_executor.executor.parallel[0m [1;30mDEBUG[0m [32mrun_until_complete finished with '0'[0m
[4.893s] [34mcolcon.colcon_core.event_reactor[0m [1;30mDEBUG[0m [32mjoining thread[0m
[4.906s] [34mcolcon.colcon_core.plugin_system[0m [1;30mINFO[0m Skipping extension 'colcon_notification.desktop_notification.terminal_notifier': Not used on non-Darwin systems
[4.907s] [34mcolcon.colcon_core.plugin_system[0m [1;30mINFO[0m Skipping extension 'colcon_notification.desktop_notification.win32': Not used on non-Windows systems
[4.907s] [34mcolcon.colcon_notification.desktop_notification[0m [1;30mINFO[0m Sending desktop notification using 'notify2'
[4.963s] [34mcolcon.colcon_notification.desktop_notification.notify2[0m [1;30mDEBUG[0m [32mFailed to initialize notify2: org.freedesktop.DBus.Error.Spawn.ChildExited: Process org.freedesktop.Notifications exited with status 1[0m
[4.963s] [34mcolcon.colcon_core.event_reactor[0m [1;30mDEBUG[0m [32mjoined thread[0m
[4.964s] [34mcolcon.colcon_core.shell[0m [1;30mINFO[0m Creating prefix script '/data/rl_deploy/install/local_setup.ps1'
[4.967s] [34mcolcon.colcon_core.shell[0m [1;30mINFO[0m Creating prefix util module '/data/rl_deploy/install/_local_setup_util_ps1.py'
[4.970s] [34mcolcon.colcon_core.shell[0m [1;30mINFO[0m Creating prefix chain script '/data/rl_deploy/install/setup.ps1'
[4.973s] [34mcolcon.colcon_core.shell[0m [1;30mINFO[0m Creating prefix script '/data/rl_deploy/install/local_setup.sh'
[4.974s] [34mcolcon.colcon_core.shell[0m [1;30mINFO[0m Creating prefix util module '/data/rl_deploy/install/_local_setup_util_sh.py'
[4.976s] [34mcolcon.colcon_core.shell[0m [1;30mINFO[0m Creating prefix chain script '/data/rl_deploy/install/setup.sh'
[4.978s] [34mcolcon.colcon_core.shell[0m [1;30mINFO[0m Creating prefix script '/data/rl_deploy/install/local_setup.bash'
[4.979s] [34mcolcon.colcon_core.shell[0m [1;30mINFO[0m Creating prefix chain script '/data/rl_deploy/install/setup.bash'
[4.980s] [34mcolcon.colcon_core.shell[0m [1;30mINFO[0m Creating prefix script '/data/rl_deploy/install/local_setup.zsh'
[4.982s] [34mcolcon.colcon_core.shell[0m [1;30mINFO[0m Creating prefix chain script '/data/rl_deploy/install/setup.zsh'
