[0.187s] [34mcolcon[0m [1;30mDEBUG[0m [32mCommand line arguments: ['/usr/bin/colcon', 'build'][0m
[0.187s] [34mcolcon[0m [1;30mDEBUG[0m [32mParsed command line arguments: Namespace(log_base=None, log_level=None, verb_name='build', build_base='build', install_base='install', merge_install=False, symlink_install=False, test_result_base=None, continue_on_error=False, executor='parallel', parallel_workers=8, event_handlers=None, ignore_user_meta=False, metas=['./colcon.meta'], base_paths=['.'], packages_ignore=None, packages_ignore_regex=None, paths=None, packages_up_to=None, packages_up_to_regex=None, packages_above=None, packages_above_and_dependencies=None, packages_above_depth=None, packages_select_by_dep=None, packages_skip_by_dep=None, packages_skip_up_to=None, packages_select_build_failed=False, packages_skip_build_finished=False, packages_select_test_failures=False, packages_skip_test_passed=False, packages_select=None, packages_skip=None, packages_select_regex=None, packages_skip_regex=None, packages_start=None, packages_end=None, allow_overriding=[], cmake_args=None, cmake_target=None, cmake_target_skip_unavailable=False, cmake_clean_cache=False, cmake_clean_first=False, cmake_force_configure=False, ament_cmake_args=None, catkin_cmake_args=None, catkin_skip_building_tests=False, verb_parser=<colcon_defaults.argument_parser.defaults.DefaultArgumentsDecorator object at 0xffffaca38d60>, verb_extension=<colcon_core.verb.build.BuildVerb object at 0xffffac9bda50>, main=<bound method BuildVerb.main of <colcon_core.verb.build.BuildVerb object at 0xffffac9bda50>>)[0m
[0.431s] [34mcolcon.colcon_core.package_discovery[0m [1;30mLevel 1[0m discover_packages(colcon_meta) check parameters
[0.432s] [34mcolcon.colcon_core.package_discovery[0m [1;30mLevel 1[0m discover_packages(recursive) check parameters
[0.432s] [34mcolcon.colcon_core.package_discovery[0m [1;30mLevel 1[0m discover_packages(ignore) check parameters
[0.432s] [34mcolcon.colcon_core.package_discovery[0m [1;30mLevel 1[0m discover_packages(path) check parameters
[0.432s] [34mcolcon.colcon_core.package_discovery[0m [1;30mLevel 1[0m discover_packages(colcon_meta) discover
[0.432s] [34mcolcon.colcon_core.package_discovery[0m [1;30mLevel 1[0m discover_packages(recursive) discover
[0.432s] [34mcolcon.colcon_core.package_discovery[0m [1;30mINFO[0m Crawling recursively for packages in '/data/rl_deploy'
[0.432s] [34mcolcon.colcon_core.package_identification[0m [1;30mLevel 1[0m _identify(.) by extensions ['ignore', 'ignore_ament_install']
[0.433s] [34mcolcon.colcon_core.package_identification[0m [1;30mLevel 1[0m _identify(.) by extension 'ignore'
[0.433s] [34mcolcon.colcon_core.package_identification[0m [1;30mLevel 1[0m _identify(.) by extension 'ignore_ament_install'
[0.433s] [34mcolcon.colcon_core.package_identification[0m [1;30mLevel 1[0m _identify(.) by extensions ['colcon_pkg']
[0.433s] [34mcolcon.colcon_core.package_identification[0m [1;30mLevel 1[0m _identify(.) by extension 'colcon_pkg'
[0.433s] [34mcolcon.colcon_core.package_identification[0m [1;30mLevel 1[0m _identify(.) by extensions ['colcon_meta']
[0.433s] [34mcolcon.colcon_core.package_identification[0m [1;30mLevel 1[0m _identify(.) by extension 'colcon_meta'
[0.433s] [34mcolcon.colcon_core.package_identification[0m [1;30mLevel 1[0m _identify(.) by extensions ['ros']
[0.433s] [34mcolcon.colcon_core.package_identification[0m [1;30mLevel 1[0m _identify(.) by extension 'ros'
[0.453s] [34mcolcon.colcon_core.package_identification[0m [1;30mLevel 1[0m _identify(.) by extensions ['cmake', 'python']
[0.453s] [34mcolcon.colcon_core.package_identification[0m [1;30mLevel 1[0m _identify(.) by extension 'cmake'
[0.454s] [34mcolcon.colcon_core.package_identification[0m [1;30mLevel 1[0m _identify(.) by extension 'python'
[0.454s] [34mcolcon.colcon_core.package_identification[0m [1;30mLevel 1[0m _identify(.) by extensions ['python_setup_py']
[0.454s] [34mcolcon.colcon_core.package_identification[0m [1;30mLevel 1[0m _identify(.) by extension 'python_setup_py'
[0.454s] [34mcolcon.colcon_core.package_identification[0m [1;30mLevel 1[0m _identify(action) by extensions ['ignore', 'ignore_ament_install']
[0.454s] [34mcolcon.colcon_core.package_identification[0m [1;30mLevel 1[0m _identify(action) by extension 'ignore'
[0.454s] [34mcolcon.colcon_core.package_identification[0m [1;30mLevel 1[0m _identify(action) by extension 'ignore_ament_install'
[0.454s] [34mcolcon.colcon_core.package_identification[0m [1;30mLevel 1[0m _identify(action) by extensions ['colcon_pkg']
[0.455s] [34mcolcon.colcon_core.package_identification[0m [1;30mLevel 1[0m _identify(action) by extension 'colcon_pkg'
[0.455s] [34mcolcon.colcon_core.package_identification[0m [1;30mLevel 1[0m _identify(action) by extensions ['colcon_meta']
[0.455s] [34mcolcon.colcon_core.package_identification[0m [1;30mLevel 1[0m _identify(action) by extension 'colcon_meta'
[0.455s] [34mcolcon.colcon_core.package_identification[0m [1;30mLevel 1[0m _identify(action) by extensions ['ros']
[0.455s] [34mcolcon.colcon_core.package_identification[0m [1;30mLevel 1[0m _identify(action) by extension 'ros'
[0.455s] [34mcolcon.colcon_core.package_identification[0m [1;30mLevel 1[0m _identify(action) by extensions ['cmake', 'python']
[0.455s] [34mcolcon.colcon_core.package_identification[0m [1;30mLevel 1[0m _identify(action) by extension 'cmake'
[0.455s] [34mcolcon.colcon_core.package_identification[0m [1;30mLevel 1[0m _identify(action) by extension 'python'
[0.455s] [34mcolcon.colcon_core.package_identification[0m [1;30mLevel 1[0m _identify(action) by extensions ['python_setup_py']
[0.455s] [34mcolcon.colcon_core.package_identification[0m [1;30mLevel 1[0m _identify(action) by extension 'python_setup_py'
[0.456s] [34mcolcon.colcon_core.package_identification[0m [1;30mLevel 1[0m _identify(build) by extensions ['ignore', 'ignore_ament_install']
[0.456s] [34mcolcon.colcon_core.package_identification[0m [1;30mLevel 1[0m _identify(build) by extension 'ignore'
[0.456s] [34mcolcon.colcon_core.package_identification[0m [1;30mLevel 1[0m _identify(build) ignored
[0.456s] [34mcolcon.colcon_core.package_identification[0m [1;30mLevel 1[0m _identify(install) by extensions ['ignore', 'ignore_ament_install']
[0.456s] [34mcolcon.colcon_core.package_identification[0m [1;30mLevel 1[0m _identify(install) by extension 'ignore'
[0.456s] [34mcolcon.colcon_core.package_identification[0m [1;30mLevel 1[0m _identify(install) ignored
[0.456s] [34mcolcon.colcon_core.package_identification[0m [1;30mLevel 1[0m _identify(log) by extensions ['ignore', 'ignore_ament_install']
[0.457s] [34mcolcon.colcon_core.package_identification[0m [1;30mLevel 1[0m _identify(log) by extension 'ignore'
[0.457s] [34mcolcon.colcon_core.package_identification[0m [1;30mLevel 1[0m _identify(log) ignored
[0.457s] [34mcolcon.colcon_core.package_identification[0m [1;30mLevel 1[0m _identify(src) by extensions ['ignore', 'ignore_ament_install']
[0.457s] [34mcolcon.colcon_core.package_identification[0m [1;30mLevel 1[0m _identify(src) by extension 'ignore'
[0.457s] [34mcolcon.colcon_core.package_identification[0m [1;30mLevel 1[0m _identify(src) by extension 'ignore_ament_install'
[0.457s] [34mcolcon.colcon_core.package_identification[0m [1;30mLevel 1[0m _identify(src) by extensions ['colcon_pkg']
[0.457s] [34mcolcon.colcon_core.package_identification[0m [1;30mLevel 1[0m _identify(src) by extension 'colcon_pkg'
[0.457s] [34mcolcon.colcon_core.package_identification[0m [1;30mLevel 1[0m _identify(src) by extensions ['colcon_meta']
[0.457s] [34mcolcon.colcon_core.package_identification[0m [1;30mLevel 1[0m _identify(src) by extension 'colcon_meta'
[0.457s] [34mcolcon.colcon_core.package_identification[0m [1;30mLevel 1[0m _identify(src) by extensions ['ros']
[0.458s] [34mcolcon.colcon_core.package_identification[0m [1;30mLevel 1[0m _identify(src) by extension 'ros'
[0.458s] [34mcolcon.colcon_core.package_identification[0m [1;30mLevel 1[0m _identify(src) by extensions ['cmake', 'python']
[0.458s] [34mcolcon.colcon_core.package_identification[0m [1;30mLevel 1[0m _identify(src) by extension 'cmake'
[0.458s] [34mcolcon.colcon_core.package_identification[0m [1;30mLevel 1[0m _identify(src) by extension 'python'
[0.458s] [34mcolcon.colcon_core.package_identification[0m [1;30mLevel 1[0m _identify(src) by extensions ['python_setup_py']
[0.458s] [34mcolcon.colcon_core.package_identification[0m [1;30mLevel 1[0m _identify(src) by extension 'python_setup_py'
[0.458s] [34mcolcon.colcon_core.package_identification[0m [1;30mLevel 1[0m _identify(src/node_app_msgs) by extensions ['ignore', 'ignore_ament_install']
[0.458s] [34mcolcon.colcon_core.package_identification[0m [1;30mLevel 1[0m _identify(src/node_app_msgs) by extension 'ignore'
[0.458s] [34mcolcon.colcon_core.package_identification[0m [1;30mLevel 1[0m _identify(src/node_app_msgs) by extension 'ignore_ament_install'
[0.459s] [34mcolcon.colcon_core.package_identification[0m [1;30mLevel 1[0m _identify(src/node_app_msgs) by extensions ['colcon_pkg']
[0.459s] [34mcolcon.colcon_core.package_identification[0m [1;30mLevel 1[0m _identify(src/node_app_msgs) by extension 'colcon_pkg'
[0.459s] [34mcolcon.colcon_core.package_identification[0m [1;30mLevel 1[0m _identify(src/node_app_msgs) by extensions ['colcon_meta']
[0.459s] [34mcolcon.colcon_core.package_identification[0m [1;30mLevel 1[0m _identify(src/node_app_msgs) by extension 'colcon_meta'
[0.459s] [34mcolcon.colcon_core.package_identification[0m [1;30mLevel 1[0m _identify(src/node_app_msgs) by extensions ['ros']
[0.459s] [34mcolcon.colcon_core.package_identification[0m [1;30mLevel 1[0m _identify(src/node_app_msgs) by extension 'ros'
[0.463s] [34mcolcon.colcon_core.package_identification[0m [1;30mDEBUG[0m [32mPackage 'src/node_app_msgs' with type 'ros.ament_cmake' and name 'node_app_msgs'[0m
[0.464s] [34mcolcon.colcon_core.package_identification[0m [1;30mLevel 1[0m _identify(src/node_control_msgs) by extensions ['ignore', 'ignore_ament_install']
[0.464s] [34mcolcon.colcon_core.package_identification[0m [1;30mLevel 1[0m _identify(src/node_control_msgs) by extension 'ignore'
[0.464s] [34mcolcon.colcon_core.package_identification[0m [1;30mLevel 1[0m _identify(src/node_control_msgs) by extension 'ignore_ament_install'
[0.464s] [34mcolcon.colcon_core.package_identification[0m [1;30mLevel 1[0m _identify(src/node_control_msgs) by extensions ['colcon_pkg']
[0.464s] [34mcolcon.colcon_core.package_identification[0m [1;30mLevel 1[0m _identify(src/node_control_msgs) by extension 'colcon_pkg'
[0.464s] [34mcolcon.colcon_core.package_identification[0m [1;30mLevel 1[0m _identify(src/node_control_msgs) by extensions ['colcon_meta']
[0.464s] [34mcolcon.colcon_core.package_identification[0m [1;30mLevel 1[0m _identify(src/node_control_msgs) by extension 'colcon_meta'
[0.464s] [34mcolcon.colcon_core.package_identification[0m [1;30mLevel 1[0m _identify(src/node_control_msgs) by extensions ['ros']
[0.464s] [34mcolcon.colcon_core.package_identification[0m [1;30mLevel 1[0m _identify(src/node_control_msgs) by extension 'ros'
[0.465s] [34mcolcon.colcon_core.package_identification[0m [1;30mDEBUG[0m [32mPackage 'src/node_control_msgs' with type 'ros.ament_cmake' and name 'node_control_msgs'[0m
[0.466s] [34mcolcon.colcon_core.package_identification[0m [1;30mLevel 1[0m _identify(src/node_driver_msgs) by extensions ['ignore', 'ignore_ament_install']
[0.466s] [34mcolcon.colcon_core.package_identification[0m [1;30mLevel 1[0m _identify(src/node_driver_msgs) by extension 'ignore'
[0.466s] [34mcolcon.colcon_core.package_identification[0m [1;30mLevel 1[0m _identify(src/node_driver_msgs) by extension 'ignore_ament_install'
[0.466s] [34mcolcon.colcon_core.package_identification[0m [1;30mLevel 1[0m _identify(src/node_driver_msgs) by extensions ['colcon_pkg']
[0.466s] [34mcolcon.colcon_core.package_identification[0m [1;30mLevel 1[0m _identify(src/node_driver_msgs) by extension 'colcon_pkg'
[0.466s] [34mcolcon.colcon_core.package_identification[0m [1;30mLevel 1[0m _identify(src/node_driver_msgs) by extensions ['colcon_meta']
[0.466s] [34mcolcon.colcon_core.package_identification[0m [1;30mLevel 1[0m _identify(src/node_driver_msgs) by extension 'colcon_meta'
[0.466s] [34mcolcon.colcon_core.package_identification[0m [1;30mLevel 1[0m _identify(src/node_driver_msgs) by extensions ['ros']
[0.467s] [34mcolcon.colcon_core.package_identification[0m [1;30mLevel 1[0m _identify(src/node_driver_msgs) by extension 'ros'
[0.467s] [34mcolcon.colcon_core.package_identification[0m [1;30mDEBUG[0m [32mPackage 'src/node_driver_msgs' with type 'ros.ament_cmake' and name 'node_driver_msgs'[0m
[0.468s] [34mcolcon.colcon_core.package_identification[0m [1;30mLevel 1[0m _identify(src/robot_msgs) by extensions ['ignore', 'ignore_ament_install']
[0.468s] [34mcolcon.colcon_core.package_identification[0m [1;30mLevel 1[0m _identify(src/robot_msgs) by extension 'ignore'
[0.468s] [34mcolcon.colcon_core.package_identification[0m [1;30mLevel 1[0m _identify(src/robot_msgs) by extension 'ignore_ament_install'
[0.468s] [34mcolcon.colcon_core.package_identification[0m [1;30mLevel 1[0m _identify(src/robot_msgs) by extensions ['colcon_pkg']
[0.468s] [34mcolcon.colcon_core.package_identification[0m [1;30mLevel 1[0m _identify(src/robot_msgs) by extension 'colcon_pkg'
[0.468s] [34mcolcon.colcon_core.package_identification[0m [1;30mLevel 1[0m _identify(src/robot_msgs) by extensions ['colcon_meta']
[0.468s] [34mcolcon.colcon_core.package_identification[0m [1;30mLevel 1[0m _identify(src/robot_msgs) by extension 'colcon_meta'
[0.468s] [34mcolcon.colcon_core.package_identification[0m [1;30mLevel 1[0m _identify(src/robot_msgs) by extensions ['ros']
[0.469s] [34mcolcon.colcon_core.package_identification[0m [1;30mLevel 1[0m _identify(src/robot_msgs) by extension 'ros'
[0.470s] [34mcolcon.colcon_core.package_identification[0m [1;30mDEBUG[0m [32mPackage 'src/robot_msgs' with type 'ros.ament_cmake' and name 'robot_msgs'[0m
[0.470s] [34mcolcon.colcon_core.package_identification[0m [1;30mLevel 1[0m _identify(src/robot_rl_controller) by extensions ['ignore', 'ignore_ament_install']
[0.470s] [34mcolcon.colcon_core.package_identification[0m [1;30mLevel 1[0m _identify(src/robot_rl_controller) by extension 'ignore'
[0.470s] [34mcolcon.colcon_core.package_identification[0m [1;30mLevel 1[0m _identify(src/robot_rl_controller) by extension 'ignore_ament_install'
[0.471s] [34mcolcon.colcon_core.package_identification[0m [1;30mLevel 1[0m _identify(src/robot_rl_controller) by extensions ['colcon_pkg']
[0.471s] [34mcolcon.colcon_core.package_identification[0m [1;30mLevel 1[0m _identify(src/robot_rl_controller) by extension 'colcon_pkg'
[0.471s] [34mcolcon.colcon_core.package_identification[0m [1;30mLevel 1[0m _identify(src/robot_rl_controller) by extensions ['colcon_meta']
[0.471s] [34mcolcon.colcon_core.package_identification[0m [1;30mLevel 1[0m _identify(src/robot_rl_controller) by extension 'colcon_meta'
[0.471s] [34mcolcon.colcon_core.package_identification[0m [1;30mLevel 1[0m _identify(src/robot_rl_controller) by extensions ['ros']
[0.471s] [34mcolcon.colcon_core.package_identification[0m [1;30mLevel 1[0m _identify(src/robot_rl_controller) by extension 'ros'
[0.472s] [34mcolcon.colcon_core.package_identification[0m [1;30mDEBUG[0m [32mPackage 'src/robot_rl_controller' with type 'ros.ament_python' and name 'robot_rl_controller'[0m
[0.473s] [34mcolcon.colcon_core.package_identification[0m [1;30mLevel 1[0m _identify(src/robot_state) by extensions ['ignore', 'ignore_ament_install']
[0.473s] [34mcolcon.colcon_core.package_identification[0m [1;30mLevel 1[0m _identify(src/robot_state) by extension 'ignore'
[0.473s] [34mcolcon.colcon_core.package_identification[0m [1;30mLevel 1[0m _identify(src/robot_state) by extension 'ignore_ament_install'
[0.473s] [34mcolcon.colcon_core.package_identification[0m [1;30mLevel 1[0m _identify(src/robot_state) by extensions ['colcon_pkg']
[0.473s] [34mcolcon.colcon_core.package_identification[0m [1;30mLevel 1[0m _identify(src/robot_state) by extension 'colcon_pkg'
[0.473s] [34mcolcon.colcon_core.package_identification[0m [1;30mLevel 1[0m _identify(src/robot_state) by extensions ['colcon_meta']
[0.473s] [34mcolcon.colcon_core.package_identification[0m [1;30mLevel 1[0m _identify(src/robot_state) by extension 'colcon_meta'
[0.473s] [34mcolcon.colcon_core.package_identification[0m [1;30mLevel 1[0m _identify(src/robot_state) by extensions ['ros']
[0.474s] [34mcolcon.colcon_core.package_identification[0m [1;30mLevel 1[0m _identify(src/robot_state) by extension 'ros'
[0.475s] [34mcolcon.colcon_core.package_identification[0m [1;30mDEBUG[0m [32mPackage 'src/robot_state' with type 'ros.ament_cmake' and name 'robot_state'[0m
[0.475s] [34mcolcon.colcon_core.package_discovery[0m [1;30mLevel 1[0m discover_packages(recursive) using defaults
[0.475s] [34mcolcon.colcon_core.package_discovery[0m [1;30mLevel 1[0m discover_packages(ignore) discover
[0.475s] [34mcolcon.colcon_core.package_discovery[0m [1;30mLevel 1[0m discover_packages(ignore) using defaults
[0.475s] [34mcolcon.colcon_core.package_discovery[0m [1;30mLevel 1[0m discover_packages(path) discover
[0.475s] [34mcolcon.colcon_core.package_discovery[0m [1;30mLevel 1[0m discover_packages(path) using defaults
[0.503s] [34mcolcon.colcon_core.package_discovery[0m [1;30mLevel 1[0m discover_packages(prefix_path) check parameters
[0.503s] [34mcolcon.colcon_core.package_discovery[0m [1;30mLevel 1[0m discover_packages(prefix_path) discover
[0.506s] [34mcolcon.colcon_installed_package_information.package_discovery[0m [1;30mDEBUG[0m [32mFound 189 installed packages in /opt/ros/humble[0m
[0.508s] [34mcolcon.colcon_core.package_discovery[0m [1;30mLevel 1[0m discover_packages(prefix_path) using defaults
[0.571s] [34mcolcon.colcon_core.verb[0m [1;30mLevel 5[0m set package 'node_control_msgs' build argument 'cmake_args' from command line to 'None'
[0.571s] [34mcolcon.colcon_core.verb[0m [1;30mLevel 5[0m set package 'node_control_msgs' build argument 'cmake_target' from command line to 'None'
[0.571s] [34mcolcon.colcon_core.verb[0m [1;30mLevel 5[0m set package 'node_control_msgs' build argument 'cmake_target_skip_unavailable' from command line to 'False'
[0.571s] [34mcolcon.colcon_core.verb[0m [1;30mLevel 5[0m set package 'node_control_msgs' build argument 'cmake_clean_cache' from command line to 'False'
[0.571s] [34mcolcon.colcon_core.verb[0m [1;30mLevel 5[0m set package 'node_control_msgs' build argument 'cmake_clean_first' from command line to 'False'
[0.572s] [34mcolcon.colcon_core.verb[0m [1;30mLevel 5[0m set package 'node_control_msgs' build argument 'cmake_force_configure' from command line to 'False'
[0.572s] [34mcolcon.colcon_core.verb[0m [1;30mLevel 5[0m set package 'node_control_msgs' build argument 'ament_cmake_args' from command line to 'None'
[0.572s] [34mcolcon.colcon_core.verb[0m [1;30mLevel 5[0m set package 'node_control_msgs' build argument 'catkin_cmake_args' from command line to 'None'
[0.572s] [34mcolcon.colcon_core.verb[0m [1;30mLevel 5[0m set package 'node_control_msgs' build argument 'catkin_skip_building_tests' from command line to 'False'
[0.572s] [34mcolcon.colcon_core.verb[0m [1;30mDEBUG[0m [32mBuilding package 'node_control_msgs' with the following arguments: {'ament_cmake_args': None, 'build_base': '/data/rl_deploy/build/node_control_msgs', 'catkin_cmake_args': None, 'catkin_skip_building_tests': False, 'cmake_args': None, 'cmake_clean_cache': False, 'cmake_clean_first': False, 'cmake_force_configure': False, 'cmake_target': None, 'cmake_target_skip_unavailable': False, 'install_base': '/data/rl_deploy/install/node_control_msgs', 'merge_install': False, 'path': '/data/rl_deploy/src/node_control_msgs', 'symlink_install': False, 'test_result_base': None}[0m
[0.572s] [34mcolcon.colcon_core.verb[0m [1;30mLevel 5[0m set package 'node_driver_msgs' build argument 'cmake_args' from command line to 'None'
[0.572s] [34mcolcon.colcon_core.verb[0m [1;30mLevel 5[0m set package 'node_driver_msgs' build argument 'cmake_target' from command line to 'None'
[0.573s] [34mcolcon.colcon_core.verb[0m [1;30mLevel 5[0m set package 'node_driver_msgs' build argument 'cmake_target_skip_unavailable' from command line to 'False'
[0.573s] [34mcolcon.colcon_core.verb[0m [1;30mLevel 5[0m set package 'node_driver_msgs' build argument 'cmake_clean_cache' from command line to 'False'
[0.573s] [34mcolcon.colcon_core.verb[0m [1;30mLevel 5[0m set package 'node_driver_msgs' build argument 'cmake_clean_first' from command line to 'False'
[0.573s] [34mcolcon.colcon_core.verb[0m [1;30mLevel 5[0m set package 'node_driver_msgs' build argument 'cmake_force_configure' from command line to 'False'
[0.573s] [34mcolcon.colcon_core.verb[0m [1;30mLevel 5[0m set package 'node_driver_msgs' build argument 'ament_cmake_args' from command line to 'None'
[0.573s] [34mcolcon.colcon_core.verb[0m [1;30mLevel 5[0m set package 'node_driver_msgs' build argument 'catkin_cmake_args' from command line to 'None'
[0.573s] [34mcolcon.colcon_core.verb[0m [1;30mLevel 5[0m set package 'node_driver_msgs' build argument 'catkin_skip_building_tests' from command line to 'False'
[0.573s] [34mcolcon.colcon_core.verb[0m [1;30mDEBUG[0m [32mBuilding package 'node_driver_msgs' with the following arguments: {'ament_cmake_args': None, 'build_base': '/data/rl_deploy/build/node_driver_msgs', 'catkin_cmake_args': None, 'catkin_skip_building_tests': False, 'cmake_args': None, 'cmake_clean_cache': False, 'cmake_clean_first': False, 'cmake_force_configure': False, 'cmake_target': None, 'cmake_target_skip_unavailable': False, 'install_base': '/data/rl_deploy/install/node_driver_msgs', 'merge_install': False, 'path': '/data/rl_deploy/src/node_driver_msgs', 'symlink_install': False, 'test_result_base': None}[0m
[0.573s] [34mcolcon.colcon_core.verb[0m [1;30mLevel 5[0m set package 'node_app_msgs' build argument 'cmake_args' from command line to 'None'
[0.573s] [34mcolcon.colcon_core.verb[0m [1;30mLevel 5[0m set package 'node_app_msgs' build argument 'cmake_target' from command line to 'None'
[0.573s] [34mcolcon.colcon_core.verb[0m [1;30mLevel 5[0m set package 'node_app_msgs' build argument 'cmake_target_skip_unavailable' from command line to 'False'
[0.574s] [34mcolcon.colcon_core.verb[0m [1;30mLevel 5[0m set package 'node_app_msgs' build argument 'cmake_clean_cache' from command line to 'False'
[0.574s] [34mcolcon.colcon_core.verb[0m [1;30mLevel 5[0m set package 'node_app_msgs' build argument 'cmake_clean_first' from command line to 'False'
[0.574s] [34mcolcon.colcon_core.verb[0m [1;30mLevel 5[0m set package 'node_app_msgs' build argument 'cmake_force_configure' from command line to 'False'
[0.574s] [34mcolcon.colcon_core.verb[0m [1;30mLevel 5[0m set package 'node_app_msgs' build argument 'ament_cmake_args' from command line to 'None'
[0.574s] [34mcolcon.colcon_core.verb[0m [1;30mLevel 5[0m set package 'node_app_msgs' build argument 'catkin_cmake_args' from command line to 'None'
[0.574s] [34mcolcon.colcon_core.verb[0m [1;30mLevel 5[0m set package 'node_app_msgs' build argument 'catkin_skip_building_tests' from command line to 'False'
[0.574s] [34mcolcon.colcon_core.verb[0m [1;30mDEBUG[0m [32mBuilding package 'node_app_msgs' with the following arguments: {'ament_cmake_args': None, 'build_base': '/data/rl_deploy/build/node_app_msgs', 'catkin_cmake_args': None, 'catkin_skip_building_tests': False, 'cmake_args': None, 'cmake_clean_cache': False, 'cmake_clean_first': False, 'cmake_force_configure': False, 'cmake_target': None, 'cmake_target_skip_unavailable': False, 'install_base': '/data/rl_deploy/install/node_app_msgs', 'merge_install': False, 'path': '/data/rl_deploy/src/node_app_msgs', 'symlink_install': False, 'test_result_base': None}[0m
[0.574s] [34mcolcon.colcon_core.verb[0m [1;30mLevel 5[0m set package 'robot_msgs' build argument 'cmake_args' from command line to 'None'
[0.574s] [34mcolcon.colcon_core.verb[0m [1;30mLevel 5[0m set package 'robot_msgs' build argument 'cmake_target' from command line to 'None'
[0.575s] [34mcolcon.colcon_core.verb[0m [1;30mLevel 5[0m set package 'robot_msgs' build argument 'cmake_target_skip_unavailable' from command line to 'False'
[0.575s] [34mcolcon.colcon_core.verb[0m [1;30mLevel 5[0m set package 'robot_msgs' build argument 'cmake_clean_cache' from command line to 'False'
[0.575s] [34mcolcon.colcon_core.verb[0m [1;30mLevel 5[0m set package 'robot_msgs' build argument 'cmake_clean_first' from command line to 'False'
[0.575s] [34mcolcon.colcon_core.verb[0m [1;30mLevel 5[0m set package 'robot_msgs' build argument 'cmake_force_configure' from command line to 'False'
[0.575s] [34mcolcon.colcon_core.verb[0m [1;30mLevel 5[0m set package 'robot_msgs' build argument 'ament_cmake_args' from command line to 'None'
[0.575s] [34mcolcon.colcon_core.verb[0m [1;30mLevel 5[0m set package 'robot_msgs' build argument 'catkin_cmake_args' from command line to 'None'
[0.575s] [34mcolcon.colcon_core.verb[0m [1;30mLevel 5[0m set package 'robot_msgs' build argument 'catkin_skip_building_tests' from command line to 'False'
[0.575s] [34mcolcon.colcon_core.verb[0m [1;30mDEBUG[0m [32mBuilding package 'robot_msgs' with the following arguments: {'ament_cmake_args': None, 'build_base': '/data/rl_deploy/build/robot_msgs', 'catkin_cmake_args': None, 'catkin_skip_building_tests': False, 'cmake_args': None, 'cmake_clean_cache': False, 'cmake_clean_first': False, 'cmake_force_configure': False, 'cmake_target': None, 'cmake_target_skip_unavailable': False, 'install_base': '/data/rl_deploy/install/robot_msgs', 'merge_install': False, 'path': '/data/rl_deploy/src/robot_msgs', 'symlink_install': False, 'test_result_base': None}[0m
[0.575s] [34mcolcon.colcon_core.verb[0m [1;30mLevel 5[0m set package 'robot_rl_controller' build argument 'cmake_args' from command line to 'None'
[0.575s] [34mcolcon.colcon_core.verb[0m [1;30mLevel 5[0m set package 'robot_rl_controller' build argument 'cmake_target' from command line to 'None'
[0.575s] [34mcolcon.colcon_core.verb[0m [1;30mLevel 5[0m set package 'robot_rl_controller' build argument 'cmake_target_skip_unavailable' from command line to 'False'
[0.576s] [34mcolcon.colcon_core.verb[0m [1;30mLevel 5[0m set package 'robot_rl_controller' build argument 'cmake_clean_cache' from command line to 'False'
[0.576s] [34mcolcon.colcon_core.verb[0m [1;30mLevel 5[0m set package 'robot_rl_controller' build argument 'cmake_clean_first' from command line to 'False'
[0.576s] [34mcolcon.colcon_core.verb[0m [1;30mLevel 5[0m set package 'robot_rl_controller' build argument 'cmake_force_configure' from command line to 'False'
[0.576s] [34mcolcon.colcon_core.verb[0m [1;30mLevel 5[0m set package 'robot_rl_controller' build argument 'ament_cmake_args' from command line to 'None'
[0.576s] [34mcolcon.colcon_core.verb[0m [1;30mLevel 5[0m set package 'robot_rl_controller' build argument 'catkin_cmake_args' from command line to 'None'
[0.576s] [34mcolcon.colcon_core.verb[0m [1;30mLevel 5[0m set package 'robot_rl_controller' build argument 'catkin_skip_building_tests' from command line to 'False'
[0.576s] [34mcolcon.colcon_core.verb[0m [1;30mDEBUG[0m [32mBuilding package 'robot_rl_controller' with the following arguments: {'ament_cmake_args': None, 'build_base': '/data/rl_deploy/build/robot_rl_controller', 'catkin_cmake_args': None, 'catkin_skip_building_tests': False, 'cmake_args': None, 'cmake_clean_cache': False, 'cmake_clean_first': False, 'cmake_force_configure': False, 'cmake_target': None, 'cmake_target_skip_unavailable': False, 'install_base': '/data/rl_deploy/install/robot_rl_controller', 'merge_install': False, 'path': '/data/rl_deploy/src/robot_rl_controller', 'symlink_install': False, 'test_result_base': None}[0m
[0.576s] [34mcolcon.colcon_core.verb[0m [1;30mLevel 5[0m set package 'robot_state' build argument 'cmake_args' from command line to 'None'
[0.576s] [34mcolcon.colcon_core.verb[0m [1;30mLevel 5[0m set package 'robot_state' build argument 'cmake_target' from command line to 'None'
[0.576s] [34mcolcon.colcon_core.verb[0m [1;30mLevel 5[0m set package 'robot_state' build argument 'cmake_target_skip_unavailable' from command line to 'False'
[0.576s] [34mcolcon.colcon_core.verb[0m [1;30mLevel 5[0m set package 'robot_state' build argument 'cmake_clean_cache' from command line to 'False'
[0.577s] [34mcolcon.colcon_core.verb[0m [1;30mLevel 5[0m set package 'robot_state' build argument 'cmake_clean_first' from command line to 'False'
[0.577s] [34mcolcon.colcon_core.verb[0m [1;30mLevel 5[0m set package 'robot_state' build argument 'cmake_force_configure' from command line to 'False'
[0.577s] [34mcolcon.colcon_core.verb[0m [1;30mLevel 5[0m set package 'robot_state' build argument 'ament_cmake_args' from command line to 'None'
[0.577s] [34mcolcon.colcon_core.verb[0m [1;30mLevel 5[0m set package 'robot_state' build argument 'catkin_cmake_args' from command line to 'None'
[0.577s] [34mcolcon.colcon_core.verb[0m [1;30mLevel 5[0m set package 'robot_state' build argument 'catkin_skip_building_tests' from command line to 'False'
[0.577s] [34mcolcon.colcon_core.verb[0m [1;30mDEBUG[0m [32mBuilding package 'robot_state' with the following arguments: {'ament_cmake_args': None, 'build_base': '/data/rl_deploy/build/robot_state', 'catkin_cmake_args': None, 'catkin_skip_building_tests': False, 'cmake_args': None, 'cmake_clean_cache': False, 'cmake_clean_first': False, 'cmake_force_configure': False, 'cmake_target': None, 'cmake_target_skip_unavailable': False, 'install_base': '/data/rl_deploy/install/robot_state', 'merge_install': False, 'path': '/data/rl_deploy/src/robot_state', 'symlink_install': False, 'test_result_base': None}[0m
[0.577s] [34mcolcon.colcon_core.executor[0m [1;30mINFO[0m Executing jobs using 'parallel' executor
[0.579s] [34mcolcon.colcon_parallel_executor.executor.parallel[0m [1;30mDEBUG[0m [32mrun_until_complete[0m
[0.580s] [34mcolcon.colcon_ros.task.ament_cmake.build[0m [1;30mINFO[0m Building ROS package in '/data/rl_deploy/src/node_control_msgs' with build type 'ament_cmake'
[0.580s] [34mcolcon.colcon_cmake.task.cmake.build[0m [1;30mINFO[0m Building CMake package in '/data/rl_deploy/src/node_control_msgs'
[0.584s] [34mcolcon.colcon_core.plugin_system[0m [1;30mINFO[0m Skipping extension 'colcon_core.shell.bat': Not used on non-Windows systems
[0.584s] [34mcolcon.colcon_core.shell[0m [1;30mINFO[0m Skip shell extension 'powershell' for command environment: Not usable outside of PowerShell
[0.584s] [34mcolcon.colcon_core.shell[0m [1;30mDEBUG[0m [32mSkip shell extension 'dsv' for command environment[0m
[0.588s] [34mcolcon.colcon_ros.task.ament_cmake.build[0m [1;30mINFO[0m Building ROS package in '/data/rl_deploy/src/node_driver_msgs' with build type 'ament_cmake'
[0.589s] [34mcolcon.colcon_cmake.task.cmake.build[0m [1;30mINFO[0m Building CMake package in '/data/rl_deploy/src/node_driver_msgs'
[0.589s] [34mcolcon.colcon_core.shell[0m [1;30mINFO[0m Skip shell extension 'powershell' for command environment: Not usable outside of PowerShell
[0.589s] [34mcolcon.colcon_core.shell[0m [1;30mDEBUG[0m [32mSkip shell extension 'dsv' for command environment[0m
[0.602s] [34mcolcon.colcon_core.event_handler.log_command[0m [1;30mDEBUG[0m [32mInvoking command in '/data/rl_deploy/build/node_control_msgs': CMAKE_PREFIX_PATH=/opt/ros/humble /usr/local/bin/cmake --build /data/rl_deploy/build/node_control_msgs -- -j8 -l8[0m
[0.611s] [34mcolcon.colcon_core.event_handler.log_command[0m [1;30mDEBUG[0m [32mInvoking command in '/data/rl_deploy/build/node_driver_msgs': CMAKE_PREFIX_PATH=/opt/ros/humble /usr/local/bin/cmake --build /data/rl_deploy/build/node_driver_msgs -- -j8 -l8[0m
[1.333s] [34mcolcon.colcon_core.event_handler.log_command[0m [1;30mDEBUG[0m [32mInvoked command in '/data/rl_deploy/build/node_driver_msgs' returned '0': CMAKE_PREFIX_PATH=/opt/ros/humble /usr/local/bin/cmake --build /data/rl_deploy/build/node_driver_msgs -- -j8 -l8[0m
[1.494s] [34mcolcon.colcon_core.event_handler.log_command[0m [1;30mDEBUG[0m [32mInvoking command in '/data/rl_deploy/build/node_driver_msgs': CMAKE_PREFIX_PATH=/opt/ros/humble /usr/local/bin/cmake --install /data/rl_deploy/build/node_driver_msgs[0m
[1.497s] [34mcolcon.colcon_core.event_handler.log_command[0m [1;30mDEBUG[0m [32mInvoked command in '/data/rl_deploy/build/node_control_msgs' returned '0': CMAKE_PREFIX_PATH=/opt/ros/humble /usr/local/bin/cmake --build /data/rl_deploy/build/node_control_msgs -- -j8 -l8[0m
[1.500s] [34mcolcon.colcon_core.event_handler.log_command[0m [1;30mDEBUG[0m [32mInvoking command in '/data/rl_deploy/build/node_control_msgs': CMAKE_PREFIX_PATH=/opt/ros/humble /usr/local/bin/cmake --install /data/rl_deploy/build/node_control_msgs[0m
[1.723s] [34mcolcon.colcon_core.environment[0m [1;30mLevel 1[0m create_environment_scripts_only(node_driver_msgs)
[1.725s] [34mcolcon.colcon_core.event_handler.log_command[0m [1;30mDEBUG[0m [32mInvoked command in '/data/rl_deploy/build/node_driver_msgs' returned '0': CMAKE_PREFIX_PATH=/opt/ros/humble /usr/local/bin/cmake --install /data/rl_deploy/build/node_driver_msgs[0m
[1.729s] [34mcolcon.colcon_core.environment[0m [1;30mLevel 1[0m checking '/data/rl_deploy/install/node_driver_msgs' for CMake module files
[1.731s] [34mcolcon.colcon_core.environment[0m [1;30mLevel 1[0m checking '/data/rl_deploy/install/node_driver_msgs' for CMake config files
[1.732s] [34mcolcon.colcon_core.shell[0m [1;30mLevel 1[0m create_environment_hook('node_driver_msgs', 'cmake_prefix_path')
[1.733s] [34mcolcon.colcon_core.shell[0m [1;30mINFO[0m Creating environment hook '/data/rl_deploy/install/node_driver_msgs/share/node_driver_msgs/hook/cmake_prefix_path.ps1'
[1.735s] [34mcolcon.colcon_core.shell[0m [1;30mINFO[0m Creating environment descriptor '/data/rl_deploy/install/node_driver_msgs/share/node_driver_msgs/hook/cmake_prefix_path.dsv'
[1.736s] [34mcolcon.colcon_core.shell[0m [1;30mINFO[0m Creating environment hook '/data/rl_deploy/install/node_driver_msgs/share/node_driver_msgs/hook/cmake_prefix_path.sh'
[1.738s] [34mcolcon.colcon_core.environment[0m [1;30mLevel 1[0m checking '/data/rl_deploy/install/node_driver_msgs/lib'
[1.739s] [34mcolcon.colcon_core.shell[0m [1;30mLevel 1[0m create_environment_hook('node_driver_msgs', 'ld_library_path_lib')
[1.739s] [34mcolcon.colcon_core.shell[0m [1;30mINFO[0m Creating environment hook '/data/rl_deploy/install/node_driver_msgs/share/node_driver_msgs/hook/ld_library_path_lib.ps1'
[1.740s] [34mcolcon.colcon_core.shell[0m [1;30mINFO[0m Creating environment descriptor '/data/rl_deploy/install/node_driver_msgs/share/node_driver_msgs/hook/ld_library_path_lib.dsv'
[1.741s] [34mcolcon.colcon_core.shell[0m [1;30mINFO[0m Creating environment hook '/data/rl_deploy/install/node_driver_msgs/share/node_driver_msgs/hook/ld_library_path_lib.sh'
[1.742s] [34mcolcon.colcon_core.environment[0m [1;30mLevel 1[0m checking '/data/rl_deploy/install/node_driver_msgs/bin'
[1.742s] [34mcolcon.colcon_core.environment[0m [1;30mLevel 1[0m checking '/data/rl_deploy/install/node_driver_msgs/lib/pkgconfig/node_driver_msgs.pc'
[1.743s] [34mcolcon.colcon_core.environment[0m [1;30mLevel 1[0m checking '/data/rl_deploy/install/node_driver_msgs/lib/python3.10/site-packages'
[1.744s] [34mcolcon.colcon_core.environment[0m [1;30mLevel 1[0m checking '/data/rl_deploy/install/node_driver_msgs/bin'
[1.744s] [34mcolcon.colcon_core.shell[0m [1;30mINFO[0m Creating package script '/data/rl_deploy/install/node_driver_msgs/share/node_driver_msgs/package.ps1'
[1.746s] [34mcolcon.colcon_core.shell[0m [1;30mINFO[0m Creating package descriptor '/data/rl_deploy/install/node_driver_msgs/share/node_driver_msgs/package.dsv'
[1.748s] [34mcolcon.colcon_core.shell[0m [1;30mINFO[0m Creating package script '/data/rl_deploy/install/node_driver_msgs/share/node_driver_msgs/package.sh'
[1.750s] [34mcolcon.colcon_core.shell[0m [1;30mINFO[0m Creating package script '/data/rl_deploy/install/node_driver_msgs/share/node_driver_msgs/package.bash'
[1.752s] [34mcolcon.colcon_core.shell[0m [1;30mINFO[0m Creating package script '/data/rl_deploy/install/node_driver_msgs/share/node_driver_msgs/package.zsh'
[1.753s] [34mcolcon.colcon_core.environment[0m [1;30mLevel 1[0m create_file_with_runtime_dependencies(/data/rl_deploy/install/node_driver_msgs/share/colcon-core/packages/node_driver_msgs)
[1.755s] [34mcolcon.colcon_core.environment[0m [1;30mLevel 1[0m create_environment_scripts_only(node_driver_msgs)
[1.756s] [34mcolcon.colcon_core.environment[0m [1;30mLevel 1[0m checking '/data/rl_deploy/install/node_driver_msgs' for CMake module files
[1.757s] [34mcolcon.colcon_core.environment[0m [1;30mLevel 1[0m checking '/data/rl_deploy/install/node_driver_msgs' for CMake config files
[1.759s] [34mcolcon.colcon_core.shell[0m [1;30mLevel 1[0m create_environment_hook('node_driver_msgs', 'cmake_prefix_path')
[1.760s] [34mcolcon.colcon_core.shell[0m [1;30mINFO[0m Creating environment hook '/data/rl_deploy/install/node_driver_msgs/share/node_driver_msgs/hook/cmake_prefix_path.ps1'
[1.762s] [34mcolcon.colcon_core.shell[0m [1;30mINFO[0m Creating environment descriptor '/data/rl_deploy/install/node_driver_msgs/share/node_driver_msgs/hook/cmake_prefix_path.dsv'
[1.764s] [34mcolcon.colcon_core.shell[0m [1;30mINFO[0m Creating environment hook '/data/rl_deploy/install/node_driver_msgs/share/node_driver_msgs/hook/cmake_prefix_path.sh'
[1.767s] [34mcolcon.colcon_core.environment[0m [1;30mLevel 1[0m checking '/data/rl_deploy/install/node_driver_msgs/lib'
[1.768s] [34mcolcon.colcon_core.shell[0m [1;30mLevel 1[0m create_environment_hook('node_driver_msgs', 'ld_library_path_lib')
[1.768s] [34mcolcon.colcon_core.shell[0m [1;30mINFO[0m Creating environment hook '/data/rl_deploy/install/node_driver_msgs/share/node_driver_msgs/hook/ld_library_path_lib.ps1'
[1.769s] [34mcolcon.colcon_core.shell[0m [1;30mINFO[0m Creating environment descriptor '/data/rl_deploy/install/node_driver_msgs/share/node_driver_msgs/hook/ld_library_path_lib.dsv'
[1.770s] [34mcolcon.colcon_core.shell[0m [1;30mINFO[0m Creating environment hook '/data/rl_deploy/install/node_driver_msgs/share/node_driver_msgs/hook/ld_library_path_lib.sh'
[1.772s] [34mcolcon.colcon_core.environment[0m [1;30mLevel 1[0m checking '/data/rl_deploy/install/node_driver_msgs/bin'
[1.772s] [34mcolcon.colcon_core.environment[0m [1;30mLevel 1[0m checking '/data/rl_deploy/install/node_driver_msgs/lib/pkgconfig/node_driver_msgs.pc'
[1.773s] [34mcolcon.colcon_core.environment[0m [1;30mLevel 1[0m checking '/data/rl_deploy/install/node_driver_msgs/lib/python3.10/site-packages'
[1.774s] [34mcolcon.colcon_core.environment[0m [1;30mLevel 1[0m checking '/data/rl_deploy/install/node_driver_msgs/bin'
[1.774s] [34mcolcon.colcon_core.shell[0m [1;30mINFO[0m Creating package script '/data/rl_deploy/install/node_driver_msgs/share/node_driver_msgs/package.ps1'
[1.776s] [34mcolcon.colcon_core.shell[0m [1;30mINFO[0m Creating package descriptor '/data/rl_deploy/install/node_driver_msgs/share/node_driver_msgs/package.dsv'
[1.778s] [34mcolcon.colcon_core.shell[0m [1;30mINFO[0m Creating package script '/data/rl_deploy/install/node_driver_msgs/share/node_driver_msgs/package.sh'
[1.779s] [34mcolcon.colcon_core.shell[0m [1;30mINFO[0m Creating package script '/data/rl_deploy/install/node_driver_msgs/share/node_driver_msgs/package.bash'
[1.781s] [34mcolcon.colcon_core.shell[0m [1;30mINFO[0m Creating package script '/data/rl_deploy/install/node_driver_msgs/share/node_driver_msgs/package.zsh'
[1.782s] [34mcolcon.colcon_core.environment[0m [1;30mLevel 1[0m create_file_with_runtime_dependencies(/data/rl_deploy/install/node_driver_msgs/share/colcon-core/packages/node_driver_msgs)
[1.784s] [34mcolcon.colcon_core.environment[0m [1;30mLevel 1[0m create_environment_scripts_only(node_control_msgs)
[1.785s] [34mcolcon.colcon_core.environment[0m [1;30mLevel 1[0m checking '/data/rl_deploy/install/node_control_msgs' for CMake module files
[1.789s] [34mcolcon.colcon_core.environment[0m [1;30mLevel 1[0m checking '/data/rl_deploy/install/node_control_msgs' for CMake config files
[1.796s] [34mcolcon.colcon_core.event_handler.log_command[0m [1;30mDEBUG[0m [32mInvoked command in '/data/rl_deploy/build/node_control_msgs' returned '0': CMAKE_PREFIX_PATH=/opt/ros/humble /usr/local/bin/cmake --install /data/rl_deploy/build/node_control_msgs[0m
[1.796s] [34mcolcon.colcon_core.shell[0m [1;30mLevel 1[0m create_environment_hook('node_control_msgs', 'cmake_prefix_path')
[1.797s] [34mcolcon.colcon_core.shell[0m [1;30mINFO[0m Creating environment hook '/data/rl_deploy/install/node_control_msgs/share/node_control_msgs/hook/cmake_prefix_path.ps1'
[1.798s] [34mcolcon.colcon_core.shell[0m [1;30mINFO[0m Creating environment descriptor '/data/rl_deploy/install/node_control_msgs/share/node_control_msgs/hook/cmake_prefix_path.dsv'
[1.799s] [34mcolcon.colcon_core.shell[0m [1;30mINFO[0m Creating environment hook '/data/rl_deploy/install/node_control_msgs/share/node_control_msgs/hook/cmake_prefix_path.sh'
[1.800s] [34mcolcon.colcon_core.environment[0m [1;30mLevel 1[0m checking '/data/rl_deploy/install/node_control_msgs/lib'
[1.800s] [34mcolcon.colcon_core.shell[0m [1;30mLevel 1[0m create_environment_hook('node_control_msgs', 'ld_library_path_lib')
[1.800s] [34mcolcon.colcon_core.shell[0m [1;30mINFO[0m Creating environment hook '/data/rl_deploy/install/node_control_msgs/share/node_control_msgs/hook/ld_library_path_lib.ps1'
[1.801s] [34mcolcon.colcon_core.shell[0m [1;30mINFO[0m Creating environment descriptor '/data/rl_deploy/install/node_control_msgs/share/node_control_msgs/hook/ld_library_path_lib.dsv'
[1.802s] [34mcolcon.colcon_core.shell[0m [1;30mINFO[0m Creating environment hook '/data/rl_deploy/install/node_control_msgs/share/node_control_msgs/hook/ld_library_path_lib.sh'
[1.803s] [34mcolcon.colcon_core.environment[0m [1;30mLevel 1[0m checking '/data/rl_deploy/install/node_control_msgs/bin'
[1.803s] [34mcolcon.colcon_core.environment[0m [1;30mLevel 1[0m checking '/data/rl_deploy/install/node_control_msgs/lib/pkgconfig/node_control_msgs.pc'
[1.803s] [34mcolcon.colcon_core.environment[0m [1;30mLevel 1[0m checking '/data/rl_deploy/install/node_control_msgs/lib/python3.10/site-packages'
[1.804s] [34mcolcon.colcon_core.environment[0m [1;30mLevel 1[0m checking '/data/rl_deploy/install/node_control_msgs/bin'
[1.805s] [34mcolcon.colcon_core.shell[0m [1;30mINFO[0m Creating package script '/data/rl_deploy/install/node_control_msgs/share/node_control_msgs/package.ps1'
[1.805s] [34mcolcon.colcon_core.shell[0m [1;30mINFO[0m Creating package descriptor '/data/rl_deploy/install/node_control_msgs/share/node_control_msgs/package.dsv'
[1.806s] [34mcolcon.colcon_core.shell[0m [1;30mINFO[0m Creating package script '/data/rl_deploy/install/node_control_msgs/share/node_control_msgs/package.sh'
[1.807s] [34mcolcon.colcon_core.shell[0m [1;30mINFO[0m Creating package script '/data/rl_deploy/install/node_control_msgs/share/node_control_msgs/package.bash'
[1.808s] [34mcolcon.colcon_core.shell[0m [1;30mINFO[0m Creating package script '/data/rl_deploy/install/node_control_msgs/share/node_control_msgs/package.zsh'
[1.809s] [34mcolcon.colcon_core.environment[0m [1;30mLevel 1[0m create_file_with_runtime_dependencies(/data/rl_deploy/install/node_control_msgs/share/colcon-core/packages/node_control_msgs)
[1.811s] [34mcolcon.colcon_core.environment[0m [1;30mLevel 1[0m create_environment_scripts_only(node_control_msgs)
[1.811s] [34mcolcon.colcon_core.environment[0m [1;30mLevel 1[0m checking '/data/rl_deploy/install/node_control_msgs' for CMake module files
[1.812s] [34mcolcon.colcon_core.environment[0m [1;30mLevel 1[0m checking '/data/rl_deploy/install/node_control_msgs' for CMake config files
[1.814s] [34mcolcon.colcon_core.shell[0m [1;30mLevel 1[0m create_environment_hook('node_control_msgs', 'cmake_prefix_path')
[1.814s] [34mcolcon.colcon_core.shell[0m [1;30mINFO[0m Creating environment hook '/data/rl_deploy/install/node_control_msgs/share/node_control_msgs/hook/cmake_prefix_path.ps1'
[1.815s] [34mcolcon.colcon_core.shell[0m [1;30mINFO[0m Creating environment descriptor '/data/rl_deploy/install/node_control_msgs/share/node_control_msgs/hook/cmake_prefix_path.dsv'
[1.816s] [34mcolcon.colcon_core.shell[0m [1;30mINFO[0m Creating environment hook '/data/rl_deploy/install/node_control_msgs/share/node_control_msgs/hook/cmake_prefix_path.sh'
[1.817s] [34mcolcon.colcon_core.environment[0m [1;30mLevel 1[0m checking '/data/rl_deploy/install/node_control_msgs/lib'
[1.817s] [34mcolcon.colcon_core.shell[0m [1;30mLevel 1[0m create_environment_hook('node_control_msgs', 'ld_library_path_lib')
[1.817s] [34mcolcon.colcon_core.shell[0m [1;30mINFO[0m Creating environment hook '/data/rl_deploy/install/node_control_msgs/share/node_control_msgs/hook/ld_library_path_lib.ps1'
[1.819s] [34mcolcon.colcon_core.shell[0m [1;30mINFO[0m Creating environment descriptor '/data/rl_deploy/install/node_control_msgs/share/node_control_msgs/hook/ld_library_path_lib.dsv'
[1.819s] [34mcolcon.colcon_core.shell[0m [1;30mINFO[0m Creating environment hook '/data/rl_deploy/install/node_control_msgs/share/node_control_msgs/hook/ld_library_path_lib.sh'
[1.820s] [34mcolcon.colcon_core.environment[0m [1;30mLevel 1[0m checking '/data/rl_deploy/install/node_control_msgs/bin'
[1.820s] [34mcolcon.colcon_core.environment[0m [1;30mLevel 1[0m checking '/data/rl_deploy/install/node_control_msgs/lib/pkgconfig/node_control_msgs.pc'
[1.821s] [34mcolcon.colcon_core.environment[0m [1;30mLevel 1[0m checking '/data/rl_deploy/install/node_control_msgs/lib/python3.10/site-packages'
[1.821s] [34mcolcon.colcon_core.environment[0m [1;30mLevel 1[0m checking '/data/rl_deploy/install/node_control_msgs/bin'
[1.822s] [34mcolcon.colcon_core.shell[0m [1;30mINFO[0m Creating package script '/data/rl_deploy/install/node_control_msgs/share/node_control_msgs/package.ps1'
[1.823s] [34mcolcon.colcon_core.shell[0m [1;30mINFO[0m Creating package descriptor '/data/rl_deploy/install/node_control_msgs/share/node_control_msgs/package.dsv'
[1.824s] [34mcolcon.colcon_core.shell[0m [1;30mINFO[0m Creating package script '/data/rl_deploy/install/node_control_msgs/share/node_control_msgs/package.sh'
[1.825s] [34mcolcon.colcon_core.shell[0m [1;30mINFO[0m Creating package script '/data/rl_deploy/install/node_control_msgs/share/node_control_msgs/package.bash'
[1.826s] [34mcolcon.colcon_core.shell[0m [1;30mINFO[0m Creating package script '/data/rl_deploy/install/node_control_msgs/share/node_control_msgs/package.zsh'
[1.827s] [34mcolcon.colcon_core.environment[0m [1;30mLevel 1[0m create_file_with_runtime_dependencies(/data/rl_deploy/install/node_control_msgs/share/colcon-core/packages/node_control_msgs)
[1.827s] [34mcolcon.colcon_ros.task.ament_cmake.build[0m [1;30mINFO[0m Building ROS package in '/data/rl_deploy/src/robot_msgs' with build type 'ament_cmake'
[1.828s] [34mcolcon.colcon_cmake.task.cmake.build[0m [1;30mINFO[0m Building CMake package in '/data/rl_deploy/src/robot_msgs'
[1.828s] [34mcolcon.colcon_core.shell[0m [1;30mINFO[0m Skip shell extension 'powershell' for command environment: Not usable outside of PowerShell
[1.828s] [34mcolcon.colcon_core.shell[0m [1;30mDEBUG[0m [32mSkip shell extension 'dsv' for command environment[0m
[1.833s] [34mcolcon.colcon_ros.task.ament_cmake.build[0m [1;30mINFO[0m Building ROS package in '/data/rl_deploy/src/node_app_msgs' with build type 'ament_cmake'
[1.833s] [34mcolcon.colcon_cmake.task.cmake.build[0m [1;30mINFO[0m Building CMake package in '/data/rl_deploy/src/node_app_msgs'
[1.833s] [34mcolcon.colcon_core.shell[0m [1;30mINFO[0m Skip shell extension 'powershell' for command environment: Not usable outside of PowerShell
[1.834s] [34mcolcon.colcon_core.shell[0m [1;30mDEBUG[0m [32mSkip shell extension 'dsv' for command environment[0m
[1.846s] [34mcolcon.colcon_core.event_handler.log_command[0m [1;30mDEBUG[0m [32mInvoking command in '/data/rl_deploy/build/robot_msgs': AMENT_PREFIX_PATH=/data/rl_deploy/install/node_control_msgs:${AMENT_PREFIX_PATH} CMAKE_PREFIX_PATH=/data/rl_deploy/install/node_control_msgs:/opt/ros/humble LD_LIBRARY_PATH=/data/rl_deploy/install/node_control_msgs/lib:/opt/ros/humble/lib/aarch64-linux-gnu:/opt/ros/humble/lib:/app/lib:/app/lib:/usr/local/cuda-12/lib64:/usr/local/cuda-12/lib64:/usr/local/cuda-12/lib64 PYTHONPATH=/data/rl_deploy/install/node_control_msgs/local/lib/python3.10/dist-packages:${PYTHONPATH} /usr/local/bin/cmake --build /data/rl_deploy/build/robot_msgs -- -j8 -l8[0m
[1.855s] [34mcolcon.colcon_core.event_handler.log_command[0m [1;30mDEBUG[0m [32mInvoking command in '/data/rl_deploy/build/node_app_msgs': AMENT_PREFIX_PATH=/data/rl_deploy/install/node_control_msgs:${AMENT_PREFIX_PATH} CMAKE_PREFIX_PATH=/data/rl_deploy/install/node_control_msgs:/opt/ros/humble LD_LIBRARY_PATH=/data/rl_deploy/install/node_control_msgs/lib:/opt/ros/humble/lib/aarch64-linux-gnu:/opt/ros/humble/lib:/app/lib:/app/lib:/usr/local/cuda-12/lib64:/usr/local/cuda-12/lib64:/usr/local/cuda-12/lib64 PYTHONPATH=/data/rl_deploy/install/node_control_msgs/local/lib/python3.10/dist-packages:${PYTHONPATH} /usr/local/bin/cmake --build /data/rl_deploy/build/node_app_msgs -- -j8 -l8[0m
[2.595s] [34mcolcon.colcon_core.event_handler.log_command[0m [1;30mDEBUG[0m [32mInvoked command in '/data/rl_deploy/build/node_app_msgs' returned '0': AMENT_PREFIX_PATH=/data/rl_deploy/install/node_control_msgs:${AMENT_PREFIX_PATH} CMAKE_PREFIX_PATH=/data/rl_deploy/install/node_control_msgs:/opt/ros/humble LD_LIBRARY_PATH=/data/rl_deploy/install/node_control_msgs/lib:/opt/ros/humble/lib/aarch64-linux-gnu:/opt/ros/humble/lib:/app/lib:/app/lib:/usr/local/cuda-12/lib64:/usr/local/cuda-12/lib64:/usr/local/cuda-12/lib64 PYTHONPATH=/data/rl_deploy/install/node_control_msgs/local/lib/python3.10/dist-packages:${PYTHONPATH} /usr/local/bin/cmake --build /data/rl_deploy/build/node_app_msgs -- -j8 -l8[0m
[2.600s] [34mcolcon.colcon_core.event_handler.log_command[0m [1;30mDEBUG[0m [32mInvoking command in '/data/rl_deploy/build/node_app_msgs': AMENT_PREFIX_PATH=/data/rl_deploy/install/node_control_msgs:${AMENT_PREFIX_PATH} CMAKE_PREFIX_PATH=/data/rl_deploy/install/node_control_msgs:/opt/ros/humble LD_LIBRARY_PATH=/data/rl_deploy/install/node_control_msgs/lib:/opt/ros/humble/lib/aarch64-linux-gnu:/opt/ros/humble/lib:/app/lib:/app/lib:/usr/local/cuda-12/lib64:/usr/local/cuda-12/lib64:/usr/local/cuda-12/lib64 PYTHONPATH=/data/rl_deploy/install/node_control_msgs/local/lib/python3.10/dist-packages:${PYTHONPATH} /usr/local/bin/cmake --install /data/rl_deploy/build/node_app_msgs[0m
[2.673s] [34mcolcon.colcon_core.event_handler.log_command[0m [1;30mDEBUG[0m [32mInvoked command in '/data/rl_deploy/build/robot_msgs' returned '0': AMENT_PREFIX_PATH=/data/rl_deploy/install/node_control_msgs:${AMENT_PREFIX_PATH} CMAKE_PREFIX_PATH=/data/rl_deploy/install/node_control_msgs:/opt/ros/humble LD_LIBRARY_PATH=/data/rl_deploy/install/node_control_msgs/lib:/opt/ros/humble/lib/aarch64-linux-gnu:/opt/ros/humble/lib:/app/lib:/app/lib:/usr/local/cuda-12/lib64:/usr/local/cuda-12/lib64:/usr/local/cuda-12/lib64 PYTHONPATH=/data/rl_deploy/install/node_control_msgs/local/lib/python3.10/dist-packages:${PYTHONPATH} /usr/local/bin/cmake --build /data/rl_deploy/build/robot_msgs -- -j8 -l8[0m
[2.677s] [34mcolcon.colcon_core.event_handler.log_command[0m [1;30mDEBUG[0m [32mInvoking command in '/data/rl_deploy/build/robot_msgs': AMENT_PREFIX_PATH=/data/rl_deploy/install/node_control_msgs:${AMENT_PREFIX_PATH} CMAKE_PREFIX_PATH=/data/rl_deploy/install/node_control_msgs:/opt/ros/humble LD_LIBRARY_PATH=/data/rl_deploy/install/node_control_msgs/lib:/opt/ros/humble/lib/aarch64-linux-gnu:/opt/ros/humble/lib:/app/lib:/app/lib:/usr/local/cuda-12/lib64:/usr/local/cuda-12/lib64:/usr/local/cuda-12/lib64 PYTHONPATH=/data/rl_deploy/install/node_control_msgs/local/lib/python3.10/dist-packages:${PYTHONPATH} /usr/local/bin/cmake --install /data/rl_deploy/build/robot_msgs[0m
[2.859s] [34mcolcon.colcon_core.environment[0m [1;30mLevel 1[0m create_environment_scripts_only(node_app_msgs)
[2.859s] [34mcolcon.colcon_core.environment[0m [1;30mLevel 1[0m checking '/data/rl_deploy/install/node_app_msgs' for CMake module files
[2.860s] [34mcolcon.colcon_core.event_handler.log_command[0m [1;30mDEBUG[0m [32mInvoked command in '/data/rl_deploy/build/node_app_msgs' returned '0': AMENT_PREFIX_PATH=/data/rl_deploy/install/node_control_msgs:${AMENT_PREFIX_PATH} CMAKE_PREFIX_PATH=/data/rl_deploy/install/node_control_msgs:/opt/ros/humble LD_LIBRARY_PATH=/data/rl_deploy/install/node_control_msgs/lib:/opt/ros/humble/lib/aarch64-linux-gnu:/opt/ros/humble/lib:/app/lib:/app/lib:/usr/local/cuda-12/lib64:/usr/local/cuda-12/lib64:/usr/local/cuda-12/lib64 PYTHONPATH=/data/rl_deploy/install/node_control_msgs/local/lib/python3.10/dist-packages:${PYTHONPATH} /usr/local/bin/cmake --install /data/rl_deploy/build/node_app_msgs[0m
[2.861s] [34mcolcon.colcon_core.environment[0m [1;30mLevel 1[0m checking '/data/rl_deploy/install/node_app_msgs' for CMake config files
[2.863s] [34mcolcon.colcon_core.shell[0m [1;30mLevel 1[0m create_environment_hook('node_app_msgs', 'cmake_prefix_path')
[2.863s] [34mcolcon.colcon_core.shell[0m [1;30mINFO[0m Creating environment hook '/data/rl_deploy/install/node_app_msgs/share/node_app_msgs/hook/cmake_prefix_path.ps1'
[2.864s] [34mcolcon.colcon_core.shell[0m [1;30mINFO[0m Creating environment descriptor '/data/rl_deploy/install/node_app_msgs/share/node_app_msgs/hook/cmake_prefix_path.dsv'
[2.865s] [34mcolcon.colcon_core.shell[0m [1;30mINFO[0m Creating environment hook '/data/rl_deploy/install/node_app_msgs/share/node_app_msgs/hook/cmake_prefix_path.sh'
[2.867s] [34mcolcon.colcon_core.environment[0m [1;30mLevel 1[0m checking '/data/rl_deploy/install/node_app_msgs/lib'
[2.867s] [34mcolcon.colcon_core.shell[0m [1;30mLevel 1[0m create_environment_hook('node_app_msgs', 'ld_library_path_lib')
[2.867s] [34mcolcon.colcon_core.shell[0m [1;30mINFO[0m Creating environment hook '/data/rl_deploy/install/node_app_msgs/share/node_app_msgs/hook/ld_library_path_lib.ps1'
[2.868s] [34mcolcon.colcon_core.shell[0m [1;30mINFO[0m Creating environment descriptor '/data/rl_deploy/install/node_app_msgs/share/node_app_msgs/hook/ld_library_path_lib.dsv'
[2.869s] [34mcolcon.colcon_core.shell[0m [1;30mINFO[0m Creating environment hook '/data/rl_deploy/install/node_app_msgs/share/node_app_msgs/hook/ld_library_path_lib.sh'
[2.870s] [34mcolcon.colcon_core.environment[0m [1;30mLevel 1[0m checking '/data/rl_deploy/install/node_app_msgs/bin'
[2.870s] [34mcolcon.colcon_core.environment[0m [1;30mLevel 1[0m checking '/data/rl_deploy/install/node_app_msgs/lib/pkgconfig/node_app_msgs.pc'
[2.871s] [34mcolcon.colcon_core.environment[0m [1;30mLevel 1[0m checking '/data/rl_deploy/install/node_app_msgs/lib/python3.10/site-packages'
[2.871s] [34mcolcon.colcon_core.environment[0m [1;30mLevel 1[0m checking '/data/rl_deploy/install/node_app_msgs/bin'
[2.872s] [34mcolcon.colcon_core.shell[0m [1;30mINFO[0m Creating package script '/data/rl_deploy/install/node_app_msgs/share/node_app_msgs/package.ps1'
[2.873s] [34mcolcon.colcon_core.shell[0m [1;30mINFO[0m Creating package descriptor '/data/rl_deploy/install/node_app_msgs/share/node_app_msgs/package.dsv'
[2.874s] [34mcolcon.colcon_core.shell[0m [1;30mINFO[0m Creating package script '/data/rl_deploy/install/node_app_msgs/share/node_app_msgs/package.sh'
[2.875s] [34mcolcon.colcon_core.shell[0m [1;30mINFO[0m Creating package script '/data/rl_deploy/install/node_app_msgs/share/node_app_msgs/package.bash'
[2.876s] [34mcolcon.colcon_core.shell[0m [1;30mINFO[0m Creating package script '/data/rl_deploy/install/node_app_msgs/share/node_app_msgs/package.zsh'
[2.877s] [34mcolcon.colcon_core.environment[0m [1;30mLevel 1[0m create_file_with_runtime_dependencies(/data/rl_deploy/install/node_app_msgs/share/colcon-core/packages/node_app_msgs)
[2.878s] [34mcolcon.colcon_core.environment[0m [1;30mLevel 1[0m create_environment_scripts_only(node_app_msgs)
[2.878s] [34mcolcon.colcon_core.environment[0m [1;30mLevel 1[0m checking '/data/rl_deploy/install/node_app_msgs' for CMake module files
[2.880s] [34mcolcon.colcon_core.environment[0m [1;30mLevel 1[0m checking '/data/rl_deploy/install/node_app_msgs' for CMake config files
[2.882s] [34mcolcon.colcon_core.shell[0m [1;30mLevel 1[0m create_environment_hook('node_app_msgs', 'cmake_prefix_path')
[2.882s] [34mcolcon.colcon_core.shell[0m [1;30mINFO[0m Creating environment hook '/data/rl_deploy/install/node_app_msgs/share/node_app_msgs/hook/cmake_prefix_path.ps1'
[2.884s] [34mcolcon.colcon_core.shell[0m [1;30mINFO[0m Creating environment descriptor '/data/rl_deploy/install/node_app_msgs/share/node_app_msgs/hook/cmake_prefix_path.dsv'
[2.885s] [34mcolcon.colcon_core.shell[0m [1;30mINFO[0m Creating environment hook '/data/rl_deploy/install/node_app_msgs/share/node_app_msgs/hook/cmake_prefix_path.sh'
[2.887s] [34mcolcon.colcon_core.environment[0m [1;30mLevel 1[0m checking '/data/rl_deploy/install/node_app_msgs/lib'
[2.887s] [34mcolcon.colcon_core.shell[0m [1;30mLevel 1[0m create_environment_hook('node_app_msgs', 'ld_library_path_lib')
[2.887s] [34mcolcon.colcon_core.shell[0m [1;30mINFO[0m Creating environment hook '/data/rl_deploy/install/node_app_msgs/share/node_app_msgs/hook/ld_library_path_lib.ps1'
[2.888s] [34mcolcon.colcon_core.shell[0m [1;30mINFO[0m Creating environment descriptor '/data/rl_deploy/install/node_app_msgs/share/node_app_msgs/hook/ld_library_path_lib.dsv'
[2.889s] [34mcolcon.colcon_core.shell[0m [1;30mINFO[0m Creating environment hook '/data/rl_deploy/install/node_app_msgs/share/node_app_msgs/hook/ld_library_path_lib.sh'
[2.890s] [34mcolcon.colcon_core.environment[0m [1;30mLevel 1[0m checking '/data/rl_deploy/install/node_app_msgs/bin'
[2.890s] [34mcolcon.colcon_core.environment[0m [1;30mLevel 1[0m checking '/data/rl_deploy/install/node_app_msgs/lib/pkgconfig/node_app_msgs.pc'
[2.891s] [34mcolcon.colcon_core.environment[0m [1;30mLevel 1[0m checking '/data/rl_deploy/install/node_app_msgs/lib/python3.10/site-packages'
[2.892s] [34mcolcon.colcon_core.environment[0m [1;30mLevel 1[0m checking '/data/rl_deploy/install/node_app_msgs/bin'
[2.893s] [34mcolcon.colcon_core.shell[0m [1;30mINFO[0m Creating package script '/data/rl_deploy/install/node_app_msgs/share/node_app_msgs/package.ps1'
[2.896s] [34mcolcon.colcon_core.shell[0m [1;30mINFO[0m Creating package descriptor '/data/rl_deploy/install/node_app_msgs/share/node_app_msgs/package.dsv'
[2.898s] [34mcolcon.colcon_core.shell[0m [1;30mINFO[0m Creating package script '/data/rl_deploy/install/node_app_msgs/share/node_app_msgs/package.sh'
[2.900s] [34mcolcon.colcon_core.shell[0m [1;30mINFO[0m Creating package script '/data/rl_deploy/install/node_app_msgs/share/node_app_msgs/package.bash'
[2.902s] [34mcolcon.colcon_core.shell[0m [1;30mINFO[0m Creating package script '/data/rl_deploy/install/node_app_msgs/share/node_app_msgs/package.zsh'
[2.904s] [34mcolcon.colcon_core.environment[0m [1;30mLevel 1[0m create_file_with_runtime_dependencies(/data/rl_deploy/install/node_app_msgs/share/colcon-core/packages/node_app_msgs)
[2.906s] [34mcolcon.colcon_core.environment[0m [1;30mLevel 1[0m create_environment_scripts_only(robot_msgs)
[2.907s] [34mcolcon.colcon_core.environment[0m [1;30mLevel 1[0m checking '/data/rl_deploy/install/robot_msgs' for CMake module files
[2.911s] [34mcolcon.colcon_core.environment[0m [1;30mLevel 1[0m checking '/data/rl_deploy/install/robot_msgs' for CMake config files
[2.915s] [34mcolcon.colcon_core.event_handler.log_command[0m [1;30mDEBUG[0m [32mInvoked command in '/data/rl_deploy/build/robot_msgs' returned '0': AMENT_PREFIX_PATH=/data/rl_deploy/install/node_control_msgs:${AMENT_PREFIX_PATH} CMAKE_PREFIX_PATH=/data/rl_deploy/install/node_control_msgs:/opt/ros/humble LD_LIBRARY_PATH=/data/rl_deploy/install/node_control_msgs/lib:/opt/ros/humble/lib/aarch64-linux-gnu:/opt/ros/humble/lib:/app/lib:/app/lib:/usr/local/cuda-12/lib64:/usr/local/cuda-12/lib64:/usr/local/cuda-12/lib64 PYTHONPATH=/data/rl_deploy/install/node_control_msgs/local/lib/python3.10/dist-packages:${PYTHONPATH} /usr/local/bin/cmake --install /data/rl_deploy/build/robot_msgs[0m
[2.915s] [34mcolcon.colcon_core.shell[0m [1;30mLevel 1[0m create_environment_hook('robot_msgs', 'cmake_prefix_path')
[2.916s] [34mcolcon.colcon_core.shell[0m [1;30mINFO[0m Creating environment hook '/data/rl_deploy/install/robot_msgs/share/robot_msgs/hook/cmake_prefix_path.ps1'
[2.917s] [34mcolcon.colcon_core.shell[0m [1;30mINFO[0m Creating environment descriptor '/data/rl_deploy/install/robot_msgs/share/robot_msgs/hook/cmake_prefix_path.dsv'
[2.918s] [34mcolcon.colcon_core.shell[0m [1;30mINFO[0m Creating environment hook '/data/rl_deploy/install/robot_msgs/share/robot_msgs/hook/cmake_prefix_path.sh'
[2.919s] [34mcolcon.colcon_core.environment[0m [1;30mLevel 1[0m checking '/data/rl_deploy/install/robot_msgs/lib'
[2.919s] [34mcolcon.colcon_core.shell[0m [1;30mLevel 1[0m create_environment_hook('robot_msgs', 'ld_library_path_lib')
[2.919s] [34mcolcon.colcon_core.shell[0m [1;30mINFO[0m Creating environment hook '/data/rl_deploy/install/robot_msgs/share/robot_msgs/hook/ld_library_path_lib.ps1'
[2.920s] [34mcolcon.colcon_core.shell[0m [1;30mINFO[0m Creating environment descriptor '/data/rl_deploy/install/robot_msgs/share/robot_msgs/hook/ld_library_path_lib.dsv'
[2.921s] [34mcolcon.colcon_core.shell[0m [1;30mINFO[0m Creating environment hook '/data/rl_deploy/install/robot_msgs/share/robot_msgs/hook/ld_library_path_lib.sh'
[2.922s] [34mcolcon.colcon_core.environment[0m [1;30mLevel 1[0m checking '/data/rl_deploy/install/robot_msgs/bin'
[2.922s] [34mcolcon.colcon_core.environment[0m [1;30mLevel 1[0m checking '/data/rl_deploy/install/robot_msgs/lib/pkgconfig/robot_msgs.pc'
[2.922s] [34mcolcon.colcon_core.environment[0m [1;30mLevel 1[0m checking '/data/rl_deploy/install/robot_msgs/lib/python3.10/site-packages'
[2.923s] [34mcolcon.colcon_core.environment[0m [1;30mLevel 1[0m checking '/data/rl_deploy/install/robot_msgs/bin'
[2.923s] [34mcolcon.colcon_core.shell[0m [1;30mINFO[0m Creating package script '/data/rl_deploy/install/robot_msgs/share/robot_msgs/package.ps1'
[2.924s] [34mcolcon.colcon_core.shell[0m [1;30mINFO[0m Creating package descriptor '/data/rl_deploy/install/robot_msgs/share/robot_msgs/package.dsv'
[2.925s] [34mcolcon.colcon_core.shell[0m [1;30mINFO[0m Creating package script '/data/rl_deploy/install/robot_msgs/share/robot_msgs/package.sh'
[2.926s] [34mcolcon.colcon_core.shell[0m [1;30mINFO[0m Creating package script '/data/rl_deploy/install/robot_msgs/share/robot_msgs/package.bash'
[2.927s] [34mcolcon.colcon_core.shell[0m [1;30mINFO[0m Creating package script '/data/rl_deploy/install/robot_msgs/share/robot_msgs/package.zsh'
[2.928s] [34mcolcon.colcon_core.environment[0m [1;30mLevel 1[0m create_file_with_runtime_dependencies(/data/rl_deploy/install/robot_msgs/share/colcon-core/packages/robot_msgs)
[2.929s] [34mcolcon.colcon_core.environment[0m [1;30mLevel 1[0m create_environment_scripts_only(robot_msgs)
[2.929s] [34mcolcon.colcon_core.environment[0m [1;30mLevel 1[0m checking '/data/rl_deploy/install/robot_msgs' for CMake module files
[2.931s] [34mcolcon.colcon_core.environment[0m [1;30mLevel 1[0m checking '/data/rl_deploy/install/robot_msgs' for CMake config files
[2.932s] [34mcolcon.colcon_core.shell[0m [1;30mLevel 1[0m create_environment_hook('robot_msgs', 'cmake_prefix_path')
[2.932s] [34mcolcon.colcon_core.shell[0m [1;30mINFO[0m Creating environment hook '/data/rl_deploy/install/robot_msgs/share/robot_msgs/hook/cmake_prefix_path.ps1'
[2.933s] [34mcolcon.colcon_core.shell[0m [1;30mINFO[0m Creating environment descriptor '/data/rl_deploy/install/robot_msgs/share/robot_msgs/hook/cmake_prefix_path.dsv'
[2.934s] [34mcolcon.colcon_core.shell[0m [1;30mINFO[0m Creating environment hook '/data/rl_deploy/install/robot_msgs/share/robot_msgs/hook/cmake_prefix_path.sh'
[2.935s] [34mcolcon.colcon_core.environment[0m [1;30mLevel 1[0m checking '/data/rl_deploy/install/robot_msgs/lib'
[2.935s] [34mcolcon.colcon_core.shell[0m [1;30mLevel 1[0m create_environment_hook('robot_msgs', 'ld_library_path_lib')
[2.935s] [34mcolcon.colcon_core.shell[0m [1;30mINFO[0m Creating environment hook '/data/rl_deploy/install/robot_msgs/share/robot_msgs/hook/ld_library_path_lib.ps1'
[2.936s] [34mcolcon.colcon_core.shell[0m [1;30mINFO[0m Creating environment descriptor '/data/rl_deploy/install/robot_msgs/share/robot_msgs/hook/ld_library_path_lib.dsv'
[2.937s] [34mcolcon.colcon_core.shell[0m [1;30mINFO[0m Creating environment hook '/data/rl_deploy/install/robot_msgs/share/robot_msgs/hook/ld_library_path_lib.sh'
[2.938s] [34mcolcon.colcon_core.environment[0m [1;30mLevel 1[0m checking '/data/rl_deploy/install/robot_msgs/bin'
[2.938s] [34mcolcon.colcon_core.environment[0m [1;30mLevel 1[0m checking '/data/rl_deploy/install/robot_msgs/lib/pkgconfig/robot_msgs.pc'
[2.938s] [34mcolcon.colcon_core.environment[0m [1;30mLevel 1[0m checking '/data/rl_deploy/install/robot_msgs/lib/python3.10/site-packages'
[2.939s] [34mcolcon.colcon_core.environment[0m [1;30mLevel 1[0m checking '/data/rl_deploy/install/robot_msgs/bin'
[2.939s] [34mcolcon.colcon_core.shell[0m [1;30mINFO[0m Creating package script '/data/rl_deploy/install/robot_msgs/share/robot_msgs/package.ps1'
[2.940s] [34mcolcon.colcon_core.shell[0m [1;30mINFO[0m Creating package descriptor '/data/rl_deploy/install/robot_msgs/share/robot_msgs/package.dsv'
[2.941s] [34mcolcon.colcon_core.shell[0m [1;30mINFO[0m Creating package script '/data/rl_deploy/install/robot_msgs/share/robot_msgs/package.sh'
[2.942s] [34mcolcon.colcon_core.shell[0m [1;30mINFO[0m Creating package script '/data/rl_deploy/install/robot_msgs/share/robot_msgs/package.bash'
[2.943s] [34mcolcon.colcon_core.shell[0m [1;30mINFO[0m Creating package script '/data/rl_deploy/install/robot_msgs/share/robot_msgs/package.zsh'
[2.944s] [34mcolcon.colcon_core.environment[0m [1;30mLevel 1[0m create_file_with_runtime_dependencies(/data/rl_deploy/install/robot_msgs/share/colcon-core/packages/robot_msgs)
[2.945s] [34mcolcon.colcon_ros.task.ament_python.build[0m [1;30mINFO[0m Building ROS package in '/data/rl_deploy/src/robot_rl_controller' with build type 'ament_python'
[2.945s] [34mcolcon.colcon_core.shell[0m [1;30mLevel 1[0m create_environment_hook('robot_rl_controller', 'ament_prefix_path')
[2.945s] [34mcolcon.colcon_core.shell[0m [1;30mINFO[0m Creating environment hook '/data/rl_deploy/install/robot_rl_controller/share/robot_rl_controller/hook/ament_prefix_path.ps1'
[2.947s] [34mcolcon.colcon_core.shell[0m [1;30mINFO[0m Creating environment descriptor '/data/rl_deploy/install/robot_rl_controller/share/robot_rl_controller/hook/ament_prefix_path.dsv'
[2.948s] [34mcolcon.colcon_core.shell[0m [1;30mINFO[0m Creating environment hook '/data/rl_deploy/install/robot_rl_controller/share/robot_rl_controller/hook/ament_prefix_path.sh'
[2.949s] [34mcolcon.colcon_core.shell[0m [1;30mINFO[0m Skip shell extension 'powershell' for command environment: Not usable outside of PowerShell
[2.949s] [34mcolcon.colcon_core.shell[0m [1;30mDEBUG[0m [32mSkip shell extension 'dsv' for command environment[0m
[2.953s] [34mcolcon.colcon_ros.task.ament_cmake.build[0m [1;30mINFO[0m Building ROS package in '/data/rl_deploy/src/robot_state' with build type 'ament_cmake'
[2.954s] [34mcolcon.colcon_cmake.task.cmake.build[0m [1;30mINFO[0m Building CMake package in '/data/rl_deploy/src/robot_state'
[2.954s] [34mcolcon.colcon_core.shell[0m [1;30mINFO[0m Skip shell extension 'powershell' for command environment: Not usable outside of PowerShell
[2.955s] [34mcolcon.colcon_core.shell[0m [1;30mDEBUG[0m [32mSkip shell extension 'dsv' for command environment[0m
[2.975s] [34mcolcon.colcon_core.event_handler.log_command[0m [1;30mDEBUG[0m [32mInvoking command in '/data/rl_deploy/build/robot_state': AMENT_PREFIX_PATH=/data/rl_deploy/install/robot_msgs:/data/rl_deploy/install/node_control_msgs:${AMENT_PREFIX_PATH} CMAKE_PREFIX_PATH=/data/rl_deploy/install/robot_msgs:/data/rl_deploy/install/node_control_msgs:/opt/ros/humble LD_LIBRARY_PATH=/data/rl_deploy/install/robot_msgs/lib:/data/rl_deploy/install/node_control_msgs/lib:/opt/ros/humble/lib/aarch64-linux-gnu:/opt/ros/humble/lib:/app/lib:/app/lib:/usr/local/cuda-12/lib64:/usr/local/cuda-12/lib64:/usr/local/cuda-12/lib64 PYTHONPATH=/data/rl_deploy/install/robot_msgs/local/lib/python3.10/dist-packages:/data/rl_deploy/install/node_control_msgs/local/lib/python3.10/dist-packages:${PYTHONPATH} /usr/local/bin/cmake --build /data/rl_deploy/build/robot_state -- -j8 -l8[0m
[3.515s] [34mcolcon.colcon_core.task.python.build[0m [1;30mINFO[0m Building Python package in '/data/rl_deploy/src/robot_rl_controller'
[3.516s] [34mcolcon.colcon_core.shell[0m [1;30mINFO[0m Skip shell extension 'powershell' for command environment: Not usable outside of PowerShell
[3.516s] [34mcolcon.colcon_core.shell[0m [1;30mDEBUG[0m [32mSkip shell extension 'dsv' for command environment[0m
[3.523s] [34mcolcon.colcon_core.event_handler.log_command[0m [1;30mDEBUG[0m [32mInvoked command in '/data/rl_deploy/build/robot_state' returned '0': AMENT_PREFIX_PATH=/data/rl_deploy/install/robot_msgs:/data/rl_deploy/install/node_control_msgs:${AMENT_PREFIX_PATH} CMAKE_PREFIX_PATH=/data/rl_deploy/install/robot_msgs:/data/rl_deploy/install/node_control_msgs:/opt/ros/humble LD_LIBRARY_PATH=/data/rl_deploy/install/robot_msgs/lib:/data/rl_deploy/install/node_control_msgs/lib:/opt/ros/humble/lib/aarch64-linux-gnu:/opt/ros/humble/lib:/app/lib:/app/lib:/usr/local/cuda-12/lib64:/usr/local/cuda-12/lib64:/usr/local/cuda-12/lib64 PYTHONPATH=/data/rl_deploy/install/robot_msgs/local/lib/python3.10/dist-packages:/data/rl_deploy/install/node_control_msgs/local/lib/python3.10/dist-packages:${PYTHONPATH} /usr/local/bin/cmake --build /data/rl_deploy/build/robot_state -- -j8 -l8[0m
[3.528s] [34mcolcon.colcon_core.event_handler.log_command[0m [1;30mDEBUG[0m [32mInvoking command in '/data/rl_deploy/build/robot_state': AMENT_PREFIX_PATH=/data/rl_deploy/install/robot_msgs:/data/rl_deploy/install/node_control_msgs:${AMENT_PREFIX_PATH} CMAKE_PREFIX_PATH=/data/rl_deploy/install/robot_msgs:/data/rl_deploy/install/node_control_msgs:/opt/ros/humble LD_LIBRARY_PATH=/data/rl_deploy/install/robot_msgs/lib:/data/rl_deploy/install/node_control_msgs/lib:/opt/ros/humble/lib/aarch64-linux-gnu:/opt/ros/humble/lib:/app/lib:/app/lib:/usr/local/cuda-12/lib64:/usr/local/cuda-12/lib64:/usr/local/cuda-12/lib64 PYTHONPATH=/data/rl_deploy/install/robot_msgs/local/lib/python3.10/dist-packages:/data/rl_deploy/install/node_control_msgs/local/lib/python3.10/dist-packages:${PYTHONPATH} /usr/local/bin/cmake --install /data/rl_deploy/build/robot_state[0m
[3.669s] [34mcolcon.colcon_core.environment[0m [1;30mLevel 1[0m create_environment_scripts_only(robot_state)
[3.670s] [34mcolcon.colcon_core.environment[0m [1;30mLevel 1[0m checking '/data/rl_deploy/install/robot_state' for CMake module files
[3.671s] [34mcolcon.colcon_core.event_handler.log_command[0m [1;30mDEBUG[0m [32mInvoked command in '/data/rl_deploy/build/robot_state' returned '0': AMENT_PREFIX_PATH=/data/rl_deploy/install/robot_msgs:/data/rl_deploy/install/node_control_msgs:${AMENT_PREFIX_PATH} CMAKE_PREFIX_PATH=/data/rl_deploy/install/robot_msgs:/data/rl_deploy/install/node_control_msgs:/opt/ros/humble LD_LIBRARY_PATH=/data/rl_deploy/install/robot_msgs/lib:/data/rl_deploy/install/node_control_msgs/lib:/opt/ros/humble/lib/aarch64-linux-gnu:/opt/ros/humble/lib:/app/lib:/app/lib:/usr/local/cuda-12/lib64:/usr/local/cuda-12/lib64:/usr/local/cuda-12/lib64 PYTHONPATH=/data/rl_deploy/install/robot_msgs/local/lib/python3.10/dist-packages:/data/rl_deploy/install/node_control_msgs/local/lib/python3.10/dist-packages:${PYTHONPATH} /usr/local/bin/cmake --install /data/rl_deploy/build/robot_state[0m
[3.672s] [34mcolcon.colcon_core.environment[0m [1;30mLevel 1[0m checking '/data/rl_deploy/install/robot_state' for CMake config files
[3.673s] [34mcolcon.colcon_core.shell[0m [1;30mLevel 1[0m create_environment_hook('robot_state', 'cmake_prefix_path')
[3.673s] [34mcolcon.colcon_core.shell[0m [1;30mINFO[0m Creating environment hook '/data/rl_deploy/install/robot_state/share/robot_state/hook/cmake_prefix_path.ps1'
[3.675s] [34mcolcon.colcon_core.shell[0m [1;30mINFO[0m Creating environment descriptor '/data/rl_deploy/install/robot_state/share/robot_state/hook/cmake_prefix_path.dsv'
[3.676s] [34mcolcon.colcon_core.shell[0m [1;30mINFO[0m Creating environment hook '/data/rl_deploy/install/robot_state/share/robot_state/hook/cmake_prefix_path.sh'
[3.677s] [34mcolcon.colcon_core.environment[0m [1;30mLevel 1[0m checking '/data/rl_deploy/install/robot_state/lib'
[3.677s] [34mcolcon.colcon_core.environment[0m [1;30mLevel 1[0m checking '/data/rl_deploy/install/robot_state/bin'
[3.678s] [34mcolcon.colcon_core.environment[0m [1;30mLevel 1[0m checking '/data/rl_deploy/install/robot_state/lib/pkgconfig/robot_state.pc'
[3.678s] [34mcolcon.colcon_core.environment[0m [1;30mLevel 1[0m checking '/data/rl_deploy/install/robot_state/lib/python3.10/site-packages'
[3.679s] [34mcolcon.colcon_core.environment[0m [1;30mLevel 1[0m checking '/data/rl_deploy/install/robot_state/bin'
[3.680s] [34mcolcon.colcon_core.shell[0m [1;30mINFO[0m Creating package script '/data/rl_deploy/install/robot_state/share/robot_state/package.ps1'
[3.680s] [34mcolcon.colcon_core.shell[0m [1;30mINFO[0m Creating package descriptor '/data/rl_deploy/install/robot_state/share/robot_state/package.dsv'
[3.682s] [34mcolcon.colcon_core.shell[0m [1;30mINFO[0m Creating package script '/data/rl_deploy/install/robot_state/share/robot_state/package.sh'
[3.683s] [34mcolcon.colcon_core.shell[0m [1;30mINFO[0m Creating package script '/data/rl_deploy/install/robot_state/share/robot_state/package.bash'
[3.684s] [34mcolcon.colcon_core.shell[0m [1;30mINFO[0m Creating package script '/data/rl_deploy/install/robot_state/share/robot_state/package.zsh'
[3.685s] [34mcolcon.colcon_core.environment[0m [1;30mLevel 1[0m create_file_with_runtime_dependencies(/data/rl_deploy/install/robot_state/share/colcon-core/packages/robot_state)
[3.687s] [34mcolcon.colcon_core.environment[0m [1;30mLevel 1[0m create_environment_scripts_only(robot_state)
[3.687s] [34mcolcon.colcon_core.environment[0m [1;30mLevel 1[0m checking '/data/rl_deploy/install/robot_state' for CMake module files
[3.689s] [34mcolcon.colcon_core.environment[0m [1;30mLevel 1[0m checking '/data/rl_deploy/install/robot_state' for CMake config files
[3.689s] [34mcolcon.colcon_core.shell[0m [1;30mLevel 1[0m create_environment_hook('robot_state', 'cmake_prefix_path')
[3.690s] [34mcolcon.colcon_core.shell[0m [1;30mINFO[0m Creating environment hook '/data/rl_deploy/install/robot_state/share/robot_state/hook/cmake_prefix_path.ps1'
[3.691s] [34mcolcon.colcon_core.shell[0m [1;30mINFO[0m Creating environment descriptor '/data/rl_deploy/install/robot_state/share/robot_state/hook/cmake_prefix_path.dsv'
[3.692s] [34mcolcon.colcon_core.shell[0m [1;30mINFO[0m Creating environment hook '/data/rl_deploy/install/robot_state/share/robot_state/hook/cmake_prefix_path.sh'
[3.693s] [34mcolcon.colcon_core.environment[0m [1;30mLevel 1[0m checking '/data/rl_deploy/install/robot_state/lib'
[3.693s] [34mcolcon.colcon_core.environment[0m [1;30mLevel 1[0m checking '/data/rl_deploy/install/robot_state/bin'
[3.693s] [34mcolcon.colcon_core.environment[0m [1;30mLevel 1[0m checking '/data/rl_deploy/install/robot_state/lib/pkgconfig/robot_state.pc'
[3.694s] [34mcolcon.colcon_core.environment[0m [1;30mLevel 1[0m checking '/data/rl_deploy/install/robot_state/lib/python3.10/site-packages'
[3.695s] [34mcolcon.colcon_core.environment[0m [1;30mLevel 1[0m checking '/data/rl_deploy/install/robot_state/bin'
[3.696s] [34mcolcon.colcon_core.shell[0m [1;30mINFO[0m Creating package script '/data/rl_deploy/install/robot_state/share/robot_state/package.ps1'
[3.697s] [34mcolcon.colcon_core.shell[0m [1;30mINFO[0m Creating package descriptor '/data/rl_deploy/install/robot_state/share/robot_state/package.dsv'
[3.698s] [34mcolcon.colcon_core.shell[0m [1;30mINFO[0m Creating package script '/data/rl_deploy/install/robot_state/share/robot_state/package.sh'
[3.699s] [34mcolcon.colcon_core.shell[0m [1;30mINFO[0m Creating package script '/data/rl_deploy/install/robot_state/share/robot_state/package.bash'
[3.700s] [34mcolcon.colcon_core.shell[0m [1;30mINFO[0m Creating package script '/data/rl_deploy/install/robot_state/share/robot_state/package.zsh'
[3.701s] [34mcolcon.colcon_core.environment[0m [1;30mLevel 1[0m create_file_with_runtime_dependencies(/data/rl_deploy/install/robot_state/share/colcon-core/packages/robot_state)
[4.252s] [34mcolcon.colcon_core.event_handler.log_command[0m [1;30mDEBUG[0m [32mInvoking command in '/data/rl_deploy/src/robot_rl_controller': AMENT_PREFIX_PATH=/data/rl_deploy/install/robot_msgs:/data/rl_deploy/install/node_app_msgs:/data/rl_deploy/install/node_control_msgs:${AMENT_PREFIX_PATH} CMAKE_PREFIX_PATH=/data/rl_deploy/install/robot_msgs:/data/rl_deploy/install/node_app_msgs:/data/rl_deploy/install/node_control_msgs LD_LIBRARY_PATH=/data/rl_deploy/install/robot_msgs/lib:/data/rl_deploy/install/node_app_msgs/lib:/data/rl_deploy/install/node_control_msgs/lib:/opt/ros/humble/lib/aarch64-linux-gnu:/opt/ros/humble/lib:/app/lib:/app/lib:/usr/local/cuda-12/lib64:/usr/local/cuda-12/lib64:/usr/local/cuda-12/lib64 PYTHONPATH=/data/rl_deploy/build/robot_rl_controller/prefix_override:/usr/lib/python3/dist-packages/colcon_core/task/python/colcon_distutils_commands:/data/rl_deploy/install/robot_rl_controller/lib/python3.10/site-packages:/data/rl_deploy/install/robot_msgs/local/lib/python3.10/dist-packages:/data/rl_deploy/install/node_app_msgs/local/lib/python3.10/dist-packages:/data/rl_deploy/install/node_control_msgs/local/lib/python3.10/dist-packages:${PYTHONPATH} /usr/bin/python3 -W ignore:setup.py install is deprecated -W ignore:easy_install command is deprecated setup.py egg_info --egg-base ../../build/robot_rl_controller build --build-base /data/rl_deploy/build/robot_rl_controller/build install --record /data/rl_deploy/build/robot_rl_controller/install.log --single-version-externally-managed install_data[0m
[4.773s] [34mcolcon.colcon_core.environment[0m [1;30mLevel 1[0m checking '/data/rl_deploy/install/robot_rl_controller' for CMake module files
[4.775s] [34mcolcon.colcon_core.event_handler.log_command[0m [1;30mDEBUG[0m [32mInvoked command in '/data/rl_deploy/src/robot_rl_controller' returned '0': AMENT_PREFIX_PATH=/data/rl_deploy/install/robot_msgs:/data/rl_deploy/install/node_app_msgs:/data/rl_deploy/install/node_control_msgs:${AMENT_PREFIX_PATH} CMAKE_PREFIX_PATH=/data/rl_deploy/install/robot_msgs:/data/rl_deploy/install/node_app_msgs:/data/rl_deploy/install/node_control_msgs LD_LIBRARY_PATH=/data/rl_deploy/install/robot_msgs/lib:/data/rl_deploy/install/node_app_msgs/lib:/data/rl_deploy/install/node_control_msgs/lib:/opt/ros/humble/lib/aarch64-linux-gnu:/opt/ros/humble/lib:/app/lib:/app/lib:/usr/local/cuda-12/lib64:/usr/local/cuda-12/lib64:/usr/local/cuda-12/lib64 PYTHONPATH=/data/rl_deploy/build/robot_rl_controller/prefix_override:/usr/lib/python3/dist-packages/colcon_core/task/python/colcon_distutils_commands:/data/rl_deploy/install/robot_rl_controller/lib/python3.10/site-packages:/data/rl_deploy/install/robot_msgs/local/lib/python3.10/dist-packages:/data/rl_deploy/install/node_app_msgs/local/lib/python3.10/dist-packages:/data/rl_deploy/install/node_control_msgs/local/lib/python3.10/dist-packages:${PYTHONPATH} /usr/bin/python3 -W ignore:setup.py install is deprecated -W ignore:easy_install command is deprecated setup.py egg_info --egg-base ../../build/robot_rl_controller build --build-base /data/rl_deploy/build/robot_rl_controller/build install --record /data/rl_deploy/build/robot_rl_controller/install.log --single-version-externally-managed install_data[0m
[4.776s] [34mcolcon.colcon_core.environment[0m [1;30mLevel 1[0m checking '/data/rl_deploy/install/robot_rl_controller' for CMake config files
[4.777s] [34mcolcon.colcon_core.environment[0m [1;30mLevel 1[0m checking '/data/rl_deploy/install/robot_rl_controller/lib'
[4.777s] [34mcolcon.colcon_core.environment[0m [1;30mLevel 1[0m checking '/data/rl_deploy/install/robot_rl_controller/bin'
[4.778s] [34mcolcon.colcon_core.environment[0m [1;30mLevel 1[0m checking '/data/rl_deploy/install/robot_rl_controller/lib/pkgconfig/robot_rl_controller.pc'
[4.778s] [34mcolcon.colcon_core.environment[0m [1;30mLevel 1[0m checking '/data/rl_deploy/install/robot_rl_controller/lib/python3.10/site-packages'
[4.778s] [34mcolcon.colcon_core.shell[0m [1;30mLevel 1[0m create_environment_hook('robot_rl_controller', 'pythonpath')
[4.779s] [34mcolcon.colcon_core.shell[0m [1;30mINFO[0m Creating environment hook '/data/rl_deploy/install/robot_rl_controller/share/robot_rl_controller/hook/pythonpath.ps1'
[4.780s] [34mcolcon.colcon_core.shell[0m [1;30mINFO[0m Creating environment descriptor '/data/rl_deploy/install/robot_rl_controller/share/robot_rl_controller/hook/pythonpath.dsv'
[4.781s] [34mcolcon.colcon_core.shell[0m [1;30mINFO[0m Creating environment hook '/data/rl_deploy/install/robot_rl_controller/share/robot_rl_controller/hook/pythonpath.sh'
[4.783s] [34mcolcon.colcon_core.environment[0m [1;30mLevel 1[0m checking '/data/rl_deploy/install/robot_rl_controller/bin'
[4.783s] [34mcolcon.colcon_core.environment[0m [1;30mLevel 1[0m create_environment_scripts_only(robot_rl_controller)
[4.784s] [34mcolcon.colcon_core.shell[0m [1;30mINFO[0m Creating package script '/data/rl_deploy/install/robot_rl_controller/share/robot_rl_controller/package.ps1'
[4.785s] [34mcolcon.colcon_core.shell[0m [1;30mINFO[0m Creating package descriptor '/data/rl_deploy/install/robot_rl_controller/share/robot_rl_controller/package.dsv'
[4.786s] [34mcolcon.colcon_core.shell[0m [1;30mINFO[0m Creating package script '/data/rl_deploy/install/robot_rl_controller/share/robot_rl_controller/package.sh'
[4.787s] [34mcolcon.colcon_core.shell[0m [1;30mINFO[0m Creating package script '/data/rl_deploy/install/robot_rl_controller/share/robot_rl_controller/package.bash'
[4.788s] [34mcolcon.colcon_core.shell[0m [1;30mINFO[0m Creating package script '/data/rl_deploy/install/robot_rl_controller/share/robot_rl_controller/package.zsh'
[4.789s] [34mcolcon.colcon_core.environment[0m [1;30mLevel 1[0m create_file_with_runtime_dependencies(/data/rl_deploy/install/robot_rl_controller/share/colcon-core/packages/robot_rl_controller)
[4.790s] [34mcolcon.colcon_parallel_executor.executor.parallel[0m [1;30mDEBUG[0m [32mclosing loop[0m
[4.790s] [34mcolcon.colcon_parallel_executor.executor.parallel[0m [1;30mDEBUG[0m [32mloop closed[0m
[4.791s] [34mcolcon.colcon_parallel_executor.executor.parallel[0m [1;30mDEBUG[0m [32mrun_until_complete finished with '0'[0m
[4.791s] [34mcolcon.colcon_core.event_reactor[0m [1;30mDEBUG[0m [32mjoining thread[0m
[4.803s] [34mcolcon.colcon_core.plugin_system[0m [1;30mINFO[0m Skipping extension 'colcon_notification.desktop_notification.terminal_notifier': Not used on non-Darwin systems
[4.803s] [34mcolcon.colcon_core.plugin_system[0m [1;30mINFO[0m Skipping extension 'colcon_notification.desktop_notification.win32': Not used on non-Windows systems
[4.803s] [34mcolcon.colcon_notification.desktop_notification[0m [1;30mINFO[0m Sending desktop notification using 'notify2'
[4.827s] [34mcolcon.colcon_notification.desktop_notification.notify2[0m [1;30mDEBUG[0m [32mFailed to initialize notify2: org.freedesktop.DBus.Error.Spawn.ChildExited: Process org.freedesktop.Notifications exited with status 1[0m
[4.827s] [34mcolcon.colcon_core.event_reactor[0m [1;30mDEBUG[0m [32mjoined thread[0m
[4.828s] [34mcolcon.colcon_core.shell[0m [1;30mINFO[0m Creating prefix script '/data/rl_deploy/install/local_setup.ps1'
[4.831s] [34mcolcon.colcon_core.shell[0m [1;30mINFO[0m Creating prefix util module '/data/rl_deploy/install/_local_setup_util_ps1.py'
[4.834s] [34mcolcon.colcon_core.shell[0m [1;30mINFO[0m Creating prefix chain script '/data/rl_deploy/install/setup.ps1'
[4.836s] [34mcolcon.colcon_core.shell[0m [1;30mINFO[0m Creating prefix script '/data/rl_deploy/install/local_setup.sh'
[4.837s] [34mcolcon.colcon_core.shell[0m [1;30mINFO[0m Creating prefix util module '/data/rl_deploy/install/_local_setup_util_sh.py'
[4.838s] [34mcolcon.colcon_core.shell[0m [1;30mINFO[0m Creating prefix chain script '/data/rl_deploy/install/setup.sh'
[4.840s] [34mcolcon.colcon_core.shell[0m [1;30mINFO[0m Creating prefix script '/data/rl_deploy/install/local_setup.bash'
[4.842s] [34mcolcon.colcon_core.shell[0m [1;30mINFO[0m Creating prefix chain script '/data/rl_deploy/install/setup.bash'
[4.843s] [34mcolcon.colcon_core.shell[0m [1;30mINFO[0m Creating prefix script '/data/rl_deploy/install/local_setup.zsh'
[4.844s] [34mcolcon.colcon_core.shell[0m [1;30mINFO[0m Creating prefix chain script '/data/rl_deploy/install/setup.zsh'
