/data/rl_deploy/install/robot_rl_controller/lib/python3.10/site-packages/robot_rl_controller/action_robot_controller.py
/data/rl_deploy/install/robot_rl_controller/lib/python3.10/site-packages/robot_rl_controller/waist_15_action_robot_controller.py
/data/rl_deploy/install/robot_rl_controller/lib/python3.10/site-packages/robot_rl_controller/__init__.py
/data/rl_deploy/install/robot_rl_controller/lib/python3.10/site-packages/robot_rl_controller/base_controller.py
/data/rl_deploy/install/robot_rl_controller/lib/python3.10/site-packages/robot_rl_controller/s_waist_15_action_robot_controller.py
/data/rl_deploy/install/robot_rl_controller/lib/python3.10/site-packages/robot_rl_controller/__pycache__/action_robot_controller.cpython-310.pyc
/data/rl_deploy/install/robot_rl_controller/lib/python3.10/site-packages/robot_rl_controller/__pycache__/waist_15_action_robot_controller.cpython-310.pyc
/data/rl_deploy/install/robot_rl_controller/lib/python3.10/site-packages/robot_rl_controller/__pycache__/__init__.cpython-310.pyc
/data/rl_deploy/install/robot_rl_controller/lib/python3.10/site-packages/robot_rl_controller/__pycache__/base_controller.cpython-310.pyc
/data/rl_deploy/install/robot_rl_controller/lib/python3.10/site-packages/robot_rl_controller/__pycache__/s_waist_15_action_robot_controller.cpython-310.pyc
/data/rl_deploy/install/robot_rl_controller/share/ament_index/resource_index/packages/robot_rl_controller
/data/rl_deploy/install/robot_rl_controller/share/robot_rl_controller/package.xml
/data/rl_deploy/install/robot_rl_controller/share/robot_rl_controller/launch/action_robot_controller.launch.py
/data/rl_deploy/install/robot_rl_controller/share/robot_rl_controller/launch/s_waist_15_action_robot_controller.launch.py
/data/rl_deploy/install/robot_rl_controller/share/robot_rl_controller/launch/waist_15_action_robot_controller.launch.py
/data/rl_deploy/install/robot_rl_controller/share/robot_rl_controller/launch/dance_robot_controller.launch.py
/data/rl_deploy/install/robot_rl_controller/share/robot_rl_controller/config/robot_controller_config.yaml
/data/rl_deploy/install/robot_rl_controller/share/robot_rl_controller/config/waist_15_robot_controller_config.yaml
/data/rl_deploy/install/robot_rl_controller/share/robot_rl_controller/config/dance_robot_controller_config.yaml
/data/rl_deploy/install/robot_rl_controller/share/robot_rl_controller/onnx/policy_lrs_slzw130_10k.onnx
/data/rl_deploy/install/robot_rl_controller/share/robot_rl_controller/onnx/policy_d15_5.onnx
/data/rl_deploy/install/robot_rl_controller/share/robot_rl_controller/onnx/policy_lrs_d1s2_20k.onnx
/data/rl_deploy/install/robot_rl_controller/share/robot_rl_controller/onnx/policy_12.onnx
/data/rl_deploy/install/robot_rl_controller/share/robot_rl_controller/onnx/policy_lrs_slzw_10k.onnx
/data/rl_deploy/install/robot_rl_controller/share/robot_rl_controller/onnx/policy_lrs_d1s2_12k.onnx
/data/rl_deploy/install/robot_rl_controller/share/robot_rl_controller/onnx/policy_0510_1.onnx
/data/rl_deploy/install/robot_rl_controller/share/robot_rl_controller/onnx/policy_lk_15.onnx
/data/rl_deploy/install/robot_rl_controller/share/robot_rl_controller/onnx/policy_d15_3.onnx
/data/rl_deploy/install/robot_rl_controller/share/robot_rl_controller/onnx/policy_0509_3.onnx
/data/rl_deploy/install/robot_rl_controller/share/robot_rl_controller/onnx/policy_lrs_the_robot_10k.onnx
/data/rl_deploy/install/robot_rl_controller/share/robot_rl_controller/onnx/policy_d15_4.onnx
/data/rl_deploy/install/robot_rl_controller/lib/python3.10/site-packages/robot_rl_controller-0.0.0-py3.10.egg-info/top_level.txt
/data/rl_deploy/install/robot_rl_controller/lib/python3.10/site-packages/robot_rl_controller-0.0.0-py3.10.egg-info/PKG-INFO
/data/rl_deploy/install/robot_rl_controller/lib/python3.10/site-packages/robot_rl_controller-0.0.0-py3.10.egg-info/requires.txt
/data/rl_deploy/install/robot_rl_controller/lib/python3.10/site-packages/robot_rl_controller-0.0.0-py3.10.egg-info/zip-safe
/data/rl_deploy/install/robot_rl_controller/lib/python3.10/site-packages/robot_rl_controller-0.0.0-py3.10.egg-info/SOURCES.txt
/data/rl_deploy/install/robot_rl_controller/lib/python3.10/site-packages/robot_rl_controller-0.0.0-py3.10.egg-info/dependency_links.txt
/data/rl_deploy/install/robot_rl_controller/lib/python3.10/site-packages/robot_rl_controller-0.0.0-py3.10.egg-info/entry_points.txt
/data/rl_deploy/install/robot_rl_controller/lib/robot_rl_controller/action_robot_controller
/data/rl_deploy/install/robot_rl_controller/lib/robot_rl_controller/dance_robot_controller
/data/rl_deploy/install/robot_rl_controller/lib/robot_rl_controller/s_waist_15_action_robot_controller
/data/rl_deploy/install/robot_rl_controller/lib/robot_rl_controller/waist_15_action_robot_controller
