[1.317s] Invoking command in '/data/rl_deploy/src/robot_rl_controller': AMENT_PREFIX_PATH=/data/rl_deploy/install/robot_msgs:/data/rl_deploy/install/node_app_msgs:/data/rl_deploy/install/node_control_msgs:${AMENT_PREFIX_PATH} CMAKE_PREFIX_PATH=/data/rl_deploy/install/robot_msgs:/data/rl_deploy/install/node_app_msgs:/data/rl_deploy/install/node_control_msgs LD_LIBRARY_PATH=/data/rl_deploy/install/robot_msgs/lib:/data/rl_deploy/install/node_app_msgs/lib:/data/rl_deploy/install/node_control_msgs/lib:/opt/ros/humble/lib/aarch64-linux-gnu:/opt/ros/humble/lib:/app/lib:/app/lib:/usr/local/cuda-12/lib64:/usr/local/cuda-12/lib64:/usr/local/cuda-12/lib64 PYTHONPATH=/data/rl_deploy/build/robot_rl_controller/prefix_override:/usr/lib/python3/dist-packages/colcon_core/task/python/colcon_distutils_commands:/data/rl_deploy/install/robot_rl_controller/lib/python3.10/site-packages:/data/rl_deploy/install/robot_msgs/local/lib/python3.10/dist-packages:/data/rl_deploy/install/node_app_msgs/local/lib/python3.10/dist-packages:/data/rl_deploy/install/node_control_msgs/local/lib/python3.10/dist-packages:${PYTHONPATH} /usr/bin/python3 -W ignore:setup.py install is deprecated -W ignore:easy_install command is deprecated setup.py egg_info --egg-base ../../build/robot_rl_controller build --build-base /data/rl_deploy/build/robot_rl_controller/build install --record /data/rl_deploy/build/robot_rl_controller/install.log --single-version-externally-managed install_data
[1.758s] running egg_info
[1.760s] writing ../../build/robot_rl_controller/robot_rl_controller.egg-info/PKG-INFO
[1.760s] writing dependency_links to ../../build/robot_rl_controller/robot_rl_controller.egg-info/dependency_links.txt
[1.760s] writing entry points to ../../build/robot_rl_controller/robot_rl_controller.egg-info/entry_points.txt
[1.761s] writing requirements to ../../build/robot_rl_controller/robot_rl_controller.egg-info/requires.txt
[1.761s] writing top-level names to ../../build/robot_rl_controller/robot_rl_controller.egg-info/top_level.txt
[1.765s] reading manifest file '../../build/robot_rl_controller/robot_rl_controller.egg-info/SOURCES.txt'
[1.767s] writing manifest file '../../build/robot_rl_controller/robot_rl_controller.egg-info/SOURCES.txt'
[1.768s] running build
[1.769s] running build_py
[1.769s] running install
[1.769s] running install_lib
[1.772s] running install_data
[1.773s] running install_egg_info
[1.777s] removing '/data/rl_deploy/install/robot_rl_controller/lib/python3.10/site-packages/robot_rl_controller-0.0.0-py3.10.egg-info' (and everything under it)
[1.778s] Copying ../../build/robot_rl_controller/robot_rl_controller.egg-info to /data/rl_deploy/install/robot_rl_controller/lib/python3.10/site-packages/robot_rl_controller-0.0.0-py3.10.egg-info
[1.780s] running install_scripts
[1.821s] Installing action_robot_controller script to /data/rl_deploy/install/robot_rl_controller/lib/robot_rl_controller
[1.821s] Installing dance_robot_controller script to /data/rl_deploy/install/robot_rl_controller/lib/robot_rl_controller
[1.822s] Installing s_waist_15_action_robot_controller script to /data/rl_deploy/install/robot_rl_controller/lib/robot_rl_controller
[1.822s] Installing waist_15_action_robot_controller script to /data/rl_deploy/install/robot_rl_controller/lib/robot_rl_controller
[1.823s] writing list of installed files to '/data/rl_deploy/build/robot_rl_controller/install.log'
[1.890s] Invoked command in '/data/rl_deploy/src/robot_rl_controller' returned '0': AMENT_PREFIX_PATH=/data/rl_deploy/install/robot_msgs:/data/rl_deploy/install/node_app_msgs:/data/rl_deploy/install/node_control_msgs:${AMENT_PREFIX_PATH} CMAKE_PREFIX_PATH=/data/rl_deploy/install/robot_msgs:/data/rl_deploy/install/node_app_msgs:/data/rl_deploy/install/node_control_msgs LD_LIBRARY_PATH=/data/rl_deploy/install/robot_msgs/lib:/data/rl_deploy/install/node_app_msgs/lib:/data/rl_deploy/install/node_control_msgs/lib:/opt/ros/humble/lib/aarch64-linux-gnu:/opt/ros/humble/lib:/app/lib:/app/lib:/usr/local/cuda-12/lib64:/usr/local/cuda-12/lib64:/usr/local/cuda-12/lib64 PYTHONPATH=/data/rl_deploy/build/robot_rl_controller/prefix_override:/usr/lib/python3/dist-packages/colcon_core/task/python/colcon_distutils_commands:/data/rl_deploy/install/robot_rl_controller/lib/python3.10/site-packages:/data/rl_deploy/install/robot_msgs/local/lib/python3.10/dist-packages:/data/rl_deploy/install/node_app_msgs/local/lib/python3.10/dist-packages:/data/rl_deploy/install/node_control_msgs/local/lib/python3.10/dist-packages:${PYTHONPATH} /usr/bin/python3 -W ignore:setup.py install is deprecated -W ignore:easy_install command is deprecated setup.py egg_info --egg-base ../../build/robot_rl_controller build --build-base /data/rl_deploy/build/robot_rl_controller/build install --record /data/rl_deploy/build/robot_rl_controller/install.log --single-version-externally-managed install_data
