running egg_info
creating ../../build/robot_rl_controller/robot_rl_controller.egg-info
writing ../../build/robot_rl_controller/robot_rl_controller.egg-info/PKG-INFO
writing dependency_links to ../../build/robot_rl_controller/robot_rl_controller.egg-info/dependency_links.txt
writing entry points to ../../build/robot_rl_controller/robot_rl_controller.egg-info/entry_points.txt
writing requirements to ../../build/robot_rl_controller/robot_rl_controller.egg-info/requires.txt
writing top-level names to ../../build/robot_rl_controller/robot_rl_controller.egg-info/top_level.txt
writing manifest file '../../build/robot_rl_controller/robot_rl_controller.egg-info/SOURCES.txt'
reading manifest file '../../build/robot_rl_controller/robot_rl_controller.egg-info/SOURCES.txt'
writing manifest file '../../build/robot_rl_controller/robot_rl_controller.egg-info/SOURCES.txt'
running build
running build_py
creating /data/rl_deploy/build/robot_rl_controller/build
creating /data/rl_deploy/build/robot_rl_controller/build/lib
creating /data/rl_deploy/build/robot_rl_controller/build/lib/robot_rl_controller
copying robot_rl_controller/action_robot_controller.py -> /data/rl_deploy/build/robot_rl_controller/build/lib/robot_rl_controller
copying robot_rl_controller/waist_15_action_robot_controller.py -> /data/rl_deploy/build/robot_rl_controller/build/lib/robot_rl_controller
copying robot_rl_controller/__init__.py -> /data/rl_deploy/build/robot_rl_controller/build/lib/robot_rl_controller
copying robot_rl_controller/base_controller.py -> /data/rl_deploy/build/robot_rl_controller/build/lib/robot_rl_controller
copying robot_rl_controller/s_waist_15_action_robot_controller.py -> /data/rl_deploy/build/robot_rl_controller/build/lib/robot_rl_controller
running install
running install_lib
creating /data/rl_deploy/install/robot_rl_controller/lib/python3.10/site-packages/robot_rl_controller
copying /data/rl_deploy/build/robot_rl_controller/build/lib/robot_rl_controller/action_robot_controller.py -> /data/rl_deploy/install/robot_rl_controller/lib/python3.10/site-packages/robot_rl_controller
copying /data/rl_deploy/build/robot_rl_controller/build/lib/robot_rl_controller/waist_15_action_robot_controller.py -> /data/rl_deploy/install/robot_rl_controller/lib/python3.10/site-packages/robot_rl_controller
copying /data/rl_deploy/build/robot_rl_controller/build/lib/robot_rl_controller/__init__.py -> /data/rl_deploy/install/robot_rl_controller/lib/python3.10/site-packages/robot_rl_controller
copying /data/rl_deploy/build/robot_rl_controller/build/lib/robot_rl_controller/base_controller.py -> /data/rl_deploy/install/robot_rl_controller/lib/python3.10/site-packages/robot_rl_controller
copying /data/rl_deploy/build/robot_rl_controller/build/lib/robot_rl_controller/s_waist_15_action_robot_controller.py -> /data/rl_deploy/install/robot_rl_controller/lib/python3.10/site-packages/robot_rl_controller
byte-compiling /data/rl_deploy/install/robot_rl_controller/lib/python3.10/site-packages/robot_rl_controller/action_robot_controller.py to action_robot_controller.cpython-310.pyc
byte-compiling /data/rl_deploy/install/robot_rl_controller/lib/python3.10/site-packages/robot_rl_controller/waist_15_action_robot_controller.py to waist_15_action_robot_controller.cpython-310.pyc
byte-compiling /data/rl_deploy/install/robot_rl_controller/lib/python3.10/site-packages/robot_rl_controller/__init__.py to __init__.cpython-310.pyc
byte-compiling /data/rl_deploy/install/robot_rl_controller/lib/python3.10/site-packages/robot_rl_controller/base_controller.py to base_controller.cpython-310.pyc
byte-compiling /data/rl_deploy/install/robot_rl_controller/lib/python3.10/site-packages/robot_rl_controller/s_waist_15_action_robot_controller.py to s_waist_15_action_robot_controller.cpython-310.pyc
running install_data
creating /data/rl_deploy/install/robot_rl_controller/share/ament_index
creating /data/rl_deploy/install/robot_rl_controller/share/ament_index/resource_index
creating /data/rl_deploy/install/robot_rl_controller/share/ament_index/resource_index/packages
copying resource/robot_rl_controller -> /data/rl_deploy/install/robot_rl_controller/share/ament_index/resource_index/packages
copying package.xml -> /data/rl_deploy/install/robot_rl_controller/share/robot_rl_controller
creating /data/rl_deploy/install/robot_rl_controller/share/robot_rl_controller/launch
copying launch/action_robot_controller.launch.py -> /data/rl_deploy/install/robot_rl_controller/share/robot_rl_controller/launch
copying launch/s_waist_15_action_robot_controller.launch.py -> /data/rl_deploy/install/robot_rl_controller/share/robot_rl_controller/launch
copying launch/waist_15_action_robot_controller.launch.py -> /data/rl_deploy/install/robot_rl_controller/share/robot_rl_controller/launch
copying launch/dance_robot_controller.launch.py -> /data/rl_deploy/install/robot_rl_controller/share/robot_rl_controller/launch
creating /data/rl_deploy/install/robot_rl_controller/share/robot_rl_controller/config
copying config/robot_controller_config.yaml -> /data/rl_deploy/install/robot_rl_controller/share/robot_rl_controller/config
copying config/waist_15_robot_controller_config.yaml -> /data/rl_deploy/install/robot_rl_controller/share/robot_rl_controller/config
copying config/dance_robot_controller_config.yaml -> /data/rl_deploy/install/robot_rl_controller/share/robot_rl_controller/config
creating /data/rl_deploy/install/robot_rl_controller/share/robot_rl_controller/onnx
copying onnx/policy_lrs_slzw130_10k.onnx -> /data/rl_deploy/install/robot_rl_controller/share/robot_rl_controller/onnx
copying onnx/policy_d15_5.onnx -> /data/rl_deploy/install/robot_rl_controller/share/robot_rl_controller/onnx
copying onnx/policy_lrs_d1s2_20k.onnx -> /data/rl_deploy/install/robot_rl_controller/share/robot_rl_controller/onnx
copying onnx/policy_12.onnx -> /data/rl_deploy/install/robot_rl_controller/share/robot_rl_controller/onnx
copying onnx/policy_lrs_slzw_10k.onnx -> /data/rl_deploy/install/robot_rl_controller/share/robot_rl_controller/onnx
copying onnx/policy_lrs_d1s2_12k.onnx -> /data/rl_deploy/install/robot_rl_controller/share/robot_rl_controller/onnx
copying onnx/policy_0510_1.onnx -> /data/rl_deploy/install/robot_rl_controller/share/robot_rl_controller/onnx
copying onnx/policy_lk_15.onnx -> /data/rl_deploy/install/robot_rl_controller/share/robot_rl_controller/onnx
copying onnx/policy_d15_3.onnx -> /data/rl_deploy/install/robot_rl_controller/share/robot_rl_controller/onnx
copying onnx/policy_0509_3.onnx -> /data/rl_deploy/install/robot_rl_controller/share/robot_rl_controller/onnx
copying onnx/policy_lrs_the_robot_10k.onnx -> /data/rl_deploy/install/robot_rl_controller/share/robot_rl_controller/onnx
copying onnx/policy_d15_4.onnx -> /data/rl_deploy/install/robot_rl_controller/share/robot_rl_controller/onnx
running install_egg_info
Copying ../../build/robot_rl_controller/robot_rl_controller.egg-info to /data/rl_deploy/install/robot_rl_controller/lib/python3.10/site-packages/robot_rl_controller-0.0.0-py3.10.egg-info
running install_scripts
Installing action_robot_controller script to /data/rl_deploy/install/robot_rl_controller/lib/robot_rl_controller
Installing dance_robot_controller script to /data/rl_deploy/install/robot_rl_controller/lib/robot_rl_controller
Installing s_waist_15_action_robot_controller script to /data/rl_deploy/install/robot_rl_controller/lib/robot_rl_controller
Installing waist_15_action_robot_controller script to /data/rl_deploy/install/robot_rl_controller/lib/robot_rl_controller
writing list of installed files to '/data/rl_deploy/build/robot_rl_controller/install.log'
