[1.082s] Invoking command in '/data/rl_deploy/src/robot_rl_controller': AMENT_PREFIX_PATH=/data/rl_deploy/install/robot_msgs:/data/rl_deploy/install/node_app_msgs:/data/rl_deploy/install/node_control_msgs:${AMENT_PREFIX_PATH} CMAKE_PREFIX_PATH=/data/rl_deploy/install/robot_msgs:/data/rl_deploy/install/node_app_msgs:/data/rl_deploy/install/node_control_msgs LD_LIBRARY_PATH=/data/rl_deploy/install/robot_msgs/lib:/data/rl_deploy/install/node_app_msgs/lib:/data/rl_deploy/install/node_control_msgs/lib:/opt/ros/humble/lib/aarch64-linux-gnu:/opt/ros/humble/lib:/app/lib:/usr/local/cuda-12/lib64 PYTHONPATH=/data/rl_deploy/build/robot_rl_controller/prefix_override:/usr/lib/python3/dist-packages/colcon_core/task/python/colcon_distutils_commands:/data/rl_deploy/install/robot_rl_controller/lib/python3.10/site-packages:/data/rl_deploy/install/robot_msgs/local/lib/python3.10/dist-packages:/data/rl_deploy/install/node_app_msgs/local/lib/python3.10/dist-packages:/data/rl_deploy/install/node_control_msgs/local/lib/python3.10/dist-packages:${PYTHONPATH} /usr/bin/python3 -W ignore:setup.py install is deprecated -W ignore:easy_install command is deprecated setup.py egg_info --egg-base ../../build/robot_rl_controller build --build-base /data/rl_deploy/build/robot_rl_controller/build install --record /data/rl_deploy/build/robot_rl_controller/install.log --single-version-externally-managed install_data
[1.585s] running egg_info
[1.586s] creating ../../build/robot_rl_controller/robot_rl_controller.egg-info
[1.587s] writing ../../build/robot_rl_controller/robot_rl_controller.egg-info/PKG-INFO
[1.587s] writing dependency_links to ../../build/robot_rl_controller/robot_rl_controller.egg-info/dependency_links.txt
[1.588s] writing entry points to ../../build/robot_rl_controller/robot_rl_controller.egg-info/entry_points.txt
[1.588s] writing requirements to ../../build/robot_rl_controller/robot_rl_controller.egg-info/requires.txt
[1.588s] writing top-level names to ../../build/robot_rl_controller/robot_rl_controller.egg-info/top_level.txt
[1.589s] writing manifest file '../../build/robot_rl_controller/robot_rl_controller.egg-info/SOURCES.txt'
[1.593s] reading manifest file '../../build/robot_rl_controller/robot_rl_controller.egg-info/SOURCES.txt'
[1.594s] writing manifest file '../../build/robot_rl_controller/robot_rl_controller.egg-info/SOURCES.txt'
[1.595s] running build
[1.595s] running build_py
[1.595s] creating /data/rl_deploy/build/robot_rl_controller/build
[1.595s] creating /data/rl_deploy/build/robot_rl_controller/build/lib
[1.595s] creating /data/rl_deploy/build/robot_rl_controller/build/lib/robot_rl_controller
[1.595s] copying robot_rl_controller/action_robot_controller.py -> /data/rl_deploy/build/robot_rl_controller/build/lib/robot_rl_controller
[1.596s] copying robot_rl_controller/waist_15_action_robot_controller.py -> /data/rl_deploy/build/robot_rl_controller/build/lib/robot_rl_controller
[1.596s] copying robot_rl_controller/__init__.py -> /data/rl_deploy/build/robot_rl_controller/build/lib/robot_rl_controller
[1.597s] copying robot_rl_controller/base_controller.py -> /data/rl_deploy/build/robot_rl_controller/build/lib/robot_rl_controller
[1.597s] copying robot_rl_controller/s_waist_15_action_robot_controller.py -> /data/rl_deploy/build/robot_rl_controller/build/lib/robot_rl_controller
[1.598s] running install
[1.599s] running install_lib
[1.601s] creating /data/rl_deploy/install/robot_rl_controller/lib/python3.10/site-packages/robot_rl_controller
[1.601s] copying /data/rl_deploy/build/robot_rl_controller/build/lib/robot_rl_controller/action_robot_controller.py -> /data/rl_deploy/install/robot_rl_controller/lib/python3.10/site-packages/robot_rl_controller
[1.601s] copying /data/rl_deploy/build/robot_rl_controller/build/lib/robot_rl_controller/waist_15_action_robot_controller.py -> /data/rl_deploy/install/robot_rl_controller/lib/python3.10/site-packages/robot_rl_controller
[1.602s] copying /data/rl_deploy/build/robot_rl_controller/build/lib/robot_rl_controller/__init__.py -> /data/rl_deploy/install/robot_rl_controller/lib/python3.10/site-packages/robot_rl_controller
[1.602s] copying /data/rl_deploy/build/robot_rl_controller/build/lib/robot_rl_controller/base_controller.py -> /data/rl_deploy/install/robot_rl_controller/lib/python3.10/site-packages/robot_rl_controller
[1.602s] copying /data/rl_deploy/build/robot_rl_controller/build/lib/robot_rl_controller/s_waist_15_action_robot_controller.py -> /data/rl_deploy/install/robot_rl_controller/lib/python3.10/site-packages/robot_rl_controller
[1.604s] byte-compiling /data/rl_deploy/install/robot_rl_controller/lib/python3.10/site-packages/robot_rl_controller/action_robot_controller.py to action_robot_controller.cpython-310.pyc
[1.616s] byte-compiling /data/rl_deploy/install/robot_rl_controller/lib/python3.10/site-packages/robot_rl_controller/waist_15_action_robot_controller.py to waist_15_action_robot_controller.cpython-310.pyc
[1.625s] byte-compiling /data/rl_deploy/install/robot_rl_controller/lib/python3.10/site-packages/robot_rl_controller/__init__.py to __init__.cpython-310.pyc
[1.626s] byte-compiling /data/rl_deploy/install/robot_rl_controller/lib/python3.10/site-packages/robot_rl_controller/base_controller.py to base_controller.cpython-310.pyc
[1.631s] byte-compiling /data/rl_deploy/install/robot_rl_controller/lib/python3.10/site-packages/robot_rl_controller/s_waist_15_action_robot_controller.py to s_waist_15_action_robot_controller.cpython-310.pyc
[1.641s] running install_data
[1.641s] creating /data/rl_deploy/install/robot_rl_controller/share/ament_index
[1.642s] creating /data/rl_deploy/install/robot_rl_controller/share/ament_index/resource_index
[1.642s] creating /data/rl_deploy/install/robot_rl_controller/share/ament_index/resource_index/packages
[1.642s] copying resource/robot_rl_controller -> /data/rl_deploy/install/robot_rl_controller/share/ament_index/resource_index/packages
[1.642s] copying package.xml -> /data/rl_deploy/install/robot_rl_controller/share/robot_rl_controller
[1.642s] creating /data/rl_deploy/install/robot_rl_controller/share/robot_rl_controller/launch
[1.643s] copying launch/action_robot_controller.launch.py -> /data/rl_deploy/install/robot_rl_controller/share/robot_rl_controller/launch
[1.643s] copying launch/s_waist_15_action_robot_controller.launch.py -> /data/rl_deploy/install/robot_rl_controller/share/robot_rl_controller/launch
[1.643s] copying launch/waist_15_action_robot_controller.launch.py -> /data/rl_deploy/install/robot_rl_controller/share/robot_rl_controller/launch
[1.643s] copying launch/dance_robot_controller.launch.py -> /data/rl_deploy/install/robot_rl_controller/share/robot_rl_controller/launch
[1.644s] creating /data/rl_deploy/install/robot_rl_controller/share/robot_rl_controller/config
[1.644s] copying config/robot_controller_config.yaml -> /data/rl_deploy/install/robot_rl_controller/share/robot_rl_controller/config
[1.644s] copying config/waist_15_robot_controller_config.yaml -> /data/rl_deploy/install/robot_rl_controller/share/robot_rl_controller/config
[1.644s] copying config/dance_robot_controller_config.yaml -> /data/rl_deploy/install/robot_rl_controller/share/robot_rl_controller/config
[1.645s] creating /data/rl_deploy/install/robot_rl_controller/share/robot_rl_controller/onnx
[1.645s] copying onnx/policy_lrs_slzw130_10k.onnx -> /data/rl_deploy/install/robot_rl_controller/share/robot_rl_controller/onnx
[1.650s] copying onnx/policy_d15_5.onnx -> /data/rl_deploy/install/robot_rl_controller/share/robot_rl_controller/onnx
[1.651s] copying onnx/policy_lrs_d1s2_20k.onnx -> /data/rl_deploy/install/robot_rl_controller/share/robot_rl_controller/onnx
[1.667s] copying onnx/policy_12.onnx -> /data/rl_deploy/install/robot_rl_controller/share/robot_rl_controller/onnx
[1.669s] copying onnx/policy_lrs_slzw_10k.onnx -> /data/rl_deploy/install/robot_rl_controller/share/robot_rl_controller/onnx
[1.674s] copying onnx/policy_lrs_d1s2_12k.onnx -> /data/rl_deploy/install/robot_rl_controller/share/robot_rl_controller/onnx
[1.690s] copying onnx/policy_0510_1.onnx -> /data/rl_deploy/install/robot_rl_controller/share/robot_rl_controller/onnx
[1.692s] copying onnx/policy_lk_15.onnx -> /data/rl_deploy/install/robot_rl_controller/share/robot_rl_controller/onnx
[1.694s] copying onnx/policy_d15_3.onnx -> /data/rl_deploy/install/robot_rl_controller/share/robot_rl_controller/onnx
[1.696s] copying onnx/policy_0509_3.onnx -> /data/rl_deploy/install/robot_rl_controller/share/robot_rl_controller/onnx
[1.698s] copying onnx/policy_lrs_the_robot_10k.onnx -> /data/rl_deploy/install/robot_rl_controller/share/robot_rl_controller/onnx
[1.702s] copying onnx/policy_d15_4.onnx -> /data/rl_deploy/install/robot_rl_controller/share/robot_rl_controller/onnx
[1.704s] running install_egg_info
[1.709s] Copying ../../build/robot_rl_controller/robot_rl_controller.egg-info to /data/rl_deploy/install/robot_rl_controller/lib/python3.10/site-packages/robot_rl_controller-0.0.0-py3.10.egg-info
[1.711s] running install_scripts
[1.757s] Installing action_robot_controller script to /data/rl_deploy/install/robot_rl_controller/lib/robot_rl_controller
[1.757s] Installing dance_robot_controller script to /data/rl_deploy/install/robot_rl_controller/lib/robot_rl_controller
[1.758s] Installing s_waist_15_action_robot_controller script to /data/rl_deploy/install/robot_rl_controller/lib/robot_rl_controller
[1.758s] Installing waist_15_action_robot_controller script to /data/rl_deploy/install/robot_rl_controller/lib/robot_rl_controller
[1.759s] writing list of installed files to '/data/rl_deploy/build/robot_rl_controller/install.log'
[1.827s] Invoked command in '/data/rl_deploy/src/robot_rl_controller' returned '0': AMENT_PREFIX_PATH=/data/rl_deploy/install/robot_msgs:/data/rl_deploy/install/node_app_msgs:/data/rl_deploy/install/node_control_msgs:${AMENT_PREFIX_PATH} CMAKE_PREFIX_PATH=/data/rl_deploy/install/robot_msgs:/data/rl_deploy/install/node_app_msgs:/data/rl_deploy/install/node_control_msgs LD_LIBRARY_PATH=/data/rl_deploy/install/robot_msgs/lib:/data/rl_deploy/install/node_app_msgs/lib:/data/rl_deploy/install/node_control_msgs/lib:/opt/ros/humble/lib/aarch64-linux-gnu:/opt/ros/humble/lib:/app/lib:/usr/local/cuda-12/lib64 PYTHONPATH=/data/rl_deploy/build/robot_rl_controller/prefix_override:/usr/lib/python3/dist-packages/colcon_core/task/python/colcon_distutils_commands:/data/rl_deploy/install/robot_rl_controller/lib/python3.10/site-packages:/data/rl_deploy/install/robot_msgs/local/lib/python3.10/dist-packages:/data/rl_deploy/install/node_app_msgs/local/lib/python3.10/dist-packages:/data/rl_deploy/install/node_control_msgs/local/lib/python3.10/dist-packages:${PYTHONPATH} /usr/bin/python3 -W ignore:setup.py install is deprecated -W ignore:easy_install command is deprecated setup.py egg_info --egg-base ../../build/robot_rl_controller build --build-base /data/rl_deploy/build/robot_rl_controller/build install --record /data/rl_deploy/build/robot_rl_controller/install.log --single-version-externally-managed install_data
