[0mCMake Deprecation Warning at CMakeLists.txt:1 (cmake_minimum_required):
  Compatibility with CMake < 3.10 will be removed from a future version of
  CMake.

  Update the VERSION argument <min> value.  Or, use the <min>...<max> syntax
  to tell CMake that the project requires at least <min> but has been updated
  to work with policies introduced by <max> or earlier.

[0m
-- The C compiler identification is GNU 11.4.0
-- The CXX compiler identification is GNU 11.4.0
-- Detecting C compiler ABI info
-- Detecting C compiler ABI info - done
-- Check for working C compiler: /usr/bin/cc - skipped
-- Detecting C compile features
-- Detecting C compile features - done
-- Detecting CXX compiler ABI info
-- Detecting CXX compiler ABI info - done
-- Check for working CXX compiler: /usr/bin/c++ - skipped
-- Detecting CXX compile features
-- Detecting CXX compile features - done
-- Found ament_cmake: 1.3.14 (/opt/ros/humble/share/ament_cmake/cmake)
-- Found Python3: /usr/bin/python3 (found version "3.10.12") found components: Interpreter
-- Found rosidl_default_generators: 1.2.1 (/opt/ros/humble/share/rosidl_default_generators/cmake)
-- Using all available rosidl_typesupport_c: rosidl_typesupport_fastrtps_c;rosidl_typesupport_introspection_c
-- Found rosidl_adapter: 3.1.8 (/opt/ros/humble/share/rosidl_adapter/cmake)
-- Using all available rosidl_typesupport_cpp: rosidl_typesupport_fastrtps_cpp;rosidl_typesupport_introspection_cpp
-- Found builtin_interfaces: 1.2.2 (/opt/ros/humble/share/builtin_interfaces/cmake)
-- Found std_msgs: 4.9.1 (/opt/ros/humble/share/std_msgs/cmake)
-- Found node_control_msgs: 0.0.0 (/data/rl_deploy/install/node_control_msgs/share/node_control_msgs/cmake)
-- Found ament_cmake_ros: 0.10.0 (/opt/ros/humble/share/ament_cmake_ros/cmake)
-- Using all available rosidl_typesupport_c: rosidl_typesupport_fastrtps_c;rosidl_typesupport_introspection_c
-- Using all available rosidl_typesupport_cpp: rosidl_typesupport_fastrtps_cpp;rosidl_typesupport_introspection_cpp
[33mCMake Warning (dev) at /opt/ros/humble/share/rosidl_generator_py/cmake/rosidl_generator_py_generate_interfaces.cmake:20 (find_package):
  Policy CMP0148 is not set: The FindPythonInterp and FindPythonLibs modules
  are removed.  Run "cmake --help-policy CMP0148" for policy details.  Use
  the cmake_policy command to set the policy and suppress this warning.

Call Stack (most recent call first):
  /opt/ros/humble/share/ament_cmake_core/cmake/core/ament_execute_extensions.cmake:48 (include)
  /opt/ros/humble/share/rosidl_cmake/cmake/rosidl_generate_interfaces.cmake:286 (ament_execute_extensions)
  CMakeLists.txt:15 (rosidl_generate_interfaces)
This warning is for project developers.  Use -Wno-dev to suppress it.
[0m
-- Found PythonInterp: /usr/bin/python3 (found suitable version "3.10.12", minimum required is "3.6")
-- Found python_cmake_module: 0.10.0 (/opt/ros/humble/share/python_cmake_module/cmake)
[33mCMake Warning (dev) at /opt/ros/humble/share/python_cmake_module/cmake/Modules/FindPythonExtra.cmake:52 (find_package):
  Policy CMP0148 is not set: The FindPythonInterp and FindPythonLibs modules
  are removed.  Run "cmake --help-policy CMP0148" for policy details.  Use
  the cmake_policy command to set the policy and suppress this warning.

Call Stack (most recent call first):
  /opt/ros/humble/share/rosidl_generator_py/cmake/rosidl_generator_py_generate_interfaces.cmake:23 (find_package)
  /opt/ros/humble/share/ament_cmake_core/cmake/core/ament_execute_extensions.cmake:48 (include)
  /opt/ros/humble/share/rosidl_cmake/cmake/rosidl_generate_interfaces.cmake:286 (ament_execute_extensions)
  CMakeLists.txt:15 (rosidl_generate_interfaces)
This warning is for project developers.  Use -Wno-dev to suppress it.
[0m
[33mCMake Warning (dev) at /opt/ros/humble/share/python_cmake_module/cmake/Modules/FindPythonExtra.cmake:140 (find_package):
  Policy CMP0148 is not set: The FindPythonInterp and FindPythonLibs modules
  are removed.  Run "cmake --help-policy CMP0148" for policy details.  Use
  the cmake_policy command to set the policy and suppress this warning.

Call Stack (most recent call first):
  /opt/ros/humble/share/rosidl_generator_py/cmake/rosidl_generator_py_generate_interfaces.cmake:23 (find_package)
  /opt/ros/humble/share/ament_cmake_core/cmake/core/ament_execute_extensions.cmake:48 (include)
  /opt/ros/humble/share/rosidl_cmake/cmake/rosidl_generate_interfaces.cmake:286 (ament_execute_extensions)
  CMakeLists.txt:15 (rosidl_generate_interfaces)
This warning is for project developers.  Use -Wno-dev to suppress it.
[0m
-- Found PythonLibs: /usr/lib/aarch64-linux-gnu/libpython3.10.so (found suitable version "3.10.12", minimum required is "3.5")
-- Using PYTHON_EXECUTABLE: /usr/bin/python3
-- Using PYTHON_INCLUDE_DIRS: /usr/include/python3.10
-- Using PYTHON_LIBRARIES: /usr/lib/aarch64-linux-gnu/libpython3.10.so
-- Found PythonExtra: .so
-- Using numpy include directory: /usr/local/lib/python3.10/dist-packages/numpy/core/include
-- Found ament_lint_auto: 0.12.15 (/opt/ros/humble/share/ament_lint_auto/cmake)
-- Added test 'lint_cmake' to check CMake code style
-- Added test 'xmllint' to check XML markup files
-- Configuring done (5.3s)
-- Generating done (0.1s)
-- Build files have been written to: /data/rl_deploy/build/node_app_msgs
[  1%] [1m[34mGenerating C++ code for ROS interfaces[0m
[  1%] Built target node_app_msgs__cpp
[  1%] Built target ament_cmake_python_copy_node_app_msgs
[  2%] [1m[34mGenerating C++ introspection for ROS interfaces[0m
[  4%] [32mBuilding CXX object CMakeFiles/node_app_msgs__rosidl_typesupport_introspection_cpp.dir/rosidl_typesupport_introspection_cpp/node_app_msgs/msg/detail/iot_cmd_msg__type_support.cpp.o[0m
[  5%] [32mBuilding CXX object CMakeFiles/node_app_msgs__rosidl_typesupport_introspection_cpp.dir/rosidl_typesupport_introspection_cpp/node_app_msgs/msg/detail/lrs_cmd_action_feedback__type_support.cpp.o[0m
[  6%] [32mBuilding CXX object CMakeFiles/node_app_msgs__rosidl_typesupport_introspection_cpp.dir/rosidl_typesupport_introspection_cpp/node_app_msgs/msg/detail/lrs_cmd_state__type_support.cpp.o[0m
[  8%] [32mBuilding CXX object CMakeFiles/node_app_msgs__rosidl_typesupport_introspection_cpp.dir/rosidl_typesupport_introspection_cpp/node_app_msgs/msg/detail/lrs_cmd_state_feedback__type_support.cpp.o[0m
[  9%] [32mBuilding CXX object CMakeFiles/node_app_msgs__rosidl_typesupport_introspection_cpp.dir/rosidl_typesupport_introspection_cpp/node_app_msgs/msg/detail/lrs_state__type_support.cpp.o[0m
[ 11%] [32mBuilding CXX object CMakeFiles/node_app_msgs__rosidl_typesupport_introspection_cpp.dir/rosidl_typesupport_introspection_cpp/node_app_msgs/msg/detail/lrs_cmd_action__type_support.cpp.o[0m
[ 12%] [1m[32mLinking CXX shared library libnode_app_msgs__rosidl_typesupport_introspection_cpp.so[0m
[ 12%] Built target node_app_msgs__rosidl_typesupport_introspection_cpp
running egg_info
creating node_app_msgs.egg-info
writing node_app_msgs.egg-info/PKG-INFO
writing dependency_links to node_app_msgs.egg-info/dependency_links.txt
writing top-level names to node_app_msgs.egg-info/top_level.txt
writing manifest file 'node_app_msgs.egg-info/SOURCES.txt'
reading manifest file 'node_app_msgs.egg-info/SOURCES.txt'
writing manifest file 'node_app_msgs.egg-info/SOURCES.txt'
[ 12%] Built target ament_cmake_python_build_node_app_msgs_egg
[ 13%] [1m[34mGenerating C++ type support for eProsima Fast-RTPS[0m
[ 15%] [32mBuilding CXX object CMakeFiles/node_app_msgs__rosidl_typesupport_fastrtps_cpp.dir/rosidl_typesupport_fastrtps_cpp/node_app_msgs/msg/detail/dds_fastrtps/iot_cmd_msg__type_support.cpp.o[0m
[ 16%] [32mBuilding CXX object CMakeFiles/node_app_msgs__rosidl_typesupport_fastrtps_cpp.dir/rosidl_typesupport_fastrtps_cpp/node_app_msgs/msg/detail/dds_fastrtps/lrs_cmd_state_feedback__type_support.cpp.o[0m
[ 18%] [32mBuilding CXX object CMakeFiles/node_app_msgs__rosidl_typesupport_fastrtps_cpp.dir/rosidl_typesupport_fastrtps_cpp/node_app_msgs/msg/detail/dds_fastrtps/lrs_state__type_support.cpp.o[0m
[ 19%] [32mBuilding CXX object CMakeFiles/node_app_msgs__rosidl_typesupport_fastrtps_cpp.dir/rosidl_typesupport_fastrtps_cpp/node_app_msgs/msg/detail/dds_fastrtps/lrs_cmd_state__type_support.cpp.o[0m
[ 20%] [32mBuilding CXX object CMakeFiles/node_app_msgs__rosidl_typesupport_fastrtps_cpp.dir/rosidl_typesupport_fastrtps_cpp/node_app_msgs/msg/detail/dds_fastrtps/lrs_cmd_action_feedback__type_support.cpp.o[0m
[ 22%] [32mBuilding CXX object CMakeFiles/node_app_msgs__rosidl_typesupport_fastrtps_cpp.dir/rosidl_typesupport_fastrtps_cpp/node_app_msgs/msg/detail/dds_fastrtps/lrs_cmd_action__type_support.cpp.o[0m
[ 23%] [1m[32mLinking CXX shared library libnode_app_msgs__rosidl_typesupport_fastrtps_cpp.so[0m
[ 23%] Built target node_app_msgs__rosidl_typesupport_fastrtps_cpp
[ 25%] [1m[34mGenerating C++ type support dispatch for ROS interfaces[0m
[ 26%] [32mBuilding CXX object CMakeFiles/node_app_msgs__rosidl_typesupport_cpp.dir/rosidl_typesupport_cpp/node_app_msgs/msg/iot_cmd_msg__type_support.cpp.o[0m
[ 27%] [32mBuilding CXX object CMakeFiles/node_app_msgs__rosidl_typesupport_cpp.dir/rosidl_typesupport_cpp/node_app_msgs/msg/lrs_state__type_support.cpp.o[0m
[ 29%] [32mBuilding CXX object CMakeFiles/node_app_msgs__rosidl_typesupport_cpp.dir/rosidl_typesupport_cpp/node_app_msgs/msg/lrs_cmd_state_feedback__type_support.cpp.o[0m
[ 30%] [32mBuilding CXX object CMakeFiles/node_app_msgs__rosidl_typesupport_cpp.dir/rosidl_typesupport_cpp/node_app_msgs/msg/lrs_cmd_state__type_support.cpp.o[0m
[ 31%] [32mBuilding CXX object CMakeFiles/node_app_msgs__rosidl_typesupport_cpp.dir/rosidl_typesupport_cpp/node_app_msgs/msg/lrs_cmd_action_feedback__type_support.cpp.o[0m
[ 33%] [32mBuilding CXX object CMakeFiles/node_app_msgs__rosidl_typesupport_cpp.dir/rosidl_typesupport_cpp/node_app_msgs/msg/lrs_cmd_action__type_support.cpp.o[0m
[ 34%] [1m[32mLinking CXX shared library libnode_app_msgs__rosidl_typesupport_cpp.so[0m
[ 34%] Built target node_app_msgs__rosidl_typesupport_cpp
[ 36%] [1m[34mGenerating C code for ROS interfaces[0m
[ 37%] [1m[34mGenerating Rust code for ROS interfaces[0m
[ 37%] Built target node_app_msgs__rs
[ 40%] [32mBuilding C object CMakeFiles/node_app_msgs__rosidl_generator_c.dir/rosidl_generator_c/node_app_msgs/msg/detail/iot_cmd_msg__functions.c.o[0m
[ 40%] [32mBuilding C object CMakeFiles/node_app_msgs__rosidl_generator_c.dir/rosidl_generator_c/node_app_msgs/msg/detail/lrs_cmd_action__functions.c.o[0m
[ 41%] [32mBuilding C object CMakeFiles/node_app_msgs__rosidl_generator_c.dir/rosidl_generator_c/node_app_msgs/msg/detail/lrs_state__functions.c.o[0m
[ 43%] [32mBuilding C object CMakeFiles/node_app_msgs__rosidl_generator_c.dir/rosidl_generator_c/node_app_msgs/msg/detail/lrs_cmd_state_feedback__functions.c.o[0m
[ 44%] [32mBuilding C object CMakeFiles/node_app_msgs__rosidl_generator_c.dir/rosidl_generator_c/node_app_msgs/msg/detail/lrs_cmd_state__functions.c.o[0m
[ 45%] [32mBuilding C object CMakeFiles/node_app_msgs__rosidl_generator_c.dir/rosidl_generator_c/node_app_msgs/msg/detail/lrs_cmd_action_feedback__functions.c.o[0m
[ 47%] [1m[32mLinking C shared library libnode_app_msgs__rosidl_generator_c.so[0m
[ 47%] Built target node_app_msgs__rosidl_generator_c
[ 50%] [1m[34mGenerating C type support dispatch for ROS interfaces[0m
[ 50%] [1m[34mGenerating C introspection for ROS interfaces[0m
[ 51%] [32mBuilding CXX object CMakeFiles/node_app_msgs__rosidl_typesupport_c.dir/rosidl_typesupport_c/node_app_msgs/msg/iot_cmd_msg__type_support.cpp.o[0m
[ 52%] [32mBuilding CXX object CMakeFiles/node_app_msgs__rosidl_typesupport_c.dir/rosidl_typesupport_c/node_app_msgs/msg/lrs_state__type_support.cpp.o[0m
[ 54%] [32mBuilding C object CMakeFiles/node_app_msgs__rosidl_typesupport_introspection_c.dir/rosidl_typesupport_introspection_c/node_app_msgs/msg/detail/iot_cmd_msg__type_support.c.o[0m
[ 55%] [32mBuilding CXX object CMakeFiles/node_app_msgs__rosidl_typesupport_c.dir/rosidl_typesupport_c/node_app_msgs/msg/lrs_cmd_state_feedback__type_support.cpp.o[0m
[ 56%] [32mBuilding C object CMakeFiles/node_app_msgs__rosidl_typesupport_introspection_c.dir/rosidl_typesupport_introspection_c/node_app_msgs/msg/detail/lrs_cmd_action_feedback__type_support.c.o[0m
[ 58%] [32mBuilding CXX object CMakeFiles/node_app_msgs__rosidl_typesupport_c.dir/rosidl_typesupport_c/node_app_msgs/msg/lrs_cmd_state__type_support.cpp.o[0m
[ 59%] [32mBuilding C object CMakeFiles/node_app_msgs__rosidl_typesupport_introspection_c.dir/rosidl_typesupport_introspection_c/node_app_msgs/msg/detail/lrs_cmd_state_feedback__type_support.c.o[0m
[ 61%] [32mBuilding CXX object CMakeFiles/node_app_msgs__rosidl_typesupport_c.dir/rosidl_typesupport_c/node_app_msgs/msg/lrs_cmd_action_feedback__type_support.cpp.o[0m
[ 62%] [32mBuilding C object CMakeFiles/node_app_msgs__rosidl_typesupport_introspection_c.dir/rosidl_typesupport_introspection_c/node_app_msgs/msg/detail/lrs_state__type_support.c.o[0m
[ 63%] [32mBuilding CXX object CMakeFiles/node_app_msgs__rosidl_typesupport_c.dir/rosidl_typesupport_c/node_app_msgs/msg/lrs_cmd_action__type_support.cpp.o[0m
[ 65%] [32mBuilding C object CMakeFiles/node_app_msgs__rosidl_typesupport_introspection_c.dir/rosidl_typesupport_introspection_c/node_app_msgs/msg/detail/lrs_cmd_state__type_support.c.o[0m
[ 66%] [1m[32mLinking CXX shared library libnode_app_msgs__rosidl_typesupport_c.so[0m
[ 68%] [32mBuilding C object CMakeFiles/node_app_msgs__rosidl_typesupport_introspection_c.dir/rosidl_typesupport_introspection_c/node_app_msgs/msg/detail/lrs_cmd_action__type_support.c.o[0m
[ 68%] Built target node_app_msgs__rosidl_typesupport_c
[ 69%] [1m[32mLinking C shared library libnode_app_msgs__rosidl_typesupport_introspection_c.so[0m
[ 69%] Built target node_app_msgs__rosidl_typesupport_introspection_c
[ 70%] [1m[34mGenerating C type support for eProsima Fast-RTPS[0m
[ 72%] [32mBuilding CXX object CMakeFiles/node_app_msgs__rosidl_typesupport_fastrtps_c.dir/rosidl_typesupport_fastrtps_c/node_app_msgs/msg/detail/iot_cmd_msg__type_support_c.cpp.o[0m
[ 73%] [32mBuilding CXX object CMakeFiles/node_app_msgs__rosidl_typesupport_fastrtps_c.dir/rosidl_typesupport_fastrtps_c/node_app_msgs/msg/detail/lrs_state__type_support_c.cpp.o[0m
[ 75%] [32mBuilding CXX object CMakeFiles/node_app_msgs__rosidl_typesupport_fastrtps_c.dir/rosidl_typesupport_fastrtps_c/node_app_msgs/msg/detail/lrs_cmd_state_feedback__type_support_c.cpp.o[0m
[ 76%] [32mBuilding CXX object CMakeFiles/node_app_msgs__rosidl_typesupport_fastrtps_c.dir/rosidl_typesupport_fastrtps_c/node_app_msgs/msg/detail/lrs_cmd_state__type_support_c.cpp.o[0m
[ 77%] [32mBuilding CXX object CMakeFiles/node_app_msgs__rosidl_typesupport_fastrtps_c.dir/rosidl_typesupport_fastrtps_c/node_app_msgs/msg/detail/lrs_cmd_action_feedback__type_support_c.cpp.o[0m
[ 79%] [32mBuilding CXX object CMakeFiles/node_app_msgs__rosidl_typesupport_fastrtps_c.dir/rosidl_typesupport_fastrtps_c/node_app_msgs/msg/detail/lrs_cmd_action__type_support_c.cpp.o[0m
[ 80%] [1m[32mLinking CXX shared library libnode_app_msgs__rosidl_typesupport_fastrtps_c.so[0m
[ 80%] Built target node_app_msgs__rosidl_typesupport_fastrtps_c
[ 80%] Built target node_app_msgs
[ 81%] [1m[34mGenerating Python code for ROS interfaces[0m
[ 81%] Built target node_app_msgs__py
[ 84%] [32mBuilding C object CMakeFiles/node_app_msgs__rosidl_generator_py.dir/rosidl_generator_py/node_app_msgs/msg/_lrs_cmd_action_s.c.o[0m
[ 84%] [32mBuilding C object CMakeFiles/node_app_msgs__rosidl_generator_py.dir/rosidl_generator_py/node_app_msgs/msg/_iot_cmd_msg_s.c.o[0m
[ 86%] [32mBuilding C object CMakeFiles/node_app_msgs__rosidl_generator_py.dir/rosidl_generator_py/node_app_msgs/msg/_lrs_state_s.c.o[0m
[ 87%] [32mBuilding C object CMakeFiles/node_app_msgs__rosidl_generator_py.dir/rosidl_generator_py/node_app_msgs/msg/_lrs_cmd_state_feedback_s.c.o[0m
[ 88%] [32mBuilding C object CMakeFiles/node_app_msgs__rosidl_generator_py.dir/rosidl_generator_py/node_app_msgs/msg/_lrs_cmd_state_s.c.o[0m
[ 90%] [32mBuilding C object CMakeFiles/node_app_msgs__rosidl_generator_py.dir/rosidl_generator_py/node_app_msgs/msg/_lrs_cmd_action_feedback_s.c.o[0m
[ 91%] [1m[32mLinking C shared library rosidl_generator_py/node_app_msgs/libnode_app_msgs__rosidl_generator_py.so[0m
[ 91%] Built target node_app_msgs__rosidl_generator_py
[ 94%] [32mBuilding C object CMakeFiles/node_app_msgs__rosidl_typesupport_fastrtps_c__pyext.dir/rosidl_generator_py/node_app_msgs/_node_app_msgs_s.ep.rosidl_typesupport_fastrtps_c.c.o[0m
[ 94%] [32mBuilding C object CMakeFiles/node_app_msgs__rosidl_typesupport_introspection_c__pyext.dir/rosidl_generator_py/node_app_msgs/_node_app_msgs_s.ep.rosidl_typesupport_introspection_c.c.o[0m
[ 95%] [1m[32mLinking C shared library rosidl_generator_py/node_app_msgs/node_app_msgs_s__rosidl_typesupport_introspection_c.cpython-310-aarch64-linux-gnu.so[0m
[ 97%] [1m[32mLinking C shared library rosidl_generator_py/node_app_msgs/node_app_msgs_s__rosidl_typesupport_fastrtps_c.cpython-310-aarch64-linux-gnu.so[0m
[ 97%] Built target node_app_msgs__rosidl_typesupport_introspection_c__pyext
[ 97%] Built target node_app_msgs__rosidl_typesupport_fastrtps_c__pyext
[ 98%] [32mBuilding C object CMakeFiles/node_app_msgs__rosidl_typesupport_c__pyext.dir/rosidl_generator_py/node_app_msgs/_node_app_msgs_s.ep.rosidl_typesupport_c.c.o[0m
[100%] [1m[32mLinking C shared library rosidl_generator_py/node_app_msgs/node_app_msgs_s__rosidl_typesupport_c.cpython-310-aarch64-linux-gnu.so[0m
[100%] Built target node_app_msgs__rosidl_typesupport_c__pyext
-- Install configuration: ""
-- Installing: /data/rl_deploy/install/node_app_msgs/share/ament_index/resource_index/rosidl_interfaces/node_app_msgs
-- Installing: /data/rl_deploy/install/node_app_msgs/include/node_app_msgs/node_app_msgs
-- Installing: /data/rl_deploy/install/node_app_msgs/include/node_app_msgs/node_app_msgs/msg
-- Installing: /data/rl_deploy/install/node_app_msgs/include/node_app_msgs/node_app_msgs/msg/lrs_cmd_state_feedback.h
-- Installing: /data/rl_deploy/install/node_app_msgs/include/node_app_msgs/node_app_msgs/msg/lrs_cmd_action.h
-- Installing: /data/rl_deploy/install/node_app_msgs/include/node_app_msgs/node_app_msgs/msg/iot_cmd_msg.h
-- Installing: /data/rl_deploy/install/node_app_msgs/include/node_app_msgs/node_app_msgs/msg/lrs_cmd_state.h
-- Installing: /data/rl_deploy/install/node_app_msgs/include/node_app_msgs/node_app_msgs/msg/detail
-- Installing: /data/rl_deploy/install/node_app_msgs/include/node_app_msgs/node_app_msgs/msg/detail/lrs_state__functions.h
-- Installing: /data/rl_deploy/install/node_app_msgs/include/node_app_msgs/node_app_msgs/msg/detail/lrs_cmd_state__type_support.h
-- Installing: /data/rl_deploy/install/node_app_msgs/include/node_app_msgs/node_app_msgs/msg/detail/lrs_cmd_state_feedback__functions.c
-- Installing: /data/rl_deploy/install/node_app_msgs/include/node_app_msgs/node_app_msgs/msg/detail/lrs_cmd_action_feedback__functions.h
-- Installing: /data/rl_deploy/install/node_app_msgs/include/node_app_msgs/node_app_msgs/msg/detail/lrs_cmd_state_feedback__struct.h
-- Installing: /data/rl_deploy/install/node_app_msgs/include/node_app_msgs/node_app_msgs/msg/detail/lrs_cmd_state_feedback__functions.h
-- Installing: /data/rl_deploy/install/node_app_msgs/include/node_app_msgs/node_app_msgs/msg/detail/iot_cmd_msg__functions.c
-- Installing: /data/rl_deploy/install/node_app_msgs/include/node_app_msgs/node_app_msgs/msg/detail/lrs_state__functions.c
-- Installing: /data/rl_deploy/install/node_app_msgs/include/node_app_msgs/node_app_msgs/msg/detail/lrs_cmd_state__functions.c
-- Installing: /data/rl_deploy/install/node_app_msgs/include/node_app_msgs/node_app_msgs/msg/detail/lrs_cmd_action__functions.c
-- Installing: /data/rl_deploy/install/node_app_msgs/include/node_app_msgs/node_app_msgs/msg/detail/lrs_state__type_support.h
-- Installing: /data/rl_deploy/install/node_app_msgs/include/node_app_msgs/node_app_msgs/msg/detail/lrs_cmd_state_feedback__type_support.h
-- Installing: /data/rl_deploy/install/node_app_msgs/include/node_app_msgs/node_app_msgs/msg/detail/lrs_cmd_action__functions.h
-- Installing: /data/rl_deploy/install/node_app_msgs/include/node_app_msgs/node_app_msgs/msg/detail/lrs_cmd_action__struct.h
-- Installing: /data/rl_deploy/install/node_app_msgs/include/node_app_msgs/node_app_msgs/msg/detail/lrs_cmd_action__type_support.h
-- Installing: /data/rl_deploy/install/node_app_msgs/include/node_app_msgs/node_app_msgs/msg/detail/lrs_cmd_action_feedback__type_support.h
-- Installing: /data/rl_deploy/install/node_app_msgs/include/node_app_msgs/node_app_msgs/msg/detail/iot_cmd_msg__functions.h
-- Installing: /data/rl_deploy/install/node_app_msgs/include/node_app_msgs/node_app_msgs/msg/detail/lrs_state__struct.h
-- Installing: /data/rl_deploy/install/node_app_msgs/include/node_app_msgs/node_app_msgs/msg/detail/lrs_cmd_action_feedback__struct.h
-- Installing: /data/rl_deploy/install/node_app_msgs/include/node_app_msgs/node_app_msgs/msg/detail/lrs_cmd_action_feedback__functions.c
-- Installing: /data/rl_deploy/install/node_app_msgs/include/node_app_msgs/node_app_msgs/msg/detail/lrs_cmd_state__functions.h
-- Installing: /data/rl_deploy/install/node_app_msgs/include/node_app_msgs/node_app_msgs/msg/detail/iot_cmd_msg__struct.h
-- Installing: /data/rl_deploy/install/node_app_msgs/include/node_app_msgs/node_app_msgs/msg/detail/iot_cmd_msg__type_support.h
-- Installing: /data/rl_deploy/install/node_app_msgs/include/node_app_msgs/node_app_msgs/msg/detail/lrs_cmd_state__struct.h
-- Installing: /data/rl_deploy/install/node_app_msgs/include/node_app_msgs/node_app_msgs/msg/lrs_cmd_action_feedback.h
-- Installing: /data/rl_deploy/install/node_app_msgs/include/node_app_msgs/node_app_msgs/msg/rosidl_generator_c__visibility_control.h
-- Installing: /data/rl_deploy/install/node_app_msgs/include/node_app_msgs/node_app_msgs/msg/lrs_state.h
-- Installing: /data/rl_deploy/install/node_app_msgs/share/node_app_msgs/environment/library_path.sh
-- Installing: /data/rl_deploy/install/node_app_msgs/share/node_app_msgs/environment/library_path.dsv
-- Installing: /data/rl_deploy/install/node_app_msgs/lib/libnode_app_msgs__rosidl_generator_c.so
-- Set non-toolchain portion of runtime path of "/data/rl_deploy/install/node_app_msgs/lib/libnode_app_msgs__rosidl_generator_c.so" to ""
-- Up-to-date: /data/rl_deploy/install/node_app_msgs/include/node_app_msgs/node_app_msgs
-- Up-to-date: /data/rl_deploy/install/node_app_msgs/include/node_app_msgs/node_app_msgs/msg
-- Up-to-date: /data/rl_deploy/install/node_app_msgs/include/node_app_msgs/node_app_msgs/msg/detail
-- Installing: /data/rl_deploy/install/node_app_msgs/include/node_app_msgs/node_app_msgs/msg/detail/lrs_cmd_action_feedback__rosidl_typesupport_fastrtps_c.h
-- Installing: /data/rl_deploy/install/node_app_msgs/include/node_app_msgs/node_app_msgs/msg/detail/lrs_state__rosidl_typesupport_fastrtps_c.h
-- Installing: /data/rl_deploy/install/node_app_msgs/include/node_app_msgs/node_app_msgs/msg/detail/lrs_cmd_action__rosidl_typesupport_fastrtps_c.h
-- Installing: /data/rl_deploy/install/node_app_msgs/include/node_app_msgs/node_app_msgs/msg/detail/iot_cmd_msg__rosidl_typesupport_fastrtps_c.h
-- Installing: /data/rl_deploy/install/node_app_msgs/include/node_app_msgs/node_app_msgs/msg/detail/lrs_cmd_state_feedback__rosidl_typesupport_fastrtps_c.h
-- Installing: /data/rl_deploy/install/node_app_msgs/include/node_app_msgs/node_app_msgs/msg/detail/lrs_cmd_state__rosidl_typesupport_fastrtps_c.h
-- Installing: /data/rl_deploy/install/node_app_msgs/include/node_app_msgs/node_app_msgs/msg/rosidl_typesupport_fastrtps_c__visibility_control.h
-- Installing: /data/rl_deploy/install/node_app_msgs/lib/libnode_app_msgs__rosidl_typesupport_fastrtps_c.so
-- Set non-toolchain portion of runtime path of "/data/rl_deploy/install/node_app_msgs/lib/libnode_app_msgs__rosidl_typesupport_fastrtps_c.so" to ""
-- Up-to-date: /data/rl_deploy/install/node_app_msgs/include/node_app_msgs/node_app_msgs
-- Up-to-date: /data/rl_deploy/install/node_app_msgs/include/node_app_msgs/node_app_msgs/msg
-- Up-to-date: /data/rl_deploy/install/node_app_msgs/include/node_app_msgs/node_app_msgs/msg/detail
-- Installing: /data/rl_deploy/install/node_app_msgs/include/node_app_msgs/node_app_msgs/msg/detail/lrs_cmd_state_feedback__type_support.c
-- Installing: /data/rl_deploy/install/node_app_msgs/include/node_app_msgs/node_app_msgs/msg/detail/lrs_cmd_action_feedback__rosidl_typesupport_introspection_c.h
-- Installing: /data/rl_deploy/install/node_app_msgs/include/node_app_msgs/node_app_msgs/msg/detail/lrs_cmd_action__rosidl_typesupport_introspection_c.h
-- Installing: /data/rl_deploy/install/node_app_msgs/include/node_app_msgs/node_app_msgs/msg/detail/iot_cmd_msg__type_support.c
-- Installing: /data/rl_deploy/install/node_app_msgs/include/node_app_msgs/node_app_msgs/msg/detail/lrs_cmd_state__type_support.c
-- Installing: /data/rl_deploy/install/node_app_msgs/include/node_app_msgs/node_app_msgs/msg/detail/lrs_cmd_state_feedback__rosidl_typesupport_introspection_c.h
-- Installing: /data/rl_deploy/install/node_app_msgs/include/node_app_msgs/node_app_msgs/msg/detail/lrs_state__rosidl_typesupport_introspection_c.h
-- Installing: /data/rl_deploy/install/node_app_msgs/include/node_app_msgs/node_app_msgs/msg/detail/lrs_cmd_action__type_support.c
-- Installing: /data/rl_deploy/install/node_app_msgs/include/node_app_msgs/node_app_msgs/msg/detail/lrs_state__type_support.c
-- Installing: /data/rl_deploy/install/node_app_msgs/include/node_app_msgs/node_app_msgs/msg/detail/lrs_cmd_action_feedback__type_support.c
-- Installing: /data/rl_deploy/install/node_app_msgs/include/node_app_msgs/node_app_msgs/msg/detail/iot_cmd_msg__rosidl_typesupport_introspection_c.h
-- Installing: /data/rl_deploy/install/node_app_msgs/include/node_app_msgs/node_app_msgs/msg/detail/lrs_cmd_state__rosidl_typesupport_introspection_c.h
-- Installing: /data/rl_deploy/install/node_app_msgs/include/node_app_msgs/node_app_msgs/msg/rosidl_typesupport_introspection_c__visibility_control.h
-- Installing: /data/rl_deploy/install/node_app_msgs/lib/libnode_app_msgs__rosidl_typesupport_introspection_c.so
-- Set non-toolchain portion of runtime path of "/data/rl_deploy/install/node_app_msgs/lib/libnode_app_msgs__rosidl_typesupport_introspection_c.so" to ""
-- Installing: /data/rl_deploy/install/node_app_msgs/lib/libnode_app_msgs__rosidl_typesupport_c.so
-- Set non-toolchain portion of runtime path of "/data/rl_deploy/install/node_app_msgs/lib/libnode_app_msgs__rosidl_typesupport_c.so" to ""
-- Up-to-date: /data/rl_deploy/install/node_app_msgs/include/node_app_msgs/node_app_msgs
-- Up-to-date: /data/rl_deploy/install/node_app_msgs/include/node_app_msgs/node_app_msgs/msg
-- Installing: /data/rl_deploy/install/node_app_msgs/include/node_app_msgs/node_app_msgs/msg/lrs_cmd_state.hpp
-- Installing: /data/rl_deploy/install/node_app_msgs/include/node_app_msgs/node_app_msgs/msg/iot_cmd_msg.hpp
-- Installing: /data/rl_deploy/install/node_app_msgs/include/node_app_msgs/node_app_msgs/msg/lrs_cmd_action.hpp
-- Installing: /data/rl_deploy/install/node_app_msgs/include/node_app_msgs/node_app_msgs/msg/lrs_state.hpp
-- Up-to-date: /data/rl_deploy/install/node_app_msgs/include/node_app_msgs/node_app_msgs/msg/detail
-- Installing: /data/rl_deploy/install/node_app_msgs/include/node_app_msgs/node_app_msgs/msg/detail/lrs_cmd_action__builder.hpp
-- Installing: /data/rl_deploy/install/node_app_msgs/include/node_app_msgs/node_app_msgs/msg/detail/lrs_cmd_state__builder.hpp
-- Installing: /data/rl_deploy/install/node_app_msgs/include/node_app_msgs/node_app_msgs/msg/detail/iot_cmd_msg__struct.hpp
-- Installing: /data/rl_deploy/install/node_app_msgs/include/node_app_msgs/node_app_msgs/msg/detail/lrs_state__struct.hpp
-- Installing: /data/rl_deploy/install/node_app_msgs/include/node_app_msgs/node_app_msgs/msg/detail/lrs_cmd_state__struct.hpp
-- Installing: /data/rl_deploy/install/node_app_msgs/include/node_app_msgs/node_app_msgs/msg/detail/lrs_state__builder.hpp
-- Installing: /data/rl_deploy/install/node_app_msgs/include/node_app_msgs/node_app_msgs/msg/detail/iot_cmd_msg__type_support.hpp
-- Installing: /data/rl_deploy/install/node_app_msgs/include/node_app_msgs/node_app_msgs/msg/detail/lrs_cmd_action_feedback__struct.hpp
-- Installing: /data/rl_deploy/install/node_app_msgs/include/node_app_msgs/node_app_msgs/msg/detail/lrs_cmd_action_feedback__traits.hpp
-- Installing: /data/rl_deploy/install/node_app_msgs/include/node_app_msgs/node_app_msgs/msg/detail/lrs_cmd_state_feedback__type_support.hpp
-- Installing: /data/rl_deploy/install/node_app_msgs/include/node_app_msgs/node_app_msgs/msg/detail/lrs_cmd_state_feedback__builder.hpp
-- Installing: /data/rl_deploy/install/node_app_msgs/include/node_app_msgs/node_app_msgs/msg/detail/lrs_cmd_action__traits.hpp
-- Installing: /data/rl_deploy/install/node_app_msgs/include/node_app_msgs/node_app_msgs/msg/detail/lrs_state__traits.hpp
-- Installing: /data/rl_deploy/install/node_app_msgs/include/node_app_msgs/node_app_msgs/msg/detail/lrs_cmd_state_feedback__struct.hpp
-- Installing: /data/rl_deploy/install/node_app_msgs/include/node_app_msgs/node_app_msgs/msg/detail/lrs_cmd_state__type_support.hpp
-- Installing: /data/rl_deploy/install/node_app_msgs/include/node_app_msgs/node_app_msgs/msg/detail/lrs_cmd_action__struct.hpp
-- Installing: /data/rl_deploy/install/node_app_msgs/include/node_app_msgs/node_app_msgs/msg/detail/iot_cmd_msg__traits.hpp
-- Installing: /data/rl_deploy/install/node_app_msgs/include/node_app_msgs/node_app_msgs/msg/detail/lrs_cmd_action_feedback__type_support.hpp
-- Installing: /data/rl_deploy/install/node_app_msgs/include/node_app_msgs/node_app_msgs/msg/detail/lrs_cmd_state__traits.hpp
-- Installing: /data/rl_deploy/install/node_app_msgs/include/node_app_msgs/node_app_msgs/msg/detail/lrs_cmd_state_feedback__traits.hpp
-- Installing: /data/rl_deploy/install/node_app_msgs/include/node_app_msgs/node_app_msgs/msg/detail/lrs_cmd_action__type_support.hpp
-- Installing: /data/rl_deploy/install/node_app_msgs/include/node_app_msgs/node_app_msgs/msg/detail/lrs_cmd_action_feedback__builder.hpp
-- Installing: /data/rl_deploy/install/node_app_msgs/include/node_app_msgs/node_app_msgs/msg/detail/iot_cmd_msg__builder.hpp
-- Installing: /data/rl_deploy/install/node_app_msgs/include/node_app_msgs/node_app_msgs/msg/detail/lrs_state__type_support.hpp
-- Installing: /data/rl_deploy/install/node_app_msgs/include/node_app_msgs/node_app_msgs/msg/lrs_cmd_state_feedback.hpp
-- Installing: /data/rl_deploy/install/node_app_msgs/include/node_app_msgs/node_app_msgs/msg/rosidl_generator_cpp__visibility_control.hpp
-- Installing: /data/rl_deploy/install/node_app_msgs/include/node_app_msgs/node_app_msgs/msg/lrs_cmd_action_feedback.hpp
-- Up-to-date: /data/rl_deploy/install/node_app_msgs/include/node_app_msgs/node_app_msgs
-- Up-to-date: /data/rl_deploy/install/node_app_msgs/include/node_app_msgs/node_app_msgs/msg
-- Installing: /data/rl_deploy/install/node_app_msgs/include/node_app_msgs/node_app_msgs/msg/rosidl_typesupport_fastrtps_cpp__visibility_control.h
-- Up-to-date: /data/rl_deploy/install/node_app_msgs/include/node_app_msgs/node_app_msgs/msg/detail
-- Installing: /data/rl_deploy/install/node_app_msgs/include/node_app_msgs/node_app_msgs/msg/detail/iot_cmd_msg__rosidl_typesupport_fastrtps_cpp.hpp
-- Installing: /data/rl_deploy/install/node_app_msgs/include/node_app_msgs/node_app_msgs/msg/detail/lrs_cmd_action__rosidl_typesupport_fastrtps_cpp.hpp
-- Installing: /data/rl_deploy/install/node_app_msgs/include/node_app_msgs/node_app_msgs/msg/detail/lrs_cmd_action_feedback__rosidl_typesupport_fastrtps_cpp.hpp
-- Installing: /data/rl_deploy/install/node_app_msgs/include/node_app_msgs/node_app_msgs/msg/detail/dds_fastrtps
-- Installing: /data/rl_deploy/install/node_app_msgs/include/node_app_msgs/node_app_msgs/msg/detail/lrs_state__rosidl_typesupport_fastrtps_cpp.hpp
-- Installing: /data/rl_deploy/install/node_app_msgs/include/node_app_msgs/node_app_msgs/msg/detail/lrs_cmd_state_feedback__rosidl_typesupport_fastrtps_cpp.hpp
-- Installing: /data/rl_deploy/install/node_app_msgs/include/node_app_msgs/node_app_msgs/msg/detail/lrs_cmd_state__rosidl_typesupport_fastrtps_cpp.hpp
-- Installing: /data/rl_deploy/install/node_app_msgs/lib/libnode_app_msgs__rosidl_typesupport_fastrtps_cpp.so
-- Set non-toolchain portion of runtime path of "/data/rl_deploy/install/node_app_msgs/lib/libnode_app_msgs__rosidl_typesupport_fastrtps_cpp.so" to ""
-- Up-to-date: /data/rl_deploy/install/node_app_msgs/include/node_app_msgs/node_app_msgs
-- Up-to-date: /data/rl_deploy/install/node_app_msgs/include/node_app_msgs/node_app_msgs/msg
-- Up-to-date: /data/rl_deploy/install/node_app_msgs/include/node_app_msgs/node_app_msgs/msg/detail
-- Installing: /data/rl_deploy/install/node_app_msgs/include/node_app_msgs/node_app_msgs/msg/detail/lrs_cmd_state__type_support.cpp
-- Installing: /data/rl_deploy/install/node_app_msgs/include/node_app_msgs/node_app_msgs/msg/detail/lrs_cmd_state__rosidl_typesupport_introspection_cpp.hpp
-- Installing: /data/rl_deploy/install/node_app_msgs/include/node_app_msgs/node_app_msgs/msg/detail/iot_cmd_msg__type_support.cpp
-- Installing: /data/rl_deploy/install/node_app_msgs/include/node_app_msgs/node_app_msgs/msg/detail/iot_cmd_msg__rosidl_typesupport_introspection_cpp.hpp
-- Installing: /data/rl_deploy/install/node_app_msgs/include/node_app_msgs/node_app_msgs/msg/detail/lrs_cmd_action__type_support.cpp
-- Installing: /data/rl_deploy/install/node_app_msgs/include/node_app_msgs/node_app_msgs/msg/detail/lrs_cmd_action__rosidl_typesupport_introspection_cpp.hpp
-- Installing: /data/rl_deploy/install/node_app_msgs/include/node_app_msgs/node_app_msgs/msg/detail/lrs_cmd_action_feedback__type_support.cpp
-- Installing: /data/rl_deploy/install/node_app_msgs/include/node_app_msgs/node_app_msgs/msg/detail/lrs_cmd_action_feedback__rosidl_typesupport_introspection_cpp.hpp
-- Installing: /data/rl_deploy/install/node_app_msgs/include/node_app_msgs/node_app_msgs/msg/detail/lrs_state__type_support.cpp
-- Installing: /data/rl_deploy/install/node_app_msgs/include/node_app_msgs/node_app_msgs/msg/detail/lrs_state__rosidl_typesupport_introspection_cpp.hpp
-- Installing: /data/rl_deploy/install/node_app_msgs/include/node_app_msgs/node_app_msgs/msg/detail/lrs_cmd_state_feedback__rosidl_typesupport_introspection_cpp.hpp
-- Installing: /data/rl_deploy/install/node_app_msgs/include/node_app_msgs/node_app_msgs/msg/detail/lrs_cmd_state_feedback__type_support.cpp
-- Installing: /data/rl_deploy/install/node_app_msgs/lib/libnode_app_msgs__rosidl_typesupport_introspection_cpp.so
-- Set non-toolchain portion of runtime path of "/data/rl_deploy/install/node_app_msgs/lib/libnode_app_msgs__rosidl_typesupport_introspection_cpp.so" to ""
-- Installing: /data/rl_deploy/install/node_app_msgs/lib/libnode_app_msgs__rosidl_typesupport_cpp.so
-- Set non-toolchain portion of runtime path of "/data/rl_deploy/install/node_app_msgs/lib/libnode_app_msgs__rosidl_typesupport_cpp.so" to ""
-- Installing: /data/rl_deploy/install/node_app_msgs/share/node_app_msgs/environment/pythonpath.sh
-- Installing: /data/rl_deploy/install/node_app_msgs/share/node_app_msgs/environment/pythonpath.dsv
-- Installing: /data/rl_deploy/install/node_app_msgs/local/lib/python3.10/dist-packages/node_app_msgs-0.0.0-py3.10.egg-info
-- Installing: /data/rl_deploy/install/node_app_msgs/local/lib/python3.10/dist-packages/node_app_msgs-0.0.0-py3.10.egg-info/top_level.txt
-- Installing: /data/rl_deploy/install/node_app_msgs/local/lib/python3.10/dist-packages/node_app_msgs-0.0.0-py3.10.egg-info/PKG-INFO
-- Installing: /data/rl_deploy/install/node_app_msgs/local/lib/python3.10/dist-packages/node_app_msgs-0.0.0-py3.10.egg-info/SOURCES.txt
-- Installing: /data/rl_deploy/install/node_app_msgs/local/lib/python3.10/dist-packages/node_app_msgs-0.0.0-py3.10.egg-info/dependency_links.txt
-- Installing: /data/rl_deploy/install/node_app_msgs/local/lib/python3.10/dist-packages/node_app_msgs
-- Installing: /data/rl_deploy/install/node_app_msgs/local/lib/python3.10/dist-packages/node_app_msgs/libnode_app_msgs__rosidl_generator_py.so
-- Installing: /data/rl_deploy/install/node_app_msgs/local/lib/python3.10/dist-packages/node_app_msgs/node_app_msgs_s__rosidl_typesupport_introspection_c.cpython-310-aarch64-linux-gnu.so
-- Installing: /data/rl_deploy/install/node_app_msgs/local/lib/python3.10/dist-packages/node_app_msgs/_node_app_msgs_s.ep.rosidl_typesupport_introspection_c.c
-- Installing: /data/rl_deploy/install/node_app_msgs/local/lib/python3.10/dist-packages/node_app_msgs/_node_app_msgs_s.ep.rosidl_typesupport_c.c
-- Installing: /data/rl_deploy/install/node_app_msgs/local/lib/python3.10/dist-packages/node_app_msgs/node_app_msgs_s__rosidl_typesupport_c.cpython-310-aarch64-linux-gnu.so
-- Installing: /data/rl_deploy/install/node_app_msgs/local/lib/python3.10/dist-packages/node_app_msgs/__init__.py
-- Installing: /data/rl_deploy/install/node_app_msgs/local/lib/python3.10/dist-packages/node_app_msgs/_node_app_msgs_s.ep.rosidl_typesupport_fastrtps_c.c
-- Installing: /data/rl_deploy/install/node_app_msgs/local/lib/python3.10/dist-packages/node_app_msgs/msg
-- Installing: /data/rl_deploy/install/node_app_msgs/local/lib/python3.10/dist-packages/node_app_msgs/msg/_lrs_state_s.c
-- Installing: /data/rl_deploy/install/node_app_msgs/local/lib/python3.10/dist-packages/node_app_msgs/msg/_lrs_cmd_action_feedback.py
-- Installing: /data/rl_deploy/install/node_app_msgs/local/lib/python3.10/dist-packages/node_app_msgs/msg/_lrs_cmd_state.py
-- Installing: /data/rl_deploy/install/node_app_msgs/local/lib/python3.10/dist-packages/node_app_msgs/msg/_iot_cmd_msg.py
-- Installing: /data/rl_deploy/install/node_app_msgs/local/lib/python3.10/dist-packages/node_app_msgs/msg/_lrs_cmd_action_feedback_s.c
-- Installing: /data/rl_deploy/install/node_app_msgs/local/lib/python3.10/dist-packages/node_app_msgs/msg/_lrs_cmd_action_s.c
-- Installing: /data/rl_deploy/install/node_app_msgs/local/lib/python3.10/dist-packages/node_app_msgs/msg/_lrs_state.py
-- Installing: /data/rl_deploy/install/node_app_msgs/local/lib/python3.10/dist-packages/node_app_msgs/msg/_iot_cmd_msg_s.c
-- Installing: /data/rl_deploy/install/node_app_msgs/local/lib/python3.10/dist-packages/node_app_msgs/msg/__init__.py
-- Installing: /data/rl_deploy/install/node_app_msgs/local/lib/python3.10/dist-packages/node_app_msgs/msg/_lrs_cmd_state_feedback_s.c
-- Installing: /data/rl_deploy/install/node_app_msgs/local/lib/python3.10/dist-packages/node_app_msgs/msg/_lrs_cmd_action.py
-- Installing: /data/rl_deploy/install/node_app_msgs/local/lib/python3.10/dist-packages/node_app_msgs/msg/_lrs_cmd_state_feedback.py
-- Installing: /data/rl_deploy/install/node_app_msgs/local/lib/python3.10/dist-packages/node_app_msgs/msg/_lrs_cmd_state_s.c
-- Installing: /data/rl_deploy/install/node_app_msgs/local/lib/python3.10/dist-packages/node_app_msgs/node_app_msgs_s__rosidl_typesupport_fastrtps_c.cpython-310-aarch64-linux-gnu.so
Listing '/data/rl_deploy/install/node_app_msgs/local/lib/python3.10/dist-packages/node_app_msgs'...
Compiling '/data/rl_deploy/install/node_app_msgs/local/lib/python3.10/dist-packages/node_app_msgs/__init__.py'...
Listing '/data/rl_deploy/install/node_app_msgs/local/lib/python3.10/dist-packages/node_app_msgs/msg'...
Compiling '/data/rl_deploy/install/node_app_msgs/local/lib/python3.10/dist-packages/node_app_msgs/msg/__init__.py'...
Compiling '/data/rl_deploy/install/node_app_msgs/local/lib/python3.10/dist-packages/node_app_msgs/msg/_iot_cmd_msg.py'...
Compiling '/data/rl_deploy/install/node_app_msgs/local/lib/python3.10/dist-packages/node_app_msgs/msg/_lrs_cmd_action.py'...
Compiling '/data/rl_deploy/install/node_app_msgs/local/lib/python3.10/dist-packages/node_app_msgs/msg/_lrs_cmd_action_feedback.py'...
Compiling '/data/rl_deploy/install/node_app_msgs/local/lib/python3.10/dist-packages/node_app_msgs/msg/_lrs_cmd_state.py'...
Compiling '/data/rl_deploy/install/node_app_msgs/local/lib/python3.10/dist-packages/node_app_msgs/msg/_lrs_cmd_state_feedback.py'...
Compiling '/data/rl_deploy/install/node_app_msgs/local/lib/python3.10/dist-packages/node_app_msgs/msg/_lrs_state.py'...
-- Installing: /data/rl_deploy/install/node_app_msgs/local/lib/python3.10/dist-packages/node_app_msgs/node_app_msgs_s__rosidl_typesupport_fastrtps_c.cpython-310-aarch64-linux-gnu.so
-- Set non-toolchain portion of runtime path of "/data/rl_deploy/install/node_app_msgs/local/lib/python3.10/dist-packages/node_app_msgs/node_app_msgs_s__rosidl_typesupport_fastrtps_c.cpython-310-aarch64-linux-gnu.so" to ""
-- Installing: /data/rl_deploy/install/node_app_msgs/local/lib/python3.10/dist-packages/node_app_msgs/node_app_msgs_s__rosidl_typesupport_introspection_c.cpython-310-aarch64-linux-gnu.so
-- Set non-toolchain portion of runtime path of "/data/rl_deploy/install/node_app_msgs/local/lib/python3.10/dist-packages/node_app_msgs/node_app_msgs_s__rosidl_typesupport_introspection_c.cpython-310-aarch64-linux-gnu.so" to ""
-- Installing: /data/rl_deploy/install/node_app_msgs/local/lib/python3.10/dist-packages/node_app_msgs/node_app_msgs_s__rosidl_typesupport_c.cpython-310-aarch64-linux-gnu.so
-- Set non-toolchain portion of runtime path of "/data/rl_deploy/install/node_app_msgs/local/lib/python3.10/dist-packages/node_app_msgs/node_app_msgs_s__rosidl_typesupport_c.cpython-310-aarch64-linux-gnu.so" to ""
-- Installing: /data/rl_deploy/install/node_app_msgs/lib/libnode_app_msgs__rosidl_generator_py.so
-- Set non-toolchain portion of runtime path of "/data/rl_deploy/install/node_app_msgs/lib/libnode_app_msgs__rosidl_generator_py.so" to ""
-- Installing: /data/rl_deploy/install/node_app_msgs/share/ament_index/resource_index/rust_packages/node_app_msgs
-- Installing: /data/rl_deploy/install/node_app_msgs/share/node_app_msgs/rust
-- Installing: /data/rl_deploy/install/node_app_msgs/share/node_app_msgs/rust/Cargo.toml
-- Installing: /data/rl_deploy/install/node_app_msgs/share/node_app_msgs/rust/src
-- Installing: /data/rl_deploy/install/node_app_msgs/share/node_app_msgs/rust/src/lib.rs
-- Installing: /data/rl_deploy/install/node_app_msgs/share/node_app_msgs/rust/src/msg.rs
-- Installing: /data/rl_deploy/install/node_app_msgs/share/node_app_msgs/rust/src/msg
-- Installing: /data/rl_deploy/install/node_app_msgs/share/node_app_msgs/rust/src/msg/rmw.rs
-- Installing: /data/rl_deploy/install/node_app_msgs/share/node_app_msgs/rust/build.rs
-- Installing: /data/rl_deploy/install/node_app_msgs/share/node_app_msgs/msg/IotCmdMsg.idl
-- Installing: /data/rl_deploy/install/node_app_msgs/share/node_app_msgs/msg/LrsCmdAction.idl
-- Installing: /data/rl_deploy/install/node_app_msgs/share/node_app_msgs/msg/LrsCmdActionFeedback.idl
-- Installing: /data/rl_deploy/install/node_app_msgs/share/node_app_msgs/msg/LrsCmdState.idl
-- Installing: /data/rl_deploy/install/node_app_msgs/share/node_app_msgs/msg/LrsCmdStateFeedback.idl
-- Installing: /data/rl_deploy/install/node_app_msgs/share/node_app_msgs/msg/LrsState.idl
-- Installing: /data/rl_deploy/install/node_app_msgs/share/node_app_msgs/msg/IotCmdMsg.msg
-- Installing: /data/rl_deploy/install/node_app_msgs/share/node_app_msgs/msg/LrsCmdAction.msg
-- Installing: /data/rl_deploy/install/node_app_msgs/share/node_app_msgs/msg/LrsCmdActionFeedback.msg
-- Installing: /data/rl_deploy/install/node_app_msgs/share/node_app_msgs/msg/LrsCmdState.msg
-- Installing: /data/rl_deploy/install/node_app_msgs/share/node_app_msgs/msg/LrsCmdStateFeedback.msg
-- Installing: /data/rl_deploy/install/node_app_msgs/share/node_app_msgs/msg/LrsState.msg
-- Installing: /data/rl_deploy/install/node_app_msgs/share/ament_index/resource_index/package_run_dependencies/node_app_msgs
-- Installing: /data/rl_deploy/install/node_app_msgs/share/ament_index/resource_index/parent_prefix_path/node_app_msgs
-- Installing: /data/rl_deploy/install/node_app_msgs/share/node_app_msgs/environment/ament_prefix_path.sh
-- Installing: /data/rl_deploy/install/node_app_msgs/share/node_app_msgs/environment/ament_prefix_path.dsv
-- Installing: /data/rl_deploy/install/node_app_msgs/share/node_app_msgs/environment/path.sh
-- Installing: /data/rl_deploy/install/node_app_msgs/share/node_app_msgs/environment/path.dsv
-- Installing: /data/rl_deploy/install/node_app_msgs/share/node_app_msgs/local_setup.bash
-- Installing: /data/rl_deploy/install/node_app_msgs/share/node_app_msgs/local_setup.sh
-- Installing: /data/rl_deploy/install/node_app_msgs/share/node_app_msgs/local_setup.zsh
-- Installing: /data/rl_deploy/install/node_app_msgs/share/node_app_msgs/local_setup.dsv
-- Installing: /data/rl_deploy/install/node_app_msgs/share/node_app_msgs/package.dsv
-- Installing: /data/rl_deploy/install/node_app_msgs/share/ament_index/resource_index/packages/node_app_msgs
-- Installing: /data/rl_deploy/install/node_app_msgs/share/node_app_msgs/cmake/export_node_app_msgs__rosidl_generator_cExport.cmake
-- Installing: /data/rl_deploy/install/node_app_msgs/share/node_app_msgs/cmake/export_node_app_msgs__rosidl_generator_cExport-noconfig.cmake
-- Installing: /data/rl_deploy/install/node_app_msgs/share/node_app_msgs/cmake/export_node_app_msgs__rosidl_typesupport_fastrtps_cExport.cmake
-- Installing: /data/rl_deploy/install/node_app_msgs/share/node_app_msgs/cmake/export_node_app_msgs__rosidl_typesupport_fastrtps_cExport-noconfig.cmake
-- Installing: /data/rl_deploy/install/node_app_msgs/share/node_app_msgs/cmake/node_app_msgs__rosidl_typesupport_introspection_cExport.cmake
-- Installing: /data/rl_deploy/install/node_app_msgs/share/node_app_msgs/cmake/node_app_msgs__rosidl_typesupport_introspection_cExport-noconfig.cmake
-- Installing: /data/rl_deploy/install/node_app_msgs/share/node_app_msgs/cmake/node_app_msgs__rosidl_typesupport_cExport.cmake
-- Installing: /data/rl_deploy/install/node_app_msgs/share/node_app_msgs/cmake/node_app_msgs__rosidl_typesupport_cExport-noconfig.cmake
-- Installing: /data/rl_deploy/install/node_app_msgs/share/node_app_msgs/cmake/export_node_app_msgs__rosidl_generator_cppExport.cmake
-- Installing: /data/rl_deploy/install/node_app_msgs/share/node_app_msgs/cmake/export_node_app_msgs__rosidl_typesupport_fastrtps_cppExport.cmake
-- Installing: /data/rl_deploy/install/node_app_msgs/share/node_app_msgs/cmake/export_node_app_msgs__rosidl_typesupport_fastrtps_cppExport-noconfig.cmake
-- Installing: /data/rl_deploy/install/node_app_msgs/share/node_app_msgs/cmake/node_app_msgs__rosidl_typesupport_introspection_cppExport.cmake
-- Installing: /data/rl_deploy/install/node_app_msgs/share/node_app_msgs/cmake/node_app_msgs__rosidl_typesupport_introspection_cppExport-noconfig.cmake
-- Installing: /data/rl_deploy/install/node_app_msgs/share/node_app_msgs/cmake/node_app_msgs__rosidl_typesupport_cppExport.cmake
-- Installing: /data/rl_deploy/install/node_app_msgs/share/node_app_msgs/cmake/node_app_msgs__rosidl_typesupport_cppExport-noconfig.cmake
-- Installing: /data/rl_deploy/install/node_app_msgs/share/node_app_msgs/cmake/export_node_app_msgs__rosidl_generator_pyExport.cmake
-- Installing: /data/rl_deploy/install/node_app_msgs/share/node_app_msgs/cmake/export_node_app_msgs__rosidl_generator_pyExport-noconfig.cmake
-- Installing: /data/rl_deploy/install/node_app_msgs/share/node_app_msgs/cmake/rosidl_cmake-extras.cmake
-- Installing: /data/rl_deploy/install/node_app_msgs/share/node_app_msgs/cmake/ament_cmake_export_dependencies-extras.cmake
-- Installing: /data/rl_deploy/install/node_app_msgs/share/node_app_msgs/cmake/ament_cmake_export_include_directories-extras.cmake
-- Installing: /data/rl_deploy/install/node_app_msgs/share/node_app_msgs/cmake/ament_cmake_export_libraries-extras.cmake
-- Installing: /data/rl_deploy/install/node_app_msgs/share/node_app_msgs/cmake/ament_cmake_export_targets-extras.cmake
-- Installing: /data/rl_deploy/install/node_app_msgs/share/node_app_msgs/cmake/rosidl_cmake_export_typesupport_targets-extras.cmake
-- Installing: /data/rl_deploy/install/node_app_msgs/share/node_app_msgs/cmake/rosidl_cmake_export_typesupport_libraries-extras.cmake
-- Installing: /data/rl_deploy/install/node_app_msgs/share/node_app_msgs/cmake/node_app_msgsConfig.cmake
-- Installing: /data/rl_deploy/install/node_app_msgs/share/node_app_msgs/cmake/node_app_msgsConfig-version.cmake
-- Installing: /data/rl_deploy/install/node_app_msgs/share/node_app_msgs/package.xml
