[0.194s] [34mcolcon[0m [1;30mDEBUG[0m [32mCommand line arguments: ['/usr/bin/colcon', 'build'][0m
[0.194s] [34mcolcon[0m [1;30mDEBUG[0m [32mParsed command line arguments: Namespace(log_base=None, log_level=None, verb_name='build', build_base='build', install_base='install', merge_install=False, symlink_install=False, test_result_base=None, continue_on_error=False, executor='parallel', parallel_workers=8, event_handlers=None, ignore_user_meta=False, metas=['./colcon.meta'], base_paths=['.'], packages_ignore=None, packages_ignore_regex=None, paths=None, packages_up_to=None, packages_up_to_regex=None, packages_above=None, packages_above_and_dependencies=None, packages_above_depth=None, packages_select_by_dep=None, packages_skip_by_dep=None, packages_skip_up_to=None, packages_select_build_failed=False, packages_skip_build_finished=False, packages_select_test_failures=False, packages_skip_test_passed=False, packages_select=None, packages_skip=None, packages_select_regex=None, packages_skip_regex=None, packages_start=None, packages_end=None, allow_overriding=[], cmake_args=None, cmake_target=None, cmake_target_skip_unavailable=False, cmake_clean_cache=False, cmake_clean_first=False, cmake_force_configure=False, ament_cmake_args=None, catkin_cmake_args=None, catkin_skip_building_tests=False, verb_parser=<colcon_defaults.argument_parser.defaults.DefaultArgumentsDecorator object at 0xffff9ba88d60>, verb_extension=<colcon_core.verb.build.BuildVerb object at 0xffff9ba0da50>, main=<bound method BuildVerb.main of <colcon_core.verb.build.BuildVerb object at 0xffff9ba0da50>>)[0m
[0.445s] [34mcolcon.colcon_core.package_discovery[0m [1;30mLevel 1[0m discover_packages(colcon_meta) check parameters
[0.445s] [34mcolcon.colcon_core.package_discovery[0m [1;30mLevel 1[0m discover_packages(recursive) check parameters
[0.445s] [34mcolcon.colcon_core.package_discovery[0m [1;30mLevel 1[0m discover_packages(ignore) check parameters
[0.445s] [34mcolcon.colcon_core.package_discovery[0m [1;30mLevel 1[0m discover_packages(path) check parameters
[0.445s] [34mcolcon.colcon_core.package_discovery[0m [1;30mLevel 1[0m discover_packages(colcon_meta) discover
[0.445s] [34mcolcon.colcon_core.package_discovery[0m [1;30mLevel 1[0m discover_packages(recursive) discover
[0.446s] [34mcolcon.colcon_core.package_discovery[0m [1;30mINFO[0m Crawling recursively for packages in '/data/rl_deploy'
[0.446s] [34mcolcon.colcon_core.package_identification[0m [1;30mLevel 1[0m _identify(.) by extensions ['ignore', 'ignore_ament_install']
[0.446s] [34mcolcon.colcon_core.package_identification[0m [1;30mLevel 1[0m _identify(.) by extension 'ignore'
[0.446s] [34mcolcon.colcon_core.package_identification[0m [1;30mLevel 1[0m _identify(.) by extension 'ignore_ament_install'
[0.446s] [34mcolcon.colcon_core.package_identification[0m [1;30mLevel 1[0m _identify(.) by extensions ['colcon_pkg']
[0.446s] [34mcolcon.colcon_core.package_identification[0m [1;30mLevel 1[0m _identify(.) by extension 'colcon_pkg'
[0.446s] [34mcolcon.colcon_core.package_identification[0m [1;30mLevel 1[0m _identify(.) by extensions ['colcon_meta']
[0.446s] [34mcolcon.colcon_core.package_identification[0m [1;30mLevel 1[0m _identify(.) by extension 'colcon_meta'
[0.447s] [34mcolcon.colcon_core.package_identification[0m [1;30mLevel 1[0m _identify(.) by extensions ['ros']
[0.447s] [34mcolcon.colcon_core.package_identification[0m [1;30mLevel 1[0m _identify(.) by extension 'ros'
[0.467s] [34mcolcon.colcon_core.package_identification[0m [1;30mLevel 1[0m _identify(.) by extensions ['cmake', 'python']
[0.467s] [34mcolcon.colcon_core.package_identification[0m [1;30mLevel 1[0m _identify(.) by extension 'cmake'
[0.467s] [34mcolcon.colcon_core.package_identification[0m [1;30mLevel 1[0m _identify(.) by extension 'python'
[0.467s] [34mcolcon.colcon_core.package_identification[0m [1;30mLevel 1[0m _identify(.) by extensions ['python_setup_py']
[0.468s] [34mcolcon.colcon_core.package_identification[0m [1;30mLevel 1[0m _identify(.) by extension 'python_setup_py'
[0.468s] [34mcolcon.colcon_core.package_identification[0m [1;30mLevel 1[0m _identify(action) by extensions ['ignore', 'ignore_ament_install']
[0.468s] [34mcolcon.colcon_core.package_identification[0m [1;30mLevel 1[0m _identify(action) by extension 'ignore'
[0.468s] [34mcolcon.colcon_core.package_identification[0m [1;30mLevel 1[0m _identify(action) by extension 'ignore_ament_install'
[0.468s] [34mcolcon.colcon_core.package_identification[0m [1;30mLevel 1[0m _identify(action) by extensions ['colcon_pkg']
[0.468s] [34mcolcon.colcon_core.package_identification[0m [1;30mLevel 1[0m _identify(action) by extension 'colcon_pkg'
[0.468s] [34mcolcon.colcon_core.package_identification[0m [1;30mLevel 1[0m _identify(action) by extensions ['colcon_meta']
[0.469s] [34mcolcon.colcon_core.package_identification[0m [1;30mLevel 1[0m _identify(action) by extension 'colcon_meta'
[0.469s] [34mcolcon.colcon_core.package_identification[0m [1;30mLevel 1[0m _identify(action) by extensions ['ros']
[0.469s] [34mcolcon.colcon_core.package_identification[0m [1;30mLevel 1[0m _identify(action) by extension 'ros'
[0.469s] [34mcolcon.colcon_core.package_identification[0m [1;30mLevel 1[0m _identify(action) by extensions ['cmake', 'python']
[0.469s] [34mcolcon.colcon_core.package_identification[0m [1;30mLevel 1[0m _identify(action) by extension 'cmake'
[0.469s] [34mcolcon.colcon_core.package_identification[0m [1;30mLevel 1[0m _identify(action) by extension 'python'
[0.469s] [34mcolcon.colcon_core.package_identification[0m [1;30mLevel 1[0m _identify(action) by extensions ['python_setup_py']
[0.469s] [34mcolcon.colcon_core.package_identification[0m [1;30mLevel 1[0m _identify(action) by extension 'python_setup_py'
[0.469s] [34mcolcon.colcon_core.package_identification[0m [1;30mLevel 1[0m _identify(build) by extensions ['ignore', 'ignore_ament_install']
[0.469s] [34mcolcon.colcon_core.package_identification[0m [1;30mLevel 1[0m _identify(build) by extension 'ignore'
[0.470s] [34mcolcon.colcon_core.package_identification[0m [1;30mLevel 1[0m _identify(build) ignored
[0.470s] [34mcolcon.colcon_core.package_identification[0m [1;30mLevel 1[0m _identify(install) by extensions ['ignore', 'ignore_ament_install']
[0.470s] [34mcolcon.colcon_core.package_identification[0m [1;30mLevel 1[0m _identify(install) by extension 'ignore'
[0.470s] [34mcolcon.colcon_core.package_identification[0m [1;30mLevel 1[0m _identify(install) ignored
[0.470s] [34mcolcon.colcon_core.package_identification[0m [1;30mLevel 1[0m _identify(log) by extensions ['ignore', 'ignore_ament_install']
[0.470s] [34mcolcon.colcon_core.package_identification[0m [1;30mLevel 1[0m _identify(log) by extension 'ignore'
[0.471s] [34mcolcon.colcon_core.package_identification[0m [1;30mLevel 1[0m _identify(log) ignored
[0.471s] [34mcolcon.colcon_core.package_identification[0m [1;30mLevel 1[0m _identify(src) by extensions ['ignore', 'ignore_ament_install']
[0.471s] [34mcolcon.colcon_core.package_identification[0m [1;30mLevel 1[0m _identify(src) by extension 'ignore'
[0.471s] [34mcolcon.colcon_core.package_identification[0m [1;30mLevel 1[0m _identify(src) by extension 'ignore_ament_install'
[0.471s] [34mcolcon.colcon_core.package_identification[0m [1;30mLevel 1[0m _identify(src) by extensions ['colcon_pkg']
[0.471s] [34mcolcon.colcon_core.package_identification[0m [1;30mLevel 1[0m _identify(src) by extension 'colcon_pkg'
[0.471s] [34mcolcon.colcon_core.package_identification[0m [1;30mLevel 1[0m _identify(src) by extensions ['colcon_meta']
[0.471s] [34mcolcon.colcon_core.package_identification[0m [1;30mLevel 1[0m _identify(src) by extension 'colcon_meta'
[0.471s] [34mcolcon.colcon_core.package_identification[0m [1;30mLevel 1[0m _identify(src) by extensions ['ros']
[0.471s] [34mcolcon.colcon_core.package_identification[0m [1;30mLevel 1[0m _identify(src) by extension 'ros'
[0.472s] [34mcolcon.colcon_core.package_identification[0m [1;30mLevel 1[0m _identify(src) by extensions ['cmake', 'python']
[0.472s] [34mcolcon.colcon_core.package_identification[0m [1;30mLevel 1[0m _identify(src) by extension 'cmake'
[0.472s] [34mcolcon.colcon_core.package_identification[0m [1;30mLevel 1[0m _identify(src) by extension 'python'
[0.472s] [34mcolcon.colcon_core.package_identification[0m [1;30mLevel 1[0m _identify(src) by extensions ['python_setup_py']
[0.472s] [34mcolcon.colcon_core.package_identification[0m [1;30mLevel 1[0m _identify(src) by extension 'python_setup_py'
[0.472s] [34mcolcon.colcon_core.package_identification[0m [1;30mLevel 1[0m _identify(src/node_app_msgs) by extensions ['ignore', 'ignore_ament_install']
[0.472s] [34mcolcon.colcon_core.package_identification[0m [1;30mLevel 1[0m _identify(src/node_app_msgs) by extension 'ignore'
[0.472s] [34mcolcon.colcon_core.package_identification[0m [1;30mLevel 1[0m _identify(src/node_app_msgs) by extension 'ignore_ament_install'
[0.473s] [34mcolcon.colcon_core.package_identification[0m [1;30mLevel 1[0m _identify(src/node_app_msgs) by extensions ['colcon_pkg']
[0.473s] [34mcolcon.colcon_core.package_identification[0m [1;30mLevel 1[0m _identify(src/node_app_msgs) by extension 'colcon_pkg'
[0.473s] [34mcolcon.colcon_core.package_identification[0m [1;30mLevel 1[0m _identify(src/node_app_msgs) by extensions ['colcon_meta']
[0.473s] [34mcolcon.colcon_core.package_identification[0m [1;30mLevel 1[0m _identify(src/node_app_msgs) by extension 'colcon_meta'
[0.473s] [34mcolcon.colcon_core.package_identification[0m [1;30mLevel 1[0m _identify(src/node_app_msgs) by extensions ['ros']
[0.473s] [34mcolcon.colcon_core.package_identification[0m [1;30mLevel 1[0m _identify(src/node_app_msgs) by extension 'ros'
[0.477s] [34mcolcon.colcon_core.package_identification[0m [1;30mDEBUG[0m [32mPackage 'src/node_app_msgs' with type 'ros.ament_cmake' and name 'node_app_msgs'[0m
[0.478s] [34mcolcon.colcon_core.package_identification[0m [1;30mLevel 1[0m _identify(src/node_control_msgs) by extensions ['ignore', 'ignore_ament_install']
[0.478s] [34mcolcon.colcon_core.package_identification[0m [1;30mLevel 1[0m _identify(src/node_control_msgs) by extension 'ignore'
[0.478s] [34mcolcon.colcon_core.package_identification[0m [1;30mLevel 1[0m _identify(src/node_control_msgs) by extension 'ignore_ament_install'
[0.478s] [34mcolcon.colcon_core.package_identification[0m [1;30mLevel 1[0m _identify(src/node_control_msgs) by extensions ['colcon_pkg']
[0.478s] [34mcolcon.colcon_core.package_identification[0m [1;30mLevel 1[0m _identify(src/node_control_msgs) by extension 'colcon_pkg'
[0.478s] [34mcolcon.colcon_core.package_identification[0m [1;30mLevel 1[0m _identify(src/node_control_msgs) by extensions ['colcon_meta']
[0.478s] [34mcolcon.colcon_core.package_identification[0m [1;30mLevel 1[0m _identify(src/node_control_msgs) by extension 'colcon_meta'
[0.478s] [34mcolcon.colcon_core.package_identification[0m [1;30mLevel 1[0m _identify(src/node_control_msgs) by extensions ['ros']
[0.479s] [34mcolcon.colcon_core.package_identification[0m [1;30mLevel 1[0m _identify(src/node_control_msgs) by extension 'ros'
[0.480s] [34mcolcon.colcon_core.package_identification[0m [1;30mDEBUG[0m [32mPackage 'src/node_control_msgs' with type 'ros.ament_cmake' and name 'node_control_msgs'[0m
[0.480s] [34mcolcon.colcon_core.package_identification[0m [1;30mLevel 1[0m _identify(src/node_driver_msgs) by extensions ['ignore', 'ignore_ament_install']
[0.480s] [34mcolcon.colcon_core.package_identification[0m [1;30mLevel 1[0m _identify(src/node_driver_msgs) by extension 'ignore'
[0.480s] [34mcolcon.colcon_core.package_identification[0m [1;30mLevel 1[0m _identify(src/node_driver_msgs) by extension 'ignore_ament_install'
[0.480s] [34mcolcon.colcon_core.package_identification[0m [1;30mLevel 1[0m _identify(src/node_driver_msgs) by extensions ['colcon_pkg']
[0.480s] [34mcolcon.colcon_core.package_identification[0m [1;30mLevel 1[0m _identify(src/node_driver_msgs) by extension 'colcon_pkg'
[0.480s] [34mcolcon.colcon_core.package_identification[0m [1;30mLevel 1[0m _identify(src/node_driver_msgs) by extensions ['colcon_meta']
[0.481s] [34mcolcon.colcon_core.package_identification[0m [1;30mLevel 1[0m _identify(src/node_driver_msgs) by extension 'colcon_meta'
[0.481s] [34mcolcon.colcon_core.package_identification[0m [1;30mLevel 1[0m _identify(src/node_driver_msgs) by extensions ['ros']
[0.481s] [34mcolcon.colcon_core.package_identification[0m [1;30mLevel 1[0m _identify(src/node_driver_msgs) by extension 'ros'
[0.482s] [34mcolcon.colcon_core.package_identification[0m [1;30mDEBUG[0m [32mPackage 'src/node_driver_msgs' with type 'ros.ament_cmake' and name 'node_driver_msgs'[0m
[0.482s] [34mcolcon.colcon_core.package_identification[0m [1;30mLevel 1[0m _identify(src/robot_msgs) by extensions ['ignore', 'ignore_ament_install']
[0.482s] [34mcolcon.colcon_core.package_identification[0m [1;30mLevel 1[0m _identify(src/robot_msgs) by extension 'ignore'
[0.482s] [34mcolcon.colcon_core.package_identification[0m [1;30mLevel 1[0m _identify(src/robot_msgs) by extension 'ignore_ament_install'
[0.482s] [34mcolcon.colcon_core.package_identification[0m [1;30mLevel 1[0m _identify(src/robot_msgs) by extensions ['colcon_pkg']
[0.482s] [34mcolcon.colcon_core.package_identification[0m [1;30mLevel 1[0m _identify(src/robot_msgs) by extension 'colcon_pkg'
[0.482s] [34mcolcon.colcon_core.package_identification[0m [1;30mLevel 1[0m _identify(src/robot_msgs) by extensions ['colcon_meta']
[0.483s] [34mcolcon.colcon_core.package_identification[0m [1;30mLevel 1[0m _identify(src/robot_msgs) by extension 'colcon_meta'
[0.483s] [34mcolcon.colcon_core.package_identification[0m [1;30mLevel 1[0m _identify(src/robot_msgs) by extensions ['ros']
[0.483s] [34mcolcon.colcon_core.package_identification[0m [1;30mLevel 1[0m _identify(src/robot_msgs) by extension 'ros'
[0.484s] [34mcolcon.colcon_core.package_identification[0m [1;30mDEBUG[0m [32mPackage 'src/robot_msgs' with type 'ros.ament_cmake' and name 'robot_msgs'[0m
[0.484s] [34mcolcon.colcon_core.package_identification[0m [1;30mLevel 1[0m _identify(src/robot_rl_controller) by extensions ['ignore', 'ignore_ament_install']
[0.484s] [34mcolcon.colcon_core.package_identification[0m [1;30mLevel 1[0m _identify(src/robot_rl_controller) by extension 'ignore'
[0.485s] [34mcolcon.colcon_core.package_identification[0m [1;30mLevel 1[0m _identify(src/robot_rl_controller) by extension 'ignore_ament_install'
[0.485s] [34mcolcon.colcon_core.package_identification[0m [1;30mLevel 1[0m _identify(src/robot_rl_controller) by extensions ['colcon_pkg']
[0.485s] [34mcolcon.colcon_core.package_identification[0m [1;30mLevel 1[0m _identify(src/robot_rl_controller) by extension 'colcon_pkg'
[0.485s] [34mcolcon.colcon_core.package_identification[0m [1;30mLevel 1[0m _identify(src/robot_rl_controller) by extensions ['colcon_meta']
[0.485s] [34mcolcon.colcon_core.package_identification[0m [1;30mLevel 1[0m _identify(src/robot_rl_controller) by extension 'colcon_meta'
[0.485s] [34mcolcon.colcon_core.package_identification[0m [1;30mLevel 1[0m _identify(src/robot_rl_controller) by extensions ['ros']
[0.485s] [34mcolcon.colcon_core.package_identification[0m [1;30mLevel 1[0m _identify(src/robot_rl_controller) by extension 'ros'
[0.487s] [34mcolcon.colcon_core.package_identification[0m [1;30mDEBUG[0m [32mPackage 'src/robot_rl_controller' with type 'ros.ament_python' and name 'robot_rl_controller'[0m
[0.487s] [34mcolcon.colcon_core.package_identification[0m [1;30mLevel 1[0m _identify(src/robot_state) by extensions ['ignore', 'ignore_ament_install']
[0.487s] [34mcolcon.colcon_core.package_identification[0m [1;30mLevel 1[0m _identify(src/robot_state) by extension 'ignore'
[0.487s] [34mcolcon.colcon_core.package_identification[0m [1;30mLevel 1[0m _identify(src/robot_state) by extension 'ignore_ament_install'
[0.487s] [34mcolcon.colcon_core.package_identification[0m [1;30mLevel 1[0m _identify(src/robot_state) by extensions ['colcon_pkg']
[0.487s] [34mcolcon.colcon_core.package_identification[0m [1;30mLevel 1[0m _identify(src/robot_state) by extension 'colcon_pkg'
[0.488s] [34mcolcon.colcon_core.package_identification[0m [1;30mLevel 1[0m _identify(src/robot_state) by extensions ['colcon_meta']
[0.488s] [34mcolcon.colcon_core.package_identification[0m [1;30mLevel 1[0m _identify(src/robot_state) by extension 'colcon_meta'
[0.488s] [34mcolcon.colcon_core.package_identification[0m [1;30mLevel 1[0m _identify(src/robot_state) by extensions ['ros']
[0.488s] [34mcolcon.colcon_core.package_identification[0m [1;30mLevel 1[0m _identify(src/robot_state) by extension 'ros'
[0.489s] [34mcolcon.colcon_core.package_identification[0m [1;30mDEBUG[0m [32mPackage 'src/robot_state' with type 'ros.ament_cmake' and name 'robot_state'[0m
[0.489s] [34mcolcon.colcon_core.package_discovery[0m [1;30mLevel 1[0m discover_packages(recursive) using defaults
[0.489s] [34mcolcon.colcon_core.package_discovery[0m [1;30mLevel 1[0m discover_packages(ignore) discover
[0.489s] [34mcolcon.colcon_core.package_discovery[0m [1;30mLevel 1[0m discover_packages(ignore) using defaults
[0.489s] [34mcolcon.colcon_core.package_discovery[0m [1;30mLevel 1[0m discover_packages(path) discover
[0.490s] [34mcolcon.colcon_core.package_discovery[0m [1;30mLevel 1[0m discover_packages(path) using defaults
[0.517s] [34mcolcon.colcon_core.package_discovery[0m [1;30mLevel 1[0m discover_packages(prefix_path) check parameters
[0.518s] [34mcolcon.colcon_core.package_discovery[0m [1;30mLevel 1[0m discover_packages(prefix_path) discover
[0.521s] [34mcolcon.colcon_installed_package_information.package_discovery[0m [1;30mDEBUG[0m [32mFound 189 installed packages in /opt/ros/humble[0m
[0.523s] [34mcolcon.colcon_core.package_discovery[0m [1;30mLevel 1[0m discover_packages(prefix_path) using defaults
[0.588s] [34mcolcon.colcon_core.verb[0m [1;30mLevel 5[0m set package 'node_control_msgs' build argument 'cmake_args' from command line to 'None'
[0.588s] [34mcolcon.colcon_core.verb[0m [1;30mLevel 5[0m set package 'node_control_msgs' build argument 'cmake_target' from command line to 'None'
[0.588s] [34mcolcon.colcon_core.verb[0m [1;30mLevel 5[0m set package 'node_control_msgs' build argument 'cmake_target_skip_unavailable' from command line to 'False'
[0.588s] [34mcolcon.colcon_core.verb[0m [1;30mLevel 5[0m set package 'node_control_msgs' build argument 'cmake_clean_cache' from command line to 'False'
[0.588s] [34mcolcon.colcon_core.verb[0m [1;30mLevel 5[0m set package 'node_control_msgs' build argument 'cmake_clean_first' from command line to 'False'
[0.589s] [34mcolcon.colcon_core.verb[0m [1;30mLevel 5[0m set package 'node_control_msgs' build argument 'cmake_force_configure' from command line to 'False'
[0.589s] [34mcolcon.colcon_core.verb[0m [1;30mLevel 5[0m set package 'node_control_msgs' build argument 'ament_cmake_args' from command line to 'None'
[0.589s] [34mcolcon.colcon_core.verb[0m [1;30mLevel 5[0m set package 'node_control_msgs' build argument 'catkin_cmake_args' from command line to 'None'
[0.589s] [34mcolcon.colcon_core.verb[0m [1;30mLevel 5[0m set package 'node_control_msgs' build argument 'catkin_skip_building_tests' from command line to 'False'
[0.589s] [34mcolcon.colcon_core.verb[0m [1;30mDEBUG[0m [32mBuilding package 'node_control_msgs' with the following arguments: {'ament_cmake_args': None, 'build_base': '/data/rl_deploy/build/node_control_msgs', 'catkin_cmake_args': None, 'catkin_skip_building_tests': False, 'cmake_args': None, 'cmake_clean_cache': False, 'cmake_clean_first': False, 'cmake_force_configure': False, 'cmake_target': None, 'cmake_target_skip_unavailable': False, 'install_base': '/data/rl_deploy/install/node_control_msgs', 'merge_install': False, 'path': '/data/rl_deploy/src/node_control_msgs', 'symlink_install': False, 'test_result_base': None}[0m
[0.589s] [34mcolcon.colcon_core.verb[0m [1;30mLevel 5[0m set package 'node_driver_msgs' build argument 'cmake_args' from command line to 'None'
[0.589s] [34mcolcon.colcon_core.verb[0m [1;30mLevel 5[0m set package 'node_driver_msgs' build argument 'cmake_target' from command line to 'None'
[0.590s] [34mcolcon.colcon_core.verb[0m [1;30mLevel 5[0m set package 'node_driver_msgs' build argument 'cmake_target_skip_unavailable' from command line to 'False'
[0.590s] [34mcolcon.colcon_core.verb[0m [1;30mLevel 5[0m set package 'node_driver_msgs' build argument 'cmake_clean_cache' from command line to 'False'
[0.590s] [34mcolcon.colcon_core.verb[0m [1;30mLevel 5[0m set package 'node_driver_msgs' build argument 'cmake_clean_first' from command line to 'False'
[0.590s] [34mcolcon.colcon_core.verb[0m [1;30mLevel 5[0m set package 'node_driver_msgs' build argument 'cmake_force_configure' from command line to 'False'
[0.590s] [34mcolcon.colcon_core.verb[0m [1;30mLevel 5[0m set package 'node_driver_msgs' build argument 'ament_cmake_args' from command line to 'None'
[0.590s] [34mcolcon.colcon_core.verb[0m [1;30mLevel 5[0m set package 'node_driver_msgs' build argument 'catkin_cmake_args' from command line to 'None'
[0.590s] [34mcolcon.colcon_core.verb[0m [1;30mLevel 5[0m set package 'node_driver_msgs' build argument 'catkin_skip_building_tests' from command line to 'False'
[0.590s] [34mcolcon.colcon_core.verb[0m [1;30mDEBUG[0m [32mBuilding package 'node_driver_msgs' with the following arguments: {'ament_cmake_args': None, 'build_base': '/data/rl_deploy/build/node_driver_msgs', 'catkin_cmake_args': None, 'catkin_skip_building_tests': False, 'cmake_args': None, 'cmake_clean_cache': False, 'cmake_clean_first': False, 'cmake_force_configure': False, 'cmake_target': None, 'cmake_target_skip_unavailable': False, 'install_base': '/data/rl_deploy/install/node_driver_msgs', 'merge_install': False, 'path': '/data/rl_deploy/src/node_driver_msgs', 'symlink_install': False, 'test_result_base': None}[0m
[0.590s] [34mcolcon.colcon_core.verb[0m [1;30mLevel 5[0m set package 'node_app_msgs' build argument 'cmake_args' from command line to 'None'
[0.591s] [34mcolcon.colcon_core.verb[0m [1;30mLevel 5[0m set package 'node_app_msgs' build argument 'cmake_target' from command line to 'None'
[0.591s] [34mcolcon.colcon_core.verb[0m [1;30mLevel 5[0m set package 'node_app_msgs' build argument 'cmake_target_skip_unavailable' from command line to 'False'
[0.591s] [34mcolcon.colcon_core.verb[0m [1;30mLevel 5[0m set package 'node_app_msgs' build argument 'cmake_clean_cache' from command line to 'False'
[0.591s] [34mcolcon.colcon_core.verb[0m [1;30mLevel 5[0m set package 'node_app_msgs' build argument 'cmake_clean_first' from command line to 'False'
[0.591s] [34mcolcon.colcon_core.verb[0m [1;30mLevel 5[0m set package 'node_app_msgs' build argument 'cmake_force_configure' from command line to 'False'
[0.591s] [34mcolcon.colcon_core.verb[0m [1;30mLevel 5[0m set package 'node_app_msgs' build argument 'ament_cmake_args' from command line to 'None'
[0.591s] [34mcolcon.colcon_core.verb[0m [1;30mLevel 5[0m set package 'node_app_msgs' build argument 'catkin_cmake_args' from command line to 'None'
[0.591s] [34mcolcon.colcon_core.verb[0m [1;30mLevel 5[0m set package 'node_app_msgs' build argument 'catkin_skip_building_tests' from command line to 'False'
[0.591s] [34mcolcon.colcon_core.verb[0m [1;30mDEBUG[0m [32mBuilding package 'node_app_msgs' with the following arguments: {'ament_cmake_args': None, 'build_base': '/data/rl_deploy/build/node_app_msgs', 'catkin_cmake_args': None, 'catkin_skip_building_tests': False, 'cmake_args': None, 'cmake_clean_cache': False, 'cmake_clean_first': False, 'cmake_force_configure': False, 'cmake_target': None, 'cmake_target_skip_unavailable': False, 'install_base': '/data/rl_deploy/install/node_app_msgs', 'merge_install': False, 'path': '/data/rl_deploy/src/node_app_msgs', 'symlink_install': False, 'test_result_base': None}[0m
[0.591s] [34mcolcon.colcon_core.verb[0m [1;30mLevel 5[0m set package 'robot_msgs' build argument 'cmake_args' from command line to 'None'
[0.591s] [34mcolcon.colcon_core.verb[0m [1;30mLevel 5[0m set package 'robot_msgs' build argument 'cmake_target' from command line to 'None'
[0.592s] [34mcolcon.colcon_core.verb[0m [1;30mLevel 5[0m set package 'robot_msgs' build argument 'cmake_target_skip_unavailable' from command line to 'False'
[0.592s] [34mcolcon.colcon_core.verb[0m [1;30mLevel 5[0m set package 'robot_msgs' build argument 'cmake_clean_cache' from command line to 'False'
[0.592s] [34mcolcon.colcon_core.verb[0m [1;30mLevel 5[0m set package 'robot_msgs' build argument 'cmake_clean_first' from command line to 'False'
[0.592s] [34mcolcon.colcon_core.verb[0m [1;30mLevel 5[0m set package 'robot_msgs' build argument 'cmake_force_configure' from command line to 'False'
[0.592s] [34mcolcon.colcon_core.verb[0m [1;30mLevel 5[0m set package 'robot_msgs' build argument 'ament_cmake_args' from command line to 'None'
[0.592s] [34mcolcon.colcon_core.verb[0m [1;30mLevel 5[0m set package 'robot_msgs' build argument 'catkin_cmake_args' from command line to 'None'
[0.592s] [34mcolcon.colcon_core.verb[0m [1;30mLevel 5[0m set package 'robot_msgs' build argument 'catkin_skip_building_tests' from command line to 'False'
[0.592s] [34mcolcon.colcon_core.verb[0m [1;30mDEBUG[0m [32mBuilding package 'robot_msgs' with the following arguments: {'ament_cmake_args': None, 'build_base': '/data/rl_deploy/build/robot_msgs', 'catkin_cmake_args': None, 'catkin_skip_building_tests': False, 'cmake_args': None, 'cmake_clean_cache': False, 'cmake_clean_first': False, 'cmake_force_configure': False, 'cmake_target': None, 'cmake_target_skip_unavailable': False, 'install_base': '/data/rl_deploy/install/robot_msgs', 'merge_install': False, 'path': '/data/rl_deploy/src/robot_msgs', 'symlink_install': False, 'test_result_base': None}[0m
[0.592s] [34mcolcon.colcon_core.verb[0m [1;30mLevel 5[0m set package 'robot_rl_controller' build argument 'cmake_args' from command line to 'None'
[0.593s] [34mcolcon.colcon_core.verb[0m [1;30mLevel 5[0m set package 'robot_rl_controller' build argument 'cmake_target' from command line to 'None'
[0.593s] [34mcolcon.colcon_core.verb[0m [1;30mLevel 5[0m set package 'robot_rl_controller' build argument 'cmake_target_skip_unavailable' from command line to 'False'
[0.593s] [34mcolcon.colcon_core.verb[0m [1;30mLevel 5[0m set package 'robot_rl_controller' build argument 'cmake_clean_cache' from command line to 'False'
[0.593s] [34mcolcon.colcon_core.verb[0m [1;30mLevel 5[0m set package 'robot_rl_controller' build argument 'cmake_clean_first' from command line to 'False'
[0.593s] [34mcolcon.colcon_core.verb[0m [1;30mLevel 5[0m set package 'robot_rl_controller' build argument 'cmake_force_configure' from command line to 'False'
[0.593s] [34mcolcon.colcon_core.verb[0m [1;30mLevel 5[0m set package 'robot_rl_controller' build argument 'ament_cmake_args' from command line to 'None'
[0.593s] [34mcolcon.colcon_core.verb[0m [1;30mLevel 5[0m set package 'robot_rl_controller' build argument 'catkin_cmake_args' from command line to 'None'
[0.593s] [34mcolcon.colcon_core.verb[0m [1;30mLevel 5[0m set package 'robot_rl_controller' build argument 'catkin_skip_building_tests' from command line to 'False'
[0.593s] [34mcolcon.colcon_core.verb[0m [1;30mDEBUG[0m [32mBuilding package 'robot_rl_controller' with the following arguments: {'ament_cmake_args': None, 'build_base': '/data/rl_deploy/build/robot_rl_controller', 'catkin_cmake_args': None, 'catkin_skip_building_tests': False, 'cmake_args': None, 'cmake_clean_cache': False, 'cmake_clean_first': False, 'cmake_force_configure': False, 'cmake_target': None, 'cmake_target_skip_unavailable': False, 'install_base': '/data/rl_deploy/install/robot_rl_controller', 'merge_install': False, 'path': '/data/rl_deploy/src/robot_rl_controller', 'symlink_install': False, 'test_result_base': None}[0m
[0.593s] [34mcolcon.colcon_core.verb[0m [1;30mLevel 5[0m set package 'robot_state' build argument 'cmake_args' from command line to 'None'
[0.593s] [34mcolcon.colcon_core.verb[0m [1;30mLevel 5[0m set package 'robot_state' build argument 'cmake_target' from command line to 'None'
[0.594s] [34mcolcon.colcon_core.verb[0m [1;30mLevel 5[0m set package 'robot_state' build argument 'cmake_target_skip_unavailable' from command line to 'False'
[0.594s] [34mcolcon.colcon_core.verb[0m [1;30mLevel 5[0m set package 'robot_state' build argument 'cmake_clean_cache' from command line to 'False'
[0.594s] [34mcolcon.colcon_core.verb[0m [1;30mLevel 5[0m set package 'robot_state' build argument 'cmake_clean_first' from command line to 'False'
[0.594s] [34mcolcon.colcon_core.verb[0m [1;30mLevel 5[0m set package 'robot_state' build argument 'cmake_force_configure' from command line to 'False'
[0.594s] [34mcolcon.colcon_core.verb[0m [1;30mLevel 5[0m set package 'robot_state' build argument 'ament_cmake_args' from command line to 'None'
[0.594s] [34mcolcon.colcon_core.verb[0m [1;30mLevel 5[0m set package 'robot_state' build argument 'catkin_cmake_args' from command line to 'None'
[0.594s] [34mcolcon.colcon_core.verb[0m [1;30mLevel 5[0m set package 'robot_state' build argument 'catkin_skip_building_tests' from command line to 'False'
[0.594s] [34mcolcon.colcon_core.verb[0m [1;30mDEBUG[0m [32mBuilding package 'robot_state' with the following arguments: {'ament_cmake_args': None, 'build_base': '/data/rl_deploy/build/robot_state', 'catkin_cmake_args': None, 'catkin_skip_building_tests': False, 'cmake_args': None, 'cmake_clean_cache': False, 'cmake_clean_first': False, 'cmake_force_configure': False, 'cmake_target': None, 'cmake_target_skip_unavailable': False, 'install_base': '/data/rl_deploy/install/robot_state', 'merge_install': False, 'path': '/data/rl_deploy/src/robot_state', 'symlink_install': False, 'test_result_base': None}[0m
[0.594s] [34mcolcon.colcon_core.executor[0m [1;30mINFO[0m Executing jobs using 'parallel' executor
[0.596s] [34mcolcon.colcon_parallel_executor.executor.parallel[0m [1;30mDEBUG[0m [32mrun_until_complete[0m
[0.597s] [34mcolcon.colcon_ros.task.ament_cmake.build[0m [1;30mINFO[0m Building ROS package in '/data/rl_deploy/src/node_control_msgs' with build type 'ament_cmake'
[0.597s] [34mcolcon.colcon_cmake.task.cmake.build[0m [1;30mINFO[0m Building CMake package in '/data/rl_deploy/src/node_control_msgs'
[0.601s] [34mcolcon.colcon_core.plugin_system[0m [1;30mINFO[0m Skipping extension 'colcon_core.shell.bat': Not used on non-Windows systems
[0.602s] [34mcolcon.colcon_core.shell[0m [1;30mINFO[0m Skip shell extension 'powershell' for command environment: Not usable outside of PowerShell
[0.602s] [34mcolcon.colcon_core.shell[0m [1;30mDEBUG[0m [32mSkip shell extension 'dsv' for command environment[0m
[0.606s] [34mcolcon.colcon_ros.task.ament_cmake.build[0m [1;30mINFO[0m Building ROS package in '/data/rl_deploy/src/node_driver_msgs' with build type 'ament_cmake'
[0.606s] [34mcolcon.colcon_cmake.task.cmake.build[0m [1;30mINFO[0m Building CMake package in '/data/rl_deploy/src/node_driver_msgs'
[0.607s] [34mcolcon.colcon_core.shell[0m [1;30mINFO[0m Skip shell extension 'powershell' for command environment: Not usable outside of PowerShell
[0.608s] [34mcolcon.colcon_core.shell[0m [1;30mDEBUG[0m [32mSkip shell extension 'dsv' for command environment[0m
[0.621s] [34mcolcon.colcon_core.event_handler.log_command[0m [1;30mDEBUG[0m [32mInvoking command in '/data/rl_deploy/build/node_control_msgs': CMAKE_PREFIX_PATH=/opt/ros/humble /usr/local/bin/cmake --build /data/rl_deploy/build/node_control_msgs -- -j8 -l8[0m
[0.630s] [34mcolcon.colcon_core.event_handler.log_command[0m [1;30mDEBUG[0m [32mInvoking command in '/data/rl_deploy/build/node_driver_msgs': CMAKE_PREFIX_PATH=/opt/ros/humble /usr/local/bin/cmake --build /data/rl_deploy/build/node_driver_msgs -- -j8 -l8[0m
[1.410s] [34mcolcon.colcon_core.event_handler.log_command[0m [1;30mDEBUG[0m [32mInvoked command in '/data/rl_deploy/build/node_control_msgs' returned '0': CMAKE_PREFIX_PATH=/opt/ros/humble /usr/local/bin/cmake --build /data/rl_deploy/build/node_control_msgs -- -j8 -l8[0m
[1.576s] [34mcolcon.colcon_core.event_handler.log_command[0m [1;30mDEBUG[0m [32mInvoking command in '/data/rl_deploy/build/node_control_msgs': CMAKE_PREFIX_PATH=/opt/ros/humble /usr/local/bin/cmake --install /data/rl_deploy/build/node_control_msgs[0m
[1.582s] [34mcolcon.colcon_core.event_handler.log_command[0m [1;30mDEBUG[0m [32mInvoked command in '/data/rl_deploy/build/node_driver_msgs' returned '0': CMAKE_PREFIX_PATH=/opt/ros/humble /usr/local/bin/cmake --build /data/rl_deploy/build/node_driver_msgs -- -j8 -l8[0m
[1.584s] [34mcolcon.colcon_core.event_handler.log_command[0m [1;30mDEBUG[0m [32mInvoking command in '/data/rl_deploy/build/node_driver_msgs': CMAKE_PREFIX_PATH=/opt/ros/humble /usr/local/bin/cmake --install /data/rl_deploy/build/node_driver_msgs[0m
[1.832s] [34mcolcon.colcon_core.environment[0m [1;30mLevel 1[0m create_environment_scripts_only(node_control_msgs)
[1.833s] [34mcolcon.colcon_core.event_handler.log_command[0m [1;30mDEBUG[0m [32mInvoked command in '/data/rl_deploy/build/node_control_msgs' returned '0': CMAKE_PREFIX_PATH=/opt/ros/humble /usr/local/bin/cmake --install /data/rl_deploy/build/node_control_msgs[0m
[1.840s] [34mcolcon.colcon_core.environment[0m [1;30mLevel 1[0m checking '/data/rl_deploy/install/node_control_msgs' for CMake module files
[1.841s] [34mcolcon.colcon_core.environment[0m [1;30mLevel 1[0m checking '/data/rl_deploy/install/node_control_msgs' for CMake config files
[1.843s] [34mcolcon.colcon_core.shell[0m [1;30mLevel 1[0m create_environment_hook('node_control_msgs', 'cmake_prefix_path')
[1.844s] [34mcolcon.colcon_core.shell[0m [1;30mINFO[0m Creating environment hook '/data/rl_deploy/install/node_control_msgs/share/node_control_msgs/hook/cmake_prefix_path.ps1'
[1.848s] [34mcolcon.colcon_core.shell[0m [1;30mINFO[0m Creating environment descriptor '/data/rl_deploy/install/node_control_msgs/share/node_control_msgs/hook/cmake_prefix_path.dsv'
[1.850s] [34mcolcon.colcon_core.shell[0m [1;30mINFO[0m Creating environment hook '/data/rl_deploy/install/node_control_msgs/share/node_control_msgs/hook/cmake_prefix_path.sh'
[1.854s] [34mcolcon.colcon_core.environment[0m [1;30mLevel 1[0m checking '/data/rl_deploy/install/node_control_msgs/lib'
[1.855s] [34mcolcon.colcon_core.shell[0m [1;30mLevel 1[0m create_environment_hook('node_control_msgs', 'ld_library_path_lib')
[1.855s] [34mcolcon.colcon_core.shell[0m [1;30mINFO[0m Creating environment hook '/data/rl_deploy/install/node_control_msgs/share/node_control_msgs/hook/ld_library_path_lib.ps1'
[1.857s] [34mcolcon.colcon_core.shell[0m [1;30mINFO[0m Creating environment descriptor '/data/rl_deploy/install/node_control_msgs/share/node_control_msgs/hook/ld_library_path_lib.dsv'
[1.859s] [34mcolcon.colcon_core.shell[0m [1;30mINFO[0m Creating environment hook '/data/rl_deploy/install/node_control_msgs/share/node_control_msgs/hook/ld_library_path_lib.sh'
[1.862s] [34mcolcon.colcon_core.environment[0m [1;30mLevel 1[0m checking '/data/rl_deploy/install/node_control_msgs/bin'
[1.862s] [34mcolcon.colcon_core.environment[0m [1;30mLevel 1[0m checking '/data/rl_deploy/install/node_control_msgs/lib/pkgconfig/node_control_msgs.pc'
[1.863s] [34mcolcon.colcon_core.environment[0m [1;30mLevel 1[0m checking '/data/rl_deploy/install/node_control_msgs/lib/python3.10/site-packages'
[1.864s] [34mcolcon.colcon_core.environment[0m [1;30mLevel 1[0m checking '/data/rl_deploy/install/node_control_msgs/bin'
[1.865s] [34mcolcon.colcon_core.shell[0m [1;30mINFO[0m Creating package script '/data/rl_deploy/install/node_control_msgs/share/node_control_msgs/package.ps1'
[1.869s] [34mcolcon.colcon_core.shell[0m [1;30mINFO[0m Creating package descriptor '/data/rl_deploy/install/node_control_msgs/share/node_control_msgs/package.dsv'
[1.872s] [34mcolcon.colcon_core.shell[0m [1;30mINFO[0m Creating package script '/data/rl_deploy/install/node_control_msgs/share/node_control_msgs/package.sh'
[1.874s] [34mcolcon.colcon_core.shell[0m [1;30mINFO[0m Creating package script '/data/rl_deploy/install/node_control_msgs/share/node_control_msgs/package.bash'
[1.877s] [34mcolcon.colcon_core.shell[0m [1;30mINFO[0m Creating package script '/data/rl_deploy/install/node_control_msgs/share/node_control_msgs/package.zsh'
[1.879s] [34mcolcon.colcon_core.environment[0m [1;30mLevel 1[0m create_file_with_runtime_dependencies(/data/rl_deploy/install/node_control_msgs/share/colcon-core/packages/node_control_msgs)
[1.881s] [34mcolcon.colcon_core.environment[0m [1;30mLevel 1[0m create_environment_scripts_only(node_control_msgs)
[1.881s] [34mcolcon.colcon_core.environment[0m [1;30mLevel 1[0m checking '/data/rl_deploy/install/node_control_msgs' for CMake module files
[1.882s] [34mcolcon.colcon_core.environment[0m [1;30mLevel 1[0m checking '/data/rl_deploy/install/node_control_msgs' for CMake config files
[1.885s] [34mcolcon.colcon_core.shell[0m [1;30mLevel 1[0m create_environment_hook('node_control_msgs', 'cmake_prefix_path')
[1.885s] [34mcolcon.colcon_core.shell[0m [1;30mINFO[0m Creating environment hook '/data/rl_deploy/install/node_control_msgs/share/node_control_msgs/hook/cmake_prefix_path.ps1'
[1.886s] [34mcolcon.colcon_core.shell[0m [1;30mINFO[0m Creating environment descriptor '/data/rl_deploy/install/node_control_msgs/share/node_control_msgs/hook/cmake_prefix_path.dsv'
[1.887s] [34mcolcon.colcon_core.shell[0m [1;30mINFO[0m Creating environment hook '/data/rl_deploy/install/node_control_msgs/share/node_control_msgs/hook/cmake_prefix_path.sh'
[1.888s] [34mcolcon.colcon_core.environment[0m [1;30mLevel 1[0m checking '/data/rl_deploy/install/node_control_msgs/lib'
[1.889s] [34mcolcon.colcon_core.shell[0m [1;30mLevel 1[0m create_environment_hook('node_control_msgs', 'ld_library_path_lib')
[1.889s] [34mcolcon.colcon_core.shell[0m [1;30mINFO[0m Creating environment hook '/data/rl_deploy/install/node_control_msgs/share/node_control_msgs/hook/ld_library_path_lib.ps1'
[1.890s] [34mcolcon.colcon_core.shell[0m [1;30mINFO[0m Creating environment descriptor '/data/rl_deploy/install/node_control_msgs/share/node_control_msgs/hook/ld_library_path_lib.dsv'
[1.891s] [34mcolcon.colcon_core.shell[0m [1;30mINFO[0m Creating environment hook '/data/rl_deploy/install/node_control_msgs/share/node_control_msgs/hook/ld_library_path_lib.sh'
[1.891s] [34mcolcon.colcon_core.environment[0m [1;30mLevel 1[0m checking '/data/rl_deploy/install/node_control_msgs/bin'
[1.892s] [34mcolcon.colcon_core.environment[0m [1;30mLevel 1[0m checking '/data/rl_deploy/install/node_control_msgs/lib/pkgconfig/node_control_msgs.pc'
[1.892s] [34mcolcon.colcon_core.environment[0m [1;30mLevel 1[0m checking '/data/rl_deploy/install/node_control_msgs/lib/python3.10/site-packages'
[1.893s] [34mcolcon.colcon_core.environment[0m [1;30mLevel 1[0m checking '/data/rl_deploy/install/node_control_msgs/bin'
[1.893s] [34mcolcon.colcon_core.shell[0m [1;30mINFO[0m Creating package script '/data/rl_deploy/install/node_control_msgs/share/node_control_msgs/package.ps1'
[1.895s] [34mcolcon.colcon_core.shell[0m [1;30mINFO[0m Creating package descriptor '/data/rl_deploy/install/node_control_msgs/share/node_control_msgs/package.dsv'
[1.896s] [34mcolcon.colcon_core.shell[0m [1;30mINFO[0m Creating package script '/data/rl_deploy/install/node_control_msgs/share/node_control_msgs/package.sh'
[1.897s] [34mcolcon.colcon_core.shell[0m [1;30mINFO[0m Creating package script '/data/rl_deploy/install/node_control_msgs/share/node_control_msgs/package.bash'
[1.897s] [34mcolcon.colcon_core.shell[0m [1;30mINFO[0m Creating package script '/data/rl_deploy/install/node_control_msgs/share/node_control_msgs/package.zsh'
[1.898s] [34mcolcon.colcon_core.environment[0m [1;30mLevel 1[0m create_file_with_runtime_dependencies(/data/rl_deploy/install/node_control_msgs/share/colcon-core/packages/node_control_msgs)
[1.900s] [34mcolcon.colcon_ros.task.ament_cmake.build[0m [1;30mINFO[0m Building ROS package in '/data/rl_deploy/src/robot_msgs' with build type 'ament_cmake'
[1.901s] [34mcolcon.colcon_cmake.task.cmake.build[0m [1;30mINFO[0m Building CMake package in '/data/rl_deploy/src/robot_msgs'
[1.901s] [34mcolcon.colcon_core.shell[0m [1;30mINFO[0m Skip shell extension 'powershell' for command environment: Not usable outside of PowerShell
[1.902s] [34mcolcon.colcon_core.shell[0m [1;30mDEBUG[0m [32mSkip shell extension 'dsv' for command environment[0m
[1.908s] [34mcolcon.colcon_ros.task.ament_cmake.build[0m [1;30mINFO[0m Building ROS package in '/data/rl_deploy/src/node_app_msgs' with build type 'ament_cmake'
[1.908s] [34mcolcon.colcon_cmake.task.cmake.build[0m [1;30mINFO[0m Building CMake package in '/data/rl_deploy/src/node_app_msgs'
[1.909s] [34mcolcon.colcon_core.shell[0m [1;30mINFO[0m Skip shell extension 'powershell' for command environment: Not usable outside of PowerShell
[1.909s] [34mcolcon.colcon_core.shell[0m [1;30mDEBUG[0m [32mSkip shell extension 'dsv' for command environment[0m
[1.916s] [34mcolcon.colcon_core.environment[0m [1;30mLevel 1[0m create_environment_scripts_only(node_driver_msgs)
[1.916s] [34mcolcon.colcon_core.environment[0m [1;30mLevel 1[0m checking '/data/rl_deploy/install/node_driver_msgs' for CMake module files
[1.917s] [34mcolcon.colcon_core.event_handler.log_command[0m [1;30mDEBUG[0m [32mInvoked command in '/data/rl_deploy/build/node_driver_msgs' returned '0': CMAKE_PREFIX_PATH=/opt/ros/humble /usr/local/bin/cmake --install /data/rl_deploy/build/node_driver_msgs[0m
[1.918s] [34mcolcon.colcon_core.environment[0m [1;30mLevel 1[0m checking '/data/rl_deploy/install/node_driver_msgs' for CMake config files
[1.920s] [34mcolcon.colcon_core.shell[0m [1;30mLevel 1[0m create_environment_hook('node_driver_msgs', 'cmake_prefix_path')
[1.921s] [34mcolcon.colcon_core.shell[0m [1;30mINFO[0m Creating environment hook '/data/rl_deploy/install/node_driver_msgs/share/node_driver_msgs/hook/cmake_prefix_path.ps1'
[1.922s] [34mcolcon.colcon_core.shell[0m [1;30mINFO[0m Creating environment descriptor '/data/rl_deploy/install/node_driver_msgs/share/node_driver_msgs/hook/cmake_prefix_path.dsv'
[1.923s] [34mcolcon.colcon_core.shell[0m [1;30mINFO[0m Creating environment hook '/data/rl_deploy/install/node_driver_msgs/share/node_driver_msgs/hook/cmake_prefix_path.sh'
[1.924s] [34mcolcon.colcon_core.environment[0m [1;30mLevel 1[0m checking '/data/rl_deploy/install/node_driver_msgs/lib'
[1.925s] [34mcolcon.colcon_core.shell[0m [1;30mLevel 1[0m create_environment_hook('node_driver_msgs', 'ld_library_path_lib')
[1.925s] [34mcolcon.colcon_core.shell[0m [1;30mINFO[0m Creating environment hook '/data/rl_deploy/install/node_driver_msgs/share/node_driver_msgs/hook/ld_library_path_lib.ps1'
[1.926s] [34mcolcon.colcon_core.shell[0m [1;30mINFO[0m Creating environment descriptor '/data/rl_deploy/install/node_driver_msgs/share/node_driver_msgs/hook/ld_library_path_lib.dsv'
[1.927s] [34mcolcon.colcon_core.shell[0m [1;30mINFO[0m Creating environment hook '/data/rl_deploy/install/node_driver_msgs/share/node_driver_msgs/hook/ld_library_path_lib.sh'
[1.928s] [34mcolcon.colcon_core.environment[0m [1;30mLevel 1[0m checking '/data/rl_deploy/install/node_driver_msgs/bin'
[1.928s] [34mcolcon.colcon_core.environment[0m [1;30mLevel 1[0m checking '/data/rl_deploy/install/node_driver_msgs/lib/pkgconfig/node_driver_msgs.pc'
[1.928s] [34mcolcon.colcon_core.environment[0m [1;30mLevel 1[0m checking '/data/rl_deploy/install/node_driver_msgs/lib/python3.10/site-packages'
[1.929s] [34mcolcon.colcon_core.environment[0m [1;30mLevel 1[0m checking '/data/rl_deploy/install/node_driver_msgs/bin'
[1.930s] [34mcolcon.colcon_core.shell[0m [1;30mINFO[0m Creating package script '/data/rl_deploy/install/node_driver_msgs/share/node_driver_msgs/package.ps1'
[1.931s] [34mcolcon.colcon_core.shell[0m [1;30mINFO[0m Creating package descriptor '/data/rl_deploy/install/node_driver_msgs/share/node_driver_msgs/package.dsv'
[1.932s] [34mcolcon.colcon_core.shell[0m [1;30mINFO[0m Creating package script '/data/rl_deploy/install/node_driver_msgs/share/node_driver_msgs/package.sh'
[1.933s] [34mcolcon.colcon_core.shell[0m [1;30mINFO[0m Creating package script '/data/rl_deploy/install/node_driver_msgs/share/node_driver_msgs/package.bash'
[1.934s] [34mcolcon.colcon_core.shell[0m [1;30mINFO[0m Creating package script '/data/rl_deploy/install/node_driver_msgs/share/node_driver_msgs/package.zsh'
[1.935s] [34mcolcon.colcon_core.environment[0m [1;30mLevel 1[0m create_file_with_runtime_dependencies(/data/rl_deploy/install/node_driver_msgs/share/colcon-core/packages/node_driver_msgs)
[1.936s] [34mcolcon.colcon_core.environment[0m [1;30mLevel 1[0m create_environment_scripts_only(node_driver_msgs)
[1.936s] [34mcolcon.colcon_core.environment[0m [1;30mLevel 1[0m checking '/data/rl_deploy/install/node_driver_msgs' for CMake module files
[1.938s] [34mcolcon.colcon_core.environment[0m [1;30mLevel 1[0m checking '/data/rl_deploy/install/node_driver_msgs' for CMake config files
[1.939s] [34mcolcon.colcon_core.shell[0m [1;30mLevel 1[0m create_environment_hook('node_driver_msgs', 'cmake_prefix_path')
[1.939s] [34mcolcon.colcon_core.shell[0m [1;30mINFO[0m Creating environment hook '/data/rl_deploy/install/node_driver_msgs/share/node_driver_msgs/hook/cmake_prefix_path.ps1'
[1.940s] [34mcolcon.colcon_core.shell[0m [1;30mINFO[0m Creating environment descriptor '/data/rl_deploy/install/node_driver_msgs/share/node_driver_msgs/hook/cmake_prefix_path.dsv'
[1.941s] [34mcolcon.colcon_core.shell[0m [1;30mINFO[0m Creating environment hook '/data/rl_deploy/install/node_driver_msgs/share/node_driver_msgs/hook/cmake_prefix_path.sh'
[1.942s] [34mcolcon.colcon_core.environment[0m [1;30mLevel 1[0m checking '/data/rl_deploy/install/node_driver_msgs/lib'
[1.943s] [34mcolcon.colcon_core.shell[0m [1;30mLevel 1[0m create_environment_hook('node_driver_msgs', 'ld_library_path_lib')
[1.943s] [34mcolcon.colcon_core.shell[0m [1;30mINFO[0m Creating environment hook '/data/rl_deploy/install/node_driver_msgs/share/node_driver_msgs/hook/ld_library_path_lib.ps1'
[1.944s] [34mcolcon.colcon_core.shell[0m [1;30mINFO[0m Creating environment descriptor '/data/rl_deploy/install/node_driver_msgs/share/node_driver_msgs/hook/ld_library_path_lib.dsv'
[1.945s] [34mcolcon.colcon_core.shell[0m [1;30mINFO[0m Creating environment hook '/data/rl_deploy/install/node_driver_msgs/share/node_driver_msgs/hook/ld_library_path_lib.sh'
[1.945s] [34mcolcon.colcon_core.environment[0m [1;30mLevel 1[0m checking '/data/rl_deploy/install/node_driver_msgs/bin'
[1.946s] [34mcolcon.colcon_core.environment[0m [1;30mLevel 1[0m checking '/data/rl_deploy/install/node_driver_msgs/lib/pkgconfig/node_driver_msgs.pc'
[1.946s] [34mcolcon.colcon_core.environment[0m [1;30mLevel 1[0m checking '/data/rl_deploy/install/node_driver_msgs/lib/python3.10/site-packages'
[1.947s] [34mcolcon.colcon_core.environment[0m [1;30mLevel 1[0m checking '/data/rl_deploy/install/node_driver_msgs/bin'
[1.947s] [34mcolcon.colcon_core.shell[0m [1;30mINFO[0m Creating package script '/data/rl_deploy/install/node_driver_msgs/share/node_driver_msgs/package.ps1'
[1.949s] [34mcolcon.colcon_core.shell[0m [1;30mINFO[0m Creating package descriptor '/data/rl_deploy/install/node_driver_msgs/share/node_driver_msgs/package.dsv'
[1.950s] [34mcolcon.colcon_core.shell[0m [1;30mINFO[0m Creating package script '/data/rl_deploy/install/node_driver_msgs/share/node_driver_msgs/package.sh'
[1.951s] [34mcolcon.colcon_core.shell[0m [1;30mINFO[0m Creating package script '/data/rl_deploy/install/node_driver_msgs/share/node_driver_msgs/package.bash'
[1.952s] [34mcolcon.colcon_core.shell[0m [1;30mINFO[0m Creating package script '/data/rl_deploy/install/node_driver_msgs/share/node_driver_msgs/package.zsh'
[1.953s] [34mcolcon.colcon_core.environment[0m [1;30mLevel 1[0m create_file_with_runtime_dependencies(/data/rl_deploy/install/node_driver_msgs/share/colcon-core/packages/node_driver_msgs)
[1.962s] [34mcolcon.colcon_core.event_handler.log_command[0m [1;30mDEBUG[0m [32mInvoking command in '/data/rl_deploy/build/robot_msgs': AMENT_PREFIX_PATH=/data/rl_deploy/install/node_control_msgs:${AMENT_PREFIX_PATH} CMAKE_PREFIX_PATH=/data/rl_deploy/install/node_control_msgs:/opt/ros/humble LD_LIBRARY_PATH=/data/rl_deploy/install/node_control_msgs/lib:/opt/ros/humble/lib/aarch64-linux-gnu:/opt/ros/humble/lib:/app/lib:/app/lib:/usr/local/cuda-12/lib64:/usr/local/cuda-12/lib64:/usr/local/cuda-12/lib64 PYTHONPATH=/data/rl_deploy/install/node_control_msgs/local/lib/python3.10/dist-packages:${PYTHONPATH} /usr/local/bin/cmake --build /data/rl_deploy/build/robot_msgs -- -j8 -l8[0m
[1.966s] [34mcolcon.colcon_core.event_handler.log_command[0m [1;30mDEBUG[0m [32mInvoking command in '/data/rl_deploy/build/node_app_msgs': AMENT_PREFIX_PATH=/data/rl_deploy/install/node_control_msgs:${AMENT_PREFIX_PATH} CMAKE_PREFIX_PATH=/data/rl_deploy/install/node_control_msgs:/opt/ros/humble LD_LIBRARY_PATH=/data/rl_deploy/install/node_control_msgs/lib:/opt/ros/humble/lib/aarch64-linux-gnu:/opt/ros/humble/lib:/app/lib:/app/lib:/usr/local/cuda-12/lib64:/usr/local/cuda-12/lib64:/usr/local/cuda-12/lib64 PYTHONPATH=/data/rl_deploy/install/node_control_msgs/local/lib/python3.10/dist-packages:${PYTHONPATH} /usr/local/bin/cmake --build /data/rl_deploy/build/node_app_msgs -- -j8 -l8[0m
[2.716s] [34mcolcon.colcon_core.event_handler.log_command[0m [1;30mDEBUG[0m [32mInvoked command in '/data/rl_deploy/build/robot_msgs' returned '0': AMENT_PREFIX_PATH=/data/rl_deploy/install/node_control_msgs:${AMENT_PREFIX_PATH} CMAKE_PREFIX_PATH=/data/rl_deploy/install/node_control_msgs:/opt/ros/humble LD_LIBRARY_PATH=/data/rl_deploy/install/node_control_msgs/lib:/opt/ros/humble/lib/aarch64-linux-gnu:/opt/ros/humble/lib:/app/lib:/app/lib:/usr/local/cuda-12/lib64:/usr/local/cuda-12/lib64:/usr/local/cuda-12/lib64 PYTHONPATH=/data/rl_deploy/install/node_control_msgs/local/lib/python3.10/dist-packages:${PYTHONPATH} /usr/local/bin/cmake --build /data/rl_deploy/build/robot_msgs -- -j8 -l8[0m
[2.720s] [34mcolcon.colcon_core.event_handler.log_command[0m [1;30mDEBUG[0m [32mInvoking command in '/data/rl_deploy/build/robot_msgs': AMENT_PREFIX_PATH=/data/rl_deploy/install/node_control_msgs:${AMENT_PREFIX_PATH} CMAKE_PREFIX_PATH=/data/rl_deploy/install/node_control_msgs:/opt/ros/humble LD_LIBRARY_PATH=/data/rl_deploy/install/node_control_msgs/lib:/opt/ros/humble/lib/aarch64-linux-gnu:/opt/ros/humble/lib:/app/lib:/app/lib:/usr/local/cuda-12/lib64:/usr/local/cuda-12/lib64:/usr/local/cuda-12/lib64 PYTHONPATH=/data/rl_deploy/install/node_control_msgs/local/lib/python3.10/dist-packages:${PYTHONPATH} /usr/local/bin/cmake --install /data/rl_deploy/build/robot_msgs[0m
[2.910s] [34mcolcon.colcon_core.event_handler.log_command[0m [1;30mDEBUG[0m [32mInvoked command in '/data/rl_deploy/build/node_app_msgs' returned '0': AMENT_PREFIX_PATH=/data/rl_deploy/install/node_control_msgs:${AMENT_PREFIX_PATH} CMAKE_PREFIX_PATH=/data/rl_deploy/install/node_control_msgs:/opt/ros/humble LD_LIBRARY_PATH=/data/rl_deploy/install/node_control_msgs/lib:/opt/ros/humble/lib/aarch64-linux-gnu:/opt/ros/humble/lib:/app/lib:/app/lib:/usr/local/cuda-12/lib64:/usr/local/cuda-12/lib64:/usr/local/cuda-12/lib64 PYTHONPATH=/data/rl_deploy/install/node_control_msgs/local/lib/python3.10/dist-packages:${PYTHONPATH} /usr/local/bin/cmake --build /data/rl_deploy/build/node_app_msgs -- -j8 -l8[0m
[2.914s] [34mcolcon.colcon_core.event_handler.log_command[0m [1;30mDEBUG[0m [32mInvoking command in '/data/rl_deploy/build/node_app_msgs': AMENT_PREFIX_PATH=/data/rl_deploy/install/node_control_msgs:${AMENT_PREFIX_PATH} CMAKE_PREFIX_PATH=/data/rl_deploy/install/node_control_msgs:/opt/ros/humble LD_LIBRARY_PATH=/data/rl_deploy/install/node_control_msgs/lib:/opt/ros/humble/lib/aarch64-linux-gnu:/opt/ros/humble/lib:/app/lib:/app/lib:/usr/local/cuda-12/lib64:/usr/local/cuda-12/lib64:/usr/local/cuda-12/lib64 PYTHONPATH=/data/rl_deploy/install/node_control_msgs/local/lib/python3.10/dist-packages:${PYTHONPATH} /usr/local/bin/cmake --install /data/rl_deploy/build/node_app_msgs[0m
[2.950s] [34mcolcon.colcon_core.environment[0m [1;30mLevel 1[0m create_environment_scripts_only(robot_msgs)
[2.951s] [34mcolcon.colcon_core.environment[0m [1;30mLevel 1[0m checking '/data/rl_deploy/install/robot_msgs' for CMake module files
[2.952s] [34mcolcon.colcon_core.event_handler.log_command[0m [1;30mDEBUG[0m [32mInvoked command in '/data/rl_deploy/build/robot_msgs' returned '0': AMENT_PREFIX_PATH=/data/rl_deploy/install/node_control_msgs:${AMENT_PREFIX_PATH} CMAKE_PREFIX_PATH=/data/rl_deploy/install/node_control_msgs:/opt/ros/humble LD_LIBRARY_PATH=/data/rl_deploy/install/node_control_msgs/lib:/opt/ros/humble/lib/aarch64-linux-gnu:/opt/ros/humble/lib:/app/lib:/app/lib:/usr/local/cuda-12/lib64:/usr/local/cuda-12/lib64:/usr/local/cuda-12/lib64 PYTHONPATH=/data/rl_deploy/install/node_control_msgs/local/lib/python3.10/dist-packages:${PYTHONPATH} /usr/local/bin/cmake --install /data/rl_deploy/build/robot_msgs[0m
[2.952s] [34mcolcon.colcon_core.environment[0m [1;30mLevel 1[0m checking '/data/rl_deploy/install/robot_msgs' for CMake config files
[2.954s] [34mcolcon.colcon_core.shell[0m [1;30mLevel 1[0m create_environment_hook('robot_msgs', 'cmake_prefix_path')
[2.954s] [34mcolcon.colcon_core.shell[0m [1;30mINFO[0m Creating environment hook '/data/rl_deploy/install/robot_msgs/share/robot_msgs/hook/cmake_prefix_path.ps1'
[2.955s] [34mcolcon.colcon_core.shell[0m [1;30mINFO[0m Creating environment descriptor '/data/rl_deploy/install/robot_msgs/share/robot_msgs/hook/cmake_prefix_path.dsv'
[2.956s] [34mcolcon.colcon_core.shell[0m [1;30mINFO[0m Creating environment hook '/data/rl_deploy/install/robot_msgs/share/robot_msgs/hook/cmake_prefix_path.sh'
[2.957s] [34mcolcon.colcon_core.environment[0m [1;30mLevel 1[0m checking '/data/rl_deploy/install/robot_msgs/lib'
[2.957s] [34mcolcon.colcon_core.shell[0m [1;30mLevel 1[0m create_environment_hook('robot_msgs', 'ld_library_path_lib')
[2.958s] [34mcolcon.colcon_core.shell[0m [1;30mINFO[0m Creating environment hook '/data/rl_deploy/install/robot_msgs/share/robot_msgs/hook/ld_library_path_lib.ps1'
[2.958s] [34mcolcon.colcon_core.shell[0m [1;30mINFO[0m Creating environment descriptor '/data/rl_deploy/install/robot_msgs/share/robot_msgs/hook/ld_library_path_lib.dsv'
[2.959s] [34mcolcon.colcon_core.shell[0m [1;30mINFO[0m Creating environment hook '/data/rl_deploy/install/robot_msgs/share/robot_msgs/hook/ld_library_path_lib.sh'
[2.960s] [34mcolcon.colcon_core.environment[0m [1;30mLevel 1[0m checking '/data/rl_deploy/install/robot_msgs/bin'
[2.960s] [34mcolcon.colcon_core.environment[0m [1;30mLevel 1[0m checking '/data/rl_deploy/install/robot_msgs/lib/pkgconfig/robot_msgs.pc'
[2.960s] [34mcolcon.colcon_core.environment[0m [1;30mLevel 1[0m checking '/data/rl_deploy/install/robot_msgs/lib/python3.10/site-packages'
[2.961s] [34mcolcon.colcon_core.environment[0m [1;30mLevel 1[0m checking '/data/rl_deploy/install/robot_msgs/bin'
[2.961s] [34mcolcon.colcon_core.shell[0m [1;30mINFO[0m Creating package script '/data/rl_deploy/install/robot_msgs/share/robot_msgs/package.ps1'
[2.962s] [34mcolcon.colcon_core.shell[0m [1;30mINFO[0m Creating package descriptor '/data/rl_deploy/install/robot_msgs/share/robot_msgs/package.dsv'
[2.963s] [34mcolcon.colcon_core.shell[0m [1;30mINFO[0m Creating package script '/data/rl_deploy/install/robot_msgs/share/robot_msgs/package.sh'
[2.964s] [34mcolcon.colcon_core.shell[0m [1;30mINFO[0m Creating package script '/data/rl_deploy/install/robot_msgs/share/robot_msgs/package.bash'
[2.965s] [34mcolcon.colcon_core.shell[0m [1;30mINFO[0m Creating package script '/data/rl_deploy/install/robot_msgs/share/robot_msgs/package.zsh'
[2.965s] [34mcolcon.colcon_core.environment[0m [1;30mLevel 1[0m create_file_with_runtime_dependencies(/data/rl_deploy/install/robot_msgs/share/colcon-core/packages/robot_msgs)
[2.967s] [34mcolcon.colcon_core.environment[0m [1;30mLevel 1[0m create_environment_scripts_only(robot_msgs)
[2.967s] [34mcolcon.colcon_core.environment[0m [1;30mLevel 1[0m checking '/data/rl_deploy/install/robot_msgs' for CMake module files
[2.968s] [34mcolcon.colcon_core.environment[0m [1;30mLevel 1[0m checking '/data/rl_deploy/install/robot_msgs' for CMake config files
[2.970s] [34mcolcon.colcon_core.shell[0m [1;30mLevel 1[0m create_environment_hook('robot_msgs', 'cmake_prefix_path')
[2.970s] [34mcolcon.colcon_core.shell[0m [1;30mINFO[0m Creating environment hook '/data/rl_deploy/install/robot_msgs/share/robot_msgs/hook/cmake_prefix_path.ps1'
[2.971s] [34mcolcon.colcon_core.shell[0m [1;30mINFO[0m Creating environment descriptor '/data/rl_deploy/install/robot_msgs/share/robot_msgs/hook/cmake_prefix_path.dsv'
[2.972s] [34mcolcon.colcon_core.shell[0m [1;30mINFO[0m Creating environment hook '/data/rl_deploy/install/robot_msgs/share/robot_msgs/hook/cmake_prefix_path.sh'
[2.973s] [34mcolcon.colcon_core.environment[0m [1;30mLevel 1[0m checking '/data/rl_deploy/install/robot_msgs/lib'
[2.973s] [34mcolcon.colcon_core.shell[0m [1;30mLevel 1[0m create_environment_hook('robot_msgs', 'ld_library_path_lib')
[2.973s] [34mcolcon.colcon_core.shell[0m [1;30mINFO[0m Creating environment hook '/data/rl_deploy/install/robot_msgs/share/robot_msgs/hook/ld_library_path_lib.ps1'
[2.974s] [34mcolcon.colcon_core.shell[0m [1;30mINFO[0m Creating environment descriptor '/data/rl_deploy/install/robot_msgs/share/robot_msgs/hook/ld_library_path_lib.dsv'
[2.975s] [34mcolcon.colcon_core.shell[0m [1;30mINFO[0m Creating environment hook '/data/rl_deploy/install/robot_msgs/share/robot_msgs/hook/ld_library_path_lib.sh'
[2.976s] [34mcolcon.colcon_core.environment[0m [1;30mLevel 1[0m checking '/data/rl_deploy/install/robot_msgs/bin'
[2.976s] [34mcolcon.colcon_core.environment[0m [1;30mLevel 1[0m checking '/data/rl_deploy/install/robot_msgs/lib/pkgconfig/robot_msgs.pc'
[2.976s] [34mcolcon.colcon_core.environment[0m [1;30mLevel 1[0m checking '/data/rl_deploy/install/robot_msgs/lib/python3.10/site-packages'
[2.977s] [34mcolcon.colcon_core.environment[0m [1;30mLevel 1[0m checking '/data/rl_deploy/install/robot_msgs/bin'
[2.977s] [34mcolcon.colcon_core.shell[0m [1;30mINFO[0m Creating package script '/data/rl_deploy/install/robot_msgs/share/robot_msgs/package.ps1'
[2.978s] [34mcolcon.colcon_core.shell[0m [1;30mINFO[0m Creating package descriptor '/data/rl_deploy/install/robot_msgs/share/robot_msgs/package.dsv'
[2.979s] [34mcolcon.colcon_core.shell[0m [1;30mINFO[0m Creating package script '/data/rl_deploy/install/robot_msgs/share/robot_msgs/package.sh'
[2.980s] [34mcolcon.colcon_core.shell[0m [1;30mINFO[0m Creating package script '/data/rl_deploy/install/robot_msgs/share/robot_msgs/package.bash'
[2.981s] [34mcolcon.colcon_core.shell[0m [1;30mINFO[0m Creating package script '/data/rl_deploy/install/robot_msgs/share/robot_msgs/package.zsh'
[2.982s] [34mcolcon.colcon_core.environment[0m [1;30mLevel 1[0m create_file_with_runtime_dependencies(/data/rl_deploy/install/robot_msgs/share/colcon-core/packages/robot_msgs)
[2.982s] [34mcolcon.colcon_ros.task.ament_cmake.build[0m [1;30mINFO[0m Building ROS package in '/data/rl_deploy/src/robot_state' with build type 'ament_cmake'
[2.983s] [34mcolcon.colcon_cmake.task.cmake.build[0m [1;30mINFO[0m Building CMake package in '/data/rl_deploy/src/robot_state'
[2.983s] [34mcolcon.colcon_core.shell[0m [1;30mINFO[0m Skip shell extension 'powershell' for command environment: Not usable outside of PowerShell
[2.983s] [34mcolcon.colcon_core.shell[0m [1;30mDEBUG[0m [32mSkip shell extension 'dsv' for command environment[0m
[3.006s] [34mcolcon.colcon_core.event_handler.log_command[0m [1;30mDEBUG[0m [32mInvoking command in '/data/rl_deploy/build/robot_state': AMENT_PREFIX_PATH=/data/rl_deploy/install/robot_msgs:/data/rl_deploy/install/node_control_msgs:${AMENT_PREFIX_PATH} CMAKE_PREFIX_PATH=/data/rl_deploy/install/robot_msgs:/data/rl_deploy/install/node_control_msgs:/opt/ros/humble LD_LIBRARY_PATH=/data/rl_deploy/install/robot_msgs/lib:/data/rl_deploy/install/node_control_msgs/lib:/opt/ros/humble/lib/aarch64-linux-gnu:/opt/ros/humble/lib:/app/lib:/app/lib:/usr/local/cuda-12/lib64:/usr/local/cuda-12/lib64:/usr/local/cuda-12/lib64 PYTHONPATH=/data/rl_deploy/install/robot_msgs/local/lib/python3.10/dist-packages:/data/rl_deploy/install/node_control_msgs/local/lib/python3.10/dist-packages:${PYTHONPATH} /usr/local/bin/cmake --build /data/rl_deploy/build/robot_state -- -j8 -l8[0m
[3.205s] [34mcolcon.colcon_core.environment[0m [1;30mLevel 1[0m create_environment_scripts_only(node_app_msgs)
[3.205s] [34mcolcon.colcon_core.environment[0m [1;30mLevel 1[0m checking '/data/rl_deploy/install/node_app_msgs' for CMake module files
[3.208s] [34mcolcon.colcon_core.event_handler.log_command[0m [1;30mDEBUG[0m [32mInvoked command in '/data/rl_deploy/build/node_app_msgs' returned '0': AMENT_PREFIX_PATH=/data/rl_deploy/install/node_control_msgs:${AMENT_PREFIX_PATH} CMAKE_PREFIX_PATH=/data/rl_deploy/install/node_control_msgs:/opt/ros/humble LD_LIBRARY_PATH=/data/rl_deploy/install/node_control_msgs/lib:/opt/ros/humble/lib/aarch64-linux-gnu:/opt/ros/humble/lib:/app/lib:/app/lib:/usr/local/cuda-12/lib64:/usr/local/cuda-12/lib64:/usr/local/cuda-12/lib64 PYTHONPATH=/data/rl_deploy/install/node_control_msgs/local/lib/python3.10/dist-packages:${PYTHONPATH} /usr/local/bin/cmake --install /data/rl_deploy/build/node_app_msgs[0m
[3.209s] [34mcolcon.colcon_core.environment[0m [1;30mLevel 1[0m checking '/data/rl_deploy/install/node_app_msgs' for CMake config files
[3.211s] [34mcolcon.colcon_core.shell[0m [1;30mLevel 1[0m create_environment_hook('node_app_msgs', 'cmake_prefix_path')
[3.212s] [34mcolcon.colcon_core.shell[0m [1;30mINFO[0m Creating environment hook '/data/rl_deploy/install/node_app_msgs/share/node_app_msgs/hook/cmake_prefix_path.ps1'
[3.214s] [34mcolcon.colcon_core.shell[0m [1;30mINFO[0m Creating environment descriptor '/data/rl_deploy/install/node_app_msgs/share/node_app_msgs/hook/cmake_prefix_path.dsv'
[3.215s] [34mcolcon.colcon_core.shell[0m [1;30mINFO[0m Creating environment hook '/data/rl_deploy/install/node_app_msgs/share/node_app_msgs/hook/cmake_prefix_path.sh'
[3.216s] [34mcolcon.colcon_core.environment[0m [1;30mLevel 1[0m checking '/data/rl_deploy/install/node_app_msgs/lib'
[3.216s] [34mcolcon.colcon_core.shell[0m [1;30mLevel 1[0m create_environment_hook('node_app_msgs', 'ld_library_path_lib')
[3.217s] [34mcolcon.colcon_core.shell[0m [1;30mINFO[0m Creating environment hook '/data/rl_deploy/install/node_app_msgs/share/node_app_msgs/hook/ld_library_path_lib.ps1'
[3.218s] [34mcolcon.colcon_core.shell[0m [1;30mINFO[0m Creating environment descriptor '/data/rl_deploy/install/node_app_msgs/share/node_app_msgs/hook/ld_library_path_lib.dsv'
[3.219s] [34mcolcon.colcon_core.shell[0m [1;30mINFO[0m Creating environment hook '/data/rl_deploy/install/node_app_msgs/share/node_app_msgs/hook/ld_library_path_lib.sh'
[3.220s] [34mcolcon.colcon_core.environment[0m [1;30mLevel 1[0m checking '/data/rl_deploy/install/node_app_msgs/bin'
[3.220s] [34mcolcon.colcon_core.environment[0m [1;30mLevel 1[0m checking '/data/rl_deploy/install/node_app_msgs/lib/pkgconfig/node_app_msgs.pc'
[3.220s] [34mcolcon.colcon_core.environment[0m [1;30mLevel 1[0m checking '/data/rl_deploy/install/node_app_msgs/lib/python3.10/site-packages'
[3.221s] [34mcolcon.colcon_core.environment[0m [1;30mLevel 1[0m checking '/data/rl_deploy/install/node_app_msgs/bin'
[3.222s] [34mcolcon.colcon_core.shell[0m [1;30mINFO[0m Creating package script '/data/rl_deploy/install/node_app_msgs/share/node_app_msgs/package.ps1'
[3.223s] [34mcolcon.colcon_core.shell[0m [1;30mINFO[0m Creating package descriptor '/data/rl_deploy/install/node_app_msgs/share/node_app_msgs/package.dsv'
[3.224s] [34mcolcon.colcon_core.shell[0m [1;30mINFO[0m Creating package script '/data/rl_deploy/install/node_app_msgs/share/node_app_msgs/package.sh'
[3.226s] [34mcolcon.colcon_core.shell[0m [1;30mINFO[0m Creating package script '/data/rl_deploy/install/node_app_msgs/share/node_app_msgs/package.bash'
[3.226s] [34mcolcon.colcon_core.shell[0m [1;30mINFO[0m Creating package script '/data/rl_deploy/install/node_app_msgs/share/node_app_msgs/package.zsh'
[3.227s] [34mcolcon.colcon_core.environment[0m [1;30mLevel 1[0m create_file_with_runtime_dependencies(/data/rl_deploy/install/node_app_msgs/share/colcon-core/packages/node_app_msgs)
[3.229s] [34mcolcon.colcon_core.environment[0m [1;30mLevel 1[0m create_environment_scripts_only(node_app_msgs)
[3.230s] [34mcolcon.colcon_core.environment[0m [1;30mLevel 1[0m checking '/data/rl_deploy/install/node_app_msgs' for CMake module files
[3.231s] [34mcolcon.colcon_core.environment[0m [1;30mLevel 1[0m checking '/data/rl_deploy/install/node_app_msgs' for CMake config files
[3.233s] [34mcolcon.colcon_core.shell[0m [1;30mLevel 1[0m create_environment_hook('node_app_msgs', 'cmake_prefix_path')
[3.233s] [34mcolcon.colcon_core.shell[0m [1;30mINFO[0m Creating environment hook '/data/rl_deploy/install/node_app_msgs/share/node_app_msgs/hook/cmake_prefix_path.ps1'
[3.234s] [34mcolcon.colcon_core.shell[0m [1;30mINFO[0m Creating environment descriptor '/data/rl_deploy/install/node_app_msgs/share/node_app_msgs/hook/cmake_prefix_path.dsv'
[3.235s] [34mcolcon.colcon_core.shell[0m [1;30mINFO[0m Creating environment hook '/data/rl_deploy/install/node_app_msgs/share/node_app_msgs/hook/cmake_prefix_path.sh'
[3.237s] [34mcolcon.colcon_core.environment[0m [1;30mLevel 1[0m checking '/data/rl_deploy/install/node_app_msgs/lib'
[3.237s] [34mcolcon.colcon_core.shell[0m [1;30mLevel 1[0m create_environment_hook('node_app_msgs', 'ld_library_path_lib')
[3.237s] [34mcolcon.colcon_core.shell[0m [1;30mINFO[0m Creating environment hook '/data/rl_deploy/install/node_app_msgs/share/node_app_msgs/hook/ld_library_path_lib.ps1'
[3.238s] [34mcolcon.colcon_core.shell[0m [1;30mINFO[0m Creating environment descriptor '/data/rl_deploy/install/node_app_msgs/share/node_app_msgs/hook/ld_library_path_lib.dsv'
[3.239s] [34mcolcon.colcon_core.shell[0m [1;30mINFO[0m Creating environment hook '/data/rl_deploy/install/node_app_msgs/share/node_app_msgs/hook/ld_library_path_lib.sh'
[3.240s] [34mcolcon.colcon_core.environment[0m [1;30mLevel 1[0m checking '/data/rl_deploy/install/node_app_msgs/bin'
[3.241s] [34mcolcon.colcon_core.environment[0m [1;30mLevel 1[0m checking '/data/rl_deploy/install/node_app_msgs/lib/pkgconfig/node_app_msgs.pc'
[3.241s] [34mcolcon.colcon_core.environment[0m [1;30mLevel 1[0m checking '/data/rl_deploy/install/node_app_msgs/lib/python3.10/site-packages'
[3.242s] [34mcolcon.colcon_core.environment[0m [1;30mLevel 1[0m checking '/data/rl_deploy/install/node_app_msgs/bin'
[3.243s] [34mcolcon.colcon_core.shell[0m [1;30mINFO[0m Creating package script '/data/rl_deploy/install/node_app_msgs/share/node_app_msgs/package.ps1'
[3.245s] [34mcolcon.colcon_core.shell[0m [1;30mINFO[0m Creating package descriptor '/data/rl_deploy/install/node_app_msgs/share/node_app_msgs/package.dsv'
[3.246s] [34mcolcon.colcon_core.shell[0m [1;30mINFO[0m Creating package script '/data/rl_deploy/install/node_app_msgs/share/node_app_msgs/package.sh'
[3.247s] [34mcolcon.colcon_core.shell[0m [1;30mINFO[0m Creating package script '/data/rl_deploy/install/node_app_msgs/share/node_app_msgs/package.bash'
[3.248s] [34mcolcon.colcon_core.shell[0m [1;30mINFO[0m Creating package script '/data/rl_deploy/install/node_app_msgs/share/node_app_msgs/package.zsh'
[3.249s] [34mcolcon.colcon_core.environment[0m [1;30mLevel 1[0m create_file_with_runtime_dependencies(/data/rl_deploy/install/node_app_msgs/share/colcon-core/packages/node_app_msgs)
[3.250s] [34mcolcon.colcon_ros.task.ament_python.build[0m [1;30mINFO[0m Building ROS package in '/data/rl_deploy/src/robot_rl_controller' with build type 'ament_python'
[3.251s] [34mcolcon.colcon_core.shell[0m [1;30mLevel 1[0m create_environment_hook('robot_rl_controller', 'ament_prefix_path')
[3.251s] [34mcolcon.colcon_core.shell[0m [1;30mINFO[0m Creating environment hook '/data/rl_deploy/install/robot_rl_controller/share/robot_rl_controller/hook/ament_prefix_path.ps1'
[3.253s] [34mcolcon.colcon_core.shell[0m [1;30mINFO[0m Creating environment descriptor '/data/rl_deploy/install/robot_rl_controller/share/robot_rl_controller/hook/ament_prefix_path.dsv'
[3.254s] [34mcolcon.colcon_core.shell[0m [1;30mINFO[0m Creating environment hook '/data/rl_deploy/install/robot_rl_controller/share/robot_rl_controller/hook/ament_prefix_path.sh'
[3.255s] [34mcolcon.colcon_core.shell[0m [1;30mINFO[0m Skip shell extension 'powershell' for command environment: Not usable outside of PowerShell
[3.255s] [34mcolcon.colcon_core.shell[0m [1;30mDEBUG[0m [32mSkip shell extension 'dsv' for command environment[0m
[3.262s] [34mcolcon.colcon_core.event_handler.log_command[0m [1;30mDEBUG[0m [32mInvoked command in '/data/rl_deploy/build/robot_state' returned '0': AMENT_PREFIX_PATH=/data/rl_deploy/install/robot_msgs:/data/rl_deploy/install/node_control_msgs:${AMENT_PREFIX_PATH} CMAKE_PREFIX_PATH=/data/rl_deploy/install/robot_msgs:/data/rl_deploy/install/node_control_msgs:/opt/ros/humble LD_LIBRARY_PATH=/data/rl_deploy/install/robot_msgs/lib:/data/rl_deploy/install/node_control_msgs/lib:/opt/ros/humble/lib/aarch64-linux-gnu:/opt/ros/humble/lib:/app/lib:/app/lib:/usr/local/cuda-12/lib64:/usr/local/cuda-12/lib64:/usr/local/cuda-12/lib64 PYTHONPATH=/data/rl_deploy/install/robot_msgs/local/lib/python3.10/dist-packages:/data/rl_deploy/install/node_control_msgs/local/lib/python3.10/dist-packages:${PYTHONPATH} /usr/local/bin/cmake --build /data/rl_deploy/build/robot_state -- -j8 -l8[0m
[3.265s] [34mcolcon.colcon_core.event_handler.log_command[0m [1;30mDEBUG[0m [32mInvoking command in '/data/rl_deploy/build/robot_state': AMENT_PREFIX_PATH=/data/rl_deploy/install/robot_msgs:/data/rl_deploy/install/node_control_msgs:${AMENT_PREFIX_PATH} CMAKE_PREFIX_PATH=/data/rl_deploy/install/robot_msgs:/data/rl_deploy/install/node_control_msgs:/opt/ros/humble LD_LIBRARY_PATH=/data/rl_deploy/install/robot_msgs/lib:/data/rl_deploy/install/node_control_msgs/lib:/opt/ros/humble/lib/aarch64-linux-gnu:/opt/ros/humble/lib:/app/lib:/app/lib:/usr/local/cuda-12/lib64:/usr/local/cuda-12/lib64:/usr/local/cuda-12/lib64 PYTHONPATH=/data/rl_deploy/install/robot_msgs/local/lib/python3.10/dist-packages:/data/rl_deploy/install/node_control_msgs/local/lib/python3.10/dist-packages:${PYTHONPATH} /usr/local/bin/cmake --install /data/rl_deploy/build/robot_state[0m
[3.727s] [34mcolcon.colcon_core.task.python.build[0m [1;30mINFO[0m Building Python package in '/data/rl_deploy/src/robot_rl_controller'
[3.728s] [34mcolcon.colcon_core.shell[0m [1;30mINFO[0m Skip shell extension 'powershell' for command environment: Not usable outside of PowerShell
[3.728s] [34mcolcon.colcon_core.shell[0m [1;30mDEBUG[0m [32mSkip shell extension 'dsv' for command environment[0m
[3.736s] [34mcolcon.colcon_core.environment[0m [1;30mLevel 1[0m create_environment_scripts_only(robot_state)
[3.736s] [34mcolcon.colcon_core.environment[0m [1;30mLevel 1[0m checking '/data/rl_deploy/install/robot_state' for CMake module files
[3.737s] [34mcolcon.colcon_core.event_handler.log_command[0m [1;30mDEBUG[0m [32mInvoked command in '/data/rl_deploy/build/robot_state' returned '0': AMENT_PREFIX_PATH=/data/rl_deploy/install/robot_msgs:/data/rl_deploy/install/node_control_msgs:${AMENT_PREFIX_PATH} CMAKE_PREFIX_PATH=/data/rl_deploy/install/robot_msgs:/data/rl_deploy/install/node_control_msgs:/opt/ros/humble LD_LIBRARY_PATH=/data/rl_deploy/install/robot_msgs/lib:/data/rl_deploy/install/node_control_msgs/lib:/opt/ros/humble/lib/aarch64-linux-gnu:/opt/ros/humble/lib:/app/lib:/app/lib:/usr/local/cuda-12/lib64:/usr/local/cuda-12/lib64:/usr/local/cuda-12/lib64 PYTHONPATH=/data/rl_deploy/install/robot_msgs/local/lib/python3.10/dist-packages:/data/rl_deploy/install/node_control_msgs/local/lib/python3.10/dist-packages:${PYTHONPATH} /usr/local/bin/cmake --install /data/rl_deploy/build/robot_state[0m
[3.738s] [34mcolcon.colcon_core.environment[0m [1;30mLevel 1[0m checking '/data/rl_deploy/install/robot_state' for CMake config files
[3.739s] [34mcolcon.colcon_core.shell[0m [1;30mLevel 1[0m create_environment_hook('robot_state', 'cmake_prefix_path')
[3.740s] [34mcolcon.colcon_core.shell[0m [1;30mINFO[0m Creating environment hook '/data/rl_deploy/install/robot_state/share/robot_state/hook/cmake_prefix_path.ps1'
[3.741s] [34mcolcon.colcon_core.shell[0m [1;30mINFO[0m Creating environment descriptor '/data/rl_deploy/install/robot_state/share/robot_state/hook/cmake_prefix_path.dsv'
[3.742s] [34mcolcon.colcon_core.shell[0m [1;30mINFO[0m Creating environment hook '/data/rl_deploy/install/robot_state/share/robot_state/hook/cmake_prefix_path.sh'
[3.744s] [34mcolcon.colcon_core.environment[0m [1;30mLevel 1[0m checking '/data/rl_deploy/install/robot_state/lib'
[3.744s] [34mcolcon.colcon_core.environment[0m [1;30mLevel 1[0m checking '/data/rl_deploy/install/robot_state/bin'
[3.744s] [34mcolcon.colcon_core.environment[0m [1;30mLevel 1[0m checking '/data/rl_deploy/install/robot_state/lib/pkgconfig/robot_state.pc'
[3.745s] [34mcolcon.colcon_core.environment[0m [1;30mLevel 1[0m checking '/data/rl_deploy/install/robot_state/lib/python3.10/site-packages'
[3.746s] [34mcolcon.colcon_core.environment[0m [1;30mLevel 1[0m checking '/data/rl_deploy/install/robot_state/bin'
[3.746s] [34mcolcon.colcon_core.shell[0m [1;30mINFO[0m Creating package script '/data/rl_deploy/install/robot_state/share/robot_state/package.ps1'
[3.748s] [34mcolcon.colcon_core.shell[0m [1;30mINFO[0m Creating package descriptor '/data/rl_deploy/install/robot_state/share/robot_state/package.dsv'
[3.749s] [34mcolcon.colcon_core.shell[0m [1;30mINFO[0m Creating package script '/data/rl_deploy/install/robot_state/share/robot_state/package.sh'
[3.750s] [34mcolcon.colcon_core.shell[0m [1;30mINFO[0m Creating package script '/data/rl_deploy/install/robot_state/share/robot_state/package.bash'
[3.751s] [34mcolcon.colcon_core.shell[0m [1;30mINFO[0m Creating package script '/data/rl_deploy/install/robot_state/share/robot_state/package.zsh'
[3.752s] [34mcolcon.colcon_core.environment[0m [1;30mLevel 1[0m create_file_with_runtime_dependencies(/data/rl_deploy/install/robot_state/share/colcon-core/packages/robot_state)
[3.754s] [34mcolcon.colcon_core.environment[0m [1;30mLevel 1[0m create_environment_scripts_only(robot_state)
[3.754s] [34mcolcon.colcon_core.environment[0m [1;30mLevel 1[0m checking '/data/rl_deploy/install/robot_state' for CMake module files
[3.755s] [34mcolcon.colcon_core.environment[0m [1;30mLevel 1[0m checking '/data/rl_deploy/install/robot_state' for CMake config files
[3.756s] [34mcolcon.colcon_core.shell[0m [1;30mLevel 1[0m create_environment_hook('robot_state', 'cmake_prefix_path')
[3.757s] [34mcolcon.colcon_core.shell[0m [1;30mINFO[0m Creating environment hook '/data/rl_deploy/install/robot_state/share/robot_state/hook/cmake_prefix_path.ps1'
[3.758s] [34mcolcon.colcon_core.shell[0m [1;30mINFO[0m Creating environment descriptor '/data/rl_deploy/install/robot_state/share/robot_state/hook/cmake_prefix_path.dsv'
[3.758s] [34mcolcon.colcon_core.shell[0m [1;30mINFO[0m Creating environment hook '/data/rl_deploy/install/robot_state/share/robot_state/hook/cmake_prefix_path.sh'
[3.760s] [34mcolcon.colcon_core.environment[0m [1;30mLevel 1[0m checking '/data/rl_deploy/install/robot_state/lib'
[3.760s] [34mcolcon.colcon_core.environment[0m [1;30mLevel 1[0m checking '/data/rl_deploy/install/robot_state/bin'
[3.760s] [34mcolcon.colcon_core.environment[0m [1;30mLevel 1[0m checking '/data/rl_deploy/install/robot_state/lib/pkgconfig/robot_state.pc'
[3.761s] [34mcolcon.colcon_core.environment[0m [1;30mLevel 1[0m checking '/data/rl_deploy/install/robot_state/lib/python3.10/site-packages'
[3.762s] [34mcolcon.colcon_core.environment[0m [1;30mLevel 1[0m checking '/data/rl_deploy/install/robot_state/bin'
[3.762s] [34mcolcon.colcon_core.shell[0m [1;30mINFO[0m Creating package script '/data/rl_deploy/install/robot_state/share/robot_state/package.ps1'
[3.763s] [34mcolcon.colcon_core.shell[0m [1;30mINFO[0m Creating package descriptor '/data/rl_deploy/install/robot_state/share/robot_state/package.dsv'
[3.765s] [34mcolcon.colcon_core.shell[0m [1;30mINFO[0m Creating package script '/data/rl_deploy/install/robot_state/share/robot_state/package.sh'
[3.766s] [34mcolcon.colcon_core.shell[0m [1;30mINFO[0m Creating package script '/data/rl_deploy/install/robot_state/share/robot_state/package.bash'
[3.767s] [34mcolcon.colcon_core.shell[0m [1;30mINFO[0m Creating package script '/data/rl_deploy/install/robot_state/share/robot_state/package.zsh'
[3.768s] [34mcolcon.colcon_core.environment[0m [1;30mLevel 1[0m create_file_with_runtime_dependencies(/data/rl_deploy/install/robot_state/share/colcon-core/packages/robot_state)
[4.525s] [34mcolcon.colcon_core.event_handler.log_command[0m [1;30mDEBUG[0m [32mInvoking command in '/data/rl_deploy/src/robot_rl_controller': AMENT_PREFIX_PATH=/data/rl_deploy/install/robot_msgs:/data/rl_deploy/install/node_app_msgs:/data/rl_deploy/install/node_control_msgs:${AMENT_PREFIX_PATH} CMAKE_PREFIX_PATH=/data/rl_deploy/install/robot_msgs:/data/rl_deploy/install/node_app_msgs:/data/rl_deploy/install/node_control_msgs LD_LIBRARY_PATH=/data/rl_deploy/install/robot_msgs/lib:/data/rl_deploy/install/node_app_msgs/lib:/data/rl_deploy/install/node_control_msgs/lib:/opt/ros/humble/lib/aarch64-linux-gnu:/opt/ros/humble/lib:/app/lib:/app/lib:/usr/local/cuda-12/lib64:/usr/local/cuda-12/lib64:/usr/local/cuda-12/lib64 PYTHONPATH=/data/rl_deploy/build/robot_rl_controller/prefix_override:/usr/lib/python3/dist-packages/colcon_core/task/python/colcon_distutils_commands:/data/rl_deploy/install/robot_rl_controller/lib/python3.10/site-packages:/data/rl_deploy/install/robot_msgs/local/lib/python3.10/dist-packages:/data/rl_deploy/install/node_app_msgs/local/lib/python3.10/dist-packages:/data/rl_deploy/install/node_control_msgs/local/lib/python3.10/dist-packages:${PYTHONPATH} /usr/bin/python3 -W ignore:setup.py install is deprecated -W ignore:easy_install command is deprecated setup.py egg_info --egg-base ../../build/robot_rl_controller build --build-base /data/rl_deploy/build/robot_rl_controller/build install --record /data/rl_deploy/build/robot_rl_controller/install.log --single-version-externally-managed install_data[0m
[5.037s] [34mcolcon.colcon_core.environment[0m [1;30mLevel 1[0m checking '/data/rl_deploy/install/robot_rl_controller' for CMake module files
[5.038s] [34mcolcon.colcon_core.event_handler.log_command[0m [1;30mDEBUG[0m [32mInvoked command in '/data/rl_deploy/src/robot_rl_controller' returned '0': AMENT_PREFIX_PATH=/data/rl_deploy/install/robot_msgs:/data/rl_deploy/install/node_app_msgs:/data/rl_deploy/install/node_control_msgs:${AMENT_PREFIX_PATH} CMAKE_PREFIX_PATH=/data/rl_deploy/install/robot_msgs:/data/rl_deploy/install/node_app_msgs:/data/rl_deploy/install/node_control_msgs LD_LIBRARY_PATH=/data/rl_deploy/install/robot_msgs/lib:/data/rl_deploy/install/node_app_msgs/lib:/data/rl_deploy/install/node_control_msgs/lib:/opt/ros/humble/lib/aarch64-linux-gnu:/opt/ros/humble/lib:/app/lib:/app/lib:/usr/local/cuda-12/lib64:/usr/local/cuda-12/lib64:/usr/local/cuda-12/lib64 PYTHONPATH=/data/rl_deploy/build/robot_rl_controller/prefix_override:/usr/lib/python3/dist-packages/colcon_core/task/python/colcon_distutils_commands:/data/rl_deploy/install/robot_rl_controller/lib/python3.10/site-packages:/data/rl_deploy/install/robot_msgs/local/lib/python3.10/dist-packages:/data/rl_deploy/install/node_app_msgs/local/lib/python3.10/dist-packages:/data/rl_deploy/install/node_control_msgs/local/lib/python3.10/dist-packages:${PYTHONPATH} /usr/bin/python3 -W ignore:setup.py install is deprecated -W ignore:easy_install command is deprecated setup.py egg_info --egg-base ../../build/robot_rl_controller build --build-base /data/rl_deploy/build/robot_rl_controller/build install --record /data/rl_deploy/build/robot_rl_controller/install.log --single-version-externally-managed install_data[0m
[5.038s] [34mcolcon.colcon_core.environment[0m [1;30mLevel 1[0m checking '/data/rl_deploy/install/robot_rl_controller' for CMake config files
[5.040s] [34mcolcon.colcon_core.environment[0m [1;30mLevel 1[0m checking '/data/rl_deploy/install/robot_rl_controller/lib'
[5.040s] [34mcolcon.colcon_core.environment[0m [1;30mLevel 1[0m checking '/data/rl_deploy/install/robot_rl_controller/bin'
[5.041s] [34mcolcon.colcon_core.environment[0m [1;30mLevel 1[0m checking '/data/rl_deploy/install/robot_rl_controller/lib/pkgconfig/robot_rl_controller.pc'
[5.041s] [34mcolcon.colcon_core.environment[0m [1;30mLevel 1[0m checking '/data/rl_deploy/install/robot_rl_controller/lib/python3.10/site-packages'
[5.041s] [34mcolcon.colcon_core.shell[0m [1;30mLevel 1[0m create_environment_hook('robot_rl_controller', 'pythonpath')
[5.042s] [34mcolcon.colcon_core.shell[0m [1;30mINFO[0m Creating environment hook '/data/rl_deploy/install/robot_rl_controller/share/robot_rl_controller/hook/pythonpath.ps1'
[5.043s] [34mcolcon.colcon_core.shell[0m [1;30mINFO[0m Creating environment descriptor '/data/rl_deploy/install/robot_rl_controller/share/robot_rl_controller/hook/pythonpath.dsv'
[5.044s] [34mcolcon.colcon_core.shell[0m [1;30mINFO[0m Creating environment hook '/data/rl_deploy/install/robot_rl_controller/share/robot_rl_controller/hook/pythonpath.sh'
[5.046s] [34mcolcon.colcon_core.environment[0m [1;30mLevel 1[0m checking '/data/rl_deploy/install/robot_rl_controller/bin'
[5.046s] [34mcolcon.colcon_core.environment[0m [1;30mLevel 1[0m create_environment_scripts_only(robot_rl_controller)
[5.047s] [34mcolcon.colcon_core.shell[0m [1;30mINFO[0m Creating package script '/data/rl_deploy/install/robot_rl_controller/share/robot_rl_controller/package.ps1'
[5.048s] [34mcolcon.colcon_core.shell[0m [1;30mINFO[0m Creating package descriptor '/data/rl_deploy/install/robot_rl_controller/share/robot_rl_controller/package.dsv'
[5.049s] [34mcolcon.colcon_core.shell[0m [1;30mINFO[0m Creating package script '/data/rl_deploy/install/robot_rl_controller/share/robot_rl_controller/package.sh'
[5.050s] [34mcolcon.colcon_core.shell[0m [1;30mINFO[0m Creating package script '/data/rl_deploy/install/robot_rl_controller/share/robot_rl_controller/package.bash'
[5.051s] [34mcolcon.colcon_core.shell[0m [1;30mINFO[0m Creating package script '/data/rl_deploy/install/robot_rl_controller/share/robot_rl_controller/package.zsh'
[5.052s] [34mcolcon.colcon_core.environment[0m [1;30mLevel 1[0m create_file_with_runtime_dependencies(/data/rl_deploy/install/robot_rl_controller/share/colcon-core/packages/robot_rl_controller)
[5.054s] [34mcolcon.colcon_parallel_executor.executor.parallel[0m [1;30mDEBUG[0m [32mclosing loop[0m
[5.054s] [34mcolcon.colcon_parallel_executor.executor.parallel[0m [1;30mDEBUG[0m [32mloop closed[0m
[5.055s] [34mcolcon.colcon_parallel_executor.executor.parallel[0m [1;30mDEBUG[0m [32mrun_until_complete finished with '0'[0m
[5.055s] [34mcolcon.colcon_core.event_reactor[0m [1;30mDEBUG[0m [32mjoining thread[0m
[5.065s] [34mcolcon.colcon_core.plugin_system[0m [1;30mINFO[0m Skipping extension 'colcon_notification.desktop_notification.terminal_notifier': Not used on non-Darwin systems
[5.066s] [34mcolcon.colcon_core.plugin_system[0m [1;30mINFO[0m Skipping extension 'colcon_notification.desktop_notification.win32': Not used on non-Windows systems
[5.066s] [34mcolcon.colcon_notification.desktop_notification[0m [1;30mINFO[0m Sending desktop notification using 'notify2'
[5.089s] [34mcolcon.colcon_notification.desktop_notification.notify2[0m [1;30mDEBUG[0m [32mFailed to initialize notify2: org.freedesktop.DBus.Error.Spawn.ChildExited: Process org.freedesktop.Notifications exited with status 1[0m
[5.089s] [34mcolcon.colcon_core.event_reactor[0m [1;30mDEBUG[0m [32mjoined thread[0m
[5.090s] [34mcolcon.colcon_core.shell[0m [1;30mINFO[0m Creating prefix script '/data/rl_deploy/install/local_setup.ps1'
[5.093s] [34mcolcon.colcon_core.shell[0m [1;30mINFO[0m Creating prefix util module '/data/rl_deploy/install/_local_setup_util_ps1.py'
[5.096s] [34mcolcon.colcon_core.shell[0m [1;30mINFO[0m Creating prefix chain script '/data/rl_deploy/install/setup.ps1'
[5.098s] [34mcolcon.colcon_core.shell[0m [1;30mINFO[0m Creating prefix script '/data/rl_deploy/install/local_setup.sh'
[5.100s] [34mcolcon.colcon_core.shell[0m [1;30mINFO[0m Creating prefix util module '/data/rl_deploy/install/_local_setup_util_sh.py'
[5.102s] [34mcolcon.colcon_core.shell[0m [1;30mINFO[0m Creating prefix chain script '/data/rl_deploy/install/setup.sh'
[5.104s] [34mcolcon.colcon_core.shell[0m [1;30mINFO[0m Creating prefix script '/data/rl_deploy/install/local_setup.bash'
[5.105s] [34mcolcon.colcon_core.shell[0m [1;30mINFO[0m Creating prefix chain script '/data/rl_deploy/install/setup.bash'
[5.107s] [34mcolcon.colcon_core.shell[0m [1;30mINFO[0m Creating prefix script '/data/rl_deploy/install/local_setup.zsh'
[5.108s] [34mcolcon.colcon_core.shell[0m [1;30mINFO[0m Creating prefix chain script '/data/rl_deploy/install/setup.zsh'
