[0.019s] Invoking command in '/data/rl_deploy/build/node_driver_msgs': CMAKE_PREFIX_PATH=/opt/ros/humble /usr/local/bin/cmake /data/rl_deploy/src/node_driver_msgs -DCMAKE_INSTALL_PREFIX=/data/rl_deploy/install/node_driver_msgs
[0.177s] [0mCMake Deprecation Warning at CMakeLists.txt:1 (cmake_minimum_required):
[0.177s]   Compatibility with CMake < 3.10 will be removed from a future version of
[0.177s]   CMake.
[0.177s] 
[0.178s]   Update the VERSION argument <min> value.  Or, use the <min>...<max> syntax
[0.178s]   to tell CMake that the project requires at least <min> but has been updated
[0.178s]   to work with policies introduced by <max> or earlier.
[0.178s] 
[0.178s] [0m
[0.324s] -- The C compiler identification is GNU 11.4.0
[0.496s] -- The CXX compiler identification is GNU 11.4.0
[0.511s] -- Detecting C compiler ABI info
[0.624s] -- Detecting C compiler ABI info - done
[0.650s] -- Check for working C compiler: /usr/bin/cc - skipped
[0.650s] -- Detecting C compile features
[0.651s] -- Detecting C compile features - done
[0.677s] -- Detecting CXX compiler ABI info
[0.816s] -- Detecting CXX compiler ABI info - done
[0.846s] -- Check for working CXX compiler: /usr/bin/c++ - skipped
[0.847s] -- Detecting CXX compile features
[0.848s] -- Detecting CXX compile features - done
[0.863s] -- Found ament_cmake: 1.3.14 (/opt/ros/humble/share/ament_cmake/cmake)
[1.113s] -- Found Python3: /usr/bin/python3 (found version "3.10.12") found components: Interpreter
[1.298s] -- Found rosidl_default_generators: 1.2.1 (/opt/ros/humble/share/rosidl_default_generators/cmake)
[1.304s] -- Using all available rosidl_typesupport_c: rosidl_typesupport_fastrtps_c;rosidl_typesupport_introspection_c
[1.316s] -- Found rosidl_adapter: 3.1.8 (/opt/ros/humble/share/rosidl_adapter/cmake)
[1.414s] -- Using all available rosidl_typesupport_cpp: rosidl_typesupport_fastrtps_cpp;rosidl_typesupport_introspection_cpp
[1.508s] -- Found builtin_interfaces: 1.2.2 (/opt/ros/humble/share/builtin_interfaces/cmake)
[1.545s] -- Found std_msgs: 4.9.1 (/opt/ros/humble/share/std_msgs/cmake)
[2.393s] -- Found ament_cmake_ros: 0.10.0 (/opt/ros/humble/share/ament_cmake_ros/cmake)
[3.278s] -- Using all available rosidl_typesupport_c: rosidl_typesupport_fastrtps_c;rosidl_typesupport_introspection_c
[4.487s] -- Using all available rosidl_typesupport_cpp: rosidl_typesupport_fastrtps_cpp;rosidl_typesupport_introspection_cpp
[4.487s] [33mCMake Warning (dev) at /opt/ros/humble/share/rosidl_generator_py/cmake/rosidl_generator_py_generate_interfaces.cmake:20 (find_package):
[4.488s]   Policy CMP0148 is not set: The FindPythonInterp and FindPythonLibs modules
[4.488s]   are removed.  Run "cmake --help-policy CMP0148" for policy details.  Use
[4.488s]   the cmake_policy command to set the policy and suppress this warning.
[4.488s] 
[4.488s] Call Stack (most recent call first):
[4.488s]   /opt/ros/humble/share/ament_cmake_core/cmake/core/ament_execute_extensions.cmake:48 (include)
[4.488s]   /opt/ros/humble/share/rosidl_cmake/cmake/rosidl_generate_interfaces.cmake:286 (ament_execute_extensions)
[4.488s]   CMakeLists.txt:14 (rosidl_generate_interfaces)
[4.488s] This warning is for project developers.  Use -Wno-dev to suppress it.
[4.489s] [0m
[4.500s] -- Found PythonInterp: /usr/bin/python3 (found suitable version "3.10.12", minimum required is "3.6")
[4.503s] -- Found python_cmake_module: 0.10.0 (/opt/ros/humble/share/python_cmake_module/cmake)
[4.505s] [33mCMake Warning (dev) at /opt/ros/humble/share/python_cmake_module/cmake/Modules/FindPythonExtra.cmake:52 (find_package):
[4.505s]   Policy CMP0148 is not set: The FindPythonInterp and FindPythonLibs modules
[4.505s]   are removed.  Run "cmake --help-policy CMP0148" for policy details.  Use
[4.505s]   the cmake_policy command to set the policy and suppress this warning.
[4.505s] 
[4.505s] Call Stack (most recent call first):
[4.505s]   /opt/ros/humble/share/rosidl_generator_py/cmake/rosidl_generator_py_generate_interfaces.cmake:23 (find_package)
[4.505s]   /opt/ros/humble/share/ament_cmake_core/cmake/core/ament_execute_extensions.cmake:48 (include)
[4.506s]   /opt/ros/humble/share/rosidl_cmake/cmake/rosidl_generate_interfaces.cmake:286 (ament_execute_extensions)
[4.506s]   CMakeLists.txt:14 (rosidl_generate_interfaces)
[4.506s] This warning is for project developers.  Use -Wno-dev to suppress it.
[4.506s] [0m
[4.546s] [33mCMake Warning (dev) at /opt/ros/humble/share/python_cmake_module/cmake/Modules/FindPythonExtra.cmake:140 (find_package):
[4.547s]   Policy CMP0148 is not set: The FindPythonInterp and FindPythonLibs modules
[4.547s]   are removed.  Run "cmake --help-policy CMP0148" for policy details.  Use
[4.547s]   the cmake_policy command to set the policy and suppress this warning.
[4.547s] 
[4.547s] Call Stack (most recent call first):
[4.547s]   /opt/ros/humble/share/rosidl_generator_py/cmake/rosidl_generator_py_generate_interfaces.cmake:23 (find_package)
[4.548s]   /opt/ros/humble/share/ament_cmake_core/cmake/core/ament_execute_extensions.cmake:48 (include)
[4.548s]   /opt/ros/humble/share/rosidl_cmake/cmake/rosidl_generate_interfaces.cmake:286 (ament_execute_extensions)
[4.548s]   CMakeLists.txt:14 (rosidl_generate_interfaces)
[4.548s] This warning is for project developers.  Use -Wno-dev to suppress it.
[4.548s] [0m
[4.561s] -- Found PythonLibs: /usr/lib/aarch64-linux-gnu/libpython3.10.so (found suitable version "3.10.12", minimum required is "3.5")
[4.561s] -- Using PYTHON_EXECUTABLE: /usr/bin/python3
[4.561s] -- Using PYTHON_INCLUDE_DIRS: /usr/include/python3.10
[4.562s] -- Using PYTHON_LIBRARIES: /usr/lib/aarch64-linux-gnu/libpython3.10.so
[4.604s] -- Found PythonExtra: .so
[5.019s] -- Using numpy include directory: /usr/local/lib/python3.10/dist-packages/numpy/core/include
[5.329s] -- Found ament_lint_auto: 0.12.15 (/opt/ros/humble/share/ament_lint_auto/cmake)
[5.368s] -- Added test 'lint_cmake' to check CMake code style
[5.371s] -- Added test 'xmllint' to check XML markup files
[5.377s] -- Configuring done (5.2s)
[5.455s] -- Generating done (0.1s)
[5.484s] -- Build files have been written to: /data/rl_deploy/build/node_driver_msgs
[5.502s] Invoked command in '/data/rl_deploy/build/node_driver_msgs' returned '0': CMAKE_PREFIX_PATH=/opt/ros/humble /usr/local/bin/cmake /data/rl_deploy/src/node_driver_msgs -DCMAKE_INSTALL_PREFIX=/data/rl_deploy/install/node_driver_msgs
[5.504s] Invoking command in '/data/rl_deploy/build/node_driver_msgs': CMAKE_PREFIX_PATH=/opt/ros/humble /usr/local/bin/cmake --build /data/rl_deploy/build/node_driver_msgs -- -j8 -l8
[5.682s] [  2%] [1m[34mGenerating C code for ROS interfaces[0m
[5.693s] [  5%] [1m[34mGenerating Rust code for ROS interfaces[0m
[5.695s] [  7%] [1m[34mGenerating C++ code for ROS interfaces[0m
[5.697s] [  7%] Built target ament_cmake_python_copy_node_driver_msgs
[6.234s] running egg_info
[6.237s] creating node_driver_msgs.egg-info
[6.239s] writing node_driver_msgs.egg-info/PKG-INFO
[6.240s] writing dependency_links to node_driver_msgs.egg-info/dependency_links.txt
[6.241s] writing top-level names to node_driver_msgs.egg-info/top_level.txt
[6.242s] writing manifest file 'node_driver_msgs.egg-info/SOURCES.txt'
[6.250s] reading manifest file 'node_driver_msgs.egg-info/SOURCES.txt'
[6.252s] writing manifest file 'node_driver_msgs.egg-info/SOURCES.txt'
[6.331s] [  7%] Built target ament_cmake_python_build_node_driver_msgs_egg
[6.333s] [  7%] Built target node_driver_msgs__rs
[6.601s] [  7%] Built target node_driver_msgs__cpp
[6.620s] [ 10%] [1m[34mGenerating C++ type support dispatch for ROS interfaces[0m
[6.621s] [ 12%] [1m[34mGenerating C++ type support for eProsima Fast-RTPS[0m
[6.637s] [ 15%] [1m[34mGenerating C++ introspection for ROS interfaces[0m
[6.793s] [ 17%] [32mBuilding C object CMakeFiles/node_driver_msgs__rosidl_generator_c.dir/rosidl_generator_c/node_driver_msgs/msg/detail/sensormsgcontrol__functions.c.o[0m
[6.797s] [ 20%] [32mBuilding C object CMakeFiles/node_driver_msgs__rosidl_generator_c.dir/rosidl_generator_c/node_driver_msgs/msg/detail/sensormsgstate__functions.c.o[0m
[7.009s] [ 22%] [1m[32mLinking C shared library libnode_driver_msgs__rosidl_generator_c.so[0m
[7.121s] [ 22%] Built target node_driver_msgs__rosidl_generator_c
[7.151s] [ 25%] [1m[34mGenerating C type support for eProsima Fast-RTPS[0m
[7.168s] [ 27%] [1m[34mGenerating C introspection for ROS interfaces[0m
[7.169s] [ 30%] [1m[34mGenerating C type support dispatch for ROS interfaces[0m
[7.358s] [ 32%] [32mBuilding CXX object CMakeFiles/node_driver_msgs__rosidl_typesupport_introspection_cpp.dir/rosidl_typesupport_introspection_cpp/node_driver_msgs/msg/detail/sensormsgcontrol__type_support.cpp.o[0m
[7.374s] [ 35%] [32mBuilding CXX object CMakeFiles/node_driver_msgs__rosidl_typesupport_introspection_cpp.dir/rosidl_typesupport_introspection_cpp/node_driver_msgs/msg/detail/sensormsgstate__type_support.cpp.o[0m
[7.504s] [ 37%] [32mBuilding CXX object CMakeFiles/node_driver_msgs__rosidl_typesupport_fastrtps_cpp.dir/rosidl_typesupport_fastrtps_cpp/node_driver_msgs/msg/detail/dds_fastrtps/sensormsgstate__type_support.cpp.o[0m
[7.507s] [ 40%] [32mBuilding CXX object CMakeFiles/node_driver_msgs__rosidl_typesupport_fastrtps_cpp.dir/rosidl_typesupport_fastrtps_cpp/node_driver_msgs/msg/detail/dds_fastrtps/sensormsgcontrol__type_support.cpp.o[0m
[7.518s] [ 42%] [32mBuilding CXX object CMakeFiles/node_driver_msgs__rosidl_typesupport_cpp.dir/rosidl_typesupport_cpp/node_driver_msgs/msg/sensormsgcontrol__type_support.cpp.o[0m
[8.010s] [ 45%] [32mBuilding CXX object CMakeFiles/node_driver_msgs__rosidl_typesupport_fastrtps_c.dir/rosidl_typesupport_fastrtps_c/node_driver_msgs/msg/detail/sensormsgcontrol__type_support_c.cpp.o[0m
[8.433s] [ 47%] [32mBuilding C object CMakeFiles/node_driver_msgs__rosidl_typesupport_introspection_c.dir/rosidl_typesupport_introspection_c/node_driver_msgs/msg/detail/sensormsgcontrol__type_support.c.o[0m
[8.522s] [ 50%] [32mBuilding C object CMakeFiles/node_driver_msgs__rosidl_typesupport_introspection_c.dir/rosidl_typesupport_introspection_c/node_driver_msgs/msg/detail/sensormsgstate__type_support.c.o[0m
[8.565s] [ 52%] [32mBuilding CXX object CMakeFiles/node_driver_msgs__rosidl_typesupport_fastrtps_c.dir/rosidl_typesupport_fastrtps_c/node_driver_msgs/msg/detail/sensormsgstate__type_support_c.cpp.o[0m
[8.628s] [ 55%] [1m[32mLinking C shared library libnode_driver_msgs__rosidl_typesupport_introspection_c.so[0m
[8.655s] [ 57%] [32mBuilding CXX object CMakeFiles/node_driver_msgs__rosidl_typesupport_c.dir/rosidl_typesupport_c/node_driver_msgs/msg/sensormsgcontrol__type_support.cpp.o[0m
[8.675s] [ 60%] [32mBuilding CXX object CMakeFiles/node_driver_msgs__rosidl_typesupport_cpp.dir/rosidl_typesupport_cpp/node_driver_msgs/msg/sensormsgstate__type_support.cpp.o[0m
[8.700s] [ 62%] [1m[32mLinking CXX shared library libnode_driver_msgs__rosidl_typesupport_introspection_cpp.so[0m
[8.736s] [ 62%] Built target node_driver_msgs__rosidl_typesupport_introspection_c
[8.779s] [ 65%] [32mBuilding CXX object CMakeFiles/node_driver_msgs__rosidl_typesupport_c.dir/rosidl_typesupport_c/node_driver_msgs/msg/sensormsgstate__type_support.cpp.o[0m
[8.982s] [ 67%] [1m[32mLinking CXX shared library libnode_driver_msgs__rosidl_typesupport_c.so[0m
[9.060s] [ 67%] Built target node_driver_msgs__rosidl_typesupport_introspection_cpp
[9.209s] [ 67%] Built target node_driver_msgs__rosidl_typesupport_c
[9.431s] [ 70%] [1m[32mLinking CXX shared library libnode_driver_msgs__rosidl_typesupport_fastrtps_cpp.so[0m
[9.520s] [ 72%] [1m[32mLinking CXX shared library libnode_driver_msgs__rosidl_typesupport_cpp.so[0m
[9.603s] [ 72%] Built target node_driver_msgs__rosidl_typesupport_cpp
[9.752s] [ 72%] Built target node_driver_msgs__rosidl_typesupport_fastrtps_cpp
[9.970s] [ 75%] [1m[32mLinking CXX shared library libnode_driver_msgs__rosidl_typesupport_fastrtps_c.so[0m
[10.203s] [ 75%] Built target node_driver_msgs__rosidl_typesupport_fastrtps_c
[10.226s] [ 75%] Built target node_driver_msgs
[10.281s] [ 77%] [1m[34mGenerating Python code for ROS interfaces[0m
[11.263s] [ 77%] Built target node_driver_msgs__py
[11.342s] [ 80%] [32mBuilding C object CMakeFiles/node_driver_msgs__rosidl_generator_py.dir/rosidl_generator_py/node_driver_msgs/msg/_sensormsgstate_s.c.o[0m
[11.365s] [ 82%] [32mBuilding C object CMakeFiles/node_driver_msgs__rosidl_generator_py.dir/rosidl_generator_py/node_driver_msgs/msg/_sensormsgcontrol_s.c.o[0m
[11.742s] [ 85%] [1m[32mLinking C shared library rosidl_generator_py/node_driver_msgs/libnode_driver_msgs__rosidl_generator_py.so[0m
[11.881s] [ 85%] Built target node_driver_msgs__rosidl_generator_py
[11.945s] [ 90%] [32mBuilding C object CMakeFiles/node_driver_msgs__rosidl_typesupport_introspection_c__pyext.dir/rosidl_generator_py/node_driver_msgs/_node_driver_msgs_s.ep.rosidl_typesupport_introspection_c.c.o[0m
[11.946s] [ 90%] [32mBuilding C object CMakeFiles/node_driver_msgs__rosidl_typesupport_fastrtps_c__pyext.dir/rosidl_generator_py/node_driver_msgs/_node_driver_msgs_s.ep.rosidl_typesupport_fastrtps_c.c.o[0m
[11.984s] [ 92%] [32mBuilding C object CMakeFiles/node_driver_msgs__rosidl_typesupport_c__pyext.dir/rosidl_generator_py/node_driver_msgs/_node_driver_msgs_s.ep.rosidl_typesupport_c.c.o[0m
[12.278s] [ 95%] [1m[32mLinking C shared library rosidl_generator_py/node_driver_msgs/node_driver_msgs_s__rosidl_typesupport_introspection_c.cpython-310-aarch64-linux-gnu.so[0m
[12.306s] [ 97%] [1m[32mLinking C shared library rosidl_generator_py/node_driver_msgs/node_driver_msgs_s__rosidl_typesupport_fastrtps_c.cpython-310-aarch64-linux-gnu.so[0m
[12.371s] [ 97%] Built target node_driver_msgs__rosidl_typesupport_introspection_c__pyext
[12.389s] [100%] [1m[32mLinking C shared library rosidl_generator_py/node_driver_msgs/node_driver_msgs_s__rosidl_typesupport_c.cpython-310-aarch64-linux-gnu.so[0m
[12.460s] [100%] Built target node_driver_msgs__rosidl_typesupport_fastrtps_c__pyext
[12.480s] [100%] Built target node_driver_msgs__rosidl_typesupport_c__pyext
[12.500s] Invoked command in '/data/rl_deploy/build/node_driver_msgs' returned '0': CMAKE_PREFIX_PATH=/opt/ros/humble /usr/local/bin/cmake --build /data/rl_deploy/build/node_driver_msgs -- -j8 -l8
[12.738s] Invoking command in '/data/rl_deploy/build/node_driver_msgs': CMAKE_PREFIX_PATH=/opt/ros/humble /usr/local/bin/cmake --install /data/rl_deploy/build/node_driver_msgs
[13.034s] -- Install configuration: ""
[13.034s] -- Installing: /data/rl_deploy/install/node_driver_msgs/share/ament_index/resource_index/rosidl_interfaces/node_driver_msgs
[13.034s] -- Installing: /data/rl_deploy/install/node_driver_msgs/include/node_driver_msgs/node_driver_msgs
[13.035s] -- Installing: /data/rl_deploy/install/node_driver_msgs/include/node_driver_msgs/node_driver_msgs/msg
[13.035s] -- Installing: /data/rl_deploy/install/node_driver_msgs/include/node_driver_msgs/node_driver_msgs/msg/sensormsgcontrol.h
[13.035s] -- Installing: /data/rl_deploy/install/node_driver_msgs/include/node_driver_msgs/node_driver_msgs/msg/detail
[13.036s] -- Installing: /data/rl_deploy/install/node_driver_msgs/include/node_driver_msgs/node_driver_msgs/msg/detail/sensormsgcontrol__type_support.h
[13.036s] -- Installing: /data/rl_deploy/install/node_driver_msgs/include/node_driver_msgs/node_driver_msgs/msg/detail/sensormsgcontrol__functions.h
[13.036s] -- Installing: /data/rl_deploy/install/node_driver_msgs/include/node_driver_msgs/node_driver_msgs/msg/detail/sensormsgstate__functions.h
[13.036s] -- Installing: /data/rl_deploy/install/node_driver_msgs/include/node_driver_msgs/node_driver_msgs/msg/detail/sensormsgcontrol__struct.h
[13.037s] -- Installing: /data/rl_deploy/install/node_driver_msgs/include/node_driver_msgs/node_driver_msgs/msg/detail/sensormsgstate__struct.h
[13.037s] -- Installing: /data/rl_deploy/install/node_driver_msgs/include/node_driver_msgs/node_driver_msgs/msg/detail/sensormsgcontrol__functions.c
[13.037s] -- Installing: /data/rl_deploy/install/node_driver_msgs/include/node_driver_msgs/node_driver_msgs/msg/detail/sensormsgstate__functions.c
[13.037s] -- Installing: /data/rl_deploy/install/node_driver_msgs/include/node_driver_msgs/node_driver_msgs/msg/detail/sensormsgstate__type_support.h
[13.037s] -- Installing: /data/rl_deploy/install/node_driver_msgs/include/node_driver_msgs/node_driver_msgs/msg/rosidl_generator_c__visibility_control.h
[13.038s] -- Installing: /data/rl_deploy/install/node_driver_msgs/include/node_driver_msgs/node_driver_msgs/msg/sensormsgstate.h
[13.038s] -- Installing: /data/rl_deploy/install/node_driver_msgs/share/node_driver_msgs/environment/library_path.sh
[13.038s] -- Installing: /data/rl_deploy/install/node_driver_msgs/share/node_driver_msgs/environment/library_path.dsv
[13.039s] -- Installing: /data/rl_deploy/install/node_driver_msgs/lib/libnode_driver_msgs__rosidl_generator_c.so
[13.040s] -- Set non-toolchain portion of runtime path of "/data/rl_deploy/install/node_driver_msgs/lib/libnode_driver_msgs__rosidl_generator_c.so" to ""
[13.040s] -- Up-to-date: /data/rl_deploy/install/node_driver_msgs/include/node_driver_msgs/node_driver_msgs
[13.040s] -- Up-to-date: /data/rl_deploy/install/node_driver_msgs/include/node_driver_msgs/node_driver_msgs/msg
[13.041s] -- Up-to-date: /data/rl_deploy/install/node_driver_msgs/include/node_driver_msgs/node_driver_msgs/msg/detail
[13.041s] -- Installing: /data/rl_deploy/install/node_driver_msgs/include/node_driver_msgs/node_driver_msgs/msg/detail/sensormsgcontrol__rosidl_typesupport_fastrtps_c.h
[13.041s] -- Installing: /data/rl_deploy/install/node_driver_msgs/include/node_driver_msgs/node_driver_msgs/msg/detail/sensormsgstate__rosidl_typesupport_fastrtps_c.h
[13.042s] -- Installing: /data/rl_deploy/install/node_driver_msgs/include/node_driver_msgs/node_driver_msgs/msg/rosidl_typesupport_fastrtps_c__visibility_control.h
[13.042s] -- Installing: /data/rl_deploy/install/node_driver_msgs/lib/libnode_driver_msgs__rosidl_typesupport_fastrtps_c.so
[13.043s] -- Set non-toolchain portion of runtime path of "/data/rl_deploy/install/node_driver_msgs/lib/libnode_driver_msgs__rosidl_typesupport_fastrtps_c.so" to ""
[13.043s] -- Up-to-date: /data/rl_deploy/install/node_driver_msgs/include/node_driver_msgs/node_driver_msgs
[13.044s] -- Up-to-date: /data/rl_deploy/install/node_driver_msgs/include/node_driver_msgs/node_driver_msgs/msg
[13.044s] -- Up-to-date: /data/rl_deploy/install/node_driver_msgs/include/node_driver_msgs/node_driver_msgs/msg/detail
[13.044s] -- Installing: /data/rl_deploy/install/node_driver_msgs/include/node_driver_msgs/node_driver_msgs/msg/detail/sensormsgstate__type_support.c
[13.045s] -- Installing: /data/rl_deploy/install/node_driver_msgs/include/node_driver_msgs/node_driver_msgs/msg/detail/sensormsgcontrol__rosidl_typesupport_introspection_c.h
[13.045s] -- Installing: /data/rl_deploy/install/node_driver_msgs/include/node_driver_msgs/node_driver_msgs/msg/detail/sensormsgcontrol__type_support.c
[13.045s] -- Installing: /data/rl_deploy/install/node_driver_msgs/include/node_driver_msgs/node_driver_msgs/msg/detail/sensormsgstate__rosidl_typesupport_introspection_c.h
[13.046s] -- Installing: /data/rl_deploy/install/node_driver_msgs/include/node_driver_msgs/node_driver_msgs/msg/rosidl_typesupport_introspection_c__visibility_control.h
[13.046s] -- Installing: /data/rl_deploy/install/node_driver_msgs/lib/libnode_driver_msgs__rosidl_typesupport_introspection_c.so
[13.048s] -- Set non-toolchain portion of runtime path of "/data/rl_deploy/install/node_driver_msgs/lib/libnode_driver_msgs__rosidl_typesupport_introspection_c.so" to ""
[13.048s] -- Installing: /data/rl_deploy/install/node_driver_msgs/lib/libnode_driver_msgs__rosidl_typesupport_c.so
[13.048s] -- Set non-toolchain portion of runtime path of "/data/rl_deploy/install/node_driver_msgs/lib/libnode_driver_msgs__rosidl_typesupport_c.so" to ""
[13.049s] -- Up-to-date: /data/rl_deploy/install/node_driver_msgs/include/node_driver_msgs/node_driver_msgs
[13.049s] -- Up-to-date: /data/rl_deploy/install/node_driver_msgs/include/node_driver_msgs/node_driver_msgs/msg
[13.049s] -- Installing: /data/rl_deploy/install/node_driver_msgs/include/node_driver_msgs/node_driver_msgs/msg/sensormsgcontrol.hpp
[13.050s] -- Up-to-date: /data/rl_deploy/install/node_driver_msgs/include/node_driver_msgs/node_driver_msgs/msg/detail
[13.050s] -- Installing: /data/rl_deploy/install/node_driver_msgs/include/node_driver_msgs/node_driver_msgs/msg/detail/sensormsgstate__type_support.hpp
[13.050s] -- Installing: /data/rl_deploy/install/node_driver_msgs/include/node_driver_msgs/node_driver_msgs/msg/detail/sensormsgcontrol__traits.hpp
[13.051s] -- Installing: /data/rl_deploy/install/node_driver_msgs/include/node_driver_msgs/node_driver_msgs/msg/detail/sensormsgstate__struct.hpp
[13.051s] -- Installing: /data/rl_deploy/install/node_driver_msgs/include/node_driver_msgs/node_driver_msgs/msg/detail/sensormsgcontrol__builder.hpp
[13.052s] -- Installing: /data/rl_deploy/install/node_driver_msgs/include/node_driver_msgs/node_driver_msgs/msg/detail/sensormsgcontrol__struct.hpp
[13.052s] -- Installing: /data/rl_deploy/install/node_driver_msgs/include/node_driver_msgs/node_driver_msgs/msg/detail/sensormsgstate__traits.hpp
[13.052s] -- Installing: /data/rl_deploy/install/node_driver_msgs/include/node_driver_msgs/node_driver_msgs/msg/detail/sensormsgcontrol__type_support.hpp
[13.053s] -- Installing: /data/rl_deploy/install/node_driver_msgs/include/node_driver_msgs/node_driver_msgs/msg/detail/sensormsgstate__builder.hpp
[13.054s] -- Installing: /data/rl_deploy/install/node_driver_msgs/include/node_driver_msgs/node_driver_msgs/msg/sensormsgstate.hpp
[13.054s] -- Installing: /data/rl_deploy/install/node_driver_msgs/include/node_driver_msgs/node_driver_msgs/msg/rosidl_generator_cpp__visibility_control.hpp
[13.055s] -- Up-to-date: /data/rl_deploy/install/node_driver_msgs/include/node_driver_msgs/node_driver_msgs
[13.055s] -- Up-to-date: /data/rl_deploy/install/node_driver_msgs/include/node_driver_msgs/node_driver_msgs/msg
[13.056s] -- Installing: /data/rl_deploy/install/node_driver_msgs/include/node_driver_msgs/node_driver_msgs/msg/rosidl_typesupport_fastrtps_cpp__visibility_control.h
[13.056s] -- Up-to-date: /data/rl_deploy/install/node_driver_msgs/include/node_driver_msgs/node_driver_msgs/msg/detail
[13.056s] -- Installing: /data/rl_deploy/install/node_driver_msgs/include/node_driver_msgs/node_driver_msgs/msg/detail/dds_fastrtps
[13.057s] -- Installing: /data/rl_deploy/install/node_driver_msgs/include/node_driver_msgs/node_driver_msgs/msg/detail/sensormsgcontrol__rosidl_typesupport_fastrtps_cpp.hpp
[13.057s] -- Installing: /data/rl_deploy/install/node_driver_msgs/include/node_driver_msgs/node_driver_msgs/msg/detail/sensormsgstate__rosidl_typesupport_fastrtps_cpp.hpp
[13.057s] -- Installing: /data/rl_deploy/install/node_driver_msgs/lib/libnode_driver_msgs__rosidl_typesupport_fastrtps_cpp.so
[13.058s] -- Set non-toolchain portion of runtime path of "/data/rl_deploy/install/node_driver_msgs/lib/libnode_driver_msgs__rosidl_typesupport_fastrtps_cpp.so" to ""
[13.058s] -- Up-to-date: /data/rl_deploy/install/node_driver_msgs/include/node_driver_msgs/node_driver_msgs
[13.059s] -- Up-to-date: /data/rl_deploy/install/node_driver_msgs/include/node_driver_msgs/node_driver_msgs/msg
[13.059s] -- Up-to-date: /data/rl_deploy/install/node_driver_msgs/include/node_driver_msgs/node_driver_msgs/msg/detail
[13.059s] -- Installing: /data/rl_deploy/install/node_driver_msgs/include/node_driver_msgs/node_driver_msgs/msg/detail/sensormsgstate__rosidl_typesupport_introspection_cpp.hpp
[13.059s] -- Installing: /data/rl_deploy/install/node_driver_msgs/include/node_driver_msgs/node_driver_msgs/msg/detail/sensormsgstate__type_support.cpp
[13.060s] -- Installing: /data/rl_deploy/install/node_driver_msgs/include/node_driver_msgs/node_driver_msgs/msg/detail/sensormsgcontrol__rosidl_typesupport_introspection_cpp.hpp
[13.060s] -- Installing: /data/rl_deploy/install/node_driver_msgs/include/node_driver_msgs/node_driver_msgs/msg/detail/sensormsgcontrol__type_support.cpp
[13.062s] -- Installing: /data/rl_deploy/install/node_driver_msgs/lib/libnode_driver_msgs__rosidl_typesupport_introspection_cpp.so
[13.064s] -- Set non-toolchain portion of runtime path of "/data/rl_deploy/install/node_driver_msgs/lib/libnode_driver_msgs__rosidl_typesupport_introspection_cpp.so" to ""
[13.064s] -- Installing: /data/rl_deploy/install/node_driver_msgs/lib/libnode_driver_msgs__rosidl_typesupport_cpp.so
[13.064s] -- Set non-toolchain portion of runtime path of "/data/rl_deploy/install/node_driver_msgs/lib/libnode_driver_msgs__rosidl_typesupport_cpp.so" to ""
[13.065s] -- Installing: /data/rl_deploy/install/node_driver_msgs/share/node_driver_msgs/environment/pythonpath.sh
[13.065s] -- Installing: /data/rl_deploy/install/node_driver_msgs/share/node_driver_msgs/environment/pythonpath.dsv
[13.066s] -- Installing: /data/rl_deploy/install/node_driver_msgs/local/lib/python3.10/dist-packages/node_driver_msgs-0.0.0-py3.10.egg-info
[13.066s] -- Installing: /data/rl_deploy/install/node_driver_msgs/local/lib/python3.10/dist-packages/node_driver_msgs-0.0.0-py3.10.egg-info/top_level.txt
[13.066s] -- Installing: /data/rl_deploy/install/node_driver_msgs/local/lib/python3.10/dist-packages/node_driver_msgs-0.0.0-py3.10.egg-info/PKG-INFO
[13.067s] -- Installing: /data/rl_deploy/install/node_driver_msgs/local/lib/python3.10/dist-packages/node_driver_msgs-0.0.0-py3.10.egg-info/SOURCES.txt
[13.067s] -- Installing: /data/rl_deploy/install/node_driver_msgs/local/lib/python3.10/dist-packages/node_driver_msgs-0.0.0-py3.10.egg-info/dependency_links.txt
[13.068s] -- Installing: /data/rl_deploy/install/node_driver_msgs/local/lib/python3.10/dist-packages/node_driver_msgs
[13.068s] -- Installing: /data/rl_deploy/install/node_driver_msgs/local/lib/python3.10/dist-packages/node_driver_msgs/_node_driver_msgs_s.ep.rosidl_typesupport_c.c
[13.068s] -- Installing: /data/rl_deploy/install/node_driver_msgs/local/lib/python3.10/dist-packages/node_driver_msgs/node_driver_msgs_s__rosidl_typesupport_fastrtps_c.cpython-310-aarch64-linux-gnu.so
[13.069s] -- Installing: /data/rl_deploy/install/node_driver_msgs/local/lib/python3.10/dist-packages/node_driver_msgs/_node_driver_msgs_s.ep.rosidl_typesupport_introspection_c.c
[13.069s] -- Installing: /data/rl_deploy/install/node_driver_msgs/local/lib/python3.10/dist-packages/node_driver_msgs/libnode_driver_msgs__rosidl_generator_py.so
[13.070s] -- Installing: /data/rl_deploy/install/node_driver_msgs/local/lib/python3.10/dist-packages/node_driver_msgs/node_driver_msgs_s__rosidl_typesupport_c.cpython-310-aarch64-linux-gnu.so
[13.070s] -- Installing: /data/rl_deploy/install/node_driver_msgs/local/lib/python3.10/dist-packages/node_driver_msgs/__init__.py
[13.070s] -- Installing: /data/rl_deploy/install/node_driver_msgs/local/lib/python3.10/dist-packages/node_driver_msgs/node_driver_msgs_s__rosidl_typesupport_introspection_c.cpython-310-aarch64-linux-gnu.so
[13.071s] -- Installing: /data/rl_deploy/install/node_driver_msgs/local/lib/python3.10/dist-packages/node_driver_msgs/_node_driver_msgs_s.ep.rosidl_typesupport_fastrtps_c.c
[13.072s] -- Installing: /data/rl_deploy/install/node_driver_msgs/local/lib/python3.10/dist-packages/node_driver_msgs/msg
[13.072s] -- Installing: /data/rl_deploy/install/node_driver_msgs/local/lib/python3.10/dist-packages/node_driver_msgs/msg/__init__.py
[13.072s] -- Installing: /data/rl_deploy/install/node_driver_msgs/local/lib/python3.10/dist-packages/node_driver_msgs/msg/_sensormsgstate_s.c
[13.073s] -- Installing: /data/rl_deploy/install/node_driver_msgs/local/lib/python3.10/dist-packages/node_driver_msgs/msg/_sensormsgcontrol.py
[13.073s] -- Installing: /data/rl_deploy/install/node_driver_msgs/local/lib/python3.10/dist-packages/node_driver_msgs/msg/_sensormsgstate.py
[13.073s] -- Installing: /data/rl_deploy/install/node_driver_msgs/local/lib/python3.10/dist-packages/node_driver_msgs/msg/_sensormsgcontrol_s.c
[13.276s] Listing '/data/rl_deploy/install/node_driver_msgs/local/lib/python3.10/dist-packages/node_driver_msgs'...
[13.276s] Compiling '/data/rl_deploy/install/node_driver_msgs/local/lib/python3.10/dist-packages/node_driver_msgs/__init__.py'...
[13.277s] Listing '/data/rl_deploy/install/node_driver_msgs/local/lib/python3.10/dist-packages/node_driver_msgs/msg'...
[13.277s] Compiling '/data/rl_deploy/install/node_driver_msgs/local/lib/python3.10/dist-packages/node_driver_msgs/msg/__init__.py'...
[13.277s] Compiling '/data/rl_deploy/install/node_driver_msgs/local/lib/python3.10/dist-packages/node_driver_msgs/msg/_sensormsgcontrol.py'...
[13.277s] Compiling '/data/rl_deploy/install/node_driver_msgs/local/lib/python3.10/dist-packages/node_driver_msgs/msg/_sensormsgstate.py'...
[13.315s] -- Installing: /data/rl_deploy/install/node_driver_msgs/local/lib/python3.10/dist-packages/node_driver_msgs/node_driver_msgs_s__rosidl_typesupport_fastrtps_c.cpython-310-aarch64-linux-gnu.so
[13.315s] -- Set non-toolchain portion of runtime path of "/data/rl_deploy/install/node_driver_msgs/local/lib/python3.10/dist-packages/node_driver_msgs/node_driver_msgs_s__rosidl_typesupport_fastrtps_c.cpython-310-aarch64-linux-gnu.so" to ""
[13.316s] -- Installing: /data/rl_deploy/install/node_driver_msgs/local/lib/python3.10/dist-packages/node_driver_msgs/node_driver_msgs_s__rosidl_typesupport_introspection_c.cpython-310-aarch64-linux-gnu.so
[13.316s] -- Set non-toolchain portion of runtime path of "/data/rl_deploy/install/node_driver_msgs/local/lib/python3.10/dist-packages/node_driver_msgs/node_driver_msgs_s__rosidl_typesupport_introspection_c.cpython-310-aarch64-linux-gnu.so" to ""
[13.319s] -- Installing: /data/rl_deploy/install/node_driver_msgs/local/lib/python3.10/dist-packages/node_driver_msgs/node_driver_msgs_s__rosidl_typesupport_c.cpython-310-aarch64-linux-gnu.so
[13.320s] -- Set non-toolchain portion of runtime path of "/data/rl_deploy/install/node_driver_msgs/local/lib/python3.10/dist-packages/node_driver_msgs/node_driver_msgs_s__rosidl_typesupport_c.cpython-310-aarch64-linux-gnu.so" to ""
[13.320s] -- Installing: /data/rl_deploy/install/node_driver_msgs/lib/libnode_driver_msgs__rosidl_generator_py.so
[13.320s] -- Set non-toolchain portion of runtime path of "/data/rl_deploy/install/node_driver_msgs/lib/libnode_driver_msgs__rosidl_generator_py.so" to ""
[13.320s] -- Installing: /data/rl_deploy/install/node_driver_msgs/share/ament_index/resource_index/rust_packages/node_driver_msgs
[13.320s] -- Installing: /data/rl_deploy/install/node_driver_msgs/share/node_driver_msgs/rust
[13.320s] -- Installing: /data/rl_deploy/install/node_driver_msgs/share/node_driver_msgs/rust/Cargo.toml
[13.320s] -- Installing: /data/rl_deploy/install/node_driver_msgs/share/node_driver_msgs/rust/src
[13.320s] -- Installing: /data/rl_deploy/install/node_driver_msgs/share/node_driver_msgs/rust/src/lib.rs
[13.320s] -- Installing: /data/rl_deploy/install/node_driver_msgs/share/node_driver_msgs/rust/src/msg.rs
[13.320s] -- Installing: /data/rl_deploy/install/node_driver_msgs/share/node_driver_msgs/rust/src/msg
[13.321s] -- Installing: /data/rl_deploy/install/node_driver_msgs/share/node_driver_msgs/rust/src/msg/rmw.rs
[13.322s] -- Installing: /data/rl_deploy/install/node_driver_msgs/share/node_driver_msgs/rust/build.rs
[13.322s] -- Installing: /data/rl_deploy/install/node_driver_msgs/share/node_driver_msgs/msg/Sensormsgcontrol.idl
[13.323s] -- Installing: /data/rl_deploy/install/node_driver_msgs/share/node_driver_msgs/msg/Sensormsgstate.idl
[13.324s] -- Installing: /data/rl_deploy/install/node_driver_msgs/share/node_driver_msgs/msg/Sensormsgcontrol.msg
[13.324s] -- Installing: /data/rl_deploy/install/node_driver_msgs/share/node_driver_msgs/msg/Sensormsgstate.msg
[13.325s] -- Installing: /data/rl_deploy/install/node_driver_msgs/share/ament_index/resource_index/package_run_dependencies/node_driver_msgs
[13.326s] -- Installing: /data/rl_deploy/install/node_driver_msgs/share/ament_index/resource_index/parent_prefix_path/node_driver_msgs
[13.327s] -- Installing: /data/rl_deploy/install/node_driver_msgs/share/node_driver_msgs/environment/ament_prefix_path.sh
[13.328s] -- Installing: /data/rl_deploy/install/node_driver_msgs/share/node_driver_msgs/environment/ament_prefix_path.dsv
[13.328s] -- Installing: /data/rl_deploy/install/node_driver_msgs/share/node_driver_msgs/environment/path.sh
[13.329s] -- Installing: /data/rl_deploy/install/node_driver_msgs/share/node_driver_msgs/environment/path.dsv
[13.330s] -- Installing: /data/rl_deploy/install/node_driver_msgs/share/node_driver_msgs/local_setup.bash
[13.330s] -- Installing: /data/rl_deploy/install/node_driver_msgs/share/node_driver_msgs/local_setup.sh
[13.331s] -- Installing: /data/rl_deploy/install/node_driver_msgs/share/node_driver_msgs/local_setup.zsh
[13.332s] -- Installing: /data/rl_deploy/install/node_driver_msgs/share/node_driver_msgs/local_setup.dsv
[13.333s] -- Installing: /data/rl_deploy/install/node_driver_msgs/share/node_driver_msgs/package.dsv
[13.333s] -- Installing: /data/rl_deploy/install/node_driver_msgs/share/ament_index/resource_index/packages/node_driver_msgs
[13.334s] -- Installing: /data/rl_deploy/install/node_driver_msgs/share/node_driver_msgs/cmake/export_node_driver_msgs__rosidl_generator_cExport.cmake
[13.334s] -- Installing: /data/rl_deploy/install/node_driver_msgs/share/node_driver_msgs/cmake/export_node_driver_msgs__rosidl_generator_cExport-noconfig.cmake
[13.334s] -- Installing: /data/rl_deploy/install/node_driver_msgs/share/node_driver_msgs/cmake/export_node_driver_msgs__rosidl_typesupport_fastrtps_cExport.cmake
[13.334s] -- Installing: /data/rl_deploy/install/node_driver_msgs/share/node_driver_msgs/cmake/export_node_driver_msgs__rosidl_typesupport_fastrtps_cExport-noconfig.cmake
[13.336s] -- Installing: /data/rl_deploy/install/node_driver_msgs/share/node_driver_msgs/cmake/node_driver_msgs__rosidl_typesupport_introspection_cExport.cmake
[13.337s] -- Installing: /data/rl_deploy/install/node_driver_msgs/share/node_driver_msgs/cmake/node_driver_msgs__rosidl_typesupport_introspection_cExport-noconfig.cmake
[13.338s] -- Installing: /data/rl_deploy/install/node_driver_msgs/share/node_driver_msgs/cmake/node_driver_msgs__rosidl_typesupport_cExport.cmake
[13.339s] -- Installing: /data/rl_deploy/install/node_driver_msgs/share/node_driver_msgs/cmake/node_driver_msgs__rosidl_typesupport_cExport-noconfig.cmake
[13.339s] -- Installing: /data/rl_deploy/install/node_driver_msgs/share/node_driver_msgs/cmake/export_node_driver_msgs__rosidl_generator_cppExport.cmake
[13.340s] -- Installing: /data/rl_deploy/install/node_driver_msgs/share/node_driver_msgs/cmake/export_node_driver_msgs__rosidl_typesupport_fastrtps_cppExport.cmake
[13.341s] -- Installing: /data/rl_deploy/install/node_driver_msgs/share/node_driver_msgs/cmake/export_node_driver_msgs__rosidl_typesupport_fastrtps_cppExport-noconfig.cmake
[13.341s] -- Installing: /data/rl_deploy/install/node_driver_msgs/share/node_driver_msgs/cmake/node_driver_msgs__rosidl_typesupport_introspection_cppExport.cmake
[13.341s] -- Installing: /data/rl_deploy/install/node_driver_msgs/share/node_driver_msgs/cmake/node_driver_msgs__rosidl_typesupport_introspection_cppExport-noconfig.cmake
[13.342s] -- Installing: /data/rl_deploy/install/node_driver_msgs/share/node_driver_msgs/cmake/node_driver_msgs__rosidl_typesupport_cppExport.cmake
[13.342s] -- Installing: /data/rl_deploy/install/node_driver_msgs/share/node_driver_msgs/cmake/node_driver_msgs__rosidl_typesupport_cppExport-noconfig.cmake
[13.342s] -- Installing: /data/rl_deploy/install/node_driver_msgs/share/node_driver_msgs/cmake/export_node_driver_msgs__rosidl_generator_pyExport.cmake
[13.342s] -- Installing: /data/rl_deploy/install/node_driver_msgs/share/node_driver_msgs/cmake/export_node_driver_msgs__rosidl_generator_pyExport-noconfig.cmake
[13.342s] -- Installing: /data/rl_deploy/install/node_driver_msgs/share/node_driver_msgs/cmake/rosidl_cmake-extras.cmake
[13.347s] -- Installing: /data/rl_deploy/install/node_driver_msgs/share/node_driver_msgs/cmake/ament_cmake_export_dependencies-extras.cmake
[13.347s] -- Installing: /data/rl_deploy/install/node_driver_msgs/share/node_driver_msgs/cmake/ament_cmake_export_include_directories-extras.cmake
[13.348s] -- Installing: /data/rl_deploy/install/node_driver_msgs/share/node_driver_msgs/cmake/ament_cmake_export_libraries-extras.cmake
[13.348s] -- Installing: /data/rl_deploy/install/node_driver_msgs/share/node_driver_msgs/cmake/ament_cmake_export_targets-extras.cmake
[13.348s] -- Installing: /data/rl_deploy/install/node_driver_msgs/share/node_driver_msgs/cmake/rosidl_cmake_export_typesupport_targets-extras.cmake
[13.348s] -- Installing: /data/rl_deploy/install/node_driver_msgs/share/node_driver_msgs/cmake/rosidl_cmake_export_typesupport_libraries-extras.cmake
[13.349s] -- Installing: /data/rl_deploy/install/node_driver_msgs/share/node_driver_msgs/cmake/node_driver_msgsConfig.cmake
[13.349s] -- Installing: /data/rl_deploy/install/node_driver_msgs/share/node_driver_msgs/cmake/node_driver_msgsConfig-version.cmake
[13.349s] -- Installing: /data/rl_deploy/install/node_driver_msgs/share/node_driver_msgs/package.xml
[13.358s] Invoked command in '/data/rl_deploy/build/node_driver_msgs' returned '0': CMAKE_PREFIX_PATH=/opt/ros/humble /usr/local/bin/cmake --install /data/rl_deploy/build/node_driver_msgs
